07-13 16:44:24.443 D/TXZ     ( 5597): [ReportManager][7066/7122]initWebSocket: url=wss://websocket.txzing.com/junsun/index?app_id=6a3643cb81c6e92137ccc63f536df874&tm=1752439464442&data=MmsDpLhebnSTSJ%2FlcXfpxrFIxXvxH2AGwXebYqdK1Gg%3D&platform=car
07-13 16:44:24.444 D/TXZ     ( 5597): [ReportManager][7066/7122]connect: start
07-13 16:44:24.445 D/TXZ     ( 5597): [TXZWebSocketClient][7066/24639]onError: ex=java.net.UnknownHostException: websocket.txzing.com
07-13 16:44:24.446 D/TXZ     ( 5597): [ReportManager][7066/24639]java.net.UnknownHostException: websocket.txzing.com
07-13 16:44:24.446 D/TXZ     ( 5597): [ReportManager][7066/24639]onClose() called with: code = -1, reason = websocket.txzing.com, remote = false
07-13 16:44:24.446 D/TXZ     ( 5597): [ReportManager][7066/7122]connect: finish
07-13 16:44:24.549 D/TXZ     ( 5597): [ReportManager][7066/7122]initWebSocket: url=wss://websocket.txzing.com/junsun/index?app_id=6a3643cb81c6e92137ccc63f536df874&tm=1752439464547&data=MVNTZ%2B9iREzxBYtHz79dhpMiLNnSzY1GZeBj7HNc%2B5g%3D&platform=car
07-13 16:44:24.549 D/TXZ     ( 5597): [ReportManager][7066/7122]connect: start
07-13 16:44:24.550 D/TXZ     ( 5597): [TXZWebSocketClient][7066/24644]onError: ex=java.net.UnknownHostException: websocket.txzing.com
07-13 16:44:24.551 D/TXZ     ( 5597): [ReportManager][7066/24644]java.net.UnknownHostException: websocket.txzing.com
07-13 16:44:24.551 D/TXZ     ( 5597): [ReportManager][7066/24644]onClose() called with: code = -1, reason = websocket.txzing.com, remote = false
07-13 16:44:24.551 D/TXZ     ( 5597): [ReportManager][7066/7122]connect: finish
07-13 16:44:24.610 I/QFApi   ( 6445): getCustomPlatform - customPlatform: 7862
07-13 16:44:24.650 W/System.err( 8823): java.net.BindException: bind failed: EADDRINUSE (Address already in use)
07-13 16:44:24.651 W/System.err( 8823): 	at libcore.io.IoBridge.bind(IoBridge.java:109)
07-13 16:44:24.651 W/System.err( 8823): 	at java.net.PlainDatagramSocketImpl.bind0(PlainDatagramSocketImpl.java:104)
07-13 16:44:24.651 W/System.err( 8823): 	at java.net.AbstractPlainDatagramSocketImpl.bind(AbstractPlainDatagramSocketImpl.java:112)
07-13 16:44:24.651 W/System.err( 8823): 	at java.net.DatagramSocket.bind(DatagramSocket.java:412)
07-13 16:44:24.651 W/System.err( 8823): 	at java.net.DatagramSocket.<init>(DatagramSocket.java:262)
07-13 16:44:24.651 W/System.err( 8823): 	at java.net.DatagramSocket.<init>(DatagramSocket.java:319)
07-13 16:44:24.651 W/System.err( 8823): 	at com.txznet.util.UdpServer.a(UdpServer.java:59)
07-13 16:44:24.651 W/System.err( 8823): 	at com.txznet.util.UdpServer.a(UdpServer.java:12)
07-13 16:44:24.651 W/System.err( 8823): 	at com.txznet.util.UdpServer$1.handleMessage(UdpServer.java:33)
07-13 16:44:24.651 W/System.err( 8823): 	at android.os.Handler.dispatchMessage(Handler.java:107)
07-13 16:44:24.651 W/System.err( 8823): 	at android.os.Looper.loop(Looper.java:214)
07-13 16:44:24.651 W/System.err( 8823): 	at android.os.HandlerThread.run(HandlerThread.java:67)
07-13 16:44:24.652 W/System.err( 8823): Caused by: android.system.ErrnoException: bind failed: EADDRINUSE (Address already in use)
07-13 16:44:24.652 W/System.err( 8823): 	at libcore.io.Linux.bind(Native Method)
07-13 16:44:24.652 W/System.err( 8823): 	at libcore.io.ForwardingOs.bind(ForwardingOs.java:75)
07-13 16:44:24.652 W/System.err( 8823): 	at libcore.io.ForwardingOs.bind(ForwardingOs.java:75)
07-13 16:44:24.652 W/System.err( 8823): 	at libcore.io.IoBridge.bind(IoBridge.java:105)
07-13 16:44:24.652 W/System.err( 8823): 	... 11 more
07-13 16:44:24.686 I/bbmk    ( 5333): (REDACTED) getHotwordActive::active query: %s, watch: %s, devices connected: %s
07-13 16:44:24.706 I/adbd    ( 5248): Tianyuan Current sh name:am start -n com.serenegiant.usbcameratest8/.MainActivity
07-13 16:44:24.739 D/TXZ     ( 5597): [ReportManager][7066/7122]initWebSocket: url=wss://websocket.txzing.com/junsun/index?app_id=6a3643cb81c6e92137ccc63f536df874&tm=1752439464739&data=jgYjb06Z%2FRWPHPwKm7Tus%2B8mY%2F8z6leBbKUWgjVO86E%3D&platform=car
07-13 16:44:24.740 D/TXZ     ( 5597): [ReportManager][7066/7122]connect: start
07-13 16:44:24.742 D/TXZ     ( 5597): [TXZWebSocketClient][7066/24649]onError: ex=java.net.UnknownHostException: websocket.txzing.com
07-13 16:44:24.742 D/TXZ     ( 5597): [ReportManager][7066/24649]java.net.UnknownHostException: websocket.txzing.com
07-13 16:44:24.742 D/TXZ     ( 5597): [ReportManager][7066/24649]onClose() called with: code = -1, reason = websocket.txzing.com, remote = false
07-13 16:44:24.745 D/TXZ     ( 5597): [ReportManager][7066/7122]connect: finish
07-13 16:44:24.745 D/TXZ     ( 5597): [ReportManager][7066/7122]initWebSocket: url=wss://websocket.txzing.com/junsun/index?app_id=6a3643cb81c6e92137ccc63f536df874&tm=1752439464741&data=9WfdtA%2BOYCs1YCEBYRE%2FsbvRbCd93F5k7kujVOk7YQM%3D&platform=car
07-13 16:44:24.745 D/TXZ     ( 5597): [ReportManager][7066/7122]connect: start
07-13 16:44:24.745 D/TXZ     ( 5597): [TXZWebSocketClient][7066/24650]onError: ex=java.net.UnknownHostException: websocket.txzing.com
07-13 16:44:24.745 D/TXZ     ( 5597): [ReportManager][7066/24650]java.net.UnknownHostException: websocket.txzing.com
07-13 16:44:24.745 D/TXZ     ( 5597): [ReportManager][7066/24650]onClose() called with: code = -1, reason = websocket.txzing.com, remote = false
07-13 16:44:24.745 D/TXZ     ( 5597): [ReportManager][7066/7122]connect: finish
07-13 16:44:24.745 D/TXZ     ( 5597): [ReportManager][7066/7122]initWebSocket: url=wss://websocket.txzing.com/junsun/index?app_id=6a3643cb81c6e92137ccc63f536df874&tm=1752439464744&data=JcUrezsxxS%2BrjG666%2FRNg49sTepC%2FjxHZydnyb97Qu8%3D&platform=car
07-13 16:44:24.745 D/TXZ     ( 5597): [ReportManager][7066/7122]connect: start
07-13 16:44:24.747 D/TXZ     ( 5597): [TXZWebSocketClient][7066/24651]onError: ex=java.net.UnknownHostException: websocket.txzing.com
07-13 16:44:24.747 D/TXZ     ( 5597): [ReportManager][7066/24651]java.net.UnknownHostException: websocket.txzing.com
07-13 16:44:24.747 D/TXZ     ( 5597): [ReportManager][7066/24651]onClose() called with: code = -1, reason = websocket.txzing.com, remote = false
07-13 16:44:24.747 D/TXZ     ( 5597): [ReportManager][7066/7122]connect: finish
07-13 16:44:24.747 D/TXZ     ( 5597): [ReportManager][7066/7122]initWebSocket: url=wss://websocket.txzing.com/junsun/index?app_id=6a3643cb81c6e92137ccc63f536df874&tm=1752439464746&data=K2NXBjs5umdcckkQWWlLuQxztFr6lV79uat6fAXcUTk%3D&platform=car
07-13 16:44:24.747 D/TXZ     ( 5597): [ReportManager][7066/7122]connect: start
07-13 16:44:24.749 D/TXZ     ( 5597): [TXZWebSocketClient][7066/24652]onError: ex=java.net.UnknownHostException: websocket.txzing.com
07-13 16:44:24.749 D/TXZ     ( 5597): [ReportManager][7066/24652]java.net.UnknownHostException: websocket.txzing.com
07-13 16:44:24.749 D/TXZ     ( 5597): [ReportManager][7066/24652]onClose() called with: code = -1, reason = websocket.txzing.com, remote = false
07-13 16:44:24.749 D/TXZ     ( 5597): [ReportManager][7066/7122]connect: finish
07-13 16:44:24.750 D/TXZ     ( 5597): [ReportManager][7066/7122]initWebSocket: url=wss://websocket.txzing.com/junsun/index?app_id=6a3643cb81c6e92137ccc63f536df874&tm=1752439464750&data=mYu%2FX58uPD%2BaVjJQ49Li8dkmSR5AxG4XUSghA2tU8Jg%3D&platform=car
07-13 16:44:24.751 D/TXZ     ( 5597): [ReportManager][7066/7122]connect: start
07-13 16:44:24.752 D/TXZ     ( 5597): [TXZWebSocketClient][7066/24653]onError: ex=java.net.UnknownHostException: websocket.txzing.com
07-13 16:44:24.752 D/TXZ     ( 5597): [ReportManager][7066/24653]java.net.UnknownHostException: websocket.txzing.com
07-13 16:44:24.752 D/TXZ     ( 5597): [ReportManager][7066/24653]onClose() called with: code = -1, reason = websocket.txzing.com, remote = false
07-13 16:44:24.752 D/TXZ     ( 5597): [ReportManager][7066/7122]connect: finish
07-13 16:44:24.753 D/TXZ     ( 5597): [ReportManager][7066/7122]initWebSocket: url=wss://websocket.txzing.com/junsun/index?app_id=6a3643cb81c6e92137ccc63f536df874&tm=1752439464753&data=cvfTEsMVNrSt4iMZT4pBMEup8Eih7H15EohvKCzlbDU%3D&platform=car
07-13 16:44:24.754 D/TXZ     ( 5597): [ReportManager][7066/7122]connect: start
07-13 16:44:24.755 D/TXZ     ( 5597): [TXZWebSocketClient][7066/24654]onError: ex=java.net.UnknownHostException: websocket.txzing.com
07-13 16:44:24.755 D/TXZ     ( 5597): [ReportManager][7066/24654]java.net.UnknownHostException: websocket.txzing.com
07-13 16:44:24.755 D/TXZ     ( 5597): [ReportManager][7066/24654]onClose() called with: code = -1, reason = websocket.txzing.com, remote = false
07-13 16:44:24.755 D/TXZ     ( 5597): [ReportManager][7066/7122]connect: finish
07-13 16:44:24.755 D/TXZ     ( 5597): [ReportManager][7066/7122]initWebSocket: url=wss://websocket.txzing.com/junsun/index?app_id=6a3643cb81c6e92137ccc63f536df874&tm=1752439464755&data=ApYm5ZD8NEitNDvyNXF2mixhesjPH2VBdxONIft5J6c%3D&platform=car
07-13 16:44:24.755 D/TXZ     ( 5597): [ReportManager][7066/7122]connect: start
07-13 16:44:24.757 D/TXZ     ( 5597): [TXZWebSocketClient][7066/24655]onError: ex=java.net.UnknownHostException: websocket.txzing.com
07-13 16:44:24.758 D/TXZ     ( 5597): [ReportManager][7066/24655]java.net.UnknownHostException: websocket.txzing.com
07-13 16:44:24.758 D/TXZ     ( 5597): [ReportManager][7066/24655]onClose() called with: code = -1, reason = websocket.txzing.com, remote = false
07-13 16:44:24.758 D/TXZ     ( 5597): [ReportManager][7066/7122]connect: finish
07-13 16:44:24.759 D/TXZ     ( 5597): [ReportManager][7066/7122]initWebSocket: url=wss://websocket.txzing.com/junsun/index?app_id=6a3643cb81c6e92137ccc63f536df874&tm=1752439464758&data=dyYWScG9vaUwe1lKPWMKwpUaYLgsWkhuvhd7hgxn%2BtI%3D&platform=car
07-13 16:44:24.760 D/TXZ     ( 5597): [ReportManager][7066/7122]connect: start
07-13 16:44:24.761 V/ActivityManagerShellCommand( 4123): Received onCommand start callUid=0 callpid=24648
07-13 16:44:24.761 I/ActivityTaskManager( 4123): execute - ComponentName: ComponentInfo{com.serenegiant.usbcameratest8/com.serenegiant.usbcameratest8.MainActivity} - mService: com.android.server.wm.ActivityTaskManagerService@48e6255 - callingPackage: null - caller: null
07-13 16:44:24.762 D/TXZ     ( 5597): [TXZWebSocketClient][7066/24657]onError: ex=java.net.UnknownHostException: websocket.txzing.com
07-13 16:44:24.762 D/TXZ     ( 5597): [ReportManager][7066/24657]java.net.UnknownHostException: websocket.txzing.com
07-13 16:44:24.762 D/TXZ     ( 5597): [ReportManager][7066/24657]onClose() called with: code = -1, reason = websocket.txzing.com, remote = false
07-13 16:44:24.762 D/TXZ     ( 5597): [ReportManager][7066/7122]connect: finish
07-13 16:44:24.763 I/ActivityTaskManager( 4123): START u0 {flg=0x10000000 cmp=com.serenegiant.usbcameratest8/.MainActivity} from uid 0, pid 24648
07-13 16:44:24.763 D/PowerController.BgClean( 4123): judgeAppLaunchAllowed : com.serenegiant.usbcameratest8(uid:10246), callingPackage = null(uid:0), reason = start-activity
07-13 16:44:24.763 D/PowerController.BgClean( 4123): judgeAppLaunchAllowed : intent action:Intent { flg=0x10000000 cmp=com.serenegiant.usbcameratest8/.MainActivity }
07-13 16:44:24.764 D/TXZ     ( 5597): [ReportManager][7066/7122]initWebSocket: url=wss://websocket.txzing.com/junsun/index?app_id=6a3643cb81c6e92137ccc63f536df874&tm=1752439464761&data=i4KC4t1TrH9b%2ByHzeVR02Tqti3UNrEvzPetP1Ctrg0I%3D&platform=car
07-13 16:44:24.765 D/TXZ     ( 5597): [ReportManager][7066/7122]connect: start
07-13 16:44:24.765 D/TXZ     ( 5597): [TXZWebSocketClient][7066/24659]onError: ex=java.net.UnknownHostException: websocket.txzing.com
07-13 16:44:24.765 D/TXZ     ( 5597): [ReportManager][7066/24659]java.net.UnknownHostException: websocket.txzing.com
07-13 16:44:24.765 D/TXZ     ( 5597): [ReportManager][7066/24659]onClose() called with: code = -1, reason = websocket.txzing.com, remote = false
07-13 16:44:24.765 D/TXZ     ( 5597): [ReportManager][7066/7122]connect: finish
07-13 16:44:24.766 D/TXZ     ( 5597): [ReportManager][7066/7122]initWebSocket: url=wss://websocket.txzing.com/junsun/index?app_id=6a3643cb81c6e92137ccc63f536df874&tm=1752439464765&data=hEtHy42Yvdw4RZSER8cl%2BP78c%2Fp4l2oSBHsH7tSQwJU%3D&platform=car
07-13 16:44:24.766 D/TXZ     ( 5597): [ReportManager][7066/7122]connect: start
07-13 16:44:24.768 D/TXZ     ( 5597): [TXZWebSocketClient][7066/24660]onError: ex=java.net.UnknownHostException: websocket.txzing.com
07-13 16:44:24.768 D/TXZ     ( 5597): [ReportManager][7066/24660]java.net.UnknownHostException: websocket.txzing.com
07-13 16:44:24.768 D/TXZ     ( 5597): [ReportManager][7066/24660]onClose() called with: code = -1, reason = websocket.txzing.com, remote = false
07-13 16:44:24.768 D/TXZ     ( 5597): [ReportManager][7066/7122]connect: finish
07-13 16:44:24.769 D/TXZ     ( 5597): [ReportManager][7066/7122]initWebSocket: url=wss://websocket.txzing.com/junsun/index?app_id=6a3643cb81c6e92137ccc63f536df874&tm=1752439464768&data=sSxFEjFbMzLrOZ8Rk49Z8UzNzEkyOLogYjTunINPg08%3D&platform=car
07-13 16:44:24.770 D/TXZ     ( 5597): [ReportManager][7066/7122]connect: start
07-13 16:44:24.770 D/PowerHAL( 3546): ###Enter launch scene bgn###
07-13 16:44:24.770 D/PowerHAL( 3546): Enter common_set_for_release_when_close: enable:1, duration: 0, /dev/cluster0_freq_max: 1BC560
07-13 16:44:24.770 D/PowerHAL( 3546): Set /dev/cluster0_freq_max: 1BC560
07-13 16:44:24.770 D/PowerHAL( 3546): Enter common_set_for_release_when_close: enable:1, duration: 0, /dev/cluster0_freq_min: 1BC560
07-13 16:44:24.770 D/PowerHAL( 3546): Set /dev/cluster0_freq_min: 1BC560
07-13 16:44:24.771 D/PowerHAL( 3546): Enter common_set_for_release_when_close: enable:1, duration: 0, /dev/cluster1_freq_max: 1EF1E0
07-13 16:44:24.771 D/PowerHAL( 3546): Set /dev/cluster1_freq_max: 1EF1E0
07-13 16:44:24.771 D/PowerHAL( 3546): Enter common_set_for_release_when_close: enable:1, duration: 0, /dev/cluster1_freq_min: 1EF1E0
07-13 16:44:24.771 D/PowerHAL( 3546): Set /dev/cluster1_freq_min: 1EF1E0
07-13 16:44:24.771 D/PowerHAL( 3546): Enter devfreq_ddr_set: enable:1, duration: 0, /sys/class/devfreq/scene-frequency/sprd_governor/scene_boost_dfs: max
07-13 16:44:24.771 D/PowerHAL( 3546): ###Enter launch scene end###
07-13 16:44:24.771 D/TXZ     ( 5597): [TXZWebSocketClient][7066/24661]onError: ex=java.net.UnknownHostException: websocket.txzing.com
07-13 16:44:24.771 D/TXZ     ( 5597): [ReportManager][7066/24661]java.net.UnknownHostException: websocket.txzing.com
07-13 16:44:24.771 D/TXZ     ( 5597): [ReportManager][7066/24661]onClose() called with: code = -1, reason = websocket.txzing.com, remote = false
07-13 16:44:24.771 D/TXZ     ( 5597): [ReportManager][7066/7122]connect: finish
07-13 16:44:24.772 D/TXZ     ( 5597): [ReportManager][7066/7122]initWebSocket: url=wss://websocket.txzing.com/junsun/index?app_id=6a3643cb81c6e92137ccc63f536df874&tm=1752439464771&data=2J%2BSMz0niD5xBez7WMoqBKwxvAtMPxy0pG9peoyoNZ8%3D&platform=car
07-13 16:44:24.772 D/TXZ     ( 5597): [ReportManager][7066/7122]connect: start
07-13 16:44:24.772 I/ActivityTaskManager( 4123): ->startActivity for ActivityRecord{39ea200 u0 com.serenegiant.usbcameratest8/.MainActivity t25} result:START_SUCCESS
07-13 16:44:24.773 I/BarController( 4123): setBarShowingLw - win: 15df344 StatusBar - show: true
07-13 16:44:24.773 D/TXZ     ( 5597): [TXZWebSocketClient][7066/24662]onError: ex=java.net.UnknownHostException: websocket.txzing.com
07-13 16:44:24.773 D/TXZ     ( 5597): [ReportManager][7066/24662]java.net.UnknownHostException: websocket.txzing.com
07-13 16:44:24.773 D/TXZ     ( 5597): [ReportManager][7066/24662]onClose() called with: code = -1, reason = websocket.txzing.com, remote = false
07-13 16:44:24.773 D/TXZ     ( 5597): [ReportManager][7066/7122]connect: finish
07-13 16:44:24.775 D/TXZ     ( 5597): [ReportManager][7066/7122]initWebSocket: url=wss://websocket.txzing.com/junsun/index?app_id=6a3643cb81c6e92137ccc63f536df874&tm=1752439464774&data=Ji0tVsnP7DMBz03qw2E%2BM80eBxZWDm9c%2FJHgnUYl6yM%3D&platform=car
07-13 16:44:24.775 D/TXZ     ( 5597): [ReportManager][7066/7122]connect: start
07-13 16:44:24.775 D/SSense  ( 4123): windowsChanged
07-13 16:44:24.776 D/Launcher3( 7438): Launcher, (Launcher)onPause: this = com.android.launcher3.Launcher@ffd5d6a
07-13 16:44:24.776 D/Launcher3( 7438): Launcher.DragController, cancelDrag: mDragging = false, mLastDropTarget = null
07-13 16:44:24.777 D/TXZ     ( 5597): [TXZWebSocketClient][7066/24663]onError: ex=java.net.UnknownHostException: websocket.txzing.com
07-13 16:44:24.777 D/TXZ     ( 5597): [ReportManager][7066/24663]java.net.UnknownHostException: websocket.txzing.com
07-13 16:44:24.777 D/TXZ     ( 5597): [ReportManager][7066/24663]onClose() called with: code = -1, reason = websocket.txzing.com, remote = false
07-13 16:44:24.777 D/TXZ     ( 5597): [ReportManager][7066/7122]connect: finish
07-13 16:44:24.777 I/PhoneWindow( 4123): requestFeature - pkg: com.serenegiant.usbcameratest8 - naviStr: com.google.android.apps.maps
07-13 16:44:24.777 I/PhoneWindow( 4123): requestFeature - pkg: com.serenegiant.usbcameratest8 - naviStr: com.google.android.apps.maps
07-13 16:44:24.778 I/PhoneWindow( 4123): generateLayout - pkg: com.serenegiant.usbcameratest8 - naviStr: com.google.android.apps.maps
07-13 16:44:24.778 I/PhoneWindow( 4123): generateLayout - params.softInputMode: 0
07-13 16:44:24.778 I/DisplayContent( 4123): computeSizeRangesAndScreenLayout - screenHeightDp: 648 - screenWidthDp: 1280 - appWidth: 1280 - appHeight: 720 - smallestScreenWidthDp: 720
07-13 16:44:24.779 V/WindowManager( 4123): Set focused app to: AppWindowToken{160887e token=Token{be72a39 ActivityRecord{39ea200 u0 com.serenegiant.usbcameratest8/.MainActivity t25}}} moveFocusNow=true displayId=0
07-13 16:44:24.780 W/ActivityThread(12329): handleWindowVisibility: no activity for token android.os.BinderProxy@9a8df89
07-13 16:44:24.780 I/xxb     ( 4123): thread[android.anim, 23] (WindowManagerImpl.java:98): topname = com.android.launcher.gradient.black---Window = com.serenegiant.usbcameratest8
07-13 16:44:24.780 D/PowerController.RecogA( 4123): packageName:com.android.launcher.gradient.black mFgEvent:MOVE_TO_BACKGROUND mLastTimeFgEventChanged:8005348 mLastLaunchTime:7888020 mProcState:PROCESS_STATE_CACHED_EMPTY mLastTimeProcStateChanged:0 mNotificationState:0 mLastTimeNotificationStateChanged:0 mAudioState:0 mLastTimeAudioStateChanged:0 mRequestGps:true mAvoidConstraintGps:false mBehaviorType:0 mScreenOn:true mLastTimeScreenStateChanged:0 mLastBgTime:8005348 mFgDuration:4465811 mAudioDuration:0 mBgAudioDuration:0 mHasNoClearNotificationWhenNavi:false
07-13 16:44:24.781 D/TXZ     ( 5597): [ReportManager][7066/7122]initWebSocket: url=wss://websocket.txzing.com/junsun/index?app_id=6a3643cb81c6e92137ccc63f536df874&tm=1752439464780&data=yxlH1adL5c9bsE3UZ7iqRSeAkqcngfEefO4M3Ydd8n0%3D&platform=car
07-13 16:44:24.781 D/TXZ     ( 5597): [ReportManager][7066/7122]connect: start
07-13 16:44:24.781 D/SceneRecognizer( 4123): notifySceneStatusChanged: notify 1 receivers
07-13 16:44:24.781 E/PowerHintCallback( 4123): sceneId: 0 is invalid
07-13 16:44:24.781 D/AppSceneRecognizer( 4123): ###handle app Event: Exit
07-13 16:44:24.782 D/TXZ     ( 5597): [TXZWebSocketClient][7066/24664]onError: ex=java.net.UnknownHostException: websocket.txzing.com
07-13 16:44:24.782 D/TXZ     ( 5597): [ReportManager][7066/24664]java.net.UnknownHostException: websocket.txzing.com
07-13 16:44:24.782 D/TXZ     ( 5597): [ReportManager][7066/24664]onClose() called with: code = -1, reason = websocket.txzing.com, remote = false
07-13 16:44:24.782 D/TXZ     ( 5597): [ReportManager][7066/7122]connect: finish
07-13 16:44:24.782 D/TXZ     ( 5597): [ReportManager][7066/7122]initWebSocket: url=wss://websocket.txzing.com/junsun/index?app_id=6a3643cb81c6e92137ccc63f536df874&tm=1752439464782&data=B1d1MHWcLfaGMS1zvV2fWtAeEFKUhucKWrwND7CI5s0%3D&platform=car
07-13 16:44:24.782 D/TXZ     ( 5597): [ReportManager][7066/7122]connect: start
07-13 16:44:24.786 D/TXZ     ( 5597): [TXZWebSocketClient][7066/24666]onError: ex=java.net.UnknownHostException: websocket.txzing.com
07-13 16:44:24.786 D/TXZ     ( 5597): [ReportManager][7066/24666]java.net.UnknownHostException: websocket.txzing.com
07-13 16:44:24.786 D/TXZ     ( 5597): [ReportManager][7066/24666]onClose() called with: code = -1, reason = websocket.txzing.com, remote = false
07-13 16:44:24.786 D/TXZ     ( 5597): [ReportManager][7066/7122]connect: finish
07-13 16:44:24.787 D/TXZ     ( 5597): [ReportManager][7066/7122]initWebSocket: url=wss://websocket.txzing.com/junsun/index?app_id=6a3643cb81c6e92137ccc63f536df874&tm=1752439464785&data=9q2GT7%2FD%2BGBoEM0uVrKkoTTpaYRQAPoSWOrBlIvCPuY%3D&platform=car
07-13 16:44:24.787 D/TXZ     ( 5597): [ReportManager][7066/7122]connect: start
07-13 16:44:24.787 D/TXZ     ( 5597): [TXZWebSocketClient][7066/24668]onError: ex=java.net.UnknownHostException: websocket.txzing.com
07-13 16:44:24.787 D/TXZ     ( 5597): [ReportManager][7066/24668]java.net.UnknownHostException: websocket.txzing.com
07-13 16:44:24.787 D/TXZ     ( 5597): [ReportManager][7066/24668]onClose() called with: code = -1, reason = websocket.txzing.com, remote = false
07-13 16:44:24.788 D/TXZ     ( 5597): [ReportManager][7066/7122]connect: finish
07-13 16:44:24.788 D/TXZ     ( 5597): [ReportManager][7066/7122]initWebSocket: url=wss://websocket.txzing.com/junsun/index?app_id=6a3643cb81c6e92137ccc63f536df874&tm=1752439464787&data=tx3p9vsLapQ7cuBtz2BKGOAdwBLhQShLJzftRBYKfTs%3D&platform=car
07-13 16:44:24.788 D/TXZ     ( 5597): [ReportManager][7066/7122]connect: start
07-13 16:44:24.789 D/TXZ     ( 5597): [TXZWebSocketClient][7066/24669]onError: ex=java.net.UnknownHostException: websocket.txzing.com
07-13 16:44:24.790 D/TXZ     ( 5597): [ReportManager][7066/24669]java.net.UnknownHostException: websocket.txzing.com
07-13 16:44:24.790 D/TXZ     ( 5597): [ReportManager][7066/24669]onClose() called with: code = -1, reason = websocket.txzing.com, remote = false
07-13 16:44:24.790 D/TXZ     ( 5597): [ReportManager][7066/7122]connect: finish
07-13 16:44:24.790 D/TXZ     ( 5597): [ReportManager][7066/7122]initWebSocket: url=wss://websocket.txzing.com/junsun/index?app_id=6a3643cb81c6e92137ccc63f536df874&tm=1752439464789&data=OI5e20khxVulMACbaQagILsAAETvYrh9M9yJdcQg3Y8%3D&platform=car
07-13 16:44:24.790 D/TXZ     ( 5597): [ReportManager][7066/7122]connect: start
07-13 16:44:24.791 D/TXZ     ( 5597): [TXZWebSocketClient][7066/24670]onError: ex=java.net.UnknownHostException: websocket.txzing.com
07-13 16:44:24.791 D/TXZ     ( 5597): [ReportManager][7066/24670]java.net.UnknownHostException: websocket.txzing.com
07-13 16:44:24.791 D/TXZ     ( 5597): [ReportManager][7066/24670]onClose() called with: code = -1, reason = websocket.txzing.com, remote = false
07-13 16:44:24.791 D/TXZ     ( 5597): [ReportManager][7066/7122]connect: finish
07-13 16:44:24.791 D/TXZ     ( 5597): [ReportManager][7066/7122]initWebSocket: url=wss://websocket.txzing.com/junsun/index?app_id=6a3643cb81c6e92137ccc63f536df874&tm=1752439464791&data=hs7FAgaAZTF6axolPXQT246D2wgJ68Py%2BjH5YfBi9fM%3D&platform=car
07-13 16:44:24.792 D/TXZ     ( 5597): [ReportManager][7066/7122]connect: start
07-13 16:44:24.793 D/TXZ     ( 5597): [TXZWebSocketClient][7066/24671]onError: ex=java.net.UnknownHostException: websocket.txzing.com
07-13 16:44:24.793 D/TXZ     ( 5597): [ReportManager][7066/24671]java.net.UnknownHostException: websocket.txzing.com
07-13 16:44:24.794 D/TXZ     ( 5597): [ReportManager][7066/24671]onClose() called with: code = -1, reason = websocket.txzing.com, remote = false
07-13 16:44:24.794 D/TXZ     ( 5597): [ReportManager][7066/7122]connect: finish
07-13 16:44:24.794 D/TXZ     ( 5597): [ReportManager][7066/7122]initWebSocket: url=wss://websocket.txzing.com/junsun/index?app_id=6a3643cb81c6e92137ccc63f536df874&tm=1752439464794&data=V%2FMlVln9YwCU5cjkKKOB57vuldGX8Q8zGTUMxHyKTkk%3D&platform=car
07-13 16:44:24.794 D/TXZ     ( 5597): [ReportManager][7066/7122]connect: start
07-13 16:44:24.795 D/TXZ     ( 5597): [TXZWebSocketClient][7066/24672]onError: ex=java.net.UnknownHostException: websocket.txzing.com
07-13 16:44:24.796 D/TXZ     ( 5597): [ReportManager][7066/24672]java.net.UnknownHostException: websocket.txzing.com
07-13 16:44:24.796 D/TXZ     ( 5597): [ReportManager][7066/24672]onClose() called with: code = -1, reason = websocket.txzing.com, remote = false
07-13 16:44:24.796 D/TXZ     ( 5597): [ReportManager][7066/7122]connect: finish
07-13 16:44:24.797 D/TXZ     ( 5597): [ReportManager][7066/7122]initWebSocket: url=wss://websocket.txzing.com/junsun/index?app_id=6a3643cb81c6e92137ccc63f536df874&tm=1752439464796&data=aa2dZP504cNAeif2iq9jI6ELg9wZtaoHyrkkrdhT1dY%3D&platform=car
07-13 16:44:24.797 D/TXZ     ( 5597): [ReportManager][7066/7122]connect: start
07-13 16:44:24.798 I/RecentTasks( 4123): findRemoveIndexForAddTask - isSameActivity - task.realActivity: ComponentInfo{com.serenegiant.usbcameratest8/com.serenegiant.usbcameratest8.MainActivity}
07-13 16:44:24.798 D/TXZ     ( 5597): [TXZWebSocketClient][7066/24673]onError: ex=java.net.UnknownHostException: websocket.txzing.com
07-13 16:44:24.798 D/TXZ     ( 5597): [ReportManager][7066/24673]java.net.UnknownHostException: websocket.txzing.com
07-13 16:44:24.798 D/TXZ     ( 5597): [ReportManager][7066/24673]onClose() called with: code = -1, reason = websocket.txzing.com, remote = false
07-13 16:44:24.798 D/SectionHabit( 4123): update pkgName:com.serenegiant.usbcameratest8,type:3,data:package:com.serenegiant.usbcameratest8 ,count :15,launchCountIndex:0,fgtime:1212,fgtimeIndex:2
07-13 16:44:24.798 D/TXZ     ( 5597): [ReportManager][7066/7122]connect: finish
07-13 16:44:24.798 D/TXZ     ( 5597): [ReportManager][7066/7122]initWebSocket: url=wss://websocket.txzing.com/junsun/index?app_id=6a3643cb81c6e92137ccc63f536df874&tm=1752439464798&data=5pZ%2Ff%2FTBTKWCRd5fd7oNpcm%2Bez1QfRe%2Fl%2FAXCbrItXs%3D&platform=car
07-13 16:44:24.799 D/android.hardware.power@4.0-impl( 3546): Enter getSceneIdByName: sceneName:com.serenegiant.usbcameratest8
07-13 16:44:24.799 D/TXZ     ( 5597): [ReportManager][7066/7122]connect: start
07-13 16:44:24.799 I/BarController( 4123): setBarShowingLw - win: 15df344 StatusBar - show: true
07-13 16:44:24.800 D/TXZ     ( 5597): [TXZWebSocketClient][7066/24674]onError: ex=java.net.UnknownHostException: websocket.txzing.com
07-13 16:44:24.800 D/TXZ     ( 5597): [ReportManager][7066/24674]java.net.UnknownHostException: websocket.txzing.com
07-13 16:44:24.800 D/TXZ     ( 5597): [ReportManager][7066/24674]onClose() called with: code = -1, reason = websocket.txzing.com, remote = false
07-13 16:44:24.800 D/TXZ     ( 5597): [ReportManager][7066/7122]connect: finish
07-13 16:44:24.802 D/TXZ     ( 5597): [ReportManager][7066/7122]initWebSocket: url=wss://websocket.txzing.com/junsun/index?app_id=6a3643cb81c6e92137ccc63f536df874&tm=1752439464800&data=UwQ8J67jvreCsuZBBjF6S%2FCBdGno5PzL3kd%2FocHgVN0%3D&platform=car
07-13 16:44:24.802 D/TXZ     ( 5597): [ReportManager][7066/7122]connect: start
07-13 16:44:24.802 D/TXZ     ( 5597): [TXZWebSocketClient][7066/24675]onError: ex=java.net.UnknownHostException: websocket.txzing.com
07-13 16:44:24.802 D/TXZ     ( 5597): [ReportManager][7066/24675]java.net.UnknownHostException: websocket.txzing.com
07-13 16:44:24.802 D/TXZ     ( 5597): [ReportManager][7066/24675]onClose() called with: code = -1, reason = websocket.txzing.com, remote = false
07-13 16:44:24.802 D/TXZ     ( 5597): [ReportManager][7066/7122]connect: finish
07-13 16:44:24.804 D/TXZ     ( 5597): [ReportManager][7066/7122]initWebSocket: url=wss://websocket.txzing.com/junsun/index?app_id=6a3643cb81c6e92137ccc63f536df874&tm=1752439464804&data=DP46UZDUkGtUIHpSz6UO3LtEgxNm%2FVILMQ1aBPjKJhs%3D&platform=car
07-13 16:44:24.804 D/TXZ     ( 5597): [ReportManager][7066/7122]connect: start
07-13 16:44:24.806 D/TXZ     ( 5597): [TXZWebSocketClient][7066/24676]onError: ex=java.net.UnknownHostException: websocket.txzing.com
07-13 16:44:24.806 D/TXZ     ( 5597): [ReportManager][7066/24676]java.net.UnknownHostException: websocket.txzing.com
07-13 16:44:24.806 D/TXZ     ( 5597): [ReportManager][7066/24676]onClose() called with: code = -1, reason = websocket.txzing.com, remote = false
07-13 16:44:24.806 D/TXZ     ( 5597): [ReportManager][7066/7122]connect: finish
07-13 16:44:24.806 D/TXZ     ( 5597): [ReportManager][7066/7122]initWebSocket: url=wss://websocket.txzing.com/junsun/index?app_id=6a3643cb81c6e92137ccc63f536df874&tm=1752439464805&data=MZ8Tv2a%2BwLGulHZPXBh%2Fj%2Bx%2Fa5bM%2FC6xtSPmPYIiaQ8%3D&platform=car
07-13 16:44:24.806 D/TXZ     ( 5597): [ReportManager][7066/7122]connect: start
07-13 16:44:24.807 D/TXZ     ( 5597): [TXZWebSocketClient][7066/24677]onError: ex=java.net.UnknownHostException: websocket.txzing.com
07-13 16:44:24.808 D/TXZ     ( 5597): [ReportManager][7066/24677]java.net.UnknownHostException: websocket.txzing.com
07-13 16:44:24.808 D/TXZ     ( 5597): [ReportManager][7066/24677]onClose() called with: code = -1, reason = websocket.txzing.com, remote = false
07-13 16:44:24.809 D/TXZ     ( 5597): [ReportManager][7066/7122]connect: finish
07-13 16:44:24.809 D/TXZ     ( 5597): [ReportManager][7066/7122]initWebSocket: url=wss://websocket.txzing.com/junsun/index?app_id=6a3643cb81c6e92137ccc63f536df874&tm=1752439464809&data=GCzyHCGd1dJGrch8EYblXZdE34Wma6SQF%2FEwQywFUbU%3D&platform=car
07-13 16:44:24.810 D/TXZ     ( 5597): [ReportManager][7066/7122]connect: start
07-13 16:44:24.813 D/TXZ     ( 5597): [TXZWebSocketClient][7066/24678]onError: ex=java.net.UnknownHostException: websocket.txzing.com
07-13 16:44:24.814 V/MainActivity(12329): onCreate:
07-13 16:44:24.815 D/TXZ     ( 5597): [ReportManager][7066/24678]java.net.UnknownHostException: websocket.txzing.com
07-13 16:44:24.815 D/TXZ     ( 5597): [ReportManager][7066/24678]onClose() called with: code = -1, reason = websocket.txzing.com, remote = false
07-13 16:44:24.815 D/TXZ     ( 5597): [ReportManager][7066/7122]connect: finish
07-13 16:44:24.815 D/TXZ     ( 5597): [ReportManager][7066/7122]initWebSocket: url=wss://websocket.txzing.com/junsun/index?app_id=6a3643cb81c6e92137ccc63f536df874&tm=1752439464813&data=fjnzmlLv6K4VUf5%2Ff4n9Yo6oPQPU8GuRifmYH2UVYwM%3D&platform=car
07-13 16:44:24.815 D/TXZ     ( 5597): [ReportManager][7066/7122]connect: start
07-13 16:44:24.815 I/BarController( 4123): setBarShowingLw - win: 15df344 StatusBar - show: true
07-13 16:44:24.816 D/TXZ     ( 5597): [TXZWebSocketClient][7066/24679]onError: ex=java.net.UnknownHostException: websocket.txzing.com
07-13 16:44:24.816 D/TxzAccessibilityService( 5597): onAccessibilityEvent: event=EventType: TYPE_WINDOW_CONTENT_CHANGED; EventTime: 8005382; PackageName: com.serenegiant.usbcameratest8; MovementGranularity: 0; Action: 0; ContentChangeTypes: [CONTENT_CHANGE_TYPE_SUBTREE]; WindowChangeTypes: [] [ ClassName: android.widget.FrameLayout; Text: []; ContentDescription: null; ItemCount: -1; CurrentItemIndex: -1; Enabled: true; Password: false; Checked: false; FullScreen: false; Scrollable: false; BeforeText: null; FromIndex: -1; ToIndex: -1; ScrollX: -1; ScrollY: -1; MaxScrollX: -1; MaxScrollY: -1; AddedCount: -1; RemovedCount: -1; ParcelableData: null ]; recordCount: 0
07-13 16:44:24.816 D/TXZ     ( 5597): [ReportManager][7066/24679]java.net.UnknownHostException: websocket.txzing.com
07-13 16:44:24.816 D/TXZ     ( 5597): [ReportManager][7066/24679]onClose() called with: code = -1, reason = websocket.txzing.com, remote = false
07-13 16:44:24.817 D/SceneRecognizer( 4123): notifySceneStatusChanged: notify 1 receivers
07-13 16:44:24.817 E/PowerHintCallback( 4123): sceneId: 0 is invalid
07-13 16:44:24.817 D/AppSceneRecognizer( 4123): ###handle app Event: Exit
07-13 16:44:24.817 D/TXZ     ( 5597): [ReportManager][7066/7122]connect: finish
07-13 16:44:24.817 D/TXZ     ( 5597): [ReportManager][7066/7122]initWebSocket: url=wss://websocket.txzing.com/junsun/index?app_id=6a3643cb81c6e92137ccc63f536df874&tm=1752439464816&data=smzyBlHZvCu1r0go8K3yZfg99anxR4evSOeGammLB0g%3D&platform=car
07-13 16:44:24.817 D/TXZ     ( 5597): [ReportManager][7066/7122]connect: start
07-13 16:44:24.818 I/PhoneWindow(12329): requestFeature - pkg: com.serenegiant.usbcameratest8 - naviStr: com.google.android.apps.maps
07-13 16:44:24.818 I/PhoneWindow(12329): requestFeature - pkg: com.serenegiant.usbcameratest8 - naviStr: com.google.android.apps.maps
07-13 16:44:24.818 D/TXZ     ( 5597): [TXZWebSocketClient][7066/24681]onError: ex=java.net.UnknownHostException: websocket.txzing.com
07-13 16:44:24.818 D/TXZ     ( 5597): [ReportManager][7066/24681]java.net.UnknownHostException: websocket.txzing.com
07-13 16:44:24.818 D/TXZ     ( 5597): [ReportManager][7066/24681]onClose() called with: code = -1, reason = websocket.txzing.com, remote = false
07-13 16:44:24.818 I/PhoneWindow(12329): generateLayout - pkg: com.serenegiant.usbcameratest8 - naviStr: com.google.android.apps.maps
07-13 16:44:24.818 D/TXZ     ( 5597): [ReportManager][7066/7122]connect: finish
07-13 16:44:24.818 I/PhoneWindow(12329): generateLayout - params.softInputMode: 0
07-13 16:44:24.818 D/TXZ     ( 5597): [ReportManager][7066/7122]initWebSocket: url=wss://websocket.txzing.com/junsun/index?app_id=6a3643cb81c6e92137ccc63f536df874&tm=1752439464818&data=a6u7YKNn4UxD24uM4MKQ7xGqzhi1hbundVHgGcswtLI%3D&platform=car
07-13 16:44:24.819 D/TXZ     ( 5597): [ReportManager][7066/7122]connect: start
07-13 16:44:24.820 D/TXZ     ( 5597): [TXZWebSocketClient][7066/24682]onError: ex=java.net.UnknownHostException: websocket.txzing.com
07-13 16:44:24.820 D/TxzAccessibilityService( 5597): onAccessibilityEvent: event=EventType: TYPE_WINDOW_CONTENT_CHANGED; EventTime: 8005387; PackageName: com.serenegiant.usbcameratest8; MovementGranularity: 0; Action: 0; ContentChangeTypes: [CONTENT_CHANGE_TYPE_SUBTREE]; WindowChangeTypes: [] [ ClassName: android.widget.FrameLayout; Text: []; ContentDescription: null; ItemCount: -1; CurrentItemIndex: -1; Enabled: true; Password: false; Checked: false; FullScreen: false; Scrollable: false; BeforeText: null; FromIndex: -1; ToIndex: -1; ScrollX: -1; ScrollY: -1; MaxScrollX: -1; MaxScrollY: -1; AddedCount: -1; RemovedCount: -1; ParcelableData: null ]; recordCount: 0
07-13 16:44:24.821 D/TXZ     ( 5597): [ReportManager][7066/24682]java.net.UnknownHostException: websocket.txzing.com
07-13 16:44:24.821 D/TxzAccessibilityService( 5597): onAccessibilityEvent: event=EventType: TYPE_WINDOW_STATE_CHANGED; EventTime: 8005388; PackageName: com.serenegiant.usbcameratest8; MovementGranularity: 0; Action: 0; ContentChangeTypes: []; WindowChangeTypes: [] [ ClassName: android.widget.FrameLayout; Text: []; ContentDescription: null; ItemCount: -1; CurrentItemIndex: -1; Enabled: true; Password: false; Checked: false; FullScreen: false; Scrollable: false; BeforeText: null; FromIndex: -1; ToIndex: -1; ScrollX: -1; ScrollY: -1; MaxScrollX: -1; MaxScrollY: -1; AddedCount: -1; RemovedCount: -1; ParcelableData: null ]; recordCount: 0
07-13 16:44:24.821 D/SSense  ( 4123): windowsChanged
07-13 16:44:24.822 I/gralloc ( 3497): mali_gralloc_select_format CPU R/W do not support AFBC
07-13 16:44:24.822 I/gralloc ( 3497): gralloc=>alloc, share_fd=9, share_attr_fd=10, magic=51647890, format=1, internal_format=1, byte_stride=5120, flags=4, usage=0x966, size=3686400, width=1280, height=720, internalWidth=1280, internalHeight=720, stride=1280, ADP_VSTRIDE=720,base=0x709721c000, cpu_read=0, cpu_write=0, attr_base=0xffffffffffffffff, yuv_info=0, fd=-1, buf_idx=0, offset=0, min_pgsz=4096, phyaddr=0
07-13 16:44:24.822 I/gralloc ( 3497): gralloc_unregister_buffer hnd=0x709982c200, share_fd=9, share_attr_fd=10, magic=51647890, format=1, internal_format=1, byte_stride=5120, flags=4, usage=0x966, size=3686400, width=1280, height=720, internalWidth=1280, internalHeight=720, stride=1280, base=0x709721c000, cpu_read=0,cpu_write=0, attr_base=0xffffffffffffffff, yuv_info=0, fd=-1, buf_idx=0, offset=0, min_pgsz=4096, phyaddr=0
07-13 16:44:24.822 I/gralloc ( 3497): gralloc=>free hnd=0x709982c200, share_fd=9, share_attr_fd=10, magic=51647890, format=1, internal_format=1, byte_stride=5120, flags=4, usage=0x966, size=3686400, width=1280, height=720, internalWidth=1280, internalHeight=720, stride=1280, base=0x709721c000, cpu_read=0,cpu_write=0, attr_base=0xffffffffffffffff, yuv_info=0, fd=-1, buf_idx=0, offset=0, min_pgsz=4096, phyaddr=0
07-13 16:44:24.823 I/gralloc ( 3580): gralloc_register_buffer hnd=0x7f66041300, share_fd=102, share_attr_fd=132, magic=51647890, format=1, internal_format=1, byte_stride=5120, flags=4, usage=0x966, size=3686400, width=1280, height=720, internalWidth=1280, internalHeight=720, stride=1280, base=0x7f4ac91000, cpu_read=0,cpu_write=0, attr_base=0xffffffffffffffff, yuv_info=0, fd=-1, buf_idx=0, offset=0, min_pgsz=4096, phyaddr=0
07-13 16:44:24.823 I/gralloc ( 4123): gralloc_register_buffer hnd=0x732b6c6400, share_fd=383, share_attr_fd=384, magic=51647890, format=1, internal_format=1, byte_stride=5120, flags=4, usage=0x966, size=3686400, width=1280, height=720, internalWidth=1280, internalHeight=720, stride=1280, base=0x72908fa000, cpu_read=0,cpu_write=0, attr_base=0xffffffffffffffff, yuv_info=0, fd=-1, buf_idx=0, offset=0, min_pgsz=4096, phyaddr=0
07-13 16:44:24.823 I/gralloc ( 4123): mali_gralloc_select_format CPU R/W do not support AFBC
07-13 16:44:24.823 D/TXZ     ( 5597): [ReportManager][7066/24682]onClose() called with: code = -1, reason = websocket.txzing.com, remote = false
07-13 16:44:24.823 D/TXZ     ( 5597): [ReportManager][7066/7122]connect: finish
07-13 16:44:24.824 D/TXZ     ( 5597): [ReportManager][7066/7122]initWebSocket: url=wss://websocket.txzing.com/junsun/index?app_id=6a3643cb81c6e92137ccc63f536df874&tm=1752439464820&data=k0EInKHTG8qNSRSFFFUY4rKMs8iVQVdDK%2F22XTORIlM%3D&platform=car
07-13 16:44:24.824 D/TXZ     ( 5597): [ReportManager][7066/7122]connect: start
07-13 16:44:24.824 D/TXZ     ( 5597): [TXZWebSocketClient][7066/24683]onError: ex=java.net.UnknownHostException: websocket.txzing.com
07-13 16:44:24.824 D/TXZ     ( 5597): [ReportManager][7066/24683]java.net.UnknownHostException: websocket.txzing.com
07-13 16:44:24.824 D/TXZ     ( 5597): [ReportManager][7066/24683]onClose() called with: code = -1, reason = websocket.txzing.com, remote = false
07-13 16:44:24.824 D/TXZ     ( 5597): [ReportManager][7066/7122]connect: finish
07-13 16:44:24.824 D/TXZ     ( 5597): [ReportManager][7066/7122]initWebSocket: url=wss://websocket.txzing.com/junsun/index?app_id=6a3643cb81c6e92137ccc63f536df874&tm=1752439464822&data=c4TxGjH6KPugj3%2F359JmY5RuKG8OfWlVaT7nnf%2Ftlrs%3D&platform=car
07-13 16:44:24.824 D/TXZ     ( 5597): [ReportManager][7066/7122]connect: start
07-13 16:44:24.824 D/TXZ     ( 5597): [TXZWebSocketClient][7066/24684]onError: ex=java.net.UnknownHostException: websocket.txzing.com
07-13 16:44:24.824 D/TXZ     ( 5597): [ReportManager][7066/24684]java.net.UnknownHostException: websocket.txzing.com
07-13 16:44:24.824 D/TXZ     ( 5597): [ReportManager][7066/24684]onClose() called with: code = -1, reason = websocket.txzing.com, remote = false
07-13 16:44:24.824 D/TXZ     ( 5597): [ReportManager][7066/7122]connect: finish
07-13 16:44:24.826 D/TXZ     ( 5597): [ReportManager][7066/7122]initWebSocket: url=wss://websocket.txzing.com/junsun/index?app_id=6a3643cb81c6e92137ccc63f536df874&tm=1752439464825&data=iyjxLEPxBB%2BOQ8EFxPPczDH9TA8XF7oZ2SGlbIUz8%2F4%3D&platform=car
07-13 16:44:24.826 D/TXZ     ( 5597): [ReportManager][7066/7122]connect: start
07-13 16:44:24.828 D/com.txznet.smartwakeup.module.accessibility.TxzAccessibilityService@onAccessibilityEvent( 5597): current packageName android
07-13 16:44:24.829 D/TXZ     ( 5597): [TXZWebSocketClient][7066/24685]onError: ex=java.net.UnknownHostException: websocket.txzing.com
07-13 16:44:24.829 D/TXZ     ( 5597): [ReportManager][7066/24685]java.net.UnknownHostException: websocket.txzing.com
07-13 16:44:24.829 I/BarController( 4123): setBarShowingLw - win: 15df344 StatusBar - show: true
07-13 16:44:24.829 D/TXZ     ( 5597): [ReportManager][7066/24685]onClose() called with: code = -1, reason = websocket.txzing.com, remote = false
07-13 16:44:24.831 D/TXZ     ( 5597): [ReportManager][7066/7122]connect: finish
07-13 16:44:24.831 D/TXZ     ( 5597): [ReportManager][7066/7122]initWebSocket: url=wss://websocket.txzing.com/junsun/index?app_id=6a3643cb81c6e92137ccc63f536df874&tm=1752439464829&data=Zl7Gj1GwLtrst3KMN5R2PslJcUg8HbTZwgp4rzUom44%3D&platform=car
07-13 16:44:24.831 D/TXZ     ( 5597): [ReportManager][7066/7122]connect: start
07-13 16:44:24.833 D/TXZ     ( 5597): [TXZWebSocketClient][7066/24686]onError: ex=java.net.UnknownHostException: websocket.txzing.com
07-13 16:44:24.833 D/TXZ     ( 5597): [ReportManager][7066/24686]java.net.UnknownHostException: websocket.txzing.com
07-13 16:44:24.833 D/TXZ     ( 5597): [ReportManager][7066/24686]onClose() called with: code = -1, reason = websocket.txzing.com, remote = false
07-13 16:44:24.833 D/TXZ     ( 5597): [ReportManager][7066/7122]connect: finish
07-13 16:44:24.833 D/TXZ     ( 5597): [ReportManager][7066/7122]initWebSocket: url=wss://websocket.txzing.com/junsun/index?app_id=6a3643cb81c6e92137ccc63f536df874&tm=1752439464832&data=cadkcnKjJa1C7xJXDg5rh7CZyWt2xCfahs6yGQEQcMI%3D&platform=car
07-13 16:44:24.833 D/TXZ     ( 5597): [ReportManager][7066/7122]connect: start
07-13 16:44:24.835 D/TXZ     ( 5597): [TXZWebSocketClient][7066/24687]onError: ex=java.net.UnknownHostException: websocket.txzing.com
07-13 16:44:24.835 D/TXZ     ( 5597): [ReportManager][7066/24687]java.net.UnknownHostException: websocket.txzing.com
07-13 16:44:24.835 D/TXZ     ( 5597): [ReportManager][7066/24687]onClose() called with: code = -1, reason = websocket.txzing.com, remote = false
07-13 16:44:24.835 D/TXZ     ( 5597): [ReportManager][7066/7122]connect: finish
07-13 16:44:24.836 D/TXZ     ( 5597): [ReportManager][7066/7122]initWebSocket: url=wss://websocket.txzing.com/junsun/index?app_id=6a3643cb81c6e92137ccc63f536df874&tm=1752439464834&data=x%2Bl75jNW%2BY%2FalFXsH1UG6DmDU%2BLPufU4WOBDcW2Jf2g%3D&platform=car
07-13 16:44:24.836 D/TXZ     ( 5597): [ReportManager][7066/7122]connect: start
07-13 16:44:24.836 I/BarController( 4123): setBarShowingLw - win: 15df344 StatusBar - show: true
07-13 16:44:24.838 D/TXZ     ( 5597): [TXZWebSocketClient][7066/24688]onError: ex=java.net.UnknownHostException: websocket.txzing.com
07-13 16:44:24.838 D/TXZ     ( 5597): [ReportManager][7066/24688]java.net.UnknownHostException: websocket.txzing.com
07-13 16:44:24.838 D/TXZ     ( 5597): [ReportManager][7066/24688]onClose() called with: code = -1, reason = websocket.txzing.com, remote = false
07-13 16:44:24.838 D/TXZ     ( 5597): [ReportManager][7066/7122]connect: finish
07-13 16:44:24.838 D/TXZ     ( 5597): [ReportManager][7066/7122]initWebSocket: url=wss://websocket.txzing.com/junsun/index?app_id=6a3643cb81c6e92137ccc63f536df874&tm=1752439464838&data=hKp1KATSgrnoverR2MpGWmvZZRqJrGE4yktqyWbtyFg%3D&platform=car
07-13 16:44:24.839 D/TXZ     ( 5597): [ReportManager][7066/7122]connect: start
07-13 16:44:24.841 D/TXZ     ( 5597): [TXZWebSocketClient][7066/24689]onError: ex=java.net.UnknownHostException: websocket.txzing.com
07-13 16:44:24.841 D/TXZ     ( 5597): [ReportManager][7066/24689]java.net.UnknownHostException: websocket.txzing.com
07-13 16:44:24.841 D/TXZ     ( 5597): [ReportManager][7066/24689]onClose() called with: code = -1, reason = websocket.txzing.com, remote = false
07-13 16:44:24.841 D/TXZ     ( 5597): [ReportManager][7066/7122]connect: finish
07-13 16:44:24.841 D/TXZ     ( 5597): [ReportManager][7066/7122]initWebSocket: url=wss://websocket.txzing.com/junsun/index?app_id=6a3643cb81c6e92137ccc63f536df874&tm=1752439464841&data=9AZXQtzfW16zU%2FIe9JJ8yVdl1Tu2vN%2BzCfVuoiw123A%3D&platform=car
07-13 16:44:24.842 D/TXZ     ( 5597): [ReportManager][7066/7122]connect: start
07-13 16:44:24.843 D/TXZ     ( 5597): [TXZWebSocketClient][7066/24690]onError: ex=java.net.UnknownHostException: websocket.txzing.com
07-13 16:44:24.843 D/TXZ     ( 5597): [ReportManager][7066/24690]java.net.UnknownHostException: websocket.txzing.com
07-13 16:44:24.843 D/TXZ     ( 5597): [ReportManager][7066/24690]onClose() called with: code = -1, reason = websocket.txzing.com, remote = false
07-13 16:44:24.843 D/TXZ     ( 5597): [ReportManager][7066/7122]connect: finish
07-13 16:44:24.843 D/TXZ     ( 5597): [ReportManager][7066/7122]initWebSocket: url=wss://websocket.txzing.com/junsun/index?app_id=6a3643cb81c6e92137ccc63f536df874&tm=1752439464843&data=wh3QLdc48O6CH6pxXdu6F0Cb0LPEtu0%2Byc%2BP0KXj1hA%3D&platform=car
07-13 16:44:24.844 D/TXZ     ( 5597): [ReportManager][7066/7122]connect: start
07-13 16:44:24.845 D/TXZ     ( 5597): [TXZWebSocketClient][7066/24691]onError: ex=java.net.UnknownHostException: websocket.txzing.com
07-13 16:44:24.845 D/TXZ     ( 5597): [ReportManager][7066/24691]java.net.UnknownHostException: websocket.txzing.com
07-13 16:44:24.845 D/TXZ     ( 5597): [ReportManager][7066/24691]onClose() called with: code = -1, reason = websocket.txzing.com, remote = false
07-13 16:44:24.845 D/TXZ     ( 5597): [ReportManager][7066/7122]connect: finish
07-13 16:44:24.845 D/TXZ     ( 5597): [ReportManager][7066/7122]initWebSocket: url=wss://websocket.txzing.com/junsun/index?app_id=6a3643cb81c6e92137ccc63f536df874&tm=1752439464845&data=1ki9U6elhFwtvaDbeHZOiPZ2Ye5g9WRIKvXDTcNK9sA%3D&platform=car
07-13 16:44:24.846 D/TXZ     ( 5597): [ReportManager][7066/7122]connect: start
07-13 16:44:24.847 D/TXZ     ( 5597): [TXZWebSocketClient][7066/24692]onError: ex=java.net.UnknownHostException: websocket.txzing.com
07-13 16:44:24.847 D/TXZ     ( 5597): [ReportManager][7066/24692]java.net.UnknownHostException: websocket.txzing.com
07-13 16:44:24.848 D/TXZ     ( 5597): [ReportManager][7066/24692]onClose() called with: code = -1, reason = websocket.txzing.com, remote = false
07-13 16:44:24.850 D/TXZ     ( 5597): [ReportManager][7066/7122]connect: finish
07-13 16:44:24.850 D/TXZ     ( 5597): [ReportManager][7066/7122]initWebSocket: url=wss://websocket.txzing.com/junsun/index?app_id=6a3643cb81c6e92137ccc63f536df874&tm=1752439464847&data=%2Fnk2FF%2FGku6oeg9aU9exYAv%2FihmlBwakPOg71l3%2Fxek%3D&platform=car
07-13 16:44:24.850 D/TXZ     ( 5597): [ReportManager][7066/7122]connect: start
07-13 16:44:24.850 D/TXZ     ( 5597): [TXZWebSocketClient][7066/24693]onError: ex=java.net.UnknownHostException: websocket.txzing.com
07-13 16:44:24.850 D/TXZ     ( 5597): [ReportManager][7066/24693]java.net.UnknownHostException: websocket.txzing.com
07-13 16:44:24.850 D/TXZ     ( 5597): [ReportManager][7066/24693]onClose() called with: code = -1, reason = websocket.txzing.com, remote = false
07-13 16:44:24.850 D/TXZ     ( 5597): [ReportManager][7066/7122]connect: finish
07-13 16:44:24.850 D/TXZ     ( 5597): [ReportManager][7066/7122]initWebSocket: url=wss://websocket.txzing.com/junsun/index?app_id=6a3643cb81c6e92137ccc63f536df874&tm=1752439464849&data=p4UaHYg6haVjhPNQzAWKgpICkJGzO7ea1YPSD0MNjDE%3D&platform=car
07-13 16:44:24.850 D/TXZ     ( 5597): [ReportManager][7066/7122]connect: start
07-13 16:44:24.851 D/TXZ     ( 5597): [TXZWebSocketClient][7066/24694]onError: ex=java.net.UnknownHostException: websocket.txzing.com
07-13 16:44:24.851 D/TXZ     ( 5597): [ReportManager][7066/24694]java.net.UnknownHostException: websocket.txzing.com
07-13 16:44:24.851 D/TXZ     ( 5597): [ReportManager][7066/24694]onClose() called with: code = -1, reason = websocket.txzing.com, remote = false
07-13 16:44:24.851 D/TXZ     ( 5597): [ReportManager][7066/7122]connect: finish
07-13 16:44:24.851 D/TXZ     ( 5597): [ReportManager][7066/7122]initWebSocket: url=wss://websocket.txzing.com/junsun/index?app_id=6a3643cb81c6e92137ccc63f536df874&tm=1752439464851&data=j0EzzVdq47xlx8RTJOGVjXlYVrdrQQCsmwsBladcc5I%3D&platform=car
07-13 16:44:24.852 D/TXZ     ( 5597): [ReportManager][7066/7122]connect: start
07-13 16:44:24.853 D/TXZ     ( 5597): [TXZWebSocketClient][7066/24695]onError: ex=java.net.UnknownHostException: websocket.txzing.com
07-13 16:44:24.853 D/TXZ     ( 5597): [ReportManager][7066/24695]java.net.UnknownHostException: websocket.txzing.com
07-13 16:44:24.853 D/TXZ     ( 5597): [ReportManager][7066/24695]onClose() called with: code = -1, reason = websocket.txzing.com, remote = false
07-13 16:44:24.853 D/TXZ     ( 5597): [ReportManager][7066/7122]connect: finish
07-13 16:44:24.853 D/TXZ     ( 5597): [ReportManager][7066/7122]initWebSocket: url=wss://websocket.txzing.com/junsun/index?app_id=6a3643cb81c6e92137ccc63f536df874&tm=1752439464853&data=ZPNuev7oTpKEK8eYhlxyu8fKdYJbZwV4An%2FPajT%2FRgM%3D&platform=car
07-13 16:44:24.853 D/TXZ     ( 5597): [ReportManager][7066/7122]connect: start
07-13 16:44:24.858 D/TXZ     ( 5597): [TXZWebSocketClient][7066/24696]onError: ex=java.net.UnknownHostException: websocket.txzing.com
07-13 16:44:24.858 D/TXZ     ( 5597): [ReportManager][7066/24696]java.net.UnknownHostException: websocket.txzing.com
07-13 16:44:24.858 D/TXZ     ( 5597): [ReportManager][7066/24696]onClose() called with: code = -1, reason = websocket.txzing.com, remote = false
07-13 16:44:24.859 D/TXZ     ( 5597): [ReportManager][7066/7122]connect: finish
07-13 16:44:24.859 D/TXZ     ( 5597): [ReportManager][7066/7122]initWebSocket: url=wss://websocket.txzing.com/junsun/index?app_id=6a3643cb81c6e92137ccc63f536df874&tm=1752439464854&data=uIEiA7Yt%2ByY9pIJDa%2BxI4nXb8mgNPSv%2BHq7WEmxQJAo%3D&platform=car
07-13 16:44:24.859 D/TXZ     ( 5597): [ReportManager][7066/7122]connect: start
07-13 16:44:24.859 D/TXZ     ( 5597): [TXZWebSocketClient][7066/24697]onError: ex=java.net.UnknownHostException: websocket.txzing.com
07-13 16:44:24.859 D/TXZ     ( 5597): [ReportManager][7066/24697]java.net.UnknownHostException: websocket.txzing.com
07-13 16:44:24.859 D/TXZ     ( 5597): [ReportManager][7066/24697]onClose() called with: code = -1, reason = websocket.txzing.com, remote = false
07-13 16:44:24.859 D/TXZ     ( 5597): [ReportManager][7066/7122]connect: finish
