07-13 16:45:42.226 D/TXZ     ( 5597): [ReportManager][7066/7122]initWebSocket: url=wss://websocket.txzing.com/junsun/index?app_id=6a3643cb81c6e92137ccc63f536df874&tm=1752439542225&data=TBdEa8NxXImGWOigKPcD%2FiMbsZ6lDug5dl0RGljBs5s%3D&platform=car
07-13 16:45:42.226 D/TXZ     ( 5597): [ReportManager][7066/7122]connect: start
07-13 16:45:42.227 D/TXZ     ( 5597): [TXZWebSocketClient][7066/32590]onError: ex=java.net.UnknownHostException: websocket.txzing.com
07-13 16:45:42.227 D/TXZ     ( 5597): [ReportManager][7066/32590]java.net.UnknownHostException: websocket.txzing.com
07-13 16:45:42.227 D/TXZ     ( 5597): [ReportManager][7066/32590]onClose() called with: code = -1, reason = websocket.txzing.com, remote = false
07-13 16:45:42.228 D/TXZ     ( 5597): [ReportManager][7066/7122]connect: finish
07-13 16:45:42.228 D/TXZ     ( 5597): [ReportManager][7066/7122]initWebSocket: url=wss://websocket.txzing.com/junsun/index?app_id=6a3643cb81c6e92137ccc63f536df874&tm=1752439542228&data=wszxLUWoDqjUdLGP8ybX%2BMRzT7N4yCyC3iyaNAyJuac%3D&platform=car
07-13 16:45:42.228 D/TXZ     ( 5597): [ReportManager][7066/7122]connect: start
07-13 16:45:42.230 D/TXZ     ( 5597): [TXZWebSocketClient][7066/32591]onError: ex=java.net.UnknownHostException: websocket.txzing.com
07-13 16:45:42.230 D/TXZ     ( 5597): [ReportManager][7066/32591]java.net.UnknownHostException: websocket.txzing.com
07-13 16:45:42.230 D/TXZ     ( 5597): [ReportManager][7066/32591]onClose() called with: code = -1, reason = websocket.txzing.com, remote = false
07-13 16:45:42.230 D/TXZ     ( 5597): [ReportManager][7066/7122]connect: finish
07-13 16:45:42.233 D/TXZ     ( 5597): [ReportManager][7066/7122]initWebSocket: url=wss://websocket.txzing.com/junsun/index?app_id=6a3643cb81c6e92137ccc63f536df874&tm=1752439542232&data=uSjiNMWuxVXLkOUaWgZYVC0xEIvQPy%2FEfG0XnqkGD%2B8%3D&platform=car
07-13 16:45:42.281 D/TXZ     ( 5597): [ReportManager][7066/7122]connect: finish
07-13 16:45:42.281 D/TXZ     ( 5597): [ReportManager][7066/7122]initWebSocket: url=wss://websocket.txzing.com/junsun/index?app_id=6a3643cb81c6e92137ccc63f536df874&tm=1752439542281&data=kc%2BPDWwL58ljNRe6xb8Mi0SH1YwckN5mVwwrKy8wkww%3D&platform=car
07-13 16:45:42.281 D/TXZ     ( 5597): [ReportManager][7066/7122]connect: start
07-13 16:45:42.283 D/TXZ     ( 5597): [TXZWebSocketClient][7066/32615]onError: ex=java.net.UnknownHostException: websocket.txzing.com
07-13 16:45:42.283 D/TXZ     ( 5597): [ReportManager][7066/32615]java.net.UnknownHostException: websocket.txzing.com
07-13 16:45:42.283 D/TXZ     ( 5597): [ReportManager][7066/32615]onClose() called with: code = -1, reason = websocket.txzing.com, remote = false
07-13 16:45:42.283 D/TXZ     ( 5597): [ReportManager][7066/7122]connect: finish
07-13 16:45:42.286 D/TXZ     ( 5597): [ReportManager][7066/7122]initWebSocket: url=wss://websocket.txzing.com/junsun/index?app_id=6a3643cb81c6e92137ccc63f536df874&tm=1752439542286&data=Ha6qSn%2FSDvHfioyBc1cPX5xSjda%2BYpcw7UJpSEq7DkQ%3D&platform=car
07-13 16:45:42.287 D/TXZ     ( 5597): [ReportManager][7066/7122]connect: start
07-13 16:45:42.288 D/TXZ     ( 5597): [TXZWebSocketClient][7066/32616]onError: ex=java.net.UnknownHostException: websocket.txzing.com
07-13 16:45:42.288 D/TXZ     ( 5597): [ReportManager][7066/32616]java.net.UnknownHostException: websocket.txzing.com
07-13 16:45:42.290 D/TXZ     ( 5597): [ReportManager][7066/32616]onClose() called with: code = -1, reason = websocket.txzing.com, remote = false
07-13 16:45:42.290 D/TXZ     ( 5597): [ReportManager][7066/7122]connect: finish
07-13 16:45:42.290 D/TXZ     ( 5597): [ReportManager][7066/7122]initWebSocket: url=wss://websocket.txzing.com/junsun/index?app_id=6a3643cb81c6e92137ccc63f536df874&tm=1752439542288&data=zKM4Wsq9RDjUvJDWl7bYF3vFUFgWr0BV3LLJX4pGBcc%3D&platform=car
07-13 16:45:42.290 D/TXZ     ( 5597): [ReportManager][7066/7122]connect: start
07-13 16:45:42.290 D/TXZ     ( 5597): [TXZWebSocketClient][7066/32617]onError: ex=java.net.UnknownHostException: websocket.txzing.com
07-13 16:45:42.290 D/TXZ     ( 5597): [ReportManager][7066/32617]java.net.UnknownHostException: websocket.txzing.com
07-13 16:45:42.290 D/TXZ     ( 5597): [ReportManager][7066/32617]onClose() called with: code = -1, reason = websocket.txzing.com, remote = false
07-13 16:45:42.290 D/TXZ     ( 5597): [ReportManager][7066/7122]connect: finish
07-13 16:45:42.292 D/TXZ     ( 5597): [ReportManager][7066/7122]initWebSocket: url=wss://websocket.txzing.com/junsun/index?app_id=6a3643cb81c6e92137ccc63f536df874&tm=1752439542292&data=znCCQbwuHaW6lJz1ll0jqh7XqjINdp3PYe45mg0tFwk%3D&platform=car
07-13 16:45:42.292 D/TXZ     ( 5597): [ReportManager][7066/7122]connect: start
07-13 16:45:42.293 D/TXZ     ( 5597): [TXZWebSocketClient][7066/32618]onError: ex=java.net.UnknownHostException: websocket.txzing.com
07-13 16:45:42.294 D/TXZ     ( 5597): [ReportManager][7066/32618]java.net.UnknownHostException: websocket.txzing.com
07-13 16:45:42.294 D/TXZ     ( 5597): [ReportManager][7066/32618]onClose() called with: code = -1, reason = websocket.txzing.com, remote = false
07-13 16:45:42.294 D/TXZ     ( 5597): [ReportManager][7066/7122]connect: finish
07-13 16:45:42.295 D/TXZ     ( 5597): [ReportManager][7066/7122]initWebSocket: url=wss://websocket.txzing.com/junsun/index?app_id=6a3643cb81c6e92137ccc63f536df874&tm=1752439542294&data=diV1A%2FXoW7Nj%2FHAr15p6OLUpVjfadYSRlc4X46JBqJI%3D&platform=car
07-13 16:45:42.295 D/TXZ     ( 5597): [ReportManager][7066/7122]connect: start
07-13 16:45:42.296 D/TXZ     ( 5597): [TXZWebSocketClient][7066/32619]onError: ex=java.net.UnknownHostException: websocket.txzing.com
07-13 16:45:42.296 D/TXZ     ( 5597): [ReportManager][7066/32619]java.net.UnknownHostException: websocket.txzing.com
07-13 16:45:42.296 D/TXZ     ( 5597): [ReportManager][7066/32619]onClose() called with: code = -1, reason = websocket.txzing.com, remote = false
07-13 16:45:42.296 D/TXZ     ( 5597): [ReportManager][7066/7122]connect: finish
07-13 16:45:42.296 D/TXZ     ( 5597): [ReportManager][7066/7122]initWebSocket: url=wss://websocket.txzing.com/junsun/index?app_id=6a3643cb81c6e92137ccc63f536df874&tm=1752439542296&data=h0KXnqrQgqjn5wh1XersGG7AhFl%2BZZBMWNZqzcb1p18%3D&platform=car
07-13 16:45:42.297 D/TXZ     ( 5597): [ReportManager][7066/7122]connect: start
07-13 16:45:42.298 D/TXZ     ( 5597): [TXZWebSocketClient][7066/32620]onError: ex=java.net.UnknownHostException: websocket.txzing.com
07-13 16:45:42.298 D/TXZ     ( 5597): [ReportManager][7066/32620]java.net.UnknownHostException: websocket.txzing.com
07-13 16:45:42.298 D/TXZ     ( 5597): [ReportManager][7066/32620]onClose() called with: code = -1, reason = websocket.txzing.com, remote = false
07-13 16:45:42.298 D/TXZ     ( 5597): [ReportManager][7066/7122]connect: finish
07-13 16:45:42.299 D/TXZ     ( 5597): [ReportManager][7066/7122]initWebSocket: url=wss://websocket.txzing.com/junsun/index?app_id=6a3643cb81c6e92137ccc63f536df874&tm=1752439542299&data=DUX8YZLRVmFupwIIWx2EWbd2bVcS3bbXcHPKxFrUpjg%3D&platform=car
07-13 16:45:42.299 D/TXZ     ( 5597): [ReportManager][7066/7122]connect: start
07-13 16:45:42.300 D/TXZ     ( 5597): [TXZWebSocketClient][7066/32621]onError: ex=java.net.UnknownHostException: websocket.txzing.com
07-13 16:45:42.300 D/TXZ     ( 5597): [ReportManager][7066/32621]java.net.UnknownHostException: websocket.txzing.com
07-13 16:45:42.300 D/TXZ     ( 5597): [ReportManager][7066/32621]onClose() called with: code = -1, reason = websocket.txzing.com, remote = false
07-13 16:45:42.300 D/TXZ     ( 5597): [ReportManager][7066/7122]connect: finish
07-13 16:45:42.300 D/TXZ     ( 5597): [ReportManager][7066/7122]initWebSocket: url=wss://websocket.txzing.com/junsun/index?app_id=6a3643cb81c6e92137ccc63f536df874&tm=1752439542300&data=ILvWn0NJGm49jPKFL6bxUVETGfjNVckYOFc8qgCj8nY%3D&platform=car
07-13 16:45:42.301 D/TXZ     ( 5597): [ReportManager][7066/7122]connect: start
07-13 16:45:42.302 D/TXZ     ( 5597): [TXZWebSocketClient][7066/32622]onError: ex=java.net.UnknownHostException: websocket.txzing.com
07-13 16:45:42.302 D/TXZ     ( 5597): [ReportManager][7066/32622]java.net.UnknownHostException: websocket.txzing.com
07-13 16:45:42.302 D/TXZ     ( 5597): [ReportManager][7066/32622]onClose() called with: code = -1, reason = websocket.txzing.com, remote = false
07-13 16:45:42.302 D/TXZ     ( 5597): [ReportManager][7066/7122]connect: finish
07-13 16:45:42.303 D/TXZ     ( 5597): [ReportManager][7066/7122]initWebSocket: url=wss://websocket.txzing.com/junsun/index?app_id=6a3643cb81c6e92137ccc63f536df874&tm=1752439542303&data=ZvltSrZ6vISt3EVY62LGogmwnPsSugWahVbX%2FVNEzuQ%3D&platform=car
07-13 16:45:42.303 D/TXZ     ( 5597): [ReportManager][7066/7122]connect: start
07-13 16:45:42.304 D/TXZ     ( 5597): [TXZWebSocketClient][7066/32623]onError: ex=java.net.UnknownHostException: websocket.txzing.com
07-13 16:45:42.304 D/TXZ     ( 5597): [ReportManager][7066/32623]java.net.UnknownHostException: websocket.txzing.com
07-13 16:45:42.304 D/TXZ     ( 5597): [ReportManager][7066/32623]onClose() called with: code = -1, reason = websocket.txzing.com, remote = false
07-13 16:45:42.306 D/TXZ     ( 5597): [ReportManager][7066/7122]connect: finish
07-13 16:45:42.306 D/TXZ     ( 5597): [ReportManager][7066/7122]initWebSocket: url=wss://websocket.txzing.com/junsun/index?app_id=6a3643cb81c6e92137ccc63f536df874&tm=1752439542305&data=sdbgQ9QiwjTQujVj8mBzuQl5ZZVCB29i4vmTuowm6Ng%3D&platform=car
07-13 16:45:42.306 D/TXZ     ( 5597): [ReportManager][7066/7122]connect: start
07-13 16:45:42.307 D/TXZ     ( 5597): [TXZWebSocketClient][7066/32624]onError: ex=java.net.UnknownHostException: websocket.txzing.com
07-13 16:45:42.307 D/TXZ     ( 5597): [ReportManager][7066/32624]java.net.UnknownHostException: websocket.txzing.com
07-13 16:45:42.307 D/TXZ     ( 5597): [ReportManager][7066/32624]onClose() called with: code = -1, reason = websocket.txzing.com, remote = false
07-13 16:45:42.307 D/TXZ     ( 5597): [ReportManager][7066/7122]connect: finish
07-13 16:45:42.309 D/TXZ     ( 5597): [ReportManager][7066/7122]initWebSocket: url=wss://websocket.txzing.com/junsun/index?app_id=6a3643cb81c6e92137ccc63f536df874&tm=1752439542309&data=pg3nt3W8EwuzBJY%2Ffp8%2BEZcWsWwLGKqD%2FA8R%2BkYs0pM%3D&platform=car
07-13 16:45:42.309 D/TXZ     ( 5597): [ReportManager][7066/7122]connect: start
07-13 16:45:42.310 D/TXZ     ( 5597): [TXZWebSocketClient][7066/32625]onError: ex=java.net.UnknownHostException: websocket.txzing.com
07-13 16:45:42.310 D/TXZ     ( 5597): [ReportManager][7066/32625]java.net.UnknownHostException: websocket.txzing.com
07-13 16:45:42.310 D/TXZ     ( 5597): [ReportManager][7066/32625]onClose() called with: code = -1, reason = websocket.txzing.com, remote = false
07-13 16:45:42.311 D/TXZ     ( 5597): [ReportManager][7066/7122]connect: finish
07-13 16:45:42.316 D/TXZ     ( 5597): [ReportManager][7066/7122]initWebSocket: url=wss://websocket.txzing.com/junsun/index?app_id=6a3643cb81c6e92137ccc63f536df874&tm=1752439542315&data=y9naIiTqghUblCZ0VBgo62FdggThVRHedwIIYZmksFU%3D&platform=car
07-13 16:45:42.316 D/TXZ     ( 5597): [ReportManager][7066/7122]connect: start
07-13 16:45:42.317 D/TXZ     ( 5597): [TXZWebSocketClient][7066/32626]onError: ex=java.net.UnknownHostException: websocket.txzing.com
07-13 16:45:42.317 D/TXZ     ( 5597): [ReportManager][7066/32626]java.net.UnknownHostException: websocket.txzing.com
07-13 16:45:42.317 D/TXZ     ( 5597): [ReportManager][7066/32626]onClose() called with: code = -1, reason = websocket.txzing.com, remote = false
07-13 16:45:42.317 D/TXZ     ( 5597): [ReportManager][7066/7122]connect: finish
07-13 16:45:42.319 D/TXZ     ( 5597): [ReportManager][7066/7122]initWebSocket: url=wss://websocket.txzing.com/junsun/index?app_id=6a3643cb81c6e92137ccc63f536df874&tm=1752439542318&data=3xCtgTOX1SfRo83dd8Sc%2BEqX%2B%2F3OgcUL2UqskZHZyc0%3D&platform=car
07-13 16:45:42.319 D/TXZ     ( 5597): [ReportManager][7066/7122]connect: start
07-13 16:45:42.320 D/TXZ     ( 5597): [TXZWebSocketClient][7066/32627]onError: ex=java.net.UnknownHostException: websocket.txzing.com
07-13 16:45:42.320 D/TXZ     ( 5597): [ReportManager][7066/32627]java.net.UnknownHostException: websocket.txzing.com
07-13 16:45:42.320 D/TXZ     ( 5597): [ReportManager][7066/32627]onClose() called with: code = -1, reason = websocket.txzing.com, remote = false
07-13 16:45:42.320 D/TXZ     ( 5597): [ReportManager][7066/7122]connect: finish
07-13 16:45:42.320 D/TXZ     ( 5597): [ReportManager][7066/7122]initWebSocket: url=wss://websocket.txzing.com/junsun/index?app_id=6a3643cb81c6e92137ccc63f536df874&tm=1752439542320&data=HpACGSV%2BLukVTS05dWKrvLbVoGCTlqmpHWPg7zW7auU%3D&platform=car
07-13 16:45:42.320 D/TXZ     ( 5597): [ReportManager][7066/7122]connect: start
07-13 16:45:42.322 D/TXZ     ( 5597): [TXZWebSocketClient][7066/32628]onError: ex=java.net.UnknownHostException: websocket.txzing.com
07-13 16:45:42.322 D/TXZ     ( 5597): [ReportManager][7066/32628]java.net.UnknownHostException: websocket.txzing.com
07-13 16:45:42.322 D/TXZ     ( 5597): [ReportManager][7066/32628]onClose() called with: code = -1, reason = websocket.txzing.com, remote = false
07-13 16:45:42.322 D/TXZ     ( 5597): [ReportManager][7066/7122]connect: finish
07-13 16:45:42.331 D/TXZ     ( 5597): [ReportManager][7066/7122]initWebSocket: url=wss://websocket.txzing.com/junsun/index?app_id=6a3643cb81c6e92137ccc63f536df874&tm=1752439542331&data=jitKfqFy7plu4rjIKhexIpCu2H9znovGU%2Bzg%2FUmjF8M%3D&platform=car
07-13 16:45:42.331 D/TXZ     ( 5597): [ReportManager][7066/7122]connect: start
07-13 16:45:42.332 D/TXZ     ( 5597): [TXZWebSocketClient][7066/32629]onError: ex=java.net.UnknownHostException: websocket.txzing.com
07-13 16:45:42.332 D/TXZ     ( 5597): [ReportManager][7066/32629]java.net.UnknownHostException: websocket.txzing.com
07-13 16:45:42.332 D/TXZ     ( 5597): [ReportManager][7066/32629]onClose() called with: code = -1, reason = websocket.txzing.com, remote = false
07-13 16:45:42.332 D/TXZ     ( 5597): [ReportManager][7066/7122]connect: finish
07-13 16:45:42.333 D/TXZ     ( 5597): [ReportManager][7066/7122]initWebSocket: url=wss://websocket.txzing.com/junsun/index?app_id=6a3643cb81c6e92137ccc63f536df874&tm=1752439542333&data=Wvn0oKKhaHt%2BwqNfMELBg2EvKlNMA%2FMxk%2BzsEditGDQ%3D&platform=car
07-13 16:45:42.334 D/TXZ     ( 5597): [ReportManager][7066/7122]connect: start
07-13 16:45:42.335 D/TXZ     ( 5597): [TXZWebSocketClient][7066/32630]onError: ex=java.net.UnknownHostException: websocket.txzing.com
07-13 16:45:42.335 D/TXZ     ( 5597): [ReportManager][7066/32630]java.net.UnknownHostException: websocket.txzing.com
07-13 16:45:42.335 D/TXZ     ( 5597): [ReportManager][7066/32630]onClose() called with: code = -1, reason = websocket.txzing.com, remote = false
07-13 16:45:42.336 D/TXZ     ( 5597): [ReportManager][7066/7122]connect: finish
07-13 16:45:42.336 D/TXZ     ( 5597): [ReportManager][7066/7122]initWebSocket: url=wss://websocket.txzing.com/junsun/index?app_id=6a3643cb81c6e92137ccc63f536df874&tm=1752439542335&data=pbSHwI22fGDqFF2bNRWjPJDXCNQDm1aE3sNAhIcRk20%3D&platform=car
07-13 16:45:42.336 D/TXZ     ( 5597): [ReportManager][7066/7122]connect: start
07-13 16:45:42.336 D/TXZ     ( 5597): [TXZWebSocketClient][7066/32631]onError: ex=java.net.UnknownHostException: websocket.txzing.com
07-13 16:45:42.336 D/TXZ     ( 5597): [ReportManager][7066/32631]java.net.UnknownHostException: websocket.txzing.com
07-13 16:45:42.337 D/TXZ     ( 5597): [ReportManager][7066/32631]onClose() called with: code = -1, reason = websocket.txzing.com, remote = false
07-13 16:45:42.337 D/TXZ     ( 5597): [ReportManager][7066/7122]connect: finish
07-13 16:45:42.339 D/TXZ     ( 5597): [ReportManager][7066/7122]initWebSocket: url=wss://websocket.txzing.com/junsun/index?app_id=6a3643cb81c6e92137ccc63f536df874&tm=1752439542338&data=rV%2FUHeyG5kYBZPzHm0p%2F6p0dc3XzVE7XvfIyyCyuFEM%3D&platform=car
07-13 16:45:42.339 D/TXZ     ( 5597): [ReportManager][7066/7122]connect: start
07-13 16:45:42.340 D/TXZ     ( 5597): [TXZWebSocketClient][7066/32632]onError: ex=java.net.UnknownHostException: websocket.txzing.com
07-13 16:45:42.340 D/TXZ     ( 5597): [ReportManager][7066/32632]java.net.UnknownHostException: websocket.txzing.com
07-13 16:45:42.340 D/TXZ     ( 5597): [ReportManager][7066/32632]onClose() called with: code = -1, reason = websocket.txzing.com, remote = false
07-13 16:45:42.340 D/TXZ     ( 5597): [ReportManager][7066/7122]connect: finish
07-13 16:45:42.340 D/TXZ     ( 5597): [ReportManager][7066/7122]initWebSocket: url=wss://websocket.txzing.com/junsun/index?app_id=6a3643cb81c6e92137ccc63f536df874&tm=1752439542340&data=iIvw8V5%2FNj8f9WuEVwHOk8J3lsNuSjwKnaXkmQ2YG3s%3D&platform=car
07-13 16:45:42.341 D/TXZ     ( 5597): [ReportManager][7066/7122]connect: start
07-13 16:45:42.341 D/TXZ     ( 5597): [OverseaAdapter][5726/5726]InitManager initVoice
07-13 16:45:42.341 D/TXZ     ( 5597): [OverseaAdapter][5726/5726]device uuid: 1032310111900736
07-13 16:45:42.341 D/TXZ     ( 5597): [BaseWakeupManager][5726/5726]initialize engine 4.1.1_12_0222
07-13 16:45:42.341 D/TXZ     ( 5597): [BaseWakeupManager][5726/5726]already initialized...
07-13 16:45:42.342 D/TXZ     ( 5597): [TXZ][5726/5726]getRemoteAssetsData:model/com.txznet.smartadapter.cfg
07-13 16:45:42.342 D/TXZ     ( 5597): [AssetsUtil][5726/5726]model/com.txznet.smartadapter.cfg not exists
07-13 16:45:42.343 D/TXZ     ( 5597): [TXZWebSocketClient][7066/32633]onError: ex=java.net.UnknownHostException: websocket.txzing.com
07-13 16:45:42.343 D/TXZ     ( 5597): [ReportManager][7066/32633]java.net.UnknownHostException: websocket.txzing.com
07-13 16:45:42.343 D/TXZ     ( 5597): [ReportManager][7066/32633]onClose() called with: code = -1, reason = websocket.txzing.com, remote = false
07-13 16:45:42.343 D/TXZ     ( 5597): [ReportManager][7066/7122]connect: finish
07-13 16:45:42.343 D/TXZ     ( 5597): [AssetsUtil][5726/5726]model/com.txznet.smartadapter.cfg not exists
07-13 16:45:42.344 D/TXZ     ( 5597): [ReportManager][7066/7122]initWebSocket: url=wss://websocket.txzing.com/junsun/index?app_id=6a3643cb81c6e92137ccc63f536df874&tm=1752439542343&data=tfnfdm8TLUMPh0S6urraJS7W3tWmxEDpxtKpRK71YZM%3D&platform=car
07-13 16:45:42.344 D/TXZ     ( 5597): [ReportManager][7066/7122]connect: start
07-13 16:45:42.344 D/TXZ     ( 5597): [TXZWebSocketClient][7066/32634]onError: ex=java.net.UnknownHostException: websocket.txzing.com
07-13 16:45:42.344 D/TXZ     ( 5597): [ReportManager][7066/32634]java.net.UnknownHostException: websocket.txzing.com
07-13 16:45:42.344 D/TXZ     ( 5597): [ReportManager][7066/32634]onClose() called with: code = -1, reason = websocket.txzing.com, remote = false
07-13 16:45:42.344 D/TXZ     ( 5597): [ReportManager][7066/7122]connect: finish
07-13 16:45:42.345 I/netd    ( 3473): trafficSwapActiveStatsMap() <31.54ms>
07-13 16:45:42.346 I/netd    ( 3473): tetherGetStats() <0.77ms>
07-13 16:45:42.351 I/netd    ( 3473): bandwidthSetGlobalAlert(2097152) <0.51ms>
07-13 16:45:42.379 D/TXZ     ( 5597): [ReportManager][7066/7122]initWebSocket: url=wss://websocket.txzing.com/junsun/index?app_id=6a3643cb81c6e92137ccc63f536df874&tm=1752439542379&data=APyFmcef6zKMLLjXEjr1wjdlT%2FB4TmTh2s0qd58uikQ%3D&platform=car
07-13 16:45:42.380 D/TXZ     ( 5597): [ReportManager][7066/7122]connect: start
07-13 16:45:42.380 D/TXZ     ( 5597): [TXZWebSocketClient][7066/32635]onError: ex=java.net.UnknownHostException: websocket.txzing.com
07-13 16:45:42.380 D/TXZ     ( 5597): [ReportManager][7066/32635]java.net.UnknownHostException: websocket.txzing.com
07-13 16:45:42.381 D/TXZ     ( 5597): [ReportManager][7066/32635]onClose() called with: code = -1, reason = websocket.txzing.com, remote = false
07-13 16:45:42.381 D/TXZ     ( 5597): [ReportManager][7066/7122]connect: finish
07-13 16:45:42.381 D/TXZ     ( 5597): [ReportManager][7066/7122]initWebSocket: url=wss://websocket.txzing.com/junsun/index?app_id=6a3643cb81c6e92137ccc63f536df874&tm=1752439542381&data=9a9EyHzGTzRg6KVv%2FSa7vn4WV4Og4viVXLOUu4cjIFc%3D&platform=car
07-13 16:45:42.381 D/TXZ     ( 5597): [ReportManager][7066/7122]connect: start
07-13 16:45:42.382 D/TXZ     ( 5597): [TXZWebSocketClient][7066/32636]onError: ex=java.net.UnknownHostException: websocket.txzing.com
07-13 16:45:42.382 D/TXZ     ( 5597): [ReportManager][7066/32636]java.net.UnknownHostException: websocket.txzing.com
07-13 16:45:42.384 D/TXZ     ( 5597): [ReportManager][7066/32636]onClose() called with: code = -1, reason = websocket.txzing.com, remote = false
07-13 16:45:42.384 D/TXZ     ( 5597): [ReportManager][7066/7122]connect: finish
07-13 16:45:42.483 D/TXZ     ( 5597): [ReportManager][7066/7122]initWebSocket: url=wss://websocket.txzing.com/junsun/index?app_id=6a3643cb81c6e92137ccc63f536df874&tm=1752439542482&data=NSOt0FFjZbRv9nPWKmw9Wnr2FsJAb1b5I5T2wa%2BQz4U%3D&platform=car
07-13 16:45:42.483 D/TXZ     ( 5597): [ReportManager][7066/7122]connect: start
07-13 16:45:42.485 D/TXZ     ( 5597): [TXZWebSocketClient][7066/32637]onError: ex=java.net.UnknownHostException: websocket.txzing.com
07-13 16:45:42.485 D/TXZ     ( 5597): [ReportManager][7066/32637]java.net.UnknownHostException: websocket.txzing.com
07-13 16:45:42.485 D/TXZ     ( 5597): [ReportManager][7066/32637]onClose() called with: code = -1, reason = websocket.txzing.com, remote = false
07-13 16:45:42.485 D/TXZ     ( 5597): [ReportManager][7066/7122]connect: finish
07-13 16:45:42.567 I/UsbUserSettingsManager( 4123): Camera permission required for USB video class devices
--------- beginning of crash
07-13 16:45:42.569 E/AndroidRuntime(32473): FATAL EXCEPTION: USBMonitor
07-13 16:45:42.569 E/AndroidRuntime(32473): Process: com.serenegiant.usbcameratest8, PID: 32473
07-13 16:45:42.569 E/AndroidRuntime(32473): java.lang.SecurityException: User has not given 10246/com.serenegiant.usbcameratest8 permission to access device /dev/bus/usb/001/003
07-13 16:45:42.569 E/AndroidRuntime(32473): 	at android.os.Parcel.createException(Parcel.java:2071)
07-13 16:45:42.569 E/AndroidRuntime(32473): 	at android.os.Parcel.readException(Parcel.java:2039)
07-13 16:45:42.569 E/AndroidRuntime(32473): 	at android.os.Parcel.readException(Parcel.java:1987)
07-13 16:45:42.569 E/AndroidRuntime(32473): 	at android.hardware.usb.IUsbSerialReader$Stub$Proxy.getSerial(IUsbSerialReader.java:123)
07-13 16:45:42.569 E/AndroidRuntime(32473): 	at android.hardware.usb.UsbDevice.getSerialNumber(UsbDevice.java:143)
07-13 16:45:42.569 E/AndroidRuntime(32473): 	at com.serenegiant.usb.USBMonitor.getDeviceKeyName(USBMonitor.java:666)
07-13 16:45:42.569 E/AndroidRuntime(32473): 	at com.serenegiant.usb.USBMonitor.getDeviceKey(USBMonitor.java:699)
07-13 16:45:42.569 E/AndroidRuntime(32473): 	at com.serenegiant.usb.USBMonitor.updatePermission(USBMonitor.java:399)
07-13 16:45:42.569 E/AndroidRuntime(32473): 	at com.serenegiant.usb.USBMonitor.hasPermission(USBMonitor.java:389)
07-13 16:45:42.569 E/AndroidRuntime(32473): 	at com.serenegiant.usb.USBMonitor$2.run(USBMonitor.java:529)
07-13 16:45:42.569 E/AndroidRuntime(32473): 	at android.os.Handler.handleCallback(Handler.java:883)
07-13 16:45:42.569 E/AndroidRuntime(32473): 	at android.os.Handler.dispatchMessage(Handler.java:100)
07-13 16:45:42.569 E/AndroidRuntime(32473): 	at android.os.Looper.loop(Looper.java:214)
07-13 16:45:42.569 E/AndroidRuntime(32473): 	at android.os.HandlerThread.run(HandlerThread.java:67)
07-13 16:45:42.569 E/AndroidRuntime(32473): Caused by: android.os.RemoteException: Remote stack trace:
07-13 16:45:42.569 E/AndroidRuntime(32473): 	at com.android.server.usb.UsbUserSettingsManager.checkPermission(UsbUserSettingsManager.java:177)
07-13 16:45:42.569 E/AndroidRuntime(32473): 	at com.android.server.usb.UsbSerialReader.getSerial(UsbSerialReader.java:96)
07-13 16:45:42.569 E/AndroidRuntime(32473): 	at android.hardware.usb.IUsbSerialReader$Stub.onTransact(IUsbSerialReader.java:84)
07-13 16:45:42.569 E/AndroidRuntime(32473): 	at android.os.Binder.execTransactInternal(Binder.java:1045)
07-13 16:45:42.569 E/AndroidRuntime(32473): 	at android.os.Binder.execTransact(Binder.java:1018)
07-13 16:45:42.569 E/AndroidRuntime(32473): 
07-13 16:45:42.569 D/HprofFactory(32473): Create HprofDebugEx
07-13 16:45:42.570 D/TXZ     ( 5597): [ReportManager][7066/7122]initWebSocket: url=wss://websocket.txzing.com/junsun/index?app_id=6a3643cb81c6e92137ccc63f536df874&tm=1752439542570&data=fpsSXAhz9xXWyzHyq2v8RZ0x9VSLBIaIfauwRVXL0jw%3D&platform=car
07-13 16:45:42.570 D/TXZ     ( 5597): [ReportManager][7066/7122]connect: start
07-13 16:45:42.572 D/TXZ     ( 5597): [TXZWebSocketClient][7066/32638]onError: ex=java.net.UnknownHostException: websocket.txzing.com
07-13 16:45:42.572 D/TXZ     ( 5597): [ReportManager][7066/32638]java.net.UnknownHostException: websocket.txzing.com
07-13 16:45:42.572 D/TXZ     ( 5597): [ReportManager][7066/32638]onClose() called with: code = -1, reason = websocket.txzing.com, remote = false
07-13 16:45:42.572 D/TXZ     ( 5597): [ReportManager][7066/7122]connect: finish
07-13 16:45:42.567 I/UsbUserSettingsManager( 4123): Camera permission required for USB video class devices
07-13 16:45:42.572 I/DropBoxManagerService( 4123): add tag=data_app_crash isTagEnabled=true flags=0x2
07-13 16:45:42.573 W/ActivityTaskManager( 4123):   Force finishing activity com.serenegiant.usbcameratest8/.MainActivity
07-13 16:45:42.574 V/WindowManager( 4123): Set focused app to: AppWindowToken{abee921 token=Token{a3eb88 ActivityRecord{ba16b2b u0 com.android.launcher.gradient.black/com.android.launcher3.Launcher t7}}} moveFocusNow=true displayId=0
07-13 16:45:42.574 D/WindowManager( 4123): Input focus has changed to null
07-13 16:45:42.574 V/WindowManager( 4123): Set focused app to: AppWindowToken{abee921 token=Token{a3eb88 ActivityRecord{ba16b2b u0 com.android.launcher.gradient.black/com.android.launcher3.Launcher t7}}} moveFocusNow=true displayId=0
07-13 16:45:42.575 D/SectionHabit( 4123): updateFgTimeInner pkgName:com.serenegiant.usbcameratest8,type:3,data:package:com.serenegiant.usbcameratest8 ,count :17,launchCountIndex:0,fgtime:1162,fgtimeIndex:2
07-13 16:45:42.575 I/BarController( 4123): setBarShowingLw - win: 15df344 StatusBar - show: true
07-13 16:45:42.577 D/SSense  ( 4123): windowsChanged
07-13 16:45:42.578 I/Process (32473): Sending signal. PID: 32473 SIG: 9
07-13 16:45:42.581 D/PowerController.BgClean( 4123): judgeAppLaunchAllowed : com.google.android.gms(uid:10106), callingPackage = android(uid:1000), reason = send-broadcast
07-13 16:45:42.582 D/PowerController.BgClean( 4123): judgeAppLaunchAllowed : intent action:Intent { act=android.intent.action.DROPBOX_ENTRY_ADDED flg=0x10 (has extras) }
07-13 16:45:42.582 W/BroadcastQueue( 4123): Background execution not allowed: receiving Intent { act=android.intent.action.DROPBOX_ENTRY_ADDED flg=0x10 (has extras) } to com.google.android.gms/.stats.service.DropBoxEntryAddedReceiver
07-13 16:45:42.584 D/PowerController.BgClean( 4123): judgeAppLaunchAllowed : com.google.android.gms(uid:10106), callingPackage = com.google.android.gms(uid:10106), reason = start-service
07-13 16:45:42.584 D/PowerController.BgClean( 4123): judgeAppLaunchAllowed : intent action:Intent { act=com.google.android.gms.common.broadcast.DELIVER_BROADCAST cat=[targeted_intent_op_prefix:.common.broadcast.BackgroundBroadcastReceiverSupport$PersistentReceiverIntentOperation] cmp=com.google.android.gms/.chimera.PersistentIntentOperationService (has extras) }
07-13 16:45:42.584 D/PowerController.RecogA( 4123): packageName:com.android.launcher.gradient.black mFgEvent:SYSTEM_INTERACTION mLastTimeFgEventChanged:8083163 mLastLaunchTime:8006575 mProcState:PROCESS_STATE_CACHED_EMPTY mLastTimeProcStateChanged:0 mNotificationState:0 mLastTimeNotificationStateChanged:0 mAudioState:0 mLastTimeAudioStateChanged:0 mRequestGps:true mAvoidConstraintGps:false mBehaviorType:0 mScreenOn:true mLastTimeScreenStateChanged:0 mLastBgTime:8081885 mFgDuration:4541121 mAudioDuration:0 mBgAudioDuration:0 mHasNoClearNotificationWhenNavi:false
07-13 16:45:42.587 D/PowerController.RecogA( 4123): packageName:com.txznet.weather mFgEvent:SYSTEM_INTERACTION mLastTimeFgEventChanged:1565237 mLastLaunchTime:0 mProcState:PROCESS_STATE_BOUND_TOP mLastTimeProcStateChanged:8083166 mNotificationState:0 mLastTimeNotificationStateChanged:0 mAudioState:0 mLastTimeAudioStateChanged:0 mRequestGps:true mAvoidConstraintGps:false mBehaviorType:0 mScreenOn:true mLastTimeScreenStateChanged:0 mLastBgTime:0 mFgDuration:0 mAudioDuration:0 mBgAudioDuration:0 mHasNoClearNotificationWhenNavi:false
07-13 16:45:42.589 V/AlarmManager( 4123): set(PendingIntent{e328afb: PendingIntentRecord{affd718 com.google.android.gms startService}}) : type=3 listener=null listenerTag=null triggerAtTime=315368083168 win=236520000000 tElapsed=315368083168 maxElapsed=551888083168 interval=0 flags=0x0
07-13 16:45:42.590 D/AlarmManagerService( 4123): set alarm to kernel: 8089.647000000, type=3 
07-13 16:45:42.590 D/AlarmManagerService( 4123): AlarmImpl::set, type=3
07-13 16:45:42.593 D/PowerController.BgClean( 4123): judgeAppLaunchAllowed : com.google.android.gms(uid:10106), callingPackage = com.google.android.gms(uid:10106), reason = start-service
07-13 16:45:42.593 D/PowerController.BgClean( 4123): judgeAppLaunchAllowed : intent action:Intent { act=com.google.android.gms.stats.ACTION_UPLOAD_DROPBOX_ENTRIES pkg=com.google.android.gms (has extras) }
07-13 16:45:42.598 D/PowerController.BgClean( 4123): judgeAppLaunchAllowed : com.google.android.gms(uid:10106), callingPackage = com.google.android.gms(uid:10106), reason = bind-service
07-13 16:45:42.599 D/PowerController.BgClean( 4123): judgeAppLaunchAllowed : intent action:Intent { act=com.google.android.chimera.BoundService.START dat=chimera-action:com.google.android.gms.clearcut.service.START cmp=com.google.android.gms/.chimera.PersistentDirectBootAwareApiService }
07-13 16:45:42.647 W/InputDispatcher( 4123): channel 'b1df91e com.serenegiant.usbcameratest8/com.serenegiant.usbcameratest8.MainActivity (server)' ~ Consumer closed input channel or an error occurred.  events=0x9
07-13 16:45:42.647 E/InputDispatcher( 4123): channel 'b1df91e com.serenegiant.usbcameratest8/com.serenegiant.usbcameratest8.MainActivity (server)' ~ Channel is unrecoverably broken and will be disposed!
07-13 16:45:42.648 D/BufferPoolAccessor( 3772): Destruction - bufferpool2 0x3477196e30 cached: 0/0M, 0/0% in use; allocs: 22, 86% recycled; transfers: 21, 86% unfetced
07-13 16:45:42.648 I/WindowManager( 4123): WIN DEATH: Window{b1df91e u0 com.serenegiant.usbcameratest8/com.serenegiant.usbcameratest8.MainActivity}
07-13 16:45:42.648 W/InputDispatcher( 4123): Attempted to unregister already unregistered input channel 'b1df91e com.serenegiant.usbcameratest8/com.serenegiant.usbcameratest8.MainActivity (server)'
07-13 16:45:42.648 I/ActivityManager( 4123): Process com.serenegiant.usbcameratest8 (pid 32473) has died: vis+99 TOP 
07-13 16:45:42.649 V/ActivityManager( 4123): Clean up application record for ProcessRecord{a1a7b0e 32473:com.serenegiant.usbcameratest8/u0a246} restarting=false allowRestart=true index=-1 replacingPid=false
07-13 16:45:42.649 I/gralloc ( 3580): gralloc_unregister_buffer hnd=0x7f69bc9500, share_fd=124, share_attr_fd=126, magic=51647890, format=1, internal_format=300000001, byte_stride=2880, flags=4, usage=0x20000b00, size=3744768, width=720, height=1280, internalWidth=720, internalHeight=1280, stride=720, base=0x7f4a56b000, cpu_read=0,cpu_write=0, attr_base=0xffffffffffffffff, yuv_info=0, fd=-1, buf_idx=0, offset=0, min_pgsz=4096, phyaddr=0
07-13 16:45:42.649 I/gralloc ( 3580): gralloc_unregister_buffer hnd=0x7f69bc9700, share_fd=130, share_attr_fd=131, magic=51647890, format=1, internal_format=300000001, byte_stride=2880, flags=4, usage=0x20000b00, size=3744768, width=720, height=1280, internalWidth=720, internalHeight=1280, stride=720, base=0x7f4a1d8000, cpu_read=0,cpu_write=0, attr_base=0xffffffffffffffff, yuv_info=0, fd=-1, buf_idx=0, offset=0, min_pgsz=4096, phyaddr=0
07-13 16:45:42.657 I/Zygote  ( 3474): Process 32473 exited due to signal 9 (Killed)
07-13 16:45:42.658 V/WindowManager( 4123): Set focused app to: AppWindowToken{abee921 token=Token{a3eb88 ActivityRecord{ba16b2b u0 com.android.launcher.gradient.black/com.android.launcher3.Launcher t7}}} moveFocusNow=true displayId=0
07-13 16:45:42.666 I/DisplayContent( 4123): computeSizeRangesAndScreenLayout - screenHeightDp: 648 - screenWidthDp: 1280 - appWidth: 1280 - appHeight: 720 - smallestScreenWidthDp: 720
07-13 16:45:42.667 D/android.hardware.power@4.0-impl( 3546): Enter getSceneIdByName: sceneName:com.android.launcher.gradient.black
07-13 16:45:42.670 W/ActivityManager( 4123): setHasOverlayUi called on unknown pid: 32473
07-13 16:45:42.672 D/SSense  ( 4123): windowsChanged
07-13 16:45:42.672 D/SceneRecognizer( 4123): notifySceneStatusChanged: notify 1 receivers
07-13 16:45:42.672 E/PowerHintCallback( 4123): sceneId: 0 is invalid
07-13 16:45:42.672 D/PowerController.RecogA( 4123): packageName:com.android.launcher.gradient.black mFgEvent:MOVE_TO_FOREGROUND mLastTimeFgEventChanged:8083251 mLastLaunchTime:8083251 mProcState:PROCESS_STATE_CACHED_EMPTY mLastTimeProcStateChanged:0 mNotificationState:0 mLastTimeNotificationStateChanged:0 mAudioState:0 mLastTimeAudioStateChanged:0 mRequestGps:true mAvoidConstraintGps:false mBehaviorType:0 mScreenOn:true mLastTimeScreenStateChanged:0 mLastBgTime:8081885 mFgDuration:4541121 mAudioDuration:0 mBgAudioDuration:0 mHasNoClearNotificationWhenNavi:false
07-13 16:45:42.672 D/AppSceneRecognizer( 4123): ###handle app Event: Exit
07-13 16:45:42.676 D/TXZ     ( 5597): [ReportManager][7066/7122]initWebSocket: url=wss://websocket.txzing.com/junsun/index?app_id=6a3643cb81c6e92137ccc63f536df874&tm=1752439542676&data=nTrK8iPj3bELKUtVHMS3HOCgvQ8YAZg%2FV9039Y3oS6c%3D&platform=car
07-13 16:45:42.677 D/Surface ( 7438): release Surface,mNativeObject=0, this Surface(name=null)/@0xfd06342, caller: android.view.ViewRootImpl.destroySurface:1646 android.view.ViewRootImpl.relayoutWindow:6988 android.view.ViewRootImpl.performTraversals:2303 android.view.ViewRootImpl.doTraversal:1760 android.view.ViewRootImpl$TraversalRunnable.run:7646 android.view.Choreographer$CallbackRecord.run:966 
07-13 16:45:42.677 D/TXZ     ( 5597): [ReportManager][7066/7122]connect: start
07-13 16:45:42.677 I/gralloc ( 3580): gralloc_unregister_buffer hnd=0x7f66044700, share_fd=101, share_attr_fd=102, magic=51647890, format=1, internal_format=300000001, byte_stride=2880, flags=4, usage=0x20000b00, size=3744768, width=720, height=1280, internalWidth=720, internalHeight=1280, stride=720, base=0x7f4d360000, cpu_read=0,cpu_write=0, attr_base=0xffffffffffffffff, yuv_info=0, fd=-1, buf_idx=0, offset=0, min_pgsz=4096, phyaddr=0
07-13 16:45:42.678 D/Launcher3( 7438): Launcher, (Launcher)onStart: this = com.android.launcher3.Launcher@ffd5d6a
07-13 16:45:42.678 D/Launcher3( 7438): Launcher, (Launcher)onStart: set SharedPreferences for MMS
07-13 16:45:42.678 D/Launcher3( 7438): Launcher, (Launcher)onStart: set SharedPreferences for MMS,end
07-13 16:45:42.679 D/TXZ     ( 5597): [TXZWebSocketClient][7066/32641]onError: ex=java.net.UnknownHostException: websocket.txzing.com
07-13 16:45:42.679 D/TXZ     ( 5597): [ReportManager][7066/32641]java.net.UnknownHostException: websocket.txzing.com
07-13 16:45:42.679 D/TXZ     ( 5597): [ReportManager][7066/32641]onClose() called with: code = -1, reason = websocket.txzing.com, remote = false
07-13 16:45:42.679 D/TXZ     ( 5597): [ReportManager][7066/7122]connect: finish
07-13 16:45:42.679 D/Launcher3( 7438): Launcher, (Launcher)onResume: mRestoring = false, mOnResumeNeedsLoad = false,mOrientationChanged = false,mPagesAreRecreated = false, this = com.android.launcher3.Launcher@ffd5d6a
07-13 16:45:42.680 I/CustomRadioWidget( 7438): setHasFocus - hasFocus: false
07-13 16:45:42.680 I/RecentTasks( 4123): getRecentTasksImpl - maxNum: 48
07-13 16:45:42.682 I/Launcher( 7438): setStatusBarFullTransparent - uiMode: 33 - preUiMode: 32 - tempUiMode: 32 - mUiModeChanged: false
07-13 16:45:42.682 I/ActivityThread( 7438): performResumeActivity - pkgName: com.android.launcher.gradient.black - className: com.android.launcher3.Launcher
07-13 16:45:42.683 I/ActivityThread( 7438): smart_link is  not supported!!!
07-13 16:45:42.684 D/TxzAccessibilityService( 5597): onAccessibilityEvent: event=EventType: TYPE_WINDOW_CONTENT_CHANGED; EventTime: 8083262; PackageName: com.android.launcher.gradient.black; MovementGranularity: 0; Action: 0; ContentChangeTypes: [CONTENT_CHANGE_TYPE_SUBTREE]; WindowChangeTypes: [] [ ClassName: android.widget.FrameLayout; Text: []; ContentDescription: null; ItemCount: -1; CurrentItemIndex: -1; Enabled: true; Password: false; Checked: false; FullScreen: false; Scrollable: false; BeforeText: null; FromIndex: -1; ToIndex: -1; ScrollX: -1; ScrollY: -1; MaxScrollX: -1; MaxScrollY: -1; AddedCount: -1; RemovedCount: -1; ParcelableData: null ]; recordCount: 0
07-13 16:45:42.693 I/libprocessgroup( 4123): Successfully killed process cgroup uid 10246 pid 32473 in 42ms
07-13 16:45:42.704 D/WindowManager( 4123): Input focus has changed to Window{13c3c7d u0 com.android.launcher.gradient.black/com.android.launcher3.Launcher}
07-13 16:45:42.705 D/TxzAccessibilityService( 5597): onAccessibilityEvent: event=EventType: TYPE_WINDOWS_CHANGED; EventTime: 8083284; PackageName: null; MovementGranularity: 0; Action: 0; ContentChangeTypes: []; WindowChangeTypes: [WINDOWS_CHANGE_REMOVED] [ ClassName: null; Text: []; ContentDescription: null; ItemCount: -1; CurrentItemIndex: -1; Enabled: false; Password: false; Checked: false; FullScreen: false; Scrollable: false; BeforeText: null; FromIndex: -1; ToIndex: -1; ScrollX: -1; ScrollY: -1; MaxScrollX: -1; MaxScrollY: -1; AddedCount: -1; RemovedCount: -1; ParcelableData: null ]; recordCount: 0
07-13 16:45:42.705 D/TxzAccessibilityService( 5597): skip null
07-13 16:45:42.705 D/TxzAccessibilityService( 5597): onAccessibilityEvent: event=EventType: TYPE_WINDOWS_CHANGED; EventTime: 8083284; PackageName: null; MovementGranularity: 0; Action: 0; ContentChangeTypes: []; WindowChangeTypes: [WINDOWS_CHANGE_ADDED] [ ClassName: null; Text: []; ContentDescription: null; ItemCount: -1; CurrentItemIndex: -1; Enabled: false; Password: false; Checked: false; FullScreen: false; Scrollable: false; BeforeText: null; FromIndex: -1; ToIndex: -1; ScrollX: -1; ScrollY: -1; MaxScrollX: -1; MaxScrollY: -1; AddedCount: -1; RemovedCount: -1; ParcelableData: null ]; recordCount: 0
07-13 16:45:42.706 D/TxzAccessibilityService( 5597): skip null
07-13 16:45:42.706 D/TxzAccessibilityService( 5597): onAccessibilityEvent: event=EventType: TYPE_WINDOW_CONTENT_CHANGED; EventTime: 8083284; PackageName: com.android.launcher.gradient.black; MovementGranularity: 0; Action: 0; ContentChangeTypes: []; WindowChangeTypes: [] [ ClassName: android.widget.FrameLayout; Text: []; ContentDescription: null; ItemCount: -1; CurrentItemIndex: -1; Enabled: true; Password: false; Checked: false; FullScreen: false; Scrollable: false; BeforeText: null; FromIndex: -1; ToIndex: -1; ScrollX: -1; ScrollY: -1; MaxScrollX: -1; MaxScrollY: -1; AddedCount: -1; RemovedCount: -1; ParcelableData: null ]; recordCount: 0
07-13 16:45:42.706 D/mali_winsys( 7438): EGLint new_window_surface(egl_winsys_display *, void *, EGLSurface, EGLConfig, egl_winsys_surface **, EGLBoolean) returns 0x3000
07-13 16:45:42.706 D/TxzAccessibilityService( 5597): onAccessibilityEvent: event=EventType: TYPE_WINDOW_STATE_CHANGED; EventTime: 8083284; PackageName: com.android.launcher.gradient.black; MovementGranularity: 0; Action: 0; ContentChangeTypes: []; WindowChangeTypes: [] [ ClassName: com.android.launcher3.Launcher; Text: [Home]; ContentDescription: null; ItemCount: -1; CurrentItemIndex: -1; Enabled: true; Password: false; Checked: false; FullScreen: true; Scrollable: false; BeforeText: null; FromIndex: -1; ToIndex: -1; ScrollX: -1; ScrollY: -1; MaxScrollX: -1; MaxScrollY: -1; AddedCount: -1; RemovedCount: -1; ParcelableData: null ]; recordCount: 0
07-13 16:45:42.708 I/gralloc ( 3497): gralloc=>alloc, share_fd=9, share_attr_fd=10, magic=51647890, format=1, internal_format=300000001, byte_stride=5120, flags=4, usage=0x20000b00, size=3744768, width=1280, height=720, internalWidth=1280, internalHeight=720, stride=1280, ADP_VSTRIDE=720,base=0x709720d000, cpu_read=0, cpu_write=0, attr_base=0xffffffffffffffff, yuv_info=0, fd=-1, buf_idx=0, offset=0, min_pgsz=4096, phyaddr=0
07-13 16:45:42.708 I/gralloc ( 3497): gralloc_unregister_buffer hnd=0x709982c200, share_fd=9, share_attr_fd=10, magic=51647890, format=1, internal_format=300000001, byte_stride=5120, flags=4, usage=0x20000b00, size=3744768, width=1280, height=720, internalWidth=1280, internalHeight=720, stride=1280, base=0x709720d000, cpu_read=0,cpu_write=0, attr_base=0xffffffffffffffff, yuv_info=0, fd=-1, buf_idx=0, offset=0, min_pgsz=4096, phyaddr=0
07-13 16:45:42.708 I/gralloc ( 3497): gralloc=>free hnd=0x709982c200, share_fd=9, share_attr_fd=10, magic=51647890, format=1, internal_format=300000001, byte_stride=5120, flags=4, usage=0x20000b00, size=3744768, width=1280, height=720, internalWidth=1280, internalHeight=720, stride=1280, base=0x709720d000, cpu_read=0,cpu_write=0, attr_base=0xffffffffffffffff, yuv_info=0, fd=-1, buf_idx=0, offset=0, min_pgsz=4096, phyaddr=0
07-13 16:45:42.708 I/gralloc ( 3580): gralloc_register_buffer hnd=0x7f66182f00, share_fd=85, share_attr_fd=97, magic=51647890, format=1, internal_format=300000001, byte_stride=5120, flags=4, usage=0x20000b00, size=3744768, width=1280, height=720, internalWidth=1280, internalHeight=720, stride=1280, base=0x7f4d360000, cpu_read=0,cpu_write=0, attr_base=0xffffffffffffffff, yuv_info=0, fd=-1, buf_idx=0, offset=0, min_pgsz=4096, phyaddr=0
07-13 16:45:42.710 I/gralloc ( 3497): gralloc=>alloc, share_fd=9, share_attr_fd=10, magic=51647890, format=1, internal_format=300000001, byte_stride=5120, flags=4, usage=0x20000b00, size=3744768, width=1280, height=720, internalWidth=1280, internalHeight=720, stride=1280, ADP_VSTRIDE=720,base=0x709720d000, cpu_read=0, cpu_write=0, attr_base=0xffffffffffffffff, yuv_info=0, fd=-1, buf_idx=0, offset=0, min_pgsz=4096, phyaddr=0
07-13 16:45:42.710 I/gralloc ( 3580): gralloc_unregister_buffer hnd=0x7f66182f00, share_fd=85, share_attr_fd=97, magic=51647890, format=1, internal_format=300000001, byte_stride=5120, flags=4, usage=0x20000b00, size=3744768, width=1280, height=720, internalWidth=1280, internalHeight=720, stride=1280, base=0x7f4d360000, cpu_read=0,cpu_write=0, attr_base=0xffffffffffffffff, yuv_info=0, fd=-1, buf_idx=0, offset=0, min_pgsz=4096, phyaddr=0
07-13 16:45:42.710 I/gralloc ( 3497): gralloc_unregister_buffer hnd=0x709982c200, share_fd=9, share_attr_fd=10, magic=51647890, format=1, internal_format=300000001, byte_stride=5120, flags=4, usage=0x20000b00, size=3744768, width=1280, height=720, internalWidth=1280, internalHeight=720, stride=1280, base=0x709720d000, cpu_read=0,cpu_write=0, attr_base=0xffffffffffffffff, yuv_info=0, fd=-1, buf_idx=0, offset=0, min_pgsz=4096, phyaddr=0
07-13 16:45:42.710 I/gralloc ( 3497): gralloc=>free hnd=0x709982c200, share_fd=9, share_attr_fd=10, magic=51647890, format=1, internal_format=300000001, byte_stride=5120, flags=4, usage=0x20000b00, size=3744768, width=1280, height=720, internalWidth=1280, internalHeight=720, stride=1280, base=0x709720d000, cpu_read=0,cpu_write=0, attr_base=0xffffffffffffffff, yuv_info=0, fd=-1, buf_idx=0, offset=0, min_pgsz=4096, phyaddr=0
07-13 16:45:42.710 I/gralloc ( 3580): gralloc_register_buffer hnd=0x7f69bc9800, share_fd=98, share_attr_fd=101, magic=51647890, format=1, internal_format=300000001, byte_stride=5120, flags=4, usage=0x20000b00, size=3744768, width=1280, height=720, internalWidth=1280, internalHeight=720, stride=1280, base=0x7f4d360000, cpu_read=0,cpu_write=0, attr_base=0xffffffffffffffff, yuv_info=0, fd=-1, buf_idx=0, offset=0, min_pgsz=4096, phyaddr=0
07-13 16:45:42.712 I/gralloc ( 3497): gralloc=>alloc, share_fd=9, share_attr_fd=11, magic=51647890, format=1, internal_format=300000001, byte_stride=5120, flags=4, usage=0x20000b00, size=3744768, width=1280, height=720, internalWidth=1280, internalHeight=720, stride=1280, ADP_VSTRIDE=720,base=0x709720d000, cpu_read=0, cpu_write=0, attr_base=0xffffffffffffffff, yuv_info=0, fd=-1, buf_idx=0, offset=0, min_pgsz=4096, phyaddr=0
07-13 16:45:42.712 I/gralloc ( 3497): gralloc=>alloc, share_fd=10, share_attr_fd=12, magic=51647890, format=1, internal_format=300000001, byte_stride=2880, flags=4, usage=0x20000b00, size=3744768, width=720, height=1280, internalWidth=720, internalHeight=1280, stride=720, ADP_VSTRIDE=1280,base=0x7096e7a000, cpu_read=0, cpu_write=0, attr_base=0xffffffffffffffff, yuv_info=0, fd=-1, buf_idx=0, offset=0, min_pgsz=4096, phyaddr=0
07-13 16:45:42.712 I/gralloc ( 3497): gralloc_unregister_buffer hnd=0x709bc26200, share_fd=9, share_attr_fd=11, magic=51647890, format=1, internal_format=300000001, byte_stride=5120, flags=4, usage=0x20000b00, size=3744768, width=1280, height=720, internalWidth=1280, internalHeight=720, stride=1280, base=0x709720d000, cpu_read=0,cpu_write=0, attr_base=0xffffffffffffffff, yuv_info=0, fd=-1, buf_idx=0, offset=0, min_pgsz=4096, phyaddr=0
07-13 16:45:42.712 I/gralloc ( 3497): gralloc=>free hnd=0x709bc26200, share_fd=9, share_attr_fd=11, magic=51647890, format=1, internal_format=300000001, byte_stride=5120, flags=4, usage=0x20000b00, size=3744768, width=1280, height=720, internalWidth=1280, internalHeight=720, stride=1280, base=0x709720d000, cpu_read=0,cpu_write=0, attr_base=0xffffffffffffffff, yuv_info=0, fd=-1, buf_idx=0, offset=0, min_pgsz=4096, phyaddr=0
07-13 16:45:42.712 I/gralloc ( 3580): gralloc_register_buffer hnd=0x7f66182f00, share_fd=102, share_attr_fd=103, magic=51647890, format=1, internal_format=300000001, byte_stride=2880, flags=4, usage=0x20000b00, size=3744768, width=720, height=1280, internalWidth=720, internalHeight=1280, stride=720, base=0x7f4cfcd000, cpu_read=0,cpu_write=0, attr_base=0xffffffffffffffff, yuv_info=0, fd=-1, buf_idx=0, offset=0, min_pgsz=4096, phyaddr=0
07-13 16:45:42.712 I/gralloc ( 3497): gralloc_unregister_buffer hnd=0x709982c600, share_fd=10, share_attr_fd=12, magic=51647890, format=1, internal_format=300000001, byte_stride=2880, flags=4, usage=0x20000b00, size=3744768, width=720, height=1280, internalWidth=720, internalHeight=1280, stride=720, base=0x7096e7a000, cpu_read=0,cpu_write=0, attr_base=0xffffffffffffffff, yuv_info=0, fd=-1, buf_idx=0, offset=0, min_pgsz=4096, phyaddr=0
07-13 16:45:42.712 I/gralloc ( 3497): gralloc=>free hnd=0x709982c600, share_fd=10, share_attr_fd=12, magic=51647890, format=1, internal_format=300000001, byte_stride=2880, flags=4, usage=0x20000b00, size=3744768, width=720, height=1280, internalWidth=720, internalHeight=1280, stride=720, base=0x7096e7a000, cpu_read=0,cpu_write=0, attr_base=0xffffffffffffffff, yuv_info=0, fd=-1, buf_idx=0, offset=0, min_pgsz=4096, phyaddr=0
07-13 16:45:42.712 I/gralloc ( 3580): gralloc_register_buffer hnd=0x7f69bc9900, share_fd=56, share_attr_fd=85, magic=51647890, format=1, internal_format=300000001, byte_stride=5120, flags=4, usage=0x20000b00, size=3744768, width=1280, height=720, internalWidth=1280, internalHeight=720, stride=1280, base=0x7f4cc3a000, cpu_read=0,cpu_write=0, attr_base=0xffffffffffffffff, yuv_info=0, fd=-1, buf_idx=0, offset=0, min_pgsz=4096, phyaddr=0
07-13 16:45:42.712 I/gralloc ( 7438): gralloc_register_buffer hnd=0x734e57ff00, share_fd=66, share_attr_fd=67, magic=51647890, format=1, internal_format=300000001, byte_stride=2880, flags=4, usage=0x20000b00, size=3744768, width=720, height=1280, internalWidth=720, internalHeight=1280, stride=720, base=0x73aa1c9000, cpu_read=0,cpu_write=0, attr_base=0xffffffffffffffff, yuv_info=0, fd=-1, buf_idx=0, offset=0, min_pgsz=4096, phyaddr=0
07-13 16:45:42.720 I/BarController( 4123): setBarShowingLw - win: 15df344 StatusBar - show: true
07-13 16:45:42.724 I/GoogleInputMethodService(19869): GoogleInputMethodService.onFinishInput():2045 
07-13 16:45:42.725 I/Module  (19869): DeviceLockedStatusModuleProvider$Module.updateDeviceLockedStatus():100 repeatCheckTimes = 0, locked = false
07-13 16:45:42.726 I/GoogleInputMethodService(19869): GoogleInputMethodService.onStartInput():1311 onStartInput(EditorInfo{EditorInfo{packageName=com.android.launcher.gradient.black, inputType=0, inputTypeString=NULL, enableLearning=false, autoCorrection=false, autoComplete=false, imeOptions=0, privateImeOptions=null, actionName=UNSPECIFIED, actionLabel=null, initialSelStart=-1, initialSelEnd=-1, initialCapsMode=0, label=null, fieldId=-1, fieldName=null, extras=null, hintText=null, hintLocales=[]}}, false)
07-13 16:45:42.727 D/SSense  ( 4123): windowsChanged
07-13 16:45:42.727 I/Module  (19869): DeviceLockedStatusModuleProvider$Module.updateDeviceLockedStatus():100 repeatCheckTimes = 1, locked = false
07-13 16:45:42.727 I/BarController( 4123): setBarShowingLw - win: 15df344 StatusBar - show: true
07-13 16:45:42.739 D/com.txznet.smartwakeup.module.accessibility.TxzAccessibilityService@onAccessibilityEvent( 5597): current packageName com.android.launcher.gradient.black
07-13 16:45:42.781 W/System.err( 8823): java.net.BindException: bind failed: EADDRINUSE (Address already in use)
07-13 16:45:42.781 W/System.err( 8823): 	at libcore.io.IoBridge.bind(IoBridge.java:109)
07-13 16:45:42.781 W/System.err( 8823): 	at java.net.PlainDatagramSocketImpl.bind0(PlainDatagramSocketImpl.java:104)
07-13 16:45:42.781 W/System.err( 8823): 	at java.net.AbstractPlainDatagramSocketImpl.bind(AbstractPlainDatagramSocketImpl.java:112)
07-13 16:45:42.781 W/System.err( 8823): 	at java.net.DatagramSocket.bind(DatagramSocket.java:412)
07-13 16:45:42.781 W/System.err( 8823): 	at java.net.DatagramSocket.<init>(DatagramSocket.java:262)
07-13 16:45:42.781 W/System.err( 8823): 	at java.net.DatagramSocket.<init>(DatagramSocket.java:319)
07-13 16:45:42.781 W/System.err( 8823): 	at com.txznet.util.UdpServer.a(UdpServer.java:59)
07-13 16:45:42.781 W/System.err( 8823): 	at com.txznet.util.UdpServer.a(UdpServer.java:12)
