07-13 16:45:41.694 I/gralloc (32473): gralloc_register_buffer hnd=0x7348d04500, share_fd=72, share_attr_fd=73, magic=51647890, format=1, internal_format=300000001, byte_stride=2880, flags=4, usage=0x20000b00, size=3744768, width=720, height=1280, internalWidth=720, internalHeight=1280, stride=720, base=0x733bc65000, cpu_read=0,cpu_write=0, attr_base=0xffffffffffffffff, yuv_info=0, fd=-1, buf_idx=0, offset=0, min_pgsz=4096, phyaddr=0
07-13 16:45:41.697 I/GoogleInputMethodService(19869): GoogleInputMethodService.onFinishInput():2045 
07-13 16:45:41.698 I/gralloc ( 3580): gralloc_unregister_buffer hnd=0x7f66182300, share_fd=101, share_attr_fd=102, magic=51647890, format=1, internal_format=300000001, byte_stride=5120, flags=4, usage=0x20000b00, size=3744768, width=1280, height=720, internalWidth=1280, internalHeight=720, stride=1280, base=0x7f4d360000, cpu_read=0,cpu_write=0, attr_base=0xffffffffffffffff, yuv_info=0, fd=-1, buf_idx=0, offset=0, min_pgsz=4096, phyaddr=0
07-13 16:45:41.699 I/Module  (19869): DeviceLockedStatusModuleProvider$Module.updateDeviceLockedStatus():100 repeatCheckTimes = 0, locked = false
07-13 16:45:41.699 I/gralloc ( 3580): gralloc_unregister_buffer hnd=0x7f66044000, share_fd=107, share_attr_fd=108, magic=51647890, format=1, internal_format=300000001, byte_stride=2880, flags=4, usage=0x20000b00, size=3744768, width=720, height=1280, internalWidth=720, internalHeight=1280, stride=720, base=0x7f4cfcd000, cpu_read=0,cpu_write=0, attr_base=0xffffffffffffffff, yuv_info=0, fd=-1, buf_idx=0, offset=0, min_pgsz=4096, phyaddr=0
07-13 16:45:41.700 I/GoogleInputMethodService(19869): GoogleInputMethodService.onStartInput():1311 onStartInput(EditorInfo{EditorInfo{packageName=com.serenegiant.usbcameratest8, inputType=0, inputTypeString=NULL, enableLearning=false, autoCorrection=false, autoComplete=false, imeOptions=0, privateImeOptions=null, actionName=UNSPECIFIED, actionLabel=null, initialSelStart=-1, initialSelEnd=-1, initialCapsMode=0, label=null, fieldId=-1, fieldName=null, extras=null, hintText=null, hintLocales=[]}}, false)
07-13 16:45:41.700 I/gralloc ( 7438): gralloc_unregister_buffer hnd=0x7348e81800, share_fd=66, share_attr_fd=67, magic=51647890, format=1, internal_format=300000001, byte_stride=2880, flags=4, usage=0x20000b00, size=3744768, width=720, height=1280, internalWidth=720, internalHeight=1280, stride=720, base=0x73aa1c9000, cpu_read=0,cpu_write=0, attr_base=0xffffffffffffffff, yuv_info=0, fd=-1, buf_idx=0, offset=0, min_pgsz=4096, phyaddr=0
07-13 16:45:41.700 I/gralloc ( 7438): gralloc_unregister_buffer hnd=0x734e57ff00, share_fd=69, share_attr_fd=70, magic=51647890, format=1, internal_format=300000001, byte_stride=2880, flags=4, usage=0x20000b00, size=3744768, width=720, height=1280, internalWidth=720, internalHeight=1280, stride=720, base=0x73a9e36000, cpu_read=0,cpu_write=0, attr_base=0xffffffffffffffff, yuv_info=0, fd=-1, buf_idx=0, offset=0, min_pgsz=4096, phyaddr=0
07-13 16:45:41.701 E/BufferQueueProducer( 3580): [com.android.launcher.gradient.black/com.android.launcher3.Launcher#0] disconnect: not connected (req=1)
07-13 16:45:41.701 W/libEGL  ( 7438): EGLNativeWindowType 0x73ae01b590 disconnect failed
07-13 16:45:41.701 I/Module  (19869): DeviceLockedStatusModuleProvider$Module.updateDeviceLockedStatus():100 repeatCheckTimes = 1, locked = false
07-13 16:45:41.702 I/BarController( 4123): setBarShowingLw - win: 15df344 StatusBar - show: true
07-13 16:45:41.705 D/Surface ( 7438): release Surface,mNativeObject=495046582272, this Surface(name=null)/@0xfd06342, caller: android.view.ViewRootImpl.destroySurface:1646 android.view.ViewRootImpl.relayoutWindow:6988 android.view.ViewRootImpl.performTraversals:2303 android.view.ViewRootImpl.doTraversal:1760 android.view.ViewRootImpl$TraversalRunnable.run:7646 android.view.Choreographer$CallbackRecord.run:966 
07-13 16:45:41.709 I/gralloc ( 3580): gralloc_unregister_buffer hnd=0x7f66044700, share_fd=115, share_attr_fd=127, magic=51647890, format=1, internal_format=300000001, byte_stride=5120, flags=4, usage=0x20000b00, size=3744768, width=1280, height=720, internalWidth=1280, internalHeight=720, stride=1280, base=0x7f4a8fe000, cpu_read=0,cpu_write=0, attr_base=0xffffffffffffffff, yuv_info=0, fd=-1, buf_idx=0, offset=0, min_pgsz=4096, phyaddr=0
07-13 16:45:41.710 I/gralloc ( 3497): gralloc=>alloc, share_fd=9, share_attr_fd=10, magic=51647890, format=1, internal_format=300000001, byte_stride=2880, flags=4, usage=0x20000b00, size=3744768, width=720, height=1280, internalWidth=720, internalHeight=1280, stride=720, ADP_VSTRIDE=1280,base=0x709720d000, cpu_read=0, cpu_write=0, attr_base=0xffffffffffffffff, yuv_info=0, fd=-1, buf_idx=0, offset=0, min_pgsz=4096, phyaddr=0
07-13 16:45:41.711 I/gralloc ( 3497): gralloc_unregister_buffer hnd=0x709982c200, share_fd=9, share_attr_fd=10, magic=51647890, format=1, internal_format=300000001, byte_stride=2880, flags=4, usage=0x20000b00, size=3744768, width=720, height=1280, internalWidth=720, internalHeight=1280, stride=720, base=0x709720d000, cpu_read=0,cpu_write=0, attr_base=0xffffffffffffffff, yuv_info=0, fd=-1, buf_idx=0, offset=0, min_pgsz=4096, phyaddr=0
07-13 16:45:41.711 I/gralloc ( 3497): gralloc=>free hnd=0x709982c200, share_fd=9, share_attr_fd=10, magic=51647890, format=1, internal_format=300000001, byte_stride=2880, flags=4, usage=0x20000b00, size=3744768, width=720, height=1280, internalWidth=720, internalHeight=1280, stride=720, base=0x709720d000, cpu_read=0,cpu_write=0, attr_base=0xffffffffffffffff, yuv_info=0, fd=-1, buf_idx=0, offset=0, min_pgsz=4096, phyaddr=0
07-13 16:45:41.711 I/gralloc ( 3580): gralloc_register_buffer hnd=0x7f66044700, share_fd=101, share_attr_fd=102, magic=51647890, format=1, internal_format=300000001, byte_stride=2880, flags=4, usage=0x20000b00, size=3744768, width=720, height=1280, internalWidth=720, internalHeight=1280, stride=720, base=0x7f4d360000, cpu_read=0,cpu_write=0, attr_base=0xffffffffffffffff, yuv_info=0, fd=-1, buf_idx=0, offset=0, min_pgsz=4096, phyaddr=0
07-13 16:45:41.711 I/gralloc (32473): gralloc_register_buffer hnd=0x7348d04600, share_fd=75, share_attr_fd=76, magic=51647890, format=1, internal_format=300000001, byte_stride=2880, flags=4, usage=0x20000b00, size=3744768, width=720, height=1280, internalWidth=720, internalHeight=1280, stride=720, base=0x733b8d2000, cpu_read=0,cpu_write=0, attr_base=0xffffffffffffffff, yuv_info=0, fd=-1, buf_idx=0, offset=0, min_pgsz=4096, phyaddr=0
07-13 16:45:41.717 I/BarController( 4123): setBarShowingLw - win: 15df344 StatusBar - show: true
07-13 16:45:41.719 D/com.txznet.smartwakeup.module.accessibility.TxzAccessibilityService@onAccessibilityEvent( 5597): current packageName com.serenegiant.usbcameratest8
07-13 16:45:41.723 D/Launcher3( 7438): Launcher,  onSaveInstanceState: outState = Bundle[{launcher.state=1, apps_customize_currentTab=APPS, android:viewHierarchyState=Bundle[{android:views={1=android.view.AbsSavedState$1@651416f, 2=android.view.AbsSavedState$1@651416f, 3=android.view.AbsSavedState$1@651416f, 4=android.view.AbsSavedState$1@651416f, 5=android.view.AbsSavedState$1@651416f, 6=android.view.AbsSavedState$1@651416f, 7=android.view.AbsSavedState$1@651416f, 8=android.view.AbsSavedState$1@651416f, 9=android.view.AbsSavedState$1@651416f, 10=android.view.AbsSavedState$1@651416f, 11=android.view.AbsSavedState$1@651416f, 12=android.view.AbsSavedState$1@651416f, 13=android.view.AbsSavedState$1@651416f, 14=android.view.AbsSavedState$1@651416f, 15=android.view.AbsSavedState$1@651416f, 16=android.view.AbsSavedState$1@651416f, 17=android.view.AbsSavedState$1@651416f, 18=android.view.AbsSavedState$1@651416f, 19=android.view.AbsSavedState$1@651416f, 20=android.view.AbsSavedState$1@651416f, 21=android.view.AbsSavedState$1@651416f, 22=android.view.AbsSavedState$1@651416f, 23=android.view.AbsSavedState$1@651416f, 24=android.view.AbsSavedState$1@651416f, 25=android.view.AbsSavedState$1@651416f, 26=android.view.AbsSavedState$1@651416f, 27=android.view.AbsSavedState$1@651416f, 28=android.view.AbsSavedState$1@651416f, 29=android.view.AbsSavedState$1@651416f, 30=android.view.AbsSavedState$1@651416f, 31=android.view.AbsSavedState$1@651416f, 32=android.view.AbsSavedState$1@651416f, 33=android.view.AbsSavedState$1@651416f, 34=android.view.AbsSavedState$1@651416f, 35=android.view.AbsSavedState$1@651416f, 36=android.view.AbsSavedState$1@651416f, 37=android.view.AbsSavedState$1@651416f, 38=android.view.AbsSavedState$1@651416f, 39=android.view.AbsSavedState$1@651416f, 40=android.view.AbsSavedState$1@651416f, 41=android.view.AbsSavedState$1@651416f, 42=android.view.AbsSavedState$1@651416f, 43=android.view.AbsSavedState$1@651416f, 44=android.view.AbsSavedState$1@651416f, 45=android.view.AbsSavedState$1@651416f, 46=android.view.AbsSavedState$1@651416f, 47=android.view.AbsSavedState$1@651416f, 48=android.view.AbsSavedState$1@651416f, 49=android.view.AbsSavedState$1@651416f, 50=android.view.AbsSavedState$1@651416f, 51=android.view.AbsSavedState$1@651416f, 52=android.view.AbsSavedState$1@651416f, 53=android.view.AbsSavedState$1@651416f, 54=android.view.AbsSavedState$1@651416f, 55=android.view.AbsSavedState$1@651416f, 56=android.view.AbsSavedState$1@651416f, 57=android.view.AbsSavedState$1@651416f, 58=android.view.AbsSavedState$1@651416f, 59=android.view.AbsSavedState$1@651416f, 60=android.view.AbsSavedState$1@651416f, 61=android.view.AbsSavedState$1@651416f, 62=android.view.AbsSavedState$1@651416f, 63=android.view.AbsSavedState$1@651416f, 64=android.view.AbsSavedState$1@651416f, 65=android.view.AbsSavedState$1@651416f, 66=android.view.AbsSavedState$1@651416f, 67=android.view.AbsSavedState$1@651416f, 68=android.view.AbsSavedState$1@651416f, 69=android.view.AbsSavedState$1@651416f, 70=android.view.AbsSavedState$1@651416f, 71=android.view.AbsSavedState$1@651416f, 72=android.view.AbsSavedState$1@651416f, 73=android.view.AbsSavedState$1@651416f, 74=android.view.AbsSavedState$1@651416f, 75=android.view.AbsSavedState$1@651416f, 76=android.view.AbsSavedState$1@651416f, 77=android.view.AbsSavedState$1@651416f, 78=android.view.AbsSavedState$1@651416f, 79=android.view.AbsSavedState$1@651416f, 80=android.view.AbsSavedState$1@651416f, 81=android.view.AbsSavedState$1@651416f, 82=android.view.AbsSavedState$1@651416f, 83=android.view.AbsSavedState$1@651416f, 84=android.view.AbsSavedState$1@651416f, 85=android.view.AbsSavedState$1@651416f, 86=android.view.AbsSavedState$1@651416f, 87=android.view.AbsSavedState$1@651416f, 88=android.view.AbsSavedState$1@651416f, 89=android.view.AbsSavedState$1@651416f, 90=android.view.AbsSavedState$1@651416f, 91=android.view.AbsSavedState$1@651416f, 92=android.view.AbsSavedState$1@651416f, 93=android.view.AbsSavedState$1@651416f, 94=android.view.AbsSavedState$1@651416f, 95=android.view.AbsSavedState$1@651416f, 96=android.view.Abs
07-13 16:45:41.678 D/SSense  ( 4123): windowsChanged
07-13 16:45:41.723 D/PowerController.RecogA( 4123): packageName:com.txznet.weather mFgEvent:SYSTEM_INTERACTION mLastTimeFgEventChanged:1565237 mLastLaunchTime:0 mProcState:PROCESS_STATE_FOREGROUND_SERVICE mLastTimeProcStateChanged:8082302 mNotificationState:0 mLastTimeNotificationStateChanged:0 mAudioState:0 mLastTimeAudioStateChanged:0 mRequestGps:true mAvoidConstraintGps:false mBehaviorType:0 mScreenOn:true mLastTimeScreenStateChanged:0 mLastBgTime:0 mFgDuration:0 mAudioDuration:0 mBgAudioDuration:0 mHasNoClearNotificationWhenNavi:false
07-13 16:45:41.724 D/Surface ( 7438): release Surface,mNativeObject=0, this Surface(name=null)/@0xfd06342, caller: android.view.ViewRootImpl.destroySurface:1646 android.view.ViewRootImpl.setWindowStopped:1592 android.view.WindowManagerGlobal.setStoppedState:726 android.app.Activity.performStop:8148 android.app.ActivityThread.callActivityOnStop:4742 android.app.ActivityThread.performStopActivityInner:4720 
07-13 16:45:41.724 D/Launcher3( 7438): Launcher, (Launcher)onStop: this = com.android.launcher3.Launcher@ffd5d6a
07-13 16:45:41.724 D/Launcher3( 7438): Launcher, (Launcher)onStop: set SharedPreferences for MMS
07-13 16:45:41.724 D/Launcher3( 7438): Launcher, (Launcher)onStop: PowerManager.isScreenOn() = fasle, don't set SharedPreferences
07-13 16:45:41.725 D/Launcher3( 7438): Launcher, (Launcher)onStop: set SharedPreferences for MMS,end
07-13 16:45:41.725 I/LinkTurboReg( 7438): after performStop current mActovities size is: 1
07-13 16:45:41.744 D/PowerController.RecogA( 4123): packageName:com.android.launcher.gradient.black mFgEvent:ACTIVITY_STOPPED mLastTimeFgEventChanged:8082322 mLastLaunchTime:8006575 mProcState:PROCESS_STATE_CACHED_EMPTY mLastTimeProcStateChanged:0 mNotificationState:0 mLastTimeNotificationStateChanged:0 mAudioState:0 mLastTimeAudioStateChanged:0 mRequestGps:true mAvoidConstraintGps:false mBehaviorType:0 mScreenOn:true mLastTimeScreenStateChanged:0 mLastBgTime:8081885 mFgDuration:4541121 mAudioDuration:0 mBgAudioDuration:0 mHasNoClearNotificationWhenNavi:false
07-13 16:45:41.745 D/TxzAccessibilityService( 5597): onAccessibilityEvent: event=EventType: TYPE_WINDOW_CONTENT_CHANGED; EventTime: 8082321; PackageName: com.serenegiant.usbcameratest8; MovementGranularity: 0; Action: 0; ContentChangeTypes: [CONTENT_CHANGE_TYPE_SUBTREE]; WindowChangeTypes: [] [ ClassName: android.widget.FrameLayout; Text: []; ContentDescription: null; ItemCount: -1; CurrentItemIndex: -1; Enabled: true; Password: false; Checked: false; FullScreen: false; Scrollable: false; BeforeText: null; FromIndex: -1; ToIndex: -1; ScrollX: -1; ScrollY: -1; MaxScrollX: -1; MaxScrollY: -1; AddedCount: -1; RemovedCount: -1; ParcelableData: null ]; recordCount: 0
07-13 16:45:41.752 D/TxzAccessibilityService( 5597): subtree: EventType: TYPE_WINDOW_CONTENT_CHANGED; EventTime: 8082321; PackageName: com.serenegiant.usbcameratest8; MovementGranularity: 0; Action: 0; ContentChangeTypes: [CONTENT_CHANGE_TYPE_SUBTREE]; WindowChangeTypes: [] [ ClassName: android.widget.FrameLayout; Text: []; ContentDescription: null; ItemCount: -1; CurrentItemIndex: -1; Enabled: true; Password: false; Checked: false; FullScreen: false; Scrollable: false; BeforeText: null; FromIndex: -1; ToIndex: -1; ScrollX: -1; ScrollY: -1; MaxScrollX: -1; MaxScrollY: -1; AddedCount: -1; RemovedCount: -1; ParcelableData: null ]; recordCount: 0
07-13 16:45:41.769 I/gralloc ( 3580): gralloc_unregister_buffer hnd=0x7f66044200, share_fd=70, share_attr_fd=85, magic=51647890, format=1, internal_format=300000001, byte_stride=2880, flags=4, usage=0x20000b00, size=3744768, width=720, height=1280, internalWidth=720, internalHeight=1280, stride=720, base=0x7f4cc3a000, cpu_read=0,cpu_write=0, attr_base=0xffffffffffffffff, yuv_info=0, fd=-1, buf_idx=0, offset=0, min_pgsz=4096, phyaddr=0
07-13 16:45:41.771 D/TxzAccessibilityService( 5597): onAccessibilityEvent: event=EventType: TYPE_WINDOWS_CHANGED; EventTime: 8082349; PackageName: null; MovementGranularity: 0; Action: 0; ContentChangeTypes: []; WindowChangeTypes: [WINDOWS_CHANGE_BOUNDS] [ ClassName: null; Text: []; ContentDescription: null; ItemCount: -1; CurrentItemIndex: -1; Enabled: false; Password: false; Checked: false; FullScreen: false; Scrollable: false; BeforeText: null; FromIndex: -1; ToIndex: -1; ScrollX: -1; ScrollY: -1; MaxScrollX: -1; MaxScrollY: -1; AddedCount: -1; RemovedCount: -1; ParcelableData: null ]; recordCount: 0
07-13 16:45:41.771 D/TxzAccessibilityService( 5597): skip null
07-13 16:45:41.783 D/TXZ     ( 5597): [ReportManager][7066/7122]initWebSocket: url=wss://websocket.txzing.com/junsun/index?app_id=6a3643cb81c6e92137ccc63f536df874&tm=1752439541782&data=TEZMojJeU4mFrE%2FrdagBy9V2fl2UZANDGmHo1iD0k0Y%3D&platform=car
07-13 16:45:41.783 D/TXZ     ( 5597): [ReportManager][7066/7122]connect: start
07-13 16:45:41.784 D/TXZ     ( 5597): [TXZWebSocketClient][7066/32543]onError: ex=java.net.UnknownHostException: websocket.txzing.com
07-13 16:45:41.784 D/TXZ     ( 5597): [ReportManager][7066/32543]java.net.UnknownHostException: websocket.txzing.com
07-13 16:45:41.784 D/TXZ     ( 5597): [ReportManager][7066/32543]onClose() called with: code = -1, reason = websocket.txzing.com, remote = false
07-13 16:45:41.784 D/TXZ     ( 5597): [ReportManager][7066/7122]connect: finish
07-13 16:45:41.862 I/BarController( 4123): setBarShowingLw - win: 15df344 StatusBar - show: true
07-13 16:45:41.864 D/SSense  ( 4123): windowsChanged
07-13 16:45:41.882 I/QFApi   ( 6445): getCustomPlatform - customPlatform: 7862
07-13 16:45:41.886 I/BarController( 4123): setBarShowingLw - win: 15df344 StatusBar - show: true
07-13 16:45:41.888 I/gralloc ( 3580): gralloc_unregister_buffer hnd=0x7f66041b00, share_fd=110, share_attr_fd=116, magic=51647890, format=1, internal_format=1, byte_stride=5120, flags=4, usage=0x966, size=3686400, width=1280, height=720, internalWidth=1280, internalHeight=720, stride=1280, base=0x7f4ac91000, cpu_read=0,cpu_write=0, attr_base=0xffffffffffffffff, yuv_info=0, fd=-1, buf_idx=0, offset=0, min_pgsz=4096, phyaddr=0
07-13 16:45:41.975 D/GnssHAL_V_GnssUtil( 3771): convertToGnssLocation_2_0: enter
07-13 16:45:41.975 D/GnssHAL_V_GnssUtil( 3771): convertToGnssLocation_2_0: latitudeDegrees:40.652482, longitudeDegrees: -73.757018, elapsedRealtime.flags:0, elapsedRealtime.timestampNs: 0, elapsedRealtime.timeUncertaintyNs: 0
07-13 16:45:41.977 I/LocationManagerService( 4123): incoming location: Location[gps 41******  -74******  hAcc=3 t=1752439542000 et=+2h14m42s554ms alt=-15.082 vel=0.0 bear=150.222 vAcc=13 sAcc=0 bAcc=53 {Bundle[{satellites=13, maxCn0=46, meanCn0=40}]}]
07-13 16:45:41.981 I/LocationManagerService( 4123): incoming location: Location[gps 41******  -74******  hAcc=3 t=1752439542000 et=+2h14m42s554ms alt=-15.082 vel=0.0 bear=150.222 vAcc=13 sAcc=0 bAcc=53 {Bundle[{satellites=13, maxCn0=46, meanCn0=40}]}]
07-13 16:45:41.983 I/LocationManagerService( 4123): incoming location: Location[fused 41******  -74******  hAcc=3 t=1752439541975 et=+2h14m42s554ms alt=-15.082 vel=3.3299177E-10 vAcc=13 sAcc=0 bAcc=??? {Bundle[mParcelledData.dataSize=616]}]
07-13 16:45:41.983 I/FusedLocation( 5145): (REDACTED) location delivery to %s blocked - too fast
07-13 16:45:41.984 I/LocationManagerService( 4123): incoming location: Location[fused 41******  -74******  hAcc=3 t=1752439541975 et=+2h14m42s554ms alt=-15.082 vel=3.3299177E-10 vAcc=13 sAcc=0 bAcc=??? {Bundle[{noGPSLocation=Location[fused 41******  -74******  hAcc=23 t=1752438691199 et=+2h0m31s754ms alt=-27.100000381469727 vAcc=1 sAcc=??? bAcc=??? {Bundle[mParcelledData.dataSize=420]}]}]}]
07-13 16:45:42.124 D/TXZ     ( 5597): [ReportManager][7066/7122]initWebSocket: url=wss://websocket.txzing.com/junsun/index?app_id=6a3643cb81c6e92137ccc63f536df874&tm=1752439542123&data=22OZo8WynXWTSoZevLqHU%2F%2FYpoFC8u6bWgFCodnT6hY%3D&platform=car
07-13 16:45:42.124 D/TXZ     ( 5597): [ReportManager][7066/7122]connect: start
07-13 16:45:42.125 D/Netd    ( 3473): app_netid:0x64 app_mark:0x64 dns_netid:0x64 dns_mark:0xf0064 uid:10121
07-13 16:45:42.128 D/TXZ     ( 5597): [TXZWebSocketClient][7066/32546]onError: ex=java.net.UnknownHostException: websocket.txzing.com
07-13 16:45:42.128 D/TXZ     ( 5597): [ReportManager][7066/32546]java.net.UnknownHostException: websocket.txzing.com
07-13 16:45:42.128 D/TXZ     ( 5597): [ReportManager][7066/32546]onClose() called with: code = -1, reason = websocket.txzing.com, remote = false
07-13 16:45:42.128 D/TXZ     ( 5597): [ReportManager][7066/7122]connect: finish
07-13 16:45:42.128 D/TXZ     ( 5597): [ReportManager][7066/7122]initWebSocket: url=wss://websocket.txzing.com/junsun/index?app_id=6a3643cb81c6e92137ccc63f536df874&tm=1752439542128&data=3nyU2b8usfr78kbz1%2B64I5IBhIPSFXF%2FL3JltzoEyK8%3D&platform=car
07-13 16:45:42.128 D/TXZ     ( 5597): [ReportManager][7066/7122]connect: start
07-13 16:45:42.130 D/TXZ     ( 5597): [TXZWebSocketClient][7066/32548]onError: ex=java.net.UnknownHostException: websocket.txzing.com
07-13 16:45:42.130 D/TXZ     ( 5597): [ReportManager][7066/32548]java.net.UnknownHostException: websocket.txzing.com
07-13 16:45:42.130 D/TXZ     ( 5597): [ReportManager][7066/32548]onClose() called with: code = -1, reason = websocket.txzing.com, remote = false
07-13 16:45:42.130 D/TXZ     ( 5597): [ReportManager][7066/7122]connect: finish
07-13 16:45:42.130 D/TXZ     ( 5597): [ReportManager][7066/7122]initWebSocket: url=wss://websocket.txzing.com/junsun/index?app_id=6a3643cb81c6e92137ccc63f536df874&tm=1752439542130&data=OXwHzxrpClj6YmaqRI91F7gwhDVxTttLNPdN8aApf08%3D&platform=car
07-13 16:45:42.130 D/TXZ     ( 5597): [ReportManager][7066/7122]connect: start
07-13 16:45:42.131 D/TXZ     ( 5597): [TXZWebSocketClient][7066/32549]onError: ex=java.net.UnknownHostException: websocket.txzing.com
07-13 16:45:42.132 D/TXZ     ( 5597): [ReportManager][7066/32549]java.net.UnknownHostException: websocket.txzing.com
07-13 16:45:42.132 D/TXZ     ( 5597): [ReportManager][7066/32549]onClose() called with: code = -1, reason = websocket.txzing.com, remote = false
07-13 16:45:42.132 D/TXZ     ( 5597): [ReportManager][7066/7122]connect: finish
07-13 16:45:42.133 D/TXZ     ( 5597): [ReportManager][7066/7122]initWebSocket: url=wss://websocket.txzing.com/junsun/index?app_id=6a3643cb81c6e92137ccc63f536df874&tm=1752439542132&data=hXUrpuRe0gjTvEQveBhFwyJgM5GuMcGzPfSKZ2e5lUM%3D&platform=car
07-13 16:45:42.133 D/TXZ     ( 5597): [ReportManager][7066/7122]connect: start
07-13 16:45:42.134 D/TXZ     ( 5597): [TXZWebSocketClient][7066/32550]onError: ex=java.net.UnknownHostException: websocket.txzing.com
07-13 16:45:42.134 D/TXZ     ( 5597): [ReportManager][7066/32550]java.net.UnknownHostException: websocket.txzing.com
07-13 16:45:42.136 D/TXZ     ( 5597): [ReportManager][7066/32550]onClose() called with: code = -1, reason = websocket.txzing.com, remote = false
07-13 16:45:42.136 D/TXZ     ( 5597): [ReportManager][7066/7122]connect: finish
07-13 16:45:42.136 D/TXZ     ( 5597): [ReportManager][7066/7122]initWebSocket: url=wss://websocket.txzing.com/junsun/index?app_id=6a3643cb81c6e92137ccc63f536df874&tm=1752439542135&data=t21AP57iDfCShF2k3PZI9vNycbEHgPuJ6Q9OE2i%2FfKY%3D&platform=car
07-13 16:45:42.136 D/TXZ     ( 5597): [ReportManager][7066/7122]connect: start
07-13 16:45:42.137 D/TXZ     ( 5597): [TXZWebSocketClient][7066/32551]onError: ex=java.net.UnknownHostException: websocket.txzing.com
07-13 16:45:42.137 D/TXZ     ( 5597): [ReportManager][7066/32551]java.net.UnknownHostException: websocket.txzing.com
07-13 16:45:42.137 D/TXZ     ( 5597): [ReportManager][7066/32551]onClose() called with: code = -1, reason = websocket.txzing.com, remote = false
07-13 16:45:42.137 D/TXZ     ( 5597): [ReportManager][7066/7122]connect: finish
07-13 16:45:42.138 D/TXZ     ( 5597): [ReportManager][7066/7122]initWebSocket: url=wss://websocket.txzing.com/junsun/index?app_id=6a3643cb81c6e92137ccc63f536df874&tm=1752439542138&data=peZnHwYefeZvo%2BbnRBf%2FWmTeuXd25X1HmCBwRvCNJzM%3D&platform=car
07-13 16:45:42.138 D/TXZ     ( 5597): [ReportManager][7066/7122]connect: start
07-13 16:45:42.140 D/TXZ     ( 5597): [TXZWebSocketClient][7066/32552]onError: ex=java.net.UnknownHostException: websocket.txzing.com
07-13 16:45:42.140 D/TXZ     ( 5597): [ReportManager][7066/32552]java.net.UnknownHostException: websocket.txzing.com
07-13 16:45:42.140 D/TXZ     ( 5597): [ReportManager][7066/32552]onClose() called with: code = -1, reason = websocket.txzing.com, remote = false
07-13 16:45:42.140 D/TXZ     ( 5597): [ReportManager][7066/7122]connect: finish
07-13 16:45:42.141 D/TXZ     ( 5597): [ReportManager][7066/7122]initWebSocket: url=wss://websocket.txzing.com/junsun/index?app_id=6a3643cb81c6e92137ccc63f536df874&tm=1752439542141&data=NCvgb86EaaWMl3wHySQi1bd%2FV3Y2qppJek9qgOgr6DE%3D&platform=car
07-13 16:45:42.141 D/TXZ     ( 5597): [ReportManager][7066/7122]connect: start
07-13 16:45:42.142 D/TXZ     ( 5597): [TXZWebSocketClient][7066/32553]onError: ex=java.net.UnknownHostException: websocket.txzing.com
07-13 16:45:42.143 D/TXZ     ( 5597): [ReportManager][7066/32553]java.net.UnknownHostException: websocket.txzing.com
07-13 16:45:42.143 D/TXZ     ( 5597): [ReportManager][7066/32553]onClose() called with: code = -1, reason = websocket.txzing.com, remote = false
07-13 16:45:42.143 D/TXZ     ( 5597): [ReportManager][7066/7122]connect: finish
07-13 16:45:42.144 D/TXZ     ( 5597): [ReportManager][7066/7122]initWebSocket: url=wss://websocket.txzing.com/junsun/index?app_id=6a3643cb81c6e92137ccc63f536df874&tm=1752439542143&data=46IXXCsIP4UCq1py5KyVsBvi5heWhWICJ75spLg2svU%3D&platform=car
07-13 16:45:42.144 D/TXZ     ( 5597): [ReportManager][7066/7122]connect: start
07-13 16:45:42.146 D/TXZ     ( 5597): [TXZWebSocketClient][7066/32554]onError: ex=java.net.UnknownHostException: websocket.txzing.com
07-13 16:45:42.146 D/TXZ     ( 5597): [ReportManager][7066/32554]java.net.UnknownHostException: websocket.txzing.com
07-13 16:45:42.146 D/TXZ     ( 5597): [ReportManager][7066/32554]onClose() called with: code = -1, reason = websocket.txzing.com, remote = false
07-13 16:45:42.146 D/TXZ     ( 5597): [ReportManager][7066/7122]connect: finish
07-13 16:45:42.146 D/TXZ     ( 5597): [ReportManager][7066/7122]initWebSocket: url=wss://websocket.txzing.com/junsun/index?app_id=6a3643cb81c6e92137ccc63f536df874&tm=1752439542146&data=9hPURJsTdEQrVzsxhFOjYnjuG79jNlq7PMOQ9ZDEwRU%3D&platform=car
07-13 16:45:42.146 D/TXZ     ( 5597): [ReportManager][7066/7122]connect: start
07-13 16:45:42.147 D/TXZ     ( 5597): [TXZWebSocketClient][7066/32555]onError: ex=java.net.UnknownHostException: websocket.txzing.com
07-13 16:45:42.147 D/TXZ     ( 5597): [ReportManager][7066/32555]java.net.UnknownHostException: websocket.txzing.com
07-13 16:45:42.147 D/TXZ     ( 5597): [ReportManager][7066/32555]onClose() called with: code = -1, reason = websocket.txzing.com, remote = false
07-13 16:45:42.147 D/TXZ     ( 5597): [ReportManager][7066/7122]connect: finish
07-13 16:45:42.158 D/TXZ     ( 5597): [ReportManager][7066/7122]initWebSocket: url=wss://websocket.txzing.com/junsun/index?app_id=6a3643cb81c6e92137ccc63f536df874&tm=1752439542157&data=dKCTp0XxdqbydNJdBYaXijwcvNVYaZpX%2B4eDBeXcp4o%3D&platform=car
07-13 16:45:42.158 D/TXZ     ( 5597): [ReportManager][7066/7122]connect: start
07-13 16:45:42.159 D/TXZ     ( 5597): [TXZWebSocketClient][7066/32556]onError: ex=java.net.UnknownHostException: websocket.txzing.com
07-13 16:45:42.159 D/TXZ     ( 5597): [ReportManager][7066/32556]java.net.UnknownHostException: websocket.txzing.com
07-13 16:45:42.159 D/TXZ     ( 5597): [ReportManager][7066/32556]onClose() called with: code = -1, reason = websocket.txzing.com, remote = false
07-13 16:45:42.159 D/TXZ     ( 5597): [ReportManager][7066/7122]connect: finish
07-13 16:45:42.160 D/TXZ     ( 5597): [ReportManager][7066/7122]initWebSocket: url=wss://websocket.txzing.com/junsun/index?app_id=6a3643cb81c6e92137ccc63f536df874&tm=1752439542160&data=OdSEwzc30qw1qdn%2ByZOGxhpEjt%2BLa6s49%2BRQOBvlLAY%3D&platform=car
07-13 16:45:42.161 D/TXZ     ( 5597): [ReportManager][7066/7122]connect: start
07-13 16:45:42.162 D/TXZ     ( 5597): [TXZWebSocketClient][7066/32557]onError: ex=java.net.UnknownHostException: websocket.txzing.com
07-13 16:45:42.162 D/TXZ     ( 5597): [ReportManager][7066/32557]java.net.UnknownHostException: websocket.txzing.com
07-13 16:45:42.163 D/TXZ     ( 5597): [ReportManager][7066/32557]onClose() called with: code = -1, reason = websocket.txzing.com, remote = false
07-13 16:45:42.163 D/TXZ     ( 5597): [ReportManager][7066/7122]connect: finish
07-13 16:45:42.163 D/TXZ     ( 5597): [ReportManager][7066/7122]initWebSocket: url=wss://websocket.txzing.com/junsun/index?app_id=6a3643cb81c6e92137ccc63f536df874&tm=1752439542162&data=7uFqQc2IQt8ktfpKJ9WsQH2xcyxA6zF3mhRlOMPXvU4%3D&platform=car
07-13 16:45:42.163 D/TXZ     ( 5597): [ReportManager][7066/7122]connect: start
07-13 16:45:42.163 D/TXZ     ( 5597): [TXZWebSocketClient][7066/32558]onError: ex=java.net.UnknownHostException: websocket.txzing.com
07-13 16:45:42.163 D/TXZ     ( 5597): [ReportManager][7066/32558]java.net.UnknownHostException: websocket.txzing.com
07-13 16:45:42.163 D/TXZ     ( 5597): [ReportManager][7066/32558]onClose() called with: code = -1, reason = websocket.txzing.com, remote = false
07-13 16:45:42.164 D/TXZ     ( 5597): [ReportManager][7066/7122]connect: finish
07-13 16:45:42.164 D/TXZ     ( 5597): [ReportManager][7066/7122]initWebSocket: url=wss://websocket.txzing.com/junsun/index?app_id=6a3643cb81c6e92137ccc63f536df874&tm=1752439542163&data=wC3Lc1JexOXyfwX43m3xHIZ1OK6cXDmf7GUB66GfCDA%3D&platform=car
07-13 16:45:42.164 D/TXZ     ( 5597): [ReportManager][7066/7122]connect: start
07-13 16:45:42.164 D/TXZ     ( 5597): [TXZWebSocketClient][7066/32559]onError: ex=java.net.UnknownHostException: websocket.txzing.com
07-13 16:45:42.165 D/TXZ     ( 5597): [ReportManager][7066/32559]java.net.UnknownHostException: websocket.txzing.com
07-13 16:45:42.165 D/TXZ     ( 5597): [ReportManager][7066/32559]onClose() called with: code = -1, reason = websocket.txzing.com, remote = false
07-13 16:45:42.165 D/TXZ     ( 5597): [ReportManager][7066/7122]connect: finish
07-13 16:45:42.166 D/TXZ     ( 5597): [ReportManager][7066/7122]initWebSocket: url=wss://websocket.txzing.com/junsun/index?app_id=6a3643cb81c6e92137ccc63f536df874&tm=1752439542165&data=byW4dAFIfjBMqmnRa%2FElMMyclr27XBhxsqmZAIVVXvs%3D&platform=car
07-13 16:45:42.166 D/TXZ     ( 5597): [ReportManager][7066/7122]connect: start
07-13 16:45:42.167 D/TXZ     ( 5597): [TXZWebSocketClient][7066/32560]onError: ex=java.net.UnknownHostException: websocket.txzing.com
07-13 16:45:42.167 D/TXZ     ( 5597): [ReportManager][7066/32560]java.net.UnknownHostException: websocket.txzing.com
07-13 16:45:42.167 D/TXZ     ( 5597): [ReportManager][7066/32560]onClose() called with: code = -1, reason = websocket.txzing.com, remote = false
07-13 16:45:42.167 D/TXZ     ( 5597): [ReportManager][7066/7122]connect: finish
07-13 16:45:42.167 D/TXZ     ( 5597): [ReportManager][7066/7122]initWebSocket: url=wss://websocket.txzing.com/junsun/index?app_id=6a3643cb81c6e92137ccc63f536df874&tm=1752439542167&data=ASyEN433WsRr4rAf6dhxkwead83k%2BYfn5PHK%2FpMdibM%3D&platform=car
07-13 16:45:42.169 D/TXZ     ( 5597): [ReportManager][7066/7122]connect: start
07-13 16:45:42.169 D/TXZ     ( 5597): [TXZWebSocketClient][7066/32561]onError: ex=java.net.UnknownHostException: websocket.txzing.com
07-13 16:45:42.169 D/TXZ     ( 5597): [ReportManager][7066/32561]java.net.UnknownHostException: websocket.txzing.com
07-13 16:45:42.169 D/TXZ     ( 5597): [ReportManager][7066/32561]onClose() called with: code = -1, reason = websocket.txzing.com, remote = false
07-13 16:45:42.169 D/TXZ     ( 5597): [ReportManager][7066/7122]connect: finish
07-13 16:45:42.170 D/TXZ     ( 5597): [ReportManager][7066/7122]initWebSocket: url=wss://websocket.txzing.com/junsun/index?app_id=6a3643cb81c6e92137ccc63f536df874&tm=1752439542170&data=Zq%2Bnu3Mk%2BU8rON74l1OoyYHcKvcCcEYvqVoqV0r0NFc%3D&platform=car
07-13 16:45:42.170 D/TXZ     ( 5597): [ReportManager][7066/7122]connect: start
07-13 16:45:42.171 D/TXZ     ( 5597): [TXZWebSocketClient][7066/32562]onError: ex=java.net.UnknownHostException: websocket.txzing.com
07-13 16:45:42.172 D/TXZ     ( 5597): [ReportManager][7066/32562]java.net.UnknownHostException: websocket.txzing.com
07-13 16:45:42.172 D/TXZ     ( 5597): [ReportManager][7066/32562]onClose() called with: code = -1, reason = websocket.txzing.com, remote = false
07-13 16:45:42.172 D/TXZ     ( 5597): [ReportManager][7066/7122]connect: finish
07-13 16:45:42.172 D/TXZ     ( 5597): [ReportManager][7066/7122]initWebSocket: url=wss://websocket.txzing.com/junsun/index?app_id=6a3643cb81c6e92137ccc63f536df874&tm=1752439542171&data=JL5pQDMY76PAxu703Jp%2BBu%2FK%2FizTD24SgNdo99zL7%2BY%3D&platform=car
07-13 16:45:42.172 D/TXZ     ( 5597): [ReportManager][7066/7122]connect: start
07-13 16:45:42.173 D/TXZ     ( 5597): [TXZWebSocketClient][7066/32563]onError: ex=java.net.UnknownHostException: websocket.txzing.com
07-13 16:45:42.174 D/TXZ     ( 5597): [ReportManager][7066/32563]java.net.UnknownHostException: websocket.txzing.com
07-13 16:45:42.174 D/TXZ     ( 5597): [ReportManager][7066/32563]onClose() called with: code = -1, reason = websocket.txzing.com, remote = false
07-13 16:45:42.174 D/TXZ     ( 5597): [ReportManager][7066/7122]connect: finish
07-13 16:45:42.174 D/TXZ     ( 5597): [ReportManager][7066/7122]initWebSocket: url=wss://websocket.txzing.com/junsun/index?app_id=6a3643cb81c6e92137ccc63f536df874&tm=1752439542173&data=cQ%2B0yO0tZZ94oeoQ86J92cxK4jgTpYFPHZBLY3wuNgk%3D&platform=car
07-13 16:45:42.174 D/TXZ     ( 5597): [ReportManager][7066/7122]connect: start
07-13 16:45:42.175 D/TXZ     ( 5597): [TXZWebSocketClient][7066/32564]onError: ex=java.net.UnknownHostException: websocket.txzing.com
07-13 16:45:42.175 D/TXZ     ( 5597): [ReportManager][7066/32564]java.net.UnknownHostException: websocket.txzing.com
07-13 16:45:42.177 D/TXZ     ( 5597): [ReportManager][7066/32564]onClose() called with: code = -1, reason = websocket.txzing.com, remote = false
07-13 16:45:42.178 D/TXZ     ( 5597): [ReportManager][7066/7122]connect: finish
07-13 16:45:42.178 D/TXZ     ( 5597): [ReportManager][7066/7122]initWebSocket: url=wss://websocket.txzing.com/junsun/index?app_id=6a3643cb81c6e92137ccc63f536df874&tm=1752439542175&data=jaS%2BHrQhhXjyhtQ99fNtLvHqIOtUKnSICn413V6v2MA%3D&platform=car
07-13 16:45:42.178 D/TXZ     ( 5597): [ReportManager][7066/7122]connect: start
07-13 16:45:42.178 D/TXZ     ( 5597): [TXZWebSocketClient][7066/32565]onError: ex=java.net.UnknownHostException: websocket.txzing.com
07-13 16:45:42.178 D/TXZ     ( 5597): [ReportManager][7066/32565]java.net.UnknownHostException: websocket.txzing.com
07-13 16:45:42.178 D/TXZ     ( 5597): [ReportManager][7066/32565]onClose() called with: code = -1, reason = websocket.txzing.com, remote = false
07-13 16:45:42.178 D/TXZ     ( 5597): [ReportManager][7066/7122]connect: finish
07-13 16:45:42.179 D/TXZ     ( 5597): [ReportManager][7066/7122]initWebSocket: url=wss://websocket.txzing.com/junsun/index?app_id=6a3643cb81c6e92137ccc63f536df874&tm=1752439542179&data=%2F2FNh1CQ1BhXLnBCUY2USYY81aIuxvy6qVB6Q0S3coM%3D&platform=car
07-13 16:45:42.179 D/TXZ     ( 5597): [ReportManager][7066/7122]connect: start
07-13 16:45:42.180 D/TXZ     ( 5597): [TXZWebSocketClient][7066/32566]onError: ex=java.net.UnknownHostException: websocket.txzing.com
07-13 16:45:42.180 D/TXZ     ( 5597): [ReportManager][7066/32566]java.net.UnknownHostException: websocket.txzing.com
07-13 16:45:42.180 D/TXZ     ( 5597): [ReportManager][7066/32566]onClose() called with: code = -1, reason = websocket.txzing.com, remote = false
07-13 16:45:42.181 D/TXZ     ( 5597): [ReportManager][7066/7122]connect: finish
07-13 16:45:42.181 D/TXZ     ( 5597): [ReportManager][7066/7122]initWebSocket: url=wss://websocket.txzing.com/junsun/index?app_id=6a3643cb81c6e92137ccc63f536df874&tm=1752439542180&data=Rnx%2FIR2fgpVBFDDA5szGHndnh%2BoDZFYw9VERZuongbw%3D&platform=car
07-13 16:45:42.181 D/TXZ     ( 5597): [ReportManager][7066/7122]connect: start
07-13 16:45:42.182 D/TXZ     ( 5597): [TXZWebSocketClient][7066/32567]onError: ex=java.net.UnknownHostException: websocket.txzing.com
07-13 16:45:42.182 D/TXZ     ( 5597): [ReportManager][7066/32567]java.net.UnknownHostException: websocket.txzing.com
07-13 16:45:42.182 D/TXZ     ( 5597): [ReportManager][7066/32567]onClose() called with: code = -1, reason = websocket.txzing.com, remote = false
07-13 16:45:42.182 D/TXZ     ( 5597): [ReportManager][7066/7122]connect: finish
07-13 16:45:42.183 D/TXZ     ( 5597): [ReportManager][7066/7122]initWebSocket: url=wss://websocket.txzing.com/junsun/index?app_id=6a3643cb81c6e92137ccc63f536df874&tm=1752439542183&data=kXtqMm89ViIPSU%2F2ZIU7yzqK7lsZt1KC39%2FvXRXm4dE%3D&platform=car
07-13 16:45:42.183 D/TXZ     ( 5597): [ReportManager][7066/7122]connect: start
07-13 16:45:42.184 D/TXZ     ( 5597): [TXZWebSocketClient][7066/32568]onError: ex=java.net.UnknownHostException: websocket.txzing.com
07-13 16:45:42.184 D/TXZ     ( 5597): [ReportManager][7066/32568]java.net.UnknownHostException: websocket.txzing.com
07-13 16:45:42.184 D/TXZ     ( 5597): [ReportManager][7066/32568]onClose() called with: code = -1, reason = websocket.txzing.com, remote = false
07-13 16:45:42.185 D/TXZ     ( 5597): [ReportManager][7066/7122]connect: finish
07-13 16:45:42.186 D/TXZ     ( 5597): [ReportManager][7066/7122]initWebSocket: url=wss://websocket.txzing.com/junsun/index?app_id=6a3643cb81c6e92137ccc63f536df874&tm=1752439542185&data=sWQu1cvXkTDcWqqNsTpAFiG8KeLCrvxTmnKgLzKapCg%3D&platform=car
07-13 16:45:42.186 D/TXZ     ( 5597): [ReportManager][7066/7122]connect: start
07-13 16:45:42.187 D/TXZ     ( 5597): [TXZWebSocketClient][7066/32569]onError: ex=java.net.UnknownHostException: websocket.txzing.com
07-13 16:45:42.187 D/TXZ     ( 5597): [ReportManager][7066/32569]java.net.UnknownHostException: websocket.txzing.com
07-13 16:45:42.187 D/TXZ     ( 5597): [ReportManager][7066/32569]onClose() called with: code = -1, reason = websocket.txzing.com, remote = false
07-13 16:45:42.187 D/TXZ     ( 5597): [ReportManager][7066/7122]connect: finish
07-13 16:45:42.188 D/TXZ     ( 5597): [ReportManager][7066/7122]initWebSocket: url=wss://websocket.txzing.com/junsun/index?app_id=6a3643cb81c6e92137ccc63f536df874&tm=1752439542188&data=lnOqQOmXNRJZLT8twQ8hKqEkzHSIYe9mkcsq%2BpmcGiI%3D&platform=car
07-13 16:45:42.188 D/TXZ     ( 5597): [ReportManager][7066/7122]connect: start
07-13 16:45:42.189 D/TXZ     ( 5597): [TXZWebSocketClient][7066/32570]onError: ex=java.net.UnknownHostException: websocket.txzing.com
07-13 16:45:42.190 D/TXZ     ( 5597): [ReportManager][7066/32570]java.net.UnknownHostException: websocket.txzing.com
07-13 16:45:42.190 D/TXZ     ( 5597): [ReportManager][7066/32570]onClose() called with: code = -1, reason = websocket.txzing.com, remote = false
07-13 16:45:42.190 D/TXZ     ( 5597): [ReportManager][7066/7122]connect: finish
07-13 16:45:42.192 D/TXZ     ( 5597): [ReportManager][7066/7122]initWebSocket: url=wss://websocket.txzing.com/junsun/index?app_id=6a3643cb81c6e92137ccc63f536df874&tm=1752439542192&data=LTY77ForjbNP3g3GFq21quPMuaVq8QG8qFX8XX2Sf4A%3D&platform=car
07-13 16:45:42.192 D/TXZ     ( 5597): [ReportManager][7066/7122]connect: start
07-13 16:45:42.193 D/TXZ     ( 5597): [TXZWebSocketClient][7066/32571]onError: ex=java.net.UnknownHostException: websocket.txzing.com
07-13 16:45:42.193 D/TXZ     ( 5597): [ReportManager][7066/32571]java.net.UnknownHostException: websocket.txzing.com
07-13 16:45:42.194 D/TXZ     ( 5597): [ReportManager][7066/32571]onClose() called with: code = -1, reason = websocket.txzing.com, remote = false
07-13 16:45:42.195 D/TXZ     ( 5597): [ReportManager][7066/7122]connect: finish
07-13 16:45:42.195 D/TXZ     ( 5597): [ReportManager][7066/7122]initWebSocket: url=wss://websocket.txzing.com/junsun/index?app_id=6a3643cb81c6e92137ccc63f536df874&tm=1752439542193&data=M8VuK0f1pUqNHiv9V8bpJVNlZnqS9qGPhmxfnxA%2BjWA%3D&platform=car
07-13 16:45:42.195 D/TXZ     ( 5597): [ReportManager][7066/7122]connect: start
07-13 16:45:42.195 D/TXZ     ( 5597): [TXZWebSocketClient][7066/32572]onError: ex=java.net.UnknownHostException: websocket.txzing.com
07-13 16:45:42.195 D/TXZ     ( 5597): [ReportManager][7066/32572]java.net.UnknownHostException: websocket.txzing.com
07-13 16:45:42.195 D/TXZ     ( 5597): [ReportManager][7066/32572]onClose() called with: code = -1, reason = websocket.txzing.com, remote = false
07-13 16:45:42.195 D/TXZ     ( 5597): [ReportManager][7066/7122]connect: finish
07-13 16:45:42.196 D/TXZ     ( 5597): [ReportManager][7066/7122]initWebSocket: url=wss://websocket.txzing.com/junsun/index?app_id=6a3643cb81c6e92137ccc63f536df874&tm=1752439542195&data=K7p9ZzDA2R%2BC9B81%2BSKfAD%2FCAPhDTmw6NwpyuyiwwKY%3D&platform=car
07-13 16:45:42.196 D/TXZ     ( 5597): [ReportManager][7066/7122]connect: start
07-13 16:45:42.198 D/TXZ     ( 5597): [TXZWebSocketClient][7066/32573]onError: ex=java.net.UnknownHostException: websocket.txzing.com
07-13 16:45:42.198 D/TXZ     ( 5597): [ReportManager][7066/32573]java.net.UnknownHostException: websocket.txzing.com
07-13 16:45:42.198 D/TXZ     ( 5597): [ReportManager][7066/32573]onClose() called with: code = -1, reason = websocket.txzing.com, remote = false
07-13 16:45:42.198 D/TXZ     ( 5597): [ReportManager][7066/7122]connect: finish
07-13 16:45:42.198 D/TXZ     ( 5597): [ReportManager][7066/7122]initWebSocket: url=wss://websocket.txzing.com/junsun/index?app_id=6a3643cb81c6e92137ccc63f536df874&tm=1752439542197&data=sXamCvQzRon6z1g1UCL7EQXss38xCxJk3KRLqNYsm4E%3D&platform=car
07-13 16:45:42.198 D/TXZ     ( 5597): [ReportManager][7066/7122]connect: start
07-13 16:45:42.199 D/TXZ     ( 5597): [TXZWebSocketClient][7066/32574]onError: ex=java.net.UnknownHostException: websocket.txzing.com
07-13 16:45:42.199 D/TXZ     ( 5597): [ReportManager][7066/32574]java.net.UnknownHostException: websocket.txzing.com
07-13 16:45:42.199 D/TXZ     ( 5597): [ReportManager][7066/32574]onClose() called with: code = -1, reason = websocket.txzing.com, remote = false
07-13 16:45:42.199 D/TXZ     ( 5597): [ReportManager][7066/7122]connect: finish
07-13 16:45:42.199 D/TXZ     ( 5597): [ReportManager][7066/7122]initWebSocket: url=wss://websocket.txzing.com/junsun/index?app_id=6a3643cb81c6e92137ccc63f536df874&tm=1752439542199&data=zTFnq6pzRmRffjN%2BYuEqX8%2Bdkcs6lfrFDGULFm7JPWM%3D&platform=car
07-13 16:45:42.201 D/TXZ     ( 5597): [ReportManager][7066/7122]connect: start
07-13 16:45:42.201 D/TXZ     ( 5597): [TXZWebSocketClient][7066/32575]onError: ex=java.net.UnknownHostException: websocket.txzing.com
07-13 16:45:42.201 D/TXZ     ( 5597): [ReportManager][7066/32575]java.net.UnknownHostException: websocket.txzing.com
07-13 16:45:42.201 D/TXZ     ( 5597): [ReportManager][7066/32575]onClose() called with: code = -1, reason = websocket.txzing.com, remote = false
07-13 16:45:42.201 D/TXZ     ( 5597): [ReportManager][7066/7122]connect: finish
07-13 16:45:42.203 D/TXZ     ( 5597): [ReportManager][7066/7122]initWebSocket: url=wss://websocket.txzing.com/junsun/index?app_id=6a3643cb81c6e92137ccc63f536df874&tm=1752439542202&data=Cp6AwrutU3JbGnKmCXY20tBAtx%2FI6obPHBI%2FluS%2F%2B2g%3D&platform=car
07-13 16:45:42.203 D/TXZ     ( 5597): [ReportManager][7066/7122]connect: start
07-13 16:45:42.204 D/TXZ     ( 5597): [TXZWebSocketClient][7066/32576]onError: ex=java.net.UnknownHostException: websocket.txzing.com
07-13 16:45:42.204 D/TXZ     ( 5597): [ReportManager][7066/32576]java.net.UnknownHostException: websocket.txzing.com
07-13 16:45:42.204 D/TXZ     ( 5597): [ReportManager][7066/32576]onClose() called with: code = -1, reason = websocket.txzing.com, remote = false
07-13 16:45:42.204 D/TXZ     ( 5597): [ReportManager][7066/7122]connect: finish
07-13 16:45:42.204 D/TXZ     ( 5597): [ReportManager][7066/7122]initWebSocket: url=wss://websocket.txzing.com/junsun/index?app_id=6a3643cb81c6e92137ccc63f536df874&tm=1752439542204&data=6D8jBuDLl6xpFmw2MpSOq9cD%2FcCR5frunChEXbD2khg%3D&platform=car
07-13 16:45:42.204 D/TXZ     ( 5597): [ReportManager][7066/7122]connect: start
07-13 16:45:42.205 D/TXZ     ( 5597): [TXZWebSocketClient][7066/32577]onError: ex=java.net.UnknownHostException: websocket.txzing.com
07-13 16:45:42.205 D/TXZ     ( 5597): [ReportManager][7066/32577]java.net.UnknownHostException: websocket.txzing.com
07-13 16:45:42.206 D/TXZ     ( 5597): [ReportManager][7066/32577]onClose() called with: code = -1, reason = websocket.txzing.com, remote = false
07-13 16:45:42.206 D/TXZ     ( 5597): [ReportManager][7066/7122]connect: finish
07-13 16:45:42.207 D/TXZ     ( 5597): [ReportManager][7066/7122]initWebSocket: url=wss://websocket.txzing.com/junsun/index?app_id=6a3643cb81c6e92137ccc63f536df874&tm=1752439542206&data=0wrtq0Ou8avuc52sgUy70mhB8RE3Qskhl0st1Aj6VS4%3D&platform=car
07-13 16:45:42.207 D/TXZ     ( 5597): [ReportManager][7066/7122]connect: start
07-13 16:45:42.208 D/TXZ     ( 5597): [TXZWebSocketClient][7066/32578]onError: ex=java.net.UnknownHostException: websocket.txzing.com
07-13 16:45:42.208 D/TXZ     ( 5597): [ReportManager][7066/32578]java.net.UnknownHostException: websocket.txzing.com
07-13 16:45:42.208 D/TXZ     ( 5597): [ReportManager][7066/32578]onClose() called with: code = -1, reason = websocket.txzing.com, remote = false
07-13 16:45:42.208 D/TXZ     ( 5597): [ReportManager][7066/7122]connect: finish
07-13 16:45:42.209 D/TXZ     ( 5597): [ReportManager][7066/7122]initWebSocket: url=wss://websocket.txzing.com/junsun/index?app_id=6a3643cb81c6e92137ccc63f536df874&tm=1752439542209&data=dS2xDFjiONBeV1nkyPJ%2BE%2F4fBA4AqB46DIDnDTBXQY0%3D&platform=car
07-13 16:45:42.210 D/TXZ     ( 5597): [ReportManager][7066/7122]connect: start
07-13 16:45:42.210 D/TXZ     ( 5597): [TXZWebSocketClient][7066/32579]onError: ex=java.net.UnknownHostException: websocket.txzing.com
07-13 16:45:42.211 D/TXZ     ( 5597): [ReportManager][7066/32579]java.net.UnknownHostException: websocket.txzing.com
07-13 16:45:42.211 D/TXZ     ( 5597): [ReportManager][7066/32579]onClose() called with: code = -1, reason = websocket.txzing.com, remote = false
07-13 16:45:42.211 D/TXZ     ( 5597): [ReportManager][7066/7122]connect: finish
07-13 16:45:42.212 D/TXZ     ( 5597): [ReportManager][7066/7122]initWebSocket: url=wss://websocket.txzing.com/junsun/index?app_id=6a3643cb81c6e92137ccc63f536df874&tm=1752439542211&data=pdKhxh5pKcTJkvFttNdOpN%2FEFahsvIyVfSjyoS%2B9gLk%3D&platform=car
07-13 16:45:42.212 D/TXZ     ( 5597): [ReportManager][7066/7122]connect: start
07-13 16:45:42.213 D/TXZ     ( 5597): [TXZWebSocketClient][7066/32580]onError: ex=java.net.UnknownHostException: websocket.txzing.com
07-13 16:45:42.213 D/TXZ     ( 5597): [ReportManager][7066/32580]java.net.UnknownHostException: websocket.txzing.com
07-13 16:45:42.213 D/TXZ     ( 5597): [ReportManager][7066/32580]onClose() called with: code = -1, reason = websocket.txzing.com, remote = false
07-13 16:45:42.213 D/TXZ     ( 5597): [ReportManager][7066/7122]connect: finish
07-13 16:45:42.213 D/TXZ     ( 5597): [ReportManager][7066/7122]initWebSocket: url=wss://websocket.txzing.com/junsun/index?app_id=6a3643cb81c6e92137ccc63f536df874&tm=1752439542213&data=n%2FOBGEt%2FY0rgY97XZeD3%2FiiX012FruslByLQls4yzLk%3D&platform=car
07-13 16:45:42.213 D/TXZ     ( 5597): [ReportManager][7066/7122]connect: start
07-13 16:45:42.215 D/TXZ     ( 5597): [TXZWebSocketClient][7066/32581]onError: ex=java.net.UnknownHostException: websocket.txzing.com
07-13 16:45:42.215 D/TXZ     ( 5597): [ReportManager][7066/32581]java.net.UnknownHostException: websocket.txzing.com
07-13 16:45:42.215 D/TXZ     ( 5597): [ReportManager][7066/32581]onClose() called with: code = -1, reason = websocket.txzing.com, remote = false
07-13 16:45:42.215 D/TXZ     ( 5597): [ReportManager][7066/7122]connect: finish
07-13 16:45:42.216 D/TXZ     ( 5597): [ReportManager][7066/7122]initWebSocket: url=wss://websocket.txzing.com/junsun/index?app_id=6a3643cb81c6e92137ccc63f536df874&tm=1752439542216&data=1qAynjh%2FJJVaEDMo4waItpiQ2Yltae9%2Fi%2F1PFIUGmxI%3D&platform=car
07-13 16:45:42.216 D/TXZ     ( 5597): [ReportManager][7066/7122]connect: start
07-13 16:45:42.217 D/TXZ     ( 5597): [TXZWebSocketClient][7066/32582]onError: ex=java.net.UnknownHostException: websocket.txzing.com
07-13 16:45:42.217 D/TXZ     ( 5597): [ReportManager][7066/32582]java.net.UnknownHostException: websocket.txzing.com
07-13 16:45:42.219 D/TXZ     ( 5597): [ReportManager][7066/32582]onClose() called with: code = -1, reason = websocket.txzing.com, remote = false
07-13 16:45:42.219 D/TXZ     ( 5597): [ReportManager][7066/7122]connect: finish
07-13 16:45:42.219 D/TXZ     ( 5597): [ReportManager][7066/7122]initWebSocket: url=wss://websocket.txzing.com/junsun/index?app_id=6a3643cb81c6e92137ccc63f536df874&tm=1752439542218&data=OFKi0Y0gXCkZCqz7lftaCMGLnmdoYKKZid%2BKCOloXas%3D&platform=car
07-13 16:45:42.219 D/TXZ     ( 5597): [ReportManager][7066/7122]connect: start
07-13 16:45:42.220 D/TXZ     ( 5597): [TXZWebSocketClient][7066/32583]onError: ex=java.net.UnknownHostException: websocket.txzing.com
07-13 16:45:42.220 D/TXZ     ( 5597): [ReportManager][7066/32583]java.net.UnknownHostException: websocket.txzing.com
07-13 16:45:42.220 D/TXZ     ( 5597): [ReportManager][7066/32583]onClose() called with: code = -1, reason = websocket.txzing.com, remote = false
07-13 16:45:42.220 D/TXZ     ( 5597): [ReportManager][7066/7122]connect: finish
07-13 16:45:42.220 D/TXZ     ( 5597): [ReportManager][7066/7122]initWebSocket: url=wss://websocket.txzing.com/junsun/index?app_id=6a3643cb81c6e92137ccc63f536df874&tm=1752439542220&data=DkiO8elJvugZ%2Bf3Z4Mi%2Fo%2Bsfxi8AhpOoA1xE%2Bzbb%2Bj4%3D&platform=car
07-13 16:45:42.220 D/TXZ     ( 5597): [ReportManager][7066/7122]connect: start
07-13 16:45:42.222 D/TXZ     ( 5597): [TXZWebSocketClient][7066/32584]onError: ex=java.net.UnknownHostException: websocket.txzing.com
07-13 16:45:42.222 D/TXZ     ( 5597): [ReportManager][7066/32584]java.net.UnknownHostException: websocket.txzing.com
07-13 16:45:42.222 D/TXZ     ( 5597): [ReportManager][7066/32584]onClose() called with: code = -1, reason = websocket.txzing.com, remote = false
07-13 16:45:42.222 D/TXZ     ( 5597): [ReportManager][7066/7122]connect: finish
07-13 16:45:42.222 D/TXZ     ( 5597): [ReportManager][7066/7122]initWebSocket: url=wss://websocket.txzing.com/junsun/index?app_id=6a3643cb81c6e92137ccc63f536df874&tm=1752439542222&data=wYx3RIpkOHitpzIEe0tJng91rYf2WvcjJI6NqrM53eI%3D&platform=car
07-13 16:45:42.222 D/TXZ     ( 5597): [ReportManager][7066/7122]connect: start
07-13 16:45:42.223 D/TXZ     ( 5597): [TXZWebSocketClient][7066/32585]onError: ex=java.net.UnknownHostException: websocket.txzing.com
07-13 16:45:42.223 D/TXZ     ( 5597): [ReportManager][7066/32585]java.net.UnknownHostException: websocket.txzing.com
07-13 16:45:42.224 D/TXZ     ( 5597): [ReportManager][7066/32585]onClose() called with: code = -1, reason = websocket.txzing.com, remote = false
07-13 16:45:42.224 D/TXZ     ( 5597): [ReportManager][7066/7122]connect: finish
