--------- beginning of system
07-13 16:45:26.713 V/ActivityManagerShellCommand( 4123): Received onCommand broadcast callUid=0 callpid=30990
07-13 16:45:26.713 V/ActivityManagerShellCommand( 4123): runSendBroadcast start and waiting ---Intent { act=zjinnova.android.intent.action.START_DAEMON_SERVICE flg=0x400020 pkg=com.zjinnova.zlink }
07-13 16:45:26.714 D/PowerController.BgClean( 4123): judgeAppLaunchAllowed : com.zjinnova.zlink(uid:10087), callingPackage = null(uid:0), reason = send-broadcast
07-13 16:45:26.714 D/PowerController.BgClean( 4123): judgeAppLaunchAllowed : intent action:Intent { act=zjinnova.android.intent.action.START_DAEMON_SERVICE flg=0x400030 pkg=com.zjinnova.zlink }
07-13 16:45:26.714 W/BroadcastQueue( 4123):  enable com.zjinnova.zlink to start process!
07-13 16:45:26.718 D/PowerController.BgClean( 4123): judgeAppLaunchAllowed : com.zjinnova.zlink(uid:10087), callingPackage = com.zjinnova.zlink(uid:10087), reason = start-service
07-13 16:45:26.718 D/PowerController.BgClean( 4123): judgeAppLaunchAllowed : intent action:Intent { cmp=com.zjinnova.zlink/com.zjinnova.android.zlink.features.service.DaemonService }
07-13 16:45:26.718 W/ActivityManager( 4123): u0 Starting a service in packagecom.zjinnova.zlink requires a permissions review
07-13 16:45:26.719 V/ActivityManagerShellCommand( 4123): runSendBroadcast end ---Intent { act=zjinnova.android.intent.action.START_DAEMON_SERVICE flg=0x400020 pkg=com.zjinnova.zlink }
07-13 16:45:27.057 I/mcu_services( 5451): readInBuf:[ff fe fd 03 01 29 81 a9 ff ]
07-13 16:45:27.057 E/mcu_services( 5451): MCU2APP : [ff fe fd 03 01 29 81 a9 ff ]
07-13 16:45:27.057 D/mcu_services( 5451): processResponse - length: 3 - type: 1 - control: 29
07-13 16:45:27.058 D/mcu_services( 5451): dispatchToClients - cmdId: 41 - data : [29 81 ]
07-13 16:45:27.061 W/ContextImpl( 6445): Calling a method in the system process without a qualified user: android.app.ContextImpl.sendBroadcast:1045 android.content.ContextWrapper.sendBroadcast:448 com.qf.carsettings.service.CarSettingService$4.onMcuInfoChanged:670 android.qf.mcu.McuManager$ListenerTransport._handleMessage:106 android.qf.mcu.McuManager$ListenerTransport.access$700:72 
07-13 16:45:27.697 V/AlarmManager( 4123): set(PendingIntent{c1a5e77: PendingIntentRecord{70caae4 com.google.android.gms broadcastIntent}}) : type=3 listener=null listenerTag=null triggerAtTime=8068273 win=0 tElapsed=8073279 maxElapsed=8073279 interval=0 flags=0x1
07-13 16:45:27.704 V/AlarmManager( 4123): set(PendingIntent{1236f49: PendingIntentRecord{374d04e com.google.android.gms broadcastIntent}}) : type=3 listener=null listenerTag=null triggerAtTime=8088283 win=0 tElapsed=8088283 maxElapsed=8088283 interval=0 flags=0x1
07-13 16:45:28.000 D/AlarmManager( 4123): waitForAlarm result:65536currentTime=1752439528000, elapsedRealtime=8068585
07-13 16:45:28.820 V/ActivityManagerShellCommand( 4123): Received onCommand broadcast callUid=0 callpid=31190
07-13 16:45:29.038 I/mcu_services( 5451): readInBuf:[ff fe fd 03 01 29 81 a9 ff ]
07-13 16:45:29.038 E/mcu_services( 5451): MCU2APP : [ff fe fd 03 01 29 81 a9 ff ]
07-13 16:45:29.039 D/mcu_services( 5451): processResponse - length: 3 - type: 1 - control: 29
07-13 16:45:29.039 D/mcu_services( 5451): dispatchToClients - cmdId: 41 - data : [29 81 ]
07-13 16:45:29.043 W/ContextImpl( 6445): Calling a method in the system process without a qualified user: android.app.ContextImpl.sendBroadcast:1045 android.content.ContextWrapper.sendBroadcast:448 com.qf.carsettings.service.CarSettingService$4.onMcuInfoChanged:670 android.qf.mcu.McuManager$ListenerTransport._handleMessage:106 android.qf.mcu.McuManager$ListenerTransport.access$700:72 
07-13 16:45:30.940 V/ActivityManagerShellCommand( 4123): Received onCommand broadcast callUid=0 callpid=31394
07-13 16:45:30.940 V/ActivityManagerShellCommand( 4123): runSendBroadcast start and waiting ---Intent { act=zjinnova.android.intent.action.START_DAEMON_SERVICE flg=0x400020 pkg=com.zjinnova.zlink }
07-13 16:45:30.941 D/PowerController.BgClean( 4123): judgeAppLaunchAllowed : com.zjinnova.zlink(uid:10087), callingPackage = null(uid:0), reason = send-broadcast
07-13 16:45:30.941 D/PowerController.BgClean( 4123): judgeAppLaunchAllowed : intent action:Intent { act=zjinnova.android.intent.action.START_DAEMON_SERVICE flg=0x400030 pkg=com.zjinnova.zlink }
07-13 16:45:30.941 W/BroadcastQueue( 4123):  enable com.zjinnova.zlink to start process!
07-13 16:45:30.946 D/PowerController.BgClean( 4123): judgeAppLaunchAllowed : com.zjinnova.zlink(uid:10087), callingPackage = com.zjinnova.zlink(uid:10087), reason = start-service
07-13 16:45:30.946 D/PowerController.BgClean( 4123): judgeAppLaunchAllowed : intent action:Intent { cmp=com.zjinnova.zlink/com.zjinnova.android.zlink.features.service.DaemonService }
07-13 16:45:30.946 W/ActivityManager( 4123): u0 Starting a service in packagecom.zjinnova.zlink requires a permissions review
07-13 16:45:30.947 V/ActivityManagerShellCommand( 4123): runSendBroadcast end ---Intent { act=zjinnova.android.intent.action.START_DAEMON_SERVICE flg=0x400020 pkg=com.zjinnova.zlink }
07-13 16:45:31.022 I/mcu_services( 5451): readInBuf:[ff fe fd 03 01 29 81 a9 ff ]
07-13 16:45:31.022 E/mcu_services( 5451): MCU2APP : [ff fe fd 03 01 29 81 a9 ff ]
07-13 16:45:31.023 D/mcu_services( 5451): processResponse - length: 3 - type: 1 - control: 29
07-13 16:45:31.023 D/mcu_services( 5451): dispatchToClients - cmdId: 41 - data : [29 81 ]
07-13 16:45:31.026 W/ContextImpl( 6445): Calling a method in the system process without a qualified user: android.app.ContextImpl.sendBroadcast:1045 android.content.ContextWrapper.sendBroadcast:448 com.qf.carsettings.service.CarSettingService$4.onMcuInfoChanged:670 android.qf.mcu.McuManager$ListenerTransport._handleMessage:106 android.qf.mcu.McuManager$ListenerTransport.access$700:72 
07-13 16:45:33.007 I/mcu_services( 5451): readInBuf:[ff fe fd 03 01 29 81 a9 ff ]
07-13 16:45:33.007 E/mcu_services( 5451): MCU2APP : [ff fe fd 03 01 29 81 a9 ff ]
07-13 16:45:33.007 D/mcu_services( 5451): processResponse - length: 3 - type: 1 - control: 29
07-13 16:45:33.007 D/mcu_services( 5451): dispatchToClients - cmdId: 41 - data : [29 81 ]
07-13 16:45:33.010 W/ContextImpl( 6445): Calling a method in the system process without a qualified user: android.app.ContextImpl.sendBroadcast:1045 android.content.ContextWrapper.sendBroadcast:448 com.qf.carsettings.service.CarSettingService$4.onMcuInfoChanged:670 android.qf.mcu.McuManager$ListenerTransport._handleMessage:106 android.qf.mcu.McuManager$ListenerTransport.access$700:72 
07-13 16:45:33.060 V/ActivityManagerShellCommand( 4123): Received onCommand broadcast callUid=0 callpid=31595
--------- beginning of main
07-13 16:45:34.854 I/QFApi   ( 6445): getCustomPlatform - customPlatform: 7862
07-13 16:45:34.962 D/GnssHAL_V_GnssUtil( 3771): convertToGnssLocation_2_0: enter
07-13 16:45:34.962 D/GnssHAL_V_GnssUtil( 3771): convertToGnssLocation_2_0: latitudeDegrees:40.652482, longitudeDegrees: -73.757018, elapsedRealtime.flags:0, elapsedRealtime.timestampNs: 0, elapsedRealtime.timeUncertaintyNs: 0
07-13 16:45:34.968 I/LocationManagerService( 4123): incoming location: Location[gps 41******  -74******  hAcc=3 t=1752439535000 et=+2h14m35s548ms alt=-15.082 vel=0.0 bear=150.222 vAcc=13 sAcc=0 bAcc=53 {Bundle[{satellites=13, maxCn0=46, meanCn0=40}]}]
07-13 16:45:34.969 I/LocationManagerService( 4123): incoming location: Location[gps 41******  -74******  hAcc=3 t=1752439535000 et=+2h14m35s548ms alt=-15.082 vel=0.0 bear=150.222 vAcc=13 sAcc=0 bAcc=53 {Bundle[{satellites=13, maxCn0=46, meanCn0=40}]}]
07-13 16:45:34.972 I/LocationManagerService( 4123): incoming location: Location[fused 41******  -74******  hAcc=3 t=1752439534962 et=+2h14m35s548ms alt=-15.082 vel=0.0033203717 vAcc=13 sAcc=0 bAcc=??? {Bundle[mParcelledData.dataSize=616]}]
07-13 16:45:34.973 I/LocationManagerService( 4123): incoming location: Location[fused 41******  -74******  hAcc=3 t=1752439534962 et=+2h14m35s548ms alt=-15.082 vel=0.0033203717 vAcc=13 sAcc=0 bAcc=??? {Bundle[{noGPSLocation=Location[fused 41******  -74******  hAcc=23 t=1752438691199 et=+2h0m31s754ms alt=-27.100000381469727 vAcc=1 sAcc=??? bAcc=??? {Bundle[mParcelledData.dataSize=420]}]}]}]
07-13 16:45:34.974 D/PowerController.BgClean( 4123): judgeAppLaunchAllowed : com.google.android.gms(uid:10106), callingPackage = com.google.android.gms(uid:10106), reason = start-service
07-13 16:45:34.974 D/PowerController.BgClean( 4123): judgeAppLaunchAllowed : intent action:Intent { act=com.google.android.gms.semanticlocation.ACTION_LOCATION cmp=com.google.android.gms/.semanticlocation.service.SemanticLocationService (has extras) }
07-13 16:45:34.991 I/mcu_services( 5451): readInBuf:[ff fe fd 03 01 29 81 a9 ff ]
07-13 16:45:34.991 E/mcu_services( 5451): MCU2APP : [ff fe fd 03 01 29 81 a9 ff ]
07-13 16:45:34.992 D/mcu_services( 5451): processResponse - length: 3 - type: 1 - control: 29
07-13 16:45:34.992 D/mcu_services( 5451): dispatchToClients - cmdId: 41 - data : [29 81 ]
07-13 16:45:34.992 D/callback( 5451): callMcuInfoChanged: 29 81 
07-13 16:45:34.994 W/ContextImpl( 6445): Calling a method in the system process without a qualified user: android.app.ContextImpl.sendBroadcast:1045 android.content.ContextWrapper.sendBroadcast:448 com.qf.carsettings.service.CarSettingService$4.onMcuInfoChanged:670 android.qf.mcu.McuManager$ListenerTransport._handleMessage:106 android.qf.mcu.McuManager$ListenerTransport.access$700:72 
07-13 16:45:34.992 D/callback( 5451): callMcuInfoChanged: 29 81 
07-13 16:45:34.998 I/chatty  ( 5597): uid=10127(com.txznet.txz) expire 2 lines
07-13 16:45:35.010 D/PowerController.BgClean( 4123): judgeAppLaunchAllowed : com.google.android.gms(uid:10106), callingPackage = com.google.android.gms(uid:10106), reason = bind-service
07-13 16:45:35.011 D/PowerController.BgClean( 4123): judgeAppLaunchAllowed : intent action:Intent { act=com.google.android.chimera.BoundService.START dat=chimera-action:com.google.android.gms.semanticlocationhistory.zeroparty.service.START cmp=com.google.android.gms/.chimera.GmsApiService }
07-13 16:45:35.015 D/AlarmManagerService( 4123): set alarm to kernel: 8088.283000000, type=3 
07-13 16:45:35.015 D/AlarmManagerService( 4123): AlarmImpl::set, type=3
07-13 16:45:35.015 V/AlarmManager( 4123): set(null) : type=3 listener=android.app.AlarmManager$ListenerWrapper@f372ac listenerTag=AppStateTracker triggerAtTime=9875601 win=1350000 tElapsed=9875601 maxElapsed=11225601 interval=0 flags=0x8
07-13 16:45:35.016 D/BoundBrokerSvc( 5852): onBind: Intent { act=com.google.android.gms.semanticlocationhistory.zeroparty.service.START dat=chimera-action: cmp=com.google.android.gms/.chimera.GmsApiService }
07-13 16:45:35.016 D/BoundBrokerSvc( 5852): Loading bound service for intent: Intent { act=com.google.android.gms.semanticlocationhistory.zeroparty.service.START dat=chimera-action: cmp=com.google.android.gms/.chimera.GmsApiService }
07-13 16:45:35.016 D/AlarmManagerService( 4123): set alarm to kernel: 8088.283000000, type=3 
07-13 16:45:35.016 D/AlarmManagerService( 4123): AlarmImpl::set, type=3
07-13 16:45:35.026 D/PowerController.BgClean( 4123): judgeAppLaunchAllowed : com.google.android.gms(uid:10106), callingPackage = com.google.android.gms(uid:10106), reason = bind-service
07-13 16:45:35.027 D/PowerController.BgClean( 4123): judgeAppLaunchAllowed : intent action:Intent { act=com.google.android.gms.location.reporting.service.START pkg=com.google.android.gms }
07-13 16:45:35.031 D/PowerController.BgClean( 4123): judgeAppLaunchAllowed : com.google.android.gms(uid:10106), callingPackage = com.google.android.gms(uid:10106), reason = start-service
07-13 16:45:35.031 D/PowerController.BgClean( 4123): judgeAppLaunchAllowed : intent action:Intent { cmp=com.google.android.gms/.chimera.GmsApiService (has extras) }
07-13 16:45:35.034 I/LocationHistory( 5852): [API0] SLS request failed [CONTEXT service_id=314 ]
07-13 16:45:35.036 W/SemanticLocation( 5145): SLS.GetS2CellIndex failed [CONTEXT service_id=173 ]
07-13 16:45:35.036 W/SemanticLocation( 5145): goud: UNKNOWN
07-13 16:45:35.036 W/SemanticLocation( 5145): 	at dktu.b(:com.google.android.gms@252560013@25.25.60 (100400-774967611):73)
07-13 16:45:35.036 W/SemanticLocation( 5145): 	at dkto.apply(:com.google.android.gms@252560013@25.25.60 (100400-774967611):310)
07-13 16:45:35.036 W/SemanticLocation( 5145): 	at fewo.d(:com.google.android.gms@252560013@25.25.60 (100400-774967611):3)
07-13 16:45:35.036 W/SemanticLocation( 5145): 	at fewp.run(:com.google.android.gms@252560013@25.25.60 (100400-774967611):38)
07-13 16:45:35.036 W/SemanticLocation( 5145): 	at ayqb.c(:com.google.android.gms@252560013@25.25.60 (100400-774967611):50)
07-13 16:45:35.036 W/SemanticLocation( 5145): 	at ayqb.run(:com.google.android.gms@252560013@25.25.60 (100400-774967611):89)
07-13 16:45:35.036 W/SemanticLocation( 5145): 	at java.util.concurrent.ThreadPoolExecutor.runWorker(ThreadPoolExecutor.java:1167)
07-13 16:45:35.036 W/SemanticLocation( 5145): 	at java.util.concurrent.ThreadPoolExecutor$Worker.run(ThreadPoolExecutor.java:641)
07-13 16:45:35.036 W/SemanticLocation( 5145): 	at ayvt.run(:com.google.android.gms@252560013@25.25.60 (100400-774967611):8)
07-13 16:45:35.036 W/SemanticLocation( 5145): 	at java.lang.Thread.run(Thread.java:919)
07-13 16:45:35.040 W/SemanticLocation( 5145): PlaceIndexStorage still missing 1 S2 cells after update [CONTEXT service_id=173 ]
07-13 16:45:35.048 I/TFLite-in-PlayServices( 5145): Created interpreter.
07-13 16:45:35.052 I/TFLite-in-PlayServices( 5145): Created interpreter.
07-13 16:45:35.059 E/SemanticLocation( 5145): [Inferrer] IncrementalTimelineInferrer.predict() logs: 
07-13 16:45:35.059 E/SemanticLocation( 5145): CSLInference: Missing expected CSL outputs
07-13 16:45:35.059 E/SemanticLocation( 5145): Failed to create  CSLInference
07-13 16:45:35.059 E/SemanticLocation( 5145): [CONTEXT service_id=173 ]
07-13 16:45:35.059 I/SemanticLocation( 5145): (REDACTED) [Inferrer] %s%s
07-13 16:45:35.100 I/chatty  ( 5597): uid=10127(com.txznet.txz) udpReceive expire 496 lines
07-13 16:45:35.122 D/btopt   ( 3755): zlink wake_up_apk_server: cmd = 'export PATH=$PATH:/system/bin/;am broadcast -a "zjinnova.android.intent.action.START_DAEMON_SERVICE" --include-stopped-packages "com.zjinnova.zlink"&'
07-13 16:45:35.168 V/ActivityManagerShellCommand( 4123): Received onCommand broadcast callUid=0 callpid=31820
07-13 16:45:35.168 V/ActivityManagerShellCommand( 4123): runSendBroadcast start and waiting ---Intent { act=zjinnova.android.intent.action.START_DAEMON_SERVICE flg=0x400020 pkg=com.zjinnova.zlink }
07-13 16:45:35.169 D/PowerController.BgClean( 4123): judgeAppLaunchAllowed : com.zjinnova.zlink(uid:10087), callingPackage = null(uid:0), reason = send-broadcast
07-13 16:45:35.169 D/PowerController.BgClean( 4123): judgeAppLaunchAllowed : intent action:Intent { act=zjinnova.android.intent.action.START_DAEMON_SERVICE flg=0x400030 pkg=com.zjinnova.zlink }
07-13 16:45:35.169 W/BroadcastQueue( 4123):  enable com.zjinnova.zlink to start process!
07-13 16:45:35.172 D/zj      (21989): message received Intent { act=zjinnova.android.intent.action.START_DAEMON_SERVICE flg=0x400030 pkg=com.zjinnova.zlink cmp=com.zjinnova.zlink/com.zjinnova.android.zlink.features.service.StartupBroadcastReceiver }
07-13 16:45:35.172 D/PowerController.BgClean( 4123): judgeAppLaunchAllowed : com.zjinnova.zlink(uid:10087), callingPackage = com.zjinnova.zlink(uid:10087), reason = start-service
07-13 16:45:35.172 D/PowerController.BgClean( 4123): judgeAppLaunchAllowed : intent action:Intent { cmp=com.zjinnova.zlink/com.zjinnova.android.zlink.features.service.DaemonService }
07-13 16:45:35.173 W/ActivityManager( 4123): u0 Starting a service in packagecom.zjinnova.zlink requires a permissions review
07-13 16:45:35.173 V/ActivityManagerShellCommand( 4123): runSendBroadcast end ---Intent { act=zjinnova.android.intent.action.START_DAEMON_SERVICE flg=0x400020 pkg=com.zjinnova.zlink }
07-13 16:45:35.858 I/QFApi   ( 6445): getCustomPlatform - customPlatform: 7862
07-13 16:45:35.975 D/GnssHAL_V_GnssUtil( 3771): convertToGnssLocation_2_0: enter
07-13 16:45:35.975 D/GnssHAL_V_GnssUtil( 3771): convertToGnssLocation_2_0: latitudeDegrees:40.652482, longitudeDegrees: -73.757018, elapsedRealtime.flags:0, elapsedRealtime.timestampNs: 0, elapsedRealtime.timeUncertaintyNs: 0
07-13 16:45:35.979 I/LocationManagerService( 4123): incoming location: Location[gps 41******  -74******  hAcc=3 t=1752439536000 et=+2h14m36s561ms alt=-15.082 vel=0.0 bear=150.222 vAcc=13 sAcc=0 bAcc=53 {Bundle[{satellites=13, maxCn0=46, meanCn0=40}]}]
07-13 16:45:35.983 I/LocationManagerService( 4123): incoming location: Location[gps 41******  -74******  hAcc=3 t=1752439536000 et=+2h14m36s561ms alt=-15.082 vel=0.0 bear=150.222 vAcc=13 sAcc=0 bAcc=53 {Bundle[{satellites=13, maxCn0=46, meanCn0=40}]}]
07-13 16:45:35.987 I/FusedLocation( 5145): (REDACTED) location delivery to %s blocked - too fast
07-13 16:45:35.987 I/LocationManagerService( 4123): incoming location: Location[fused 41******  -74******  hAcc=3 t=1752439535976 et=+2h14m36s561ms alt=-15.082 vel=2.3685991E-4 vAcc=13 sAcc=0 bAcc=??? {Bundle[mParcelledData.dataSize=616]}]
07-13 16:45:35.987 I/LocationManagerService( 4123): incoming location: Location[fused 41******  -74******  hAcc=3 t=1752439535976 et=+2h14m36s561ms alt=-15.082 vel=2.3685991E-4 vAcc=13 sAcc=0 bAcc=??? {Bundle[{noGPSLocation=Location[fused 41******  -74******  hAcc=23 t=1752438691199 et=+2h0m31s754ms alt=-27.100000381469727 vAcc=1 sAcc=??? bAcc=??? {Bundle[mParcelledData.dataSize=420]}]}]}]
07-13 16:45:35.998 I/chatty  ( 5597): uid=10127(com.txznet.txz) request expire 41 lines
07-13 16:45:36.001 D/Netd    ( 3473): app_netid:0x64 app_mark:0x64 dns_netid:0x64 dns_mark:0xf0064 uid:10127
07-13 16:45:36.036 D/PowerController.BgClean( 4123): judgeAppLaunchAllowed : com.google.android.gms(uid:10106), callingPackage = com.google.android.gms(uid:10106), reason = bind-service
07-13 16:45:36.036 D/PowerController.BgClean( 4123): judgeAppLaunchAllowed : intent action:Intent { act=com.google.android.chimera.BoundService.START dat=chimera-action:com.google.android.gms.libs.gmscorelogger.service.START cmp=com.google.android.gms/.chimera.PersistentDirectBootAwareApiService }
07-13 16:45:36.086 I/chatty  ( 5597): uid=10127(com.txznet.txz) udpReceive expire 726 lines
07-13 16:45:36.087 D/Netd    ( 3473): app_netid:0x64 app_mark:0x64 dns_netid:0x64 dns_mark:0xf0064 uid:10121
07-13 16:45:36.238 D/SSense  ( 4123): onTouchRateChanged: rate:0.0
07-13 16:45:36.426 D/WCND    ( 3798): is_cp2_alive_ok: open polling interface: /proc/mdbg/loopcheck, fd = 13
07-13 16:45:36.527 D/WCND    ( 3798): is_cp2_alive_ok: loop: /proc/mdbg/loopcheck is OK
07-13 16:45:36.719 D/ip_monitor-3641(31981): 192.168.0.1 dev wlan0 lladdr aa:49:9b:1b:bf:7b PROBE
07-13 16:45:36.742 D/ip_monitor-3641(31982): 192.168.0.1 dev wlan0 lladdr aa:49:9b:1b:bf:7b REACHABLE
07-13 16:45:36.764 W/System.err( 8823): java.net.BindException: bind failed: EADDRINUSE (Address already in use)
07-13 16:45:36.764 W/System.err( 8823): 	at libcore.io.IoBridge.bind(IoBridge.java:109)
07-13 16:45:36.764 W/System.err( 8823): 	at java.net.PlainDatagramSocketImpl.bind0(PlainDatagramSocketImpl.java:104)
07-13 16:45:36.764 W/System.err( 8823): 	at java.net.AbstractPlainDatagramSocketImpl.bind(AbstractPlainDatagramSocketImpl.java:112)
07-13 16:45:36.764 W/System.err( 8823): 	at java.net.DatagramSocket.bind(DatagramSocket.java:412)
07-13 16:45:36.764 W/System.err( 8823): 	at java.net.DatagramSocket.<init>(DatagramSocket.java:262)
07-13 16:45:36.765 W/System.err( 8823): 	at java.net.DatagramSocket.<init>(DatagramSocket.java:319)
07-13 16:45:36.765 W/System.err( 8823): 	at com.txznet.util.UdpServer.a(UdpServer.java:59)
07-13 16:45:36.765 W/System.err( 8823): 	at com.txznet.util.UdpServer.a(UdpServer.java:12)
07-13 16:45:36.765 W/System.err( 8823): 	at com.txznet.util.UdpServer$1.handleMessage(UdpServer.java:33)
07-13 16:45:36.765 W/System.err( 8823): 	at android.os.Handler.dispatchMessage(Handler.java:107)
07-13 16:45:36.765 W/System.err( 8823): 	at android.os.Looper.loop(Looper.java:214)
07-13 16:45:36.765 W/System.err( 8823): 	at android.os.HandlerThread.run(HandlerThread.java:67)
07-13 16:45:36.765 W/System.err( 8823): Caused by: android.system.ErrnoException: bind failed: EADDRINUSE (Address already in use)
07-13 16:45:36.765 W/System.err( 8823): 	at libcore.io.Linux.bind(Native Method)
07-13 16:45:36.765 W/System.err( 8823): 	at libcore.io.ForwardingOs.bind(ForwardingOs.java:75)
07-13 16:45:36.765 W/System.err( 8823): 	at libcore.io.ForwardingOs.bind(ForwardingOs.java:75)
07-13 16:45:36.765 W/System.err( 8823): 	at libcore.io.IoBridge.bind(IoBridge.java:105)
07-13 16:45:36.765 W/System.err( 8823): 	... 11 more
07-13 16:45:36.861 I/QFApi   ( 6445): getCustomPlatform - customPlatform: 7862
07-13 16:45:36.956 D/GnssHAL_V_GnssUtil( 3771): convertToGnssLocation_2_0: enter
07-13 16:45:36.956 D/GnssHAL_V_GnssUtil( 3771): convertToGnssLocation_2_0: latitudeDegrees:40.652482, longitudeDegrees: -73.757018, elapsedRealtime.flags:0, elapsedRealtime.timestampNs: 0, elapsedRealtime.timeUncertaintyNs: 0
07-13 16:45:36.960 I/LocationManagerService( 4123): incoming location: Location[gps 41******  -74******  hAcc=3 t=1752439537000 et=+2h14m37s542ms alt=-15.082 vel=0.0 bear=150.222 vAcc=13 sAcc=0 bAcc=53 {Bundle[{satellites=13, maxCn0=46, meanCn0=40}]}]
07-13 16:45:36.964 I/LocationManagerService( 4123): incoming location: Location[gps 41******  -74******  hAcc=3 t=1752439537000 et=+2h14m37s542ms alt=-15.082 vel=0.0 bear=150.222 vAcc=13 sAcc=0 bAcc=53 {Bundle[{satellites=13, maxCn0=46, meanCn0=40}]}]
07-13 16:45:36.968 I/FusedLocation( 5145): (REDACTED) location delivery to %s blocked - too fast
07-13 16:45:36.968 I/LocationManagerService( 4123): incoming location: Location[fused 41******  -74******  hAcc=3 t=1752439536957 et=+2h14m37s542ms alt=-15.082 vel=2.2558127E-6 vAcc=13 sAcc=0 bAcc=??? {Bundle[mParcelledData.dataSize=616]}]
07-13 16:45:36.968 I/LocationManagerService( 4123): incoming location: Location[fused 41******  -74******  hAcc=3 t=1752439536957 et=+2h14m37s542ms alt=-15.082 vel=2.2558127E-6 vAcc=13 sAcc=0 bAcc=??? {Bundle[{noGPSLocation=Location[fused 41******  -74******  hAcc=23 t=1752438691199 et=+2h0m31s754ms alt=-27.100000381469727 vAcc=1 sAcc=??? bAcc=??? {Bundle[mParcelledData.dataSize=420]}]}]}]
07-13 16:45:36.976 I/mcu_services( 5451): readInBuf:[ff fe fd 03 01 29 81 a9 ff ]
07-13 16:45:36.976 E/mcu_services( 5451): MCU2APP : [ff fe fd 03 01 29 81 a9 ff ]
07-13 16:45:36.976 D/mcu_services( 5451): processResponse - length: 3 - type: 1 - control: 29
07-13 16:45:36.976 D/mcu_services( 5451): dispatchToClients - cmdId: 41 - data : [29 81 ]
07-13 16:45:36.976 D/callback( 5451): callMcuInfoChanged: 29 81 
07-13 16:45:36.979 W/ContextImpl( 6445): Calling a method in the system process without a qualified user: android.app.ContextImpl.sendBroadcast:1045 android.content.ContextWrapper.sendBroadcast:448 com.qf.carsettings.service.CarSettingService$4.onMcuInfoChanged:670 android.qf.mcu.McuManager$ListenerTransport._handleMessage:106 android.qf.mcu.McuManager$ListenerTransport.access$700:72 
07-13 16:45:36.977 D/callback( 5451): callMcuInfoChanged: 29 81 
07-13 16:45:36.984 I/chatty  ( 5597): uid=10127(com.txznet.txz) expire 2 lines
07-13 16:45:37.154 I/Tpms3   (10574): mDataCheckTimer startDataTime:-1;datTime:1752439537
07-13 16:45:37.182 I/chatty  ( 5597): uid=10127(com.txznet.txz) udpReceive expire 920 lines
07-13 16:45:37.226 D/btopt   ( 3755): zlink wake_up_apk_server: cmd = 'export PATH=$PATH:/system/bin/;am broadcast -a "zjinnova.android.intent.action.START_DAEMON_SERVICE" --include-stopped-packages "com.zjinnova.zlink"&'
07-13 16:45:37.281 V/ActivityManagerShellCommand( 4123): Received onCommand broadcast callUid=0 callpid=32058
07-13 16:45:37.709 I/LocationManagerService( 4123): request a90ef0 network Request[POWER_LOW network requested=+10s0ms fastest=+10s0ms] from com.txznet.weather(10065 foreground)
07-13 16:45:37.709 I/LocationManagerService( 4123): applyRequirementsLocked to network prvider.
07-13 16:45:37.718 V/AlarmManager( 4123): set(PendingIntent{f9d496b: PendingIntentRecord{6190cc8 com.google.android.gms broadcastIntent}}) : type=3 listener=null listenerTag=null triggerAtTime=8078296 win=0 tElapsed=8083304 maxElapsed=8083304 interval=0 flags=0x1
07-13 16:45:37.728 V/AlarmManager( 4123): set(PendingIntent{f02e29d: PendingIntentRecord{7b48312 com.google.android.gms broadcastIntent}}) : type=3 listener=null listenerTag=null triggerAtTime=8098309 win=0 tElapsed=8098309 maxElapsed=8098309 interval=0 flags=0x1
07-13 16:45:38.000 D/AlarmManager( 4123): waitForAlarm result:65536currentTime=1752439538000, elapsedRealtime=8078579
07-13 16:45:38.967 I/mcu_services( 5451): readInBuf:[ff fe fd 03 01 29 81 a9 ff ]
07-13 16:45:38.967 E/mcu_services( 5451): MCU2APP : [ff fe fd 03 01 29 81 a9 ff ]
07-13 16:45:38.967 D/mcu_services( 5451): processResponse - length: 3 - type: 1 - control: 29
07-13 16:45:38.967 D/mcu_services( 5451): dispatchToClients - cmdId: 41 - data : [29 81 ]
07-13 16:45:38.974 W/ContextImpl( 6445): Calling a method in the system process without a qualified user: android.app.ContextImpl.sendBroadcast:1045 android.content.ContextWrapper.sendBroadcast:448 com.qf.carsettings.service.CarSettingService$4.onMcuInfoChanged:670 android.qf.mcu.McuManager$ListenerTransport._handleMessage:106 android.qf.mcu.McuManager$ListenerTransport.access$700:72 
07-13 16:45:39.396 V/ActivityManagerShellCommand( 4123): Received onCommand broadcast callUid=0 callpid=32285
07-13 16:45:39.397 V/ActivityManagerShellCommand( 4123): runSendBroadcast start and waiting ---Intent { act=zjinnova.android.intent.action.START_DAEMON_SERVICE flg=0x400020 pkg=com.zjinnova.zlink }
07-13 16:45:39.397 D/PowerController.BgClean( 4123): judgeAppLaunchAllowed : com.zjinnova.zlink(uid:10087), callingPackage = null(uid:0), reason = send-broadcast
07-13 16:45:39.398 D/PowerController.BgClean( 4123): judgeAppLaunchAllowed : intent action:Intent { act=zjinnova.android.intent.action.START_DAEMON_SERVICE flg=0x400030 pkg=com.zjinnova.zlink }
07-13 16:45:39.398 W/BroadcastQueue( 4123):  enable com.zjinnova.zlink to start process!
07-13 16:45:39.402 D/PowerController.BgClean( 4123): judgeAppLaunchAllowed : com.zjinnova.zlink(uid:10087), callingPackage = com.zjinnova.zlink(uid:10087), reason = start-service
07-13 16:45:39.402 D/PowerController.BgClean( 4123): judgeAppLaunchAllowed : intent action:Intent { cmp=com.zjinnova.zlink/com.zjinnova.android.zlink.features.service.DaemonService }
07-13 16:45:39.402 W/ActivityManager( 4123): u0 Starting a service in packagecom.zjinnova.zlink requires a permissions review
07-13 16:45:39.403 V/ActivityManagerShellCommand( 4123): runSendBroadcast end ---Intent { act=zjinnova.android.intent.action.START_DAEMON_SERVICE flg=0x400020 pkg=com.zjinnova.zlink }
07-13 16:45:40.302 D/TXZ     ( 5597): [ReportManager][7066/32369]java.net.UnknownHostException: websocket.txzing.com
07-13 16:45:40.302 D/TXZ     ( 5597): [ReportManager][7066/32369]onClose() called with: code = -1, reason = websocket.txzing.com, remote = false
07-13 16:45:40.302 D/TXZ     ( 5597): [ReportManager][7066/7122]connect: finish
07-13 16:45:40.302 D/TXZ     ( 5597): [ReportManager][7066/7122]initWebSocket: url=wss://websocket.txzing.com/junsun/index?app_id=6a3643cb81c6e92137ccc63f536df874&tm=1752439540301&data=jzOkqjyoYgr7dERPVuq5uVAvqcZUzWQUFIWErvPtI9E%3D&platform=car
07-13 16:45:40.303 D/TXZ     ( 5597): [ReportManager][7066/7122]connect: start
07-13 16:45:40.304 D/TXZ     ( 5597): [TXZWebSocketClient][7066/32370]onError: ex=java.net.UnknownHostException: websocket.txzing.com
07-13 16:45:40.305 D/TXZ     ( 5597): [ReportManager][7066/32370]java.net.UnknownHostException: websocket.txzing.com
07-13 16:45:40.305 D/TXZ     ( 5597): [ReportManager][7066/32370]onClose() called with: code = -1, reason = websocket.txzing.com, remote = false
07-13 16:45:40.305 D/TXZ     ( 5597): [ReportManager][7066/7122]connect: finish
07-13 16:45:40.305 D/TXZ     ( 5597): [ReportManager][7066/7122]initWebSocket: url=wss://websocket.txzing.com/junsun/index?app_id=6a3643cb81c6e92137ccc63f536df874&tm=1752439540304&data=%2Fw6Hicdzt%2FbyKWgvyNjgbKu5NP38wIC5vlNDw4N4g2Y%3D&platform=car
07-13 16:45:40.306 D/TXZ     ( 5597): [ReportManager][7066/7122]connect: start
07-13 16:45:40.307 D/TXZ     ( 5597): [TXZWebSocketClient][7066/32371]onError: ex=java.net.UnknownHostException: websocket.txzing.com
07-13 16:45:40.308 D/TXZ     ( 5597): [ReportManager][7066/32371]java.net.UnknownHostException: websocket.txzing.com
07-13 16:45:40.308 D/TXZ     ( 5597): [ReportManager][7066/32371]onClose() called with: code = -1, reason = websocket.txzing.com, remote = false
07-13 16:45:40.308 D/TXZ     ( 5597): [ReportManager][7066/7122]connect: finish
07-13 16:45:40.308 D/TXZ     ( 5597): [ReportManager][7066/7122]initWebSocket: url=wss://websocket.txzing.com/junsun/index?app_id=6a3643cb81c6e92137ccc63f536df874&tm=1752439540307&data=VNIS6UcST1oEnxojXlmcRieIzhXKhgVkVW9ZjKei6hQ%3D&platform=car
07-13 16:45:40.309 D/TXZ     ( 5597): [ReportManager][7066/7122]connect: start
07-13 16:45:40.311 D/TXZ     ( 5597): [TXZWebSocketClient][7066/32372]onError: ex=java.net.UnknownHostException: websocket.txzing.com
07-13 16:45:40.311 D/TXZ     ( 5597): [ReportManager][7066/32372]java.net.UnknownHostException: websocket.txzing.com
07-13 16:45:40.311 D/TXZ     ( 5597): [ReportManager][7066/32372]onClose() called with: code = -1, reason = websocket.txzing.com, remote = false
07-13 16:45:40.311 D/TXZ     ( 5597): [ReportManager][7066/7122]connect: finish
07-13 16:45:40.311 D/TXZ     ( 5597): [ReportManager][7066/7122]initWebSocket: url=wss://websocket.txzing.com/junsun/index?app_id=6a3643cb81c6e92137ccc63f536df874&tm=1752439540310&data=92iGsRFY%2FzwOyUWjA9hx4D3f1ufA5rKU5aypujfzAAo%3D&platform=car
07-13 16:45:40.312 D/TXZ     ( 5597): [ReportManager][7066/7122]connect: start
07-13 16:45:40.314 D/TXZ     ( 5597): [TXZWebSocketClient][7066/32373]onError: ex=java.net.UnknownHostException: websocket.txzing.com
07-13 16:45:40.314 D/TXZ     ( 5597): [ReportManager][7066/32373]java.net.UnknownHostException: websocket.txzing.com
07-13 16:45:40.314 D/TXZ     ( 5597): [ReportManager][7066/32373]onClose() called with: code = -1, reason = websocket.txzing.com, remote = false
07-13 16:45:40.314 D/TXZ     ( 5597): [ReportManager][7066/7122]connect: finish
07-13 16:45:40.314 D/TXZ     ( 5597): [ReportManager][7066/7122]initWebSocket: url=wss://websocket.txzing.com/junsun/index?app_id=6a3643cb81c6e92137ccc63f536df874&tm=1752439540313&data=m8rVPlQnHClD2qhccyn8F%2FFG8z%2Fvx7WRLEEqbMvUpag%3D&platform=car
07-13 16:45:40.314 D/TXZ     ( 5597): [ReportManager][7066/7122]connect: start
07-13 16:45:40.316 D/TXZ     ( 5597): [TXZWebSocketClient][7066/32374]onError: ex=java.net.UnknownHostException: websocket.txzing.com
07-13 16:45:40.316 D/TXZ     ( 5597): [ReportManager][7066/32374]java.net.UnknownHostException: websocket.txzing.com
07-13 16:45:40.316 D/TXZ     ( 5597): [ReportManager][7066/32374]onClose() called with: code = -1, reason = websocket.txzing.com, remote = false
07-13 16:45:40.317 D/TXZ     ( 5597): [ReportManager][7066/7122]connect: finish
07-13 16:45:40.319 D/TXZ     ( 5597): [ReportManager][7066/7122]initWebSocket: url=wss://websocket.txzing.com/junsun/index?app_id=6a3643cb81c6e92137ccc63f536df874&tm=1752439540316&data=NwS4tyD16xuI0B3U%2FHUzdS%2BBDf5thVa4k4PPLsm%2FFgw%3D&platform=car
07-13 16:45:40.319 D/TXZ     ( 5597): [ReportManager][7066/7122]connect: start
07-13 16:45:40.319 D/TXZ     ( 5597): [TXZWebSocketClient][7066/32375]onError: ex=java.net.UnknownHostException: websocket.txzing.com
07-13 16:45:40.320 D/TXZ     ( 5597): [ReportManager][7066/32375]java.net.UnknownHostException: websocket.txzing.com
07-13 16:45:40.320 D/TXZ     ( 5597): [ReportManager][7066/32375]onClose() called with: code = -1, reason = websocket.txzing.com, remote = false
07-13 16:45:40.320 D/TXZ     ( 5597): [ReportManager][7066/7122]connect: finish
07-13 16:45:40.320 D/TXZ     ( 5597): [ReportManager][7066/7122]initWebSocket: url=wss://websocket.txzing.com/junsun/index?app_id=6a3643cb81c6e92137ccc63f536df874&tm=1752439540318&data=dOJ8igcr5hTvoF4h0P4UjheBftIip7OGc98jwryNZm8%3D&platform=car
07-13 16:45:40.320 D/TXZ     ( 5597): [ReportManager][7066/7122]connect: start
07-13 16:45:40.321 D/TXZ     ( 5597): [TXZWebSocketClient][7066/32376]onError: ex=java.net.UnknownHostException: websocket.txzing.com
07-13 16:45:40.322 D/TXZ     ( 5597): [ReportManager][7066/32376]java.net.UnknownHostException: websocket.txzing.com
07-13 16:45:40.322 D/TXZ     ( 5597): [ReportManager][7066/32376]onClose() called with: code = -1, reason = websocket.txzing.com, remote = false
07-13 16:45:40.322 D/TXZ     ( 5597): [ReportManager][7066/7122]connect: finish
07-13 16:45:40.322 D/TXZ     ( 5597): [ReportManager][7066/7122]initWebSocket: url=wss://websocket.txzing.com/junsun/index?app_id=6a3643cb81c6e92137ccc63f536df874&tm=1752439540321&data=N6zGuG2DShz9SB5meLOQrM%2B%2F3ENe9pCSo%2FckcXU%2Fv48%3D&platform=car
07-13 16:45:40.322 D/TXZ     ( 5597): [ReportManager][7066/7122]connect: start
07-13 16:45:40.324 D/TXZ     ( 5597): [TXZWebSocketClient][7066/32377]onError: ex=java.net.UnknownHostException: websocket.txzing.com
07-13 16:45:40.324 D/TXZ     ( 5597): [ReportManager][7066/32377]java.net.UnknownHostException: websocket.txzing.com
07-13 16:45:40.324 D/TXZ     ( 5597): [ReportManager][7066/32377]onClose() called with: code = -1, reason = websocket.txzing.com, remote = false
07-13 16:45:40.324 D/TXZ     ( 5597): [ReportManager][7066/7122]connect: finish
07-13 16:45:40.324 D/TXZ     ( 5597): [ReportManager][7066/7122]initWebSocket: url=wss://websocket.txzing.com/junsun/index?app_id=6a3643cb81c6e92137ccc63f536df874&tm=1752439540324&data=KAM4%2FU2DlS0VUgunagvacXzmo%2FaUnQU8HbHCY52rptU%3D&platform=car
07-13 16:45:40.324 D/TXZ     ( 5597): [ReportManager][7066/7122]connect: start
07-13 16:45:40.326 D/TXZ     ( 5597): [TXZWebSocketClient][7066/32378]onError: ex=java.net.UnknownHostException: websocket.txzing.com
07-13 16:45:40.327 D/TXZ     ( 5597): [ReportManager][7066/32378]java.net.UnknownHostException: websocket.txzing.com
07-13 16:45:40.327 D/TXZ     ( 5597): [ReportManager][7066/32378]onClose() called with: code = -1, reason = websocket.txzing.com, remote = false
07-13 16:45:40.328 D/TXZ     ( 5597): [ReportManager][7066/7122]connect: finish
07-13 16:45:40.328 D/TXZ     ( 5597): [ReportManager][7066/7122]initWebSocket: url=wss://websocket.txzing.com/junsun/index?app_id=6a3643cb81c6e92137ccc63f536df874&tm=1752439540326&data=pKAJDkwOC6eGEOWA6XRX2WqqlSM8X5PN9JmxTPqkK94%3D&platform=car
07-13 16:45:40.328 D/TXZ     ( 5597): [ReportManager][7066/7122]connect: start
07-13 16:45:40.329 D/TXZ     ( 5597): [TXZWebSocketClient][7066/32379]onError: ex=java.net.UnknownHostException: websocket.txzing.com
07-13 16:45:40.329 D/TXZ     ( 5597): [ReportManager][7066/32379]java.net.UnknownHostException: websocket.txzing.com
07-13 16:45:40.329 D/TXZ     ( 5597): [ReportManager][7066/32379]onClose() called with: code = -1, reason = websocket.txzing.com, remote = false
07-13 16:45:40.329 D/TXZ     ( 5597): [ReportManager][7066/7122]connect: finish
07-13 16:45:40.329 D/TXZ     ( 5597): [ReportManager][7066/7122]initWebSocket: url=wss://websocket.txzing.com/junsun/index?app_id=6a3643cb81c6e92137ccc63f536df874&tm=1752439540329&data=rDUIn%2FRJSdATAop6SVMDxNpFkG%2B%2BT8yuZ8%2B6RMlVCeg%3D&platform=car
07-13 16:45:40.330 D/TXZ     ( 5597): [ReportManager][7066/7122]connect: start
07-13 16:45:40.332 D/TXZ     ( 5597): [TXZWebSocketClient][7066/32380]onError: ex=java.net.UnknownHostException: websocket.txzing.com
07-13 16:45:40.332 D/TXZ     ( 5597): [ReportManager][7066/32380]java.net.UnknownHostException: websocket.txzing.com
07-13 16:45:40.332 D/TXZ     ( 5597): [ReportManager][7066/32380]onClose() called with: code = -1, reason = websocket.txzing.com, remote = false
07-13 16:45:40.332 D/TXZ     ( 5597): [ReportManager][7066/7122]connect: finish
07-13 16:45:40.371 D/TXZ     ( 5597): [ReportManager][7066/7122]initWebSocket: url=wss://websocket.txzing.com/junsun/index?app_id=6a3643cb81c6e92137ccc63f536df874&tm=1752439540370&data=2ik0TJ%2FqMhRypxy%2FLBq%2BdmsBcYd0bCZ7hoKDLyP4reU%3D&platform=car
07-13 16:45:40.371 D/TXZ     ( 5597): [ReportManager][7066/7122]connect: start
07-13 16:45:40.374 D/TXZ     ( 5597): [TXZWebSocketClient][7066/32381]onError: ex=java.net.UnknownHostException: websocket.txzing.com
07-13 16:45:40.374 D/TXZ     ( 5597): [ReportManager][7066/32381]java.net.UnknownHostException: websocket.txzing.com
07-13 16:45:40.375 D/TXZ     ( 5597): [ReportManager][7066/32381]onClose() called with: code = -1, reason = websocket.txzing.com, remote = false
07-13 16:45:40.375 D/TXZ     ( 5597): [ReportManager][7066/7122]connect: finish
07-13 16:45:40.378 D/TXZ     ( 5597): [ReportManager][7066/7122]initWebSocket: url=wss://websocket.txzing.com/junsun/index?app_id=6a3643cb81c6e92137ccc63f536df874&tm=1752439540377&data=O5JdMpum3uGTCiyuzGRejUVnipYLbpUovSXSoMGowxo%3D&platform=car
07-13 16:45:40.378 D/TXZ     ( 5597): [ReportManager][7066/7122]connect: start
07-13 16:45:40.380 D/TXZ     ( 5597): [TXZWebSocketClient][7066/32382]onError: ex=java.net.UnknownHostException: websocket.txzing.com
07-13 16:45:40.380 D/TXZ     ( 5597): [ReportManager][7066/32382]java.net.UnknownHostException: websocket.txzing.com
07-13 16:45:40.380 D/TXZ     ( 5597): [ReportManager][7066/32382]onClose() called with: code = -1, reason = websocket.txzing.com, remote = false
07-13 16:45:40.380 D/TXZ     ( 5597): [ReportManager][7066/7122]connect: finish
07-13 16:45:40.478 D/TXZ     ( 5597): [ReportManager][7066/7122]initWebSocket: url=wss://websocket.txzing.com/junsun/index?app_id=6a3643cb81c6e92137ccc63f536df874&tm=1752439540477&data=TjP70KbPKf9pdbKkEkRSWsiSNOD7pxVF%2FPhTyXUInSU%3D&platform=car
07-13 16:45:40.478 D/TXZ     ( 5597): [ReportManager][7066/7122]connect: start
07-13 16:45:40.479 D/TXZ     ( 5597): [TXZWebSocketClient][7066/32383]onError: ex=java.net.UnknownHostException: websocket.txzing.com
07-13 16:45:40.479 D/TXZ     ( 5597): [ReportManager][7066/32383]java.net.UnknownHostException: websocket.txzing.com
07-13 16:45:40.479 D/TXZ     ( 5597): [ReportManager][7066/32383]onClose() called with: code = -1, reason = websocket.txzing.com, remote = false
07-13 16:45:40.479 D/TXZ     ( 5597): [ReportManager][7066/7122]connect: finish
07-13 16:45:40.566 D/TXZ     ( 5597): [ReportManager][7066/7122]initWebSocket: url=wss://websocket.txzing.com/junsun/index?app_id=6a3643cb81c6e92137ccc63f536df874&tm=1752439540564&data=HnNp14p%2Bpd44iGlLlnoVWeIlcYY8qfhyjrltwV7uLCc%3D&platform=car
07-13 16:45:40.566 D/TXZ     ( 5597): [ReportManager][7066/7122]connect: start
07-13 16:45:40.568 D/TXZ     ( 5597): [TXZWebSocketClient][7066/32384]onError: ex=java.net.UnknownHostException: websocket.txzing.com
07-13 16:45:40.568 D/TXZ     ( 5597): [ReportManager][7066/32384]java.net.UnknownHostException: websocket.txzing.com
07-13 16:45:40.568 D/TXZ     ( 5597): [ReportManager][7066/32384]onClose() called with: code = -1, reason = websocket.txzing.com, remote = false
07-13 16:45:40.568 D/TXZ     ( 5597): [ReportManager][7066/7122]connect: finish
07-13 16:45:40.670 D/TXZ     ( 5597): [ReportManager][7066/7122]initWebSocket: url=wss://websocket.txzing.com/junsun/index?app_id=6a3643cb81c6e92137ccc63f536df874&tm=1752439540669&data=ubJ%2FgtJ1Xe%2B1hcoprNd%2BedmVmr52%2Fj5FvZbf0s2nNVw%3D&platform=car
07-13 16:45:40.670 D/TXZ     ( 5597): [ReportManager][7066/7122]connect: start
07-13 16:45:40.672 D/TXZ     ( 5597): [TXZWebSocketClient][7066/32385]onError: ex=java.net.UnknownHostException: websocket.txzing.com
07-13 16:45:40.672 D/TXZ     ( 5597): [ReportManager][7066/32385]java.net.UnknownHostException: websocket.txzing.com
07-13 16:45:40.673 D/TXZ     ( 5597): [ReportManager][7066/32385]onClose() called with: code = -1, reason = websocket.txzing.com, remote = false
07-13 16:45:40.676 D/TXZ     ( 5597): [ReportManager][7066/7122]connect: finish
07-13 16:45:40.781 D/TXZ     ( 5597): [ReportManager][7066/7122]initWebSocket: url=wss://websocket.txzing.com/junsun/index?app_id=6a3643cb81c6e92137ccc63f536df874&tm=1752439540779&data=lDzsBFu03WGv2MMSi8eMX%2BLTgxwDE2zm1bqz3%2FGf6G0%3D&platform=car
07-13 16:45:40.781 D/TXZ     ( 5597): [ReportManager][7066/7122]connect: start
07-13 16:45:40.782 D/TXZ     ( 5597): [TXZWebSocketClient][7066/32386]onError: ex=java.net.UnknownHostException: websocket.txzing.com
07-13 16:45:40.783 D/TXZ     ( 5597): [ReportManager][7066/32386]java.net.UnknownHostException: websocket.txzing.com
07-13 16:45:40.783 D/TXZ     ( 5597): [ReportManager][7066/32386]onClose() called with: code = -1, reason = websocket.txzing.com, remote = false
07-13 16:45:40.783 D/TXZ     ( 5597): [ReportManager][7066/7122]connect: finish
07-13 16:45:40.879 I/QFApi   ( 6445): getCustomPlatform - customPlatform: 7862
07-13 16:45:40.951 I/mcu_services( 5451): readInBuf:[ff fe fd 03 01 29 81 a9 ff ]
07-13 16:45:40.951 E/mcu_services( 5451): MCU2APP : [ff fe fd 03 01 29 81 a9 ff ]
07-13 16:45:40.951 D/mcu_services( 5451): processResponse - length: 3 - type: 1 - control: 29
07-13 16:45:40.951 D/mcu_services( 5451): dispatchToClients - cmdId: 41 - data : [29 81 ]
07-13 16:45:40.952 D/callback( 5451): callMcuInfoChanged: 29 81 
07-13 16:45:40.955 W/ContextImpl( 6445): Calling a method in the system process without a qualified user: android.app.ContextImpl.sendBroadcast:1045 android.content.ContextWrapper.sendBroadcast:448 com.qf.carsettings.service.CarSettingService$4.onMcuInfoChanged:670 android.qf.mcu.McuManager$ListenerTransport._handleMessage:106 android.qf.mcu.McuManager$ListenerTransport.access$700:72 
07-13 16:45:40.952 D/callback( 5451): callMcuInfoChanged: 29 81 
07-13 16:45:40.960 D/TxzAccessibilityService( 5597): onAccessibilityEvent: event=EventType: TYPE_WINDOW_CONTENT_CHANGED; EventTime: 8081537; PackageName: com.android.systemui; MovementGranularity: 0; Action: 0; ContentChangeTypes: [CONTENT_CHANGE_TYPE_TEXT]; WindowChangeTypes: [] [ ClassName: android.widget.TextView; Text: []; ContentDescription: null; ItemCount: -1; CurrentItemIndex: -1; Enabled: true; Password: false; Checked: false; FullScreen: false; Scrollable: false; BeforeText: null; FromIndex: -1; ToIndex: -1; ScrollX: -1; ScrollY: -1; MaxScrollX: -1; MaxScrollY: -1; AddedCount: -1; RemovedCount: -1; ParcelableData: null ]; recordCount: 1
07-13 16:45:40.960 D/TxzAccessibilityService( 5597): skip com.android.systemui
07-13 16:45:40.970 D/GnssHAL_V_GnssUtil( 3771): convertToGnssLocation_2_0: enter
07-13 16:45:40.970 D/GnssHAL_V_GnssUtil( 3771): convertToGnssLocation_2_0: latitudeDegrees:40.652482, longitudeDegrees: -73.757018, elapsedRealtime.flags:0, elapsedRealtime.timestampNs: 0, elapsedRealtime.timeUncertaintyNs: 0
07-13 16:45:40.976 I/LocationManagerService( 4123): incoming location: Location[gps 41******  -74******  hAcc=3 t=1752439541000 et=+2h14m41s549ms alt=-15.082 vel=0.0 bear=150.222 vAcc=13 sAcc=0 bAcc=53 {Bundle[{satellites=13, maxCn0=46, meanCn0=40}]}]
07-13 16:45:40.977 I/LocationManagerService( 4123): incoming location: Location[gps 41******  -74******  hAcc=3 t=1752439541000 et=+2h14m41s549ms alt=-15.082 vel=0.0 bear=150.222 vAcc=13 sAcc=0 bAcc=53 {Bundle[{satellites=13, maxCn0=46, meanCn0=40}]}]
07-13 16:45:40.981 I/FusedLocation( 5145): (REDACTED) location delivery to %s blocked - too fast
07-13 16:45:40.981 I/LocationManagerService( 4123): incoming location: Location[fused 41******  -74******  hAcc=3 t=1752439540970 et=+2h14m41s549ms alt=-15.082 vel=4.2978723E-10 vAcc=13 sAcc=0 bAcc=??? {Bundle[mParcelledData.dataSize=616]}]
07-13 16:45:40.982 I/LocationManagerService( 4123): incoming location: Location[fused 41******  -74******  hAcc=3 t=1752439540970 et=+2h14m41s549ms alt=-15.082 vel=4.2978723E-10 vAcc=13 sAcc=0 bAcc=??? {Bundle[{noGPSLocation=Location[fused 41******  -74******  hAcc=23 t=1752438691199 et=+2h0m31s754ms alt=-27.100000381469727 vAcc=1 sAcc=??? bAcc=??? {Bundle[mParcelledData.dataSize=420]}]}]}]
07-13 16:45:41.121 D/TXZ     ( 5597): [ReportManager][7066/7122]initWebSocket: url=wss://websocket.txzing.com/junsun/index?app_id=6a3643cb81c6e92137ccc63f536df874&tm=1752439541120&data=NSvOTXe93%2FtdnvWUtWJT3VqtejOT%2FZk8KSvvqy0l8wI%3D&platform=car
07-13 16:45:41.121 D/TXZ     ( 5597): [ReportManager][7066/7122]connect: start
07-13 16:45:41.123 D/TXZ     ( 5597): [TXZWebSocketClient][7066/32387]onError: ex=java.net.UnknownHostException: websocket.txzing.com
07-13 16:45:41.123 D/TXZ     ( 5597): [ReportManager][7066/32387]java.net.UnknownHostException: websocket.txzing.com
07-13 16:45:41.124 D/TXZ     ( 5597): [ReportManager][7066/32387]onClose() called with: code = -1, reason = websocket.txzing.com, remote = false
07-13 16:45:41.124 D/TXZ     ( 5597): [ReportManager][7066/7122]connect: finish
07-13 16:45:41.124 D/TXZ     ( 5597): [ReportManager][7066/7122]initWebSocket: url=wss://websocket.txzing.com/junsun/index?app_id=6a3643cb81c6e92137ccc63f536df874&tm=1752439541123&data=VLDKSBUOErxSTWJrR%2B8lLTczJe979wsYKzNhqHQ8HcU%3D&platform=car
07-13 16:45:41.124 D/TXZ     ( 5597): [ReportManager][7066/7122]connect: start
07-13 16:45:41.126 D/TXZ     ( 5597): [TXZWebSocketClient][7066/32388]onError: ex=java.net.UnknownHostException: websocket.txzing.com
07-13 16:45:41.126 D/TXZ     ( 5597): [ReportManager][7066/32388]java.net.UnknownHostException: websocket.txzing.com
07-13 16:45:41.127 D/TXZ     ( 5597): [ReportManager][7066/32388]onClose() called with: code = -1, reason = websocket.txzing.com, remote = false
07-13 16:45:41.127 D/TXZ     ( 5597): [ReportManager][7066/7122]connect: finish
07-13 16:45:41.129 D/TXZ     ( 5597): [ReportManager][7066/7122]initWebSocket: url=wss://websocket.txzing.com/junsun/index?app_id=6a3643cb81c6e92137ccc63f536df874&tm=1752439541126&data=VffgyBQ%2F3w8n9e7%2F5RbW%2BtyXR5dUhJs0SgPW6bHXuMw%3D&platform=car
07-13 16:45:41.130 D/TXZ     ( 5597): [ReportManager][7066/7122]connect: start
07-13 16:45:41.130 D/TXZ     ( 5597): [TXZWebSocketClient][7066/32389]onError: ex=java.net.UnknownHostException: websocket.txzing.com
07-13 16:45:41.130 D/TXZ     ( 5597): [ReportManager][7066/32389]java.net.UnknownHostException: websocket.txzing.com
07-13 16:45:41.130 D/TXZ     ( 5597): [ReportManager][7066/32389]onClose() called with: code = -1, reason = websocket.txzing.com, remote = false
07-13 16:45:41.130 D/TXZ     ( 5597): [ReportManager][7066/7122]connect: finish
07-13 16:45:41.130 D/TXZ     ( 5597): [ReportManager][7066/7122]initWebSocket: url=wss://websocket.txzing.com/junsun/index?app_id=6a3643cb81c6e92137ccc63f536df874&tm=1752439541129&data=D5JShsWNKCo8028WTwZPy0e36HAMESghAR0sb5zUpjo%3D&platform=car
07-13 16:45:41.130 D/TXZ     ( 5597): [ReportManager][7066/7122]connect: start
07-13 16:45:41.132 D/TXZ     ( 5597): [TXZWebSocketClient][7066/32390]onError: ex=java.net.UnknownHostException: websocket.txzing.com
07-13 16:45:41.132 D/TXZ     ( 5597): [ReportManager][7066/32390]java.net.UnknownHostException: websocket.txzing.com
07-13 16:45:41.132 D/TXZ     ( 5597): [ReportManager][7066/32390]onClose() called with: code = -1, reason = websocket.txzing.com, remote = false
07-13 16:45:41.132 D/TXZ     ( 5597): [ReportManager][7066/7122]connect: finish
07-13 16:45:41.132 D/TXZ     ( 5597): [ReportManager][7066/7122]initWebSocket: url=wss://websocket.txzing.com/junsun/index?app_id=6a3643cb81c6e92137ccc63f536df874&tm=1752439541132&data=Ij44iCzEjkX4hXi%2B1xIAvp14R3PJ3GvPXtd%2FEK3B8Jw%3D&platform=car
07-13 16:45:41.133 D/TXZ     ( 5597): [ReportManager][7066/7122]connect: start
07-13 16:45:41.135 D/TXZ     ( 5597): [TXZWebSocketClient][7066/32391]onError: ex=java.net.UnknownHostException: websocket.txzing.com
07-13 16:45:41.135 D/TXZ     ( 5597): [ReportManager][7066/32391]java.net.UnknownHostException: websocket.txzing.com
07-13 16:45:41.136 D/TXZ     ( 5597): [ReportManager][7066/32391]onClose() called with: code = -1, reason = websocket.txzing.com, remote = false
07-13 16:45:41.136 D/TXZ     ( 5597): [ReportManager][7066/7122]connect: finish
07-13 16:45:41.136 D/TXZ     ( 5597): [ReportManager][7066/7122]initWebSocket: url=wss://websocket.txzing.com/junsun/index?app_id=6a3643cb81c6e92137ccc63f536df874&tm=1752439541135&data=1ZjZWl3qHu0nw%2BpTnqzgjcShFYcu49eneW3ONUksblM%3D&platform=car
07-13 16:45:41.136 D/TXZ     ( 5597): [ReportManager][7066/7122]connect: start
07-13 16:45:41.138 D/TXZ     ( 5597): [TXZWebSocketClient][7066/32392]onError: ex=java.net.UnknownHostException: websocket.txzing.com
07-13 16:45:41.139 D/TXZ     ( 5597): [ReportManager][7066/32392]java.net.UnknownHostException: websocket.txzing.com
07-13 16:45:41.139 D/TXZ     ( 5597): [ReportManager][7066/32392]onClose() called with: code = -1, reason = websocket.txzing.com, remote = false
07-13 16:45:41.139 D/TXZ     ( 5597): [ReportManager][7066/7122]connect: finish
07-13 16:45:41.139 D/TXZ     ( 5597): [ReportManager][7066/7122]initWebSocket: url=wss://websocket.txzing.com/junsun/index?app_id=6a3643cb81c6e92137ccc63f536df874&tm=1752439541138&data=oeyBDzYJXiPjv7syJzn4tp1h9T%2FD6GEkMpmgyY3liDs%3D&platform=car
07-13 16:45:41.140 D/TXZ     ( 5597): [ReportManager][7066/7122]connect: start
07-13 16:45:41.141 D/TXZ     ( 5597): [TXZWebSocketClient][7066/32393]onError: ex=java.net.UnknownHostException: websocket.txzing.com
07-13 16:45:41.141 D/TXZ     ( 5597): [ReportManager][7066/32393]java.net.UnknownHostException: websocket.txzing.com
07-13 16:45:41.141 D/TXZ     ( 5597): [ReportManager][7066/32393]onClose() called with: code = -1, reason = websocket.txzing.com, remote = false
07-13 16:45:41.141 D/TXZ     ( 5597): [ReportManager][7066/7122]connect: finish
