07-13 16:44:24.968 I/gralloc (12329): gralloc_register_buffer hnd=0x73520ab500, share_fd=76, share_attr_fd=78, magic=51647890, format=1, internal_format=300000001, byte_stride=2880, flags=4, usage=0x20000b00, size=3744768, width=720, height=1280, internalWidth=720, internalHeight=1280, stride=720, base=0x734d595000, cpu_read=0,cpu_write=0, attr_base=0xffffffffffffffff, yuv_info=0, fd=-1, buf_idx=0, offset=0, min_pgsz=4096, phyaddr=0
07-13 16:44:24.977 I/BarController( 4123): setBarShowingLw - win: 15df344 StatusBar - show: true
07-13 16:44:24.988 D/WCND    ( 3798): is_cp2_alive_ok: open polling interface: /proc/mdbg/loopcheck, fd = 13
07-13 16:44:24.991 D/GnssHAL_V_GnssUtil( 3771): convertToGnssLocation_2_0: enter
07-13 16:44:24.991 D/GnssHAL_V_GnssUtil( 3771): convertToGnssLocation_2_0: latitudeDegrees:40.652482, longitudeDegrees: -73.757018, elapsedRealtime.flags:0, elapsedRealtime.timestampNs: 0, elapsedRealtime.timeUncertaintyNs: 0
07-13 16:44:24.997 I/LocationManagerService( 4123): incoming location: Location[gps 41******  -74******  hAcc=3 t=1752439465000 et=+2h13m25s559ms alt=-15.082 vel=0.07506882 bear=150.222 vAcc=14 sAcc=0 bAcc=25 {Bundle[{satellites=13, maxCn0=46, meanCn0=40}]}]
07-13 16:44:24.997 I/LocationManagerService( 4123): incoming location: Location[gps 41******  -74******  hAcc=3 t=1752439465000 et=+2h13m25s559ms alt=-15.082 vel=0.07506882 bear=150.222 vAcc=14 sAcc=0 bAcc=25 {Bundle[{satellites=13, maxCn0=46, meanCn0=40}]}]
07-13 16:44:24.999 I/LocationManagerService( 4123): incoming location: Location[fused 41******  -74******  hAcc=3 t=1752439464991 et=+2h13m25s559ms alt=-15.082 vel=0.06848035 vAcc=14 sAcc=0 bAcc=??? {Bundle[mParcelledData.dataSize=616]}]
07-13 16:44:25.000 I/LocationManagerService( 4123): incoming location: Location[fused 41******  -74******  hAcc=3 t=1752439464991 et=+2h13m25s559ms alt=-15.082 vel=0.06848035 vAcc=14 sAcc=0 bAcc=??? {Bundle[{noGPSLocation=Location[fused 41******  -74******  hAcc=23 t=1752438691199 et=+2h0m31s754ms alt=-27.100000381469727 vAcc=1 sAcc=??? bAcc=??? {Bundle[mParcelledData.dataSize=420]}]}]}]
07-13 16:44:25.001 D/PowerController.BgClean( 4123): judgeAppLaunchAllowed : com.google.android.gms(uid:10106), callingPackage = com.google.android.gms(uid:10106), reason = start-service
07-13 16:44:25.002 D/PowerController.BgClean( 4123): judgeAppLaunchAllowed : intent action:Intent { act=com.google.android.gms.semanticlocation.ACTION_LOCATION cmp=com.google.android.gms/.semanticlocation.service.SemanticLocationService (has extras) }
07-13 16:44:25.006 I/SemanticLocation( 5145): [InfMgr] No location reports after filtering [CONTEXT service_id=173 ]
07-13 16:44:25.084 D/TXZ     ( 5597): [ReportManager][7066/7122]initWebSocket: url=wss://websocket.txzing.com/junsun/index?app_id=6a3643cb81c6e92137ccc63f536df874&tm=1752439465084&data=VAAgjt6p7jqvRAmh6kefRGa9L204G%2BwwK2joIJAcSFY%3D&platform=car
07-13 16:44:25.085 D/TXZ     ( 5597): [ReportManager][7066/7122]connect: start
07-13 16:44:25.085 D/TXZ     ( 5597): [TXZWebSocketClient][7066/24743]onError: ex=java.net.UnknownHostException: websocket.txzing.com
07-13 16:44:25.086 D/TXZ     ( 5597): [ReportManager][7066/24743]java.net.UnknownHostException: websocket.txzing.com
07-13 16:44:25.086 D/TXZ     ( 5597): [ReportManager][7066/24743]onClose() called with: code = -1, reason = websocket.txzing.com, remote = false
07-13 16:44:25.086 D/TXZ     ( 5597): [ReportManager][7066/7122]connect: finish
07-13 16:44:25.088 D/WCND    ( 3798): is_cp2_alive_ok: loop: /proc/mdbg/loopcheck is OK
07-13 16:44:25.117 I/Tpms3   (10574): mDataCheckTimer startDataTime:-1;datTime:1752439465
07-13 16:44:25.120 I/BarController( 4123): setBarShowingLw - win: 15df344 StatusBar - show: true
07-13 16:44:25.127 D/SSense  ( 4123): windowsChanged
07-13 16:44:25.129 D/PowerController.RecogA( 4123): packageName:com.txznet.weather mFgEvent:SYSTEM_INTERACTION mLastTimeFgEventChanged:1565237 mLastLaunchTime:0 mProcState:PROCESS_STATE_FOREGROUND_SERVICE mLastTimeProcStateChanged:8005696 mNotificationState:0 mLastTimeNotificationStateChanged:0 mAudioState:0 mLastTimeAudioStateChanged:0 mRequestGps:true mAvoidConstraintGps:false mBehaviorType:0 mScreenOn:true mLastTimeScreenStateChanged:0 mLastBgTime:0 mFgDuration:0 mAudioDuration:0 mBgAudioDuration:0 mHasNoClearNotificationWhenNavi:false
07-13 16:44:25.123 I/chatty  ( 4123): uid=1000(system) android.anim identical 1 line
07-13 16:44:25.145 I/BarController( 4123): setBarShowingLw - win: 15df344 StatusBar - show: true
07-13 16:44:25.147 I/gralloc ( 3580): gralloc_unregister_buffer hnd=0x7f66044900, share_fd=124, share_attr_fd=125, magic=51647890, format=1, internal_format=300000001, byte_stride=5120, flags=4, usage=0x20000b00, size=3744768, width=1280, height=720, internalWidth=1280, internalHeight=720, stride=1280, base=0x7f4cfcd000, cpu_read=0,cpu_write=0, attr_base=0xffffffffffffffff, yuv_info=0, fd=-1, buf_idx=0, offset=0, min_pgsz=4096, phyaddr=0
07-13 16:44:25.148 I/gralloc ( 3580): gralloc_unregister_buffer hnd=0x7f66044800, share_fd=126, share_attr_fd=127, magic=51647890, format=1, internal_format=300000001, byte_stride=2880, flags=4, usage=0x20000b00, size=3744768, width=720, height=1280, internalWidth=720, internalHeight=1280, stride=720, base=0x7f4cc3a000, cpu_read=0,cpu_write=0, attr_base=0xffffffffffffffff, yuv_info=0, fd=-1, buf_idx=0, offset=0, min_pgsz=4096, phyaddr=0
07-13 16:44:25.148 D/SSense  ( 4123): windowsChanged
07-13 16:44:25.148 I/gralloc ( 7438): gralloc_unregister_buffer hnd=0x7348e81800, share_fd=66, share_attr_fd=67, magic=51647890, format=1, internal_format=300000001, byte_stride=2880, flags=4, usage=0x20000b00, size=3744768, width=720, height=1280, internalWidth=720, internalHeight=1280, stride=720, base=0x73aa1c9000, cpu_read=0,cpu_write=0, attr_base=0xffffffffffffffff, yuv_info=0, fd=-1, buf_idx=0, offset=0, min_pgsz=4096, phyaddr=0
07-13 16:44:25.149 I/gralloc ( 7438): gralloc_unregister_buffer hnd=0x734a04e800, share_fd=68, share_attr_fd=69, magic=51647890, format=1, internal_format=300000001, byte_stride=2880, flags=4, usage=0x20000b00, size=3744768, width=720, height=1280, internalWidth=720, internalHeight=1280, stride=720, base=0x73a9e36000, cpu_read=0,cpu_write=0, attr_base=0xffffffffffffffff, yuv_info=0, fd=-1, buf_idx=0, offset=0, min_pgsz=4096, phyaddr=0
07-13 16:44:25.149 E/BufferQueueProducer( 3580): [com.android.launcher.gradient.black/com.android.launcher3.Launcher#0] disconnect: not connected (req=1)
07-13 16:44:25.149 W/libEGL  ( 7438): EGLNativeWindowType 0x73ae01b590 disconnect failed
07-13 16:44:25.150 I/BarController( 4123): setBarShowingLw - win: 15df344 StatusBar - show: true
07-13 16:44:25.153 D/Surface ( 7438): release Surface,mNativeObject=495046582272, this Surface(name=null)/@0xfd06342, caller: android.view.ViewRootImpl.destroySurface:1646 android.view.ViewRootImpl.relayoutWindow:6988 android.view.ViewRootImpl.performTraversals:2303 android.view.ViewRootImpl.doTraversal:1760 android.view.ViewRootImpl$TraversalRunnable.run:7646 android.view.Choreographer$CallbackRecord.run:966 
07-13 16:44:25.155 D/Launcher3( 7438): Launcher,  onSaveInstanceState: outState = Bundle[{launcher.state=1, apps_customize_currentTab=APPS, android:viewHierarchyState=Bundle[{android:views={1=android.view.AbsSavedState$1@651416f, 2=android.view.AbsSavedState$1@651416f, 3=android.view.AbsSavedState$1@651416f, 4=android.view.AbsSavedState$1@651416f, 5=android.view.AbsSavedState$1@651416f, 6=android.view.AbsSavedState$1@651416f, 7=android.view.AbsSavedState$1@651416f, 8=android.view.AbsSavedState$1@651416f, 9=android.view.AbsSavedState$1@651416f, 10=android.view.AbsSavedState$1@651416f, 11=android.view.AbsSavedState$1@651416f, 12=android.view.AbsSavedState$1@651416f, 13=android.view.AbsSavedState$1@651416f, 14=android.view.AbsSavedState$1@651416f, 15=android.view.AbsSavedState$1@651416f, 16=android.view.AbsSavedState$1@651416f, 17=android.view.AbsSavedState$1@651416f, 18=android.view.AbsSavedState$1@651416f, 19=android.view.AbsSavedState$1@651416f, 20=android.view.AbsSavedState$1@651416f, 21=android.view.AbsSavedState$1@651416f, 22=android.view.AbsSavedState$1@651416f, 23=android.view.AbsSavedState$1@651416f, 24=android.view.AbsSavedState$1@651416f, 25=android.view.AbsSavedState$1@651416f, 26=android.view.AbsSavedState$1@651416f, 27=android.view.AbsSavedState$1@651416f, 28=android.view.AbsSavedState$1@651416f, 29=android.view.AbsSavedState$1@651416f, 30=android.view.AbsSavedState$1@651416f, 31=android.view.AbsSavedState$1@651416f, 32=android.view.AbsSavedState$1@651416f, 33=android.view.AbsSavedState$1@651416f, 34=android.view.AbsSavedState$1@651416f, 35=android.view.AbsSavedState$1@651416f, 36=android.view.AbsSavedState$1@651416f, 37=android.view.AbsSavedState$1@651416f, 38=android.view.AbsSavedState$1@651416f, 39=android.view.AbsSavedState$1@651416f, 40=android.view.AbsSavedState$1@651416f, 41=android.view.AbsSavedState$1@651416f, 42=android.view.AbsSavedState$1@651416f, 43=android.view.AbsSavedState$1@651416f, 44=android.view.AbsSavedState$1@651416f, 45=android.view.AbsSavedState$1@651416f, 46=android.view.AbsSavedState$1@651416f, 47=android.view.AbsSavedState$1@651416f, 48=android.view.AbsSavedState$1@651416f, 49=android.view.AbsSavedState$1@651416f, 50=android.view.AbsSavedState$1@651416f, 51=android.view.AbsSavedState$1@651416f, 52=android.view.AbsSavedState$1@651416f, 53=android.view.AbsSavedState$1@651416f, 54=android.view.AbsSavedState$1@651416f, 55=android.view.AbsSavedState$1@651416f, 56=android.view.AbsSavedState$1@651416f, 57=android.view.AbsSavedState$1@651416f, 58=android.view.AbsSavedState$1@651416f, 59=android.view.AbsSavedState$1@651416f, 60=android.view.AbsSavedState$1@651416f, 61=android.view.AbsSavedState$1@651416f, 62=android.view.AbsSavedState$1@651416f, 63=android.view.AbsSavedState$1@651416f, 64=android.view.AbsSavedState$1@651416f, 65=android.view.AbsSavedState$1@651416f, 66=android.view.AbsSavedState$1@651416f, 67=android.view.AbsSavedState$1@651416f, 68=android.view.AbsSavedState$1@651416f, 69=android.view.AbsSavedState$1@651416f, 70=android.view.AbsSavedState$1@651416f, 71=android.view.AbsSavedState$1@651416f, 72=android.view.AbsSavedState$1@651416f, 73=android.view.AbsSavedState$1@651416f, 74=android.view.AbsSavedState$1@651416f, 75=android.view.AbsSavedState$1@651416f, 76=android.view.AbsSavedState$1@651416f, 77=android.view.AbsSavedState$1@651416f, 78=android.view.AbsSavedState$1@651416f, 79=android.view.AbsSavedState$1@651416f, 80=android.view.AbsSavedState$1@651416f, 81=android.view.AbsSavedState$1@651416f, 82=android.view.AbsSavedState$1@651416f, 83=android.view.AbsSavedState$1@651416f, 84=android.view.AbsSavedState$1@651416f, 85=android.view.AbsSavedState$1@651416f, 86=android.view.AbsSavedState$1@651416f, 87=android.view.AbsSavedState$1@651416f, 88=android.view.AbsSavedState$1@651416f, 89=android.view.AbsSavedState$1@651416f, 90=android.view.AbsSavedState$1@651416f, 91=android.view.AbsSavedState$1@651416f, 92=android.view.AbsSavedState$1@651416f, 93=android.view.AbsSavedState$1@651416f, 94=android.view.AbsSavedState$1@651416f, 95=android.view.AbsSavedState$1@651416f, 96=android.view.Abs
07-13 16:44:25.156 D/Surface ( 7438): release Surface,mNativeObject=0, this Surface(name=null)/@0xfd06342, caller: android.view.ViewRootImpl.destroySurface:1646 android.view.ViewRootImpl.setWindowStopped:1592 android.view.WindowManagerGlobal.setStoppedState:726 android.app.Activity.performStop:8148 android.app.ActivityThread.callActivityOnStop:4742 android.app.ActivityThread.performStopActivityInner:4720 
07-13 16:44:25.156 D/Launcher3( 7438): Launcher, (Launcher)onStop: this = com.android.launcher3.Launcher@ffd5d6a
07-13 16:44:25.156 D/Launcher3( 7438): Launcher, (Launcher)onStop: set SharedPreferences for MMS
07-13 16:44:25.156 D/Launcher3( 7438): Launcher, (Launcher)onStop: PowerManager.isScreenOn() = fasle, don't set SharedPreferences
07-13 16:44:25.156 D/Launcher3( 7438): Launcher, (Launcher)onStop: set SharedPreferences for MMS,end
07-13 16:44:25.156 I/LinkTurboReg( 7438): after performStop current mActovities size is: 1
07-13 16:44:25.161 D/TXZ     ( 5597): [ReportManager][7066/7122]initWebSocket: url=wss://websocket.txzing.com/junsun/index?app_id=6a3643cb81c6e92137ccc63f536df874&tm=1752439465160&data=1iyM7LcYm4SedTMywdGLYMN%2FvvOlHhQfkPXz5xUXZUc%3D&platform=car
07-13 16:44:25.161 D/TXZ     ( 5597): [ReportManager][7066/7122]connect: start
07-13 16:44:25.162 D/TXZ     ( 5597): [TXZWebSocketClient][7066/24744]onError: ex=java.net.UnknownHostException: websocket.txzing.com
07-13 16:44:25.162 D/TXZ     ( 5597): [ReportManager][7066/24744]java.net.UnknownHostException: websocket.txzing.com
07-13 16:44:25.162 D/TXZ     ( 5597): [ReportManager][7066/24744]onClose() called with: code = -1, reason = websocket.txzing.com, remote = false
07-13 16:44:25.162 D/TXZ     ( 5597): [ReportManager][7066/7122]connect: finish
07-13 16:44:25.168 D/PowerController.RecogA( 4123): packageName:com.android.launcher.gradient.black mFgEvent:ACTIVITY_STOPPED mLastTimeFgEventChanged:8005736 mLastLaunchTime:7888020 mProcState:PROCESS_STATE_CACHED_EMPTY mLastTimeProcStateChanged:0 mNotificationState:0 mLastTimeNotificationStateChanged:0 mAudioState:0 mLastTimeAudioStateChanged:0 mRequestGps:true mAvoidConstraintGps:false mBehaviorType:0 mScreenOn:true mLastTimeScreenStateChanged:0 mLastBgTime:8005348 mFgDuration:4465811 mAudioDuration:0 mBgAudioDuration:0 mHasNoClearNotificationWhenNavi:false
07-13 16:44:25.169 I/BarController( 4123): setBarShowingLw - win: 15df344 StatusBar - show: true
07-13 16:44:25.170 I/gralloc ( 3580): gralloc_unregister_buffer hnd=0x7f66041300, share_fd=102, share_attr_fd=132, magic=51647890, format=1, internal_format=1, byte_stride=5120, flags=4, usage=0x966, size=3686400, width=1280, height=720, internalWidth=1280, internalHeight=720, stride=1280, base=0x7f4ac91000, cpu_read=0,cpu_write=0, attr_base=0xffffffffffffffff, yuv_info=0, fd=-1, buf_idx=0, offset=0, min_pgsz=4096, phyaddr=0
07-13 16:44:25.194 I/gralloc ( 3580): gralloc_unregister_buffer hnd=0x7f66044a00, share_fd=98, share_attr_fd=117, magic=51647890, format=1, internal_format=300000001, byte_stride=2880, flags=4, usage=0x20000b00, size=3744768, width=720, height=1280, internalWidth=720, internalHeight=1280, stride=720, base=0x7f4d360000, cpu_read=0,cpu_write=0, attr_base=0xffffffffffffffff, yuv_info=0, fd=-1, buf_idx=0, offset=0, min_pgsz=4096, phyaddr=0
07-13 16:44:25.299 D/ip_monitor-3641(24745): fe80::a849:9bff:fe18:bc78 dev wlan0 lladdr aa:49:9b:1b:bf:7b router PROBE
07-13 16:44:25.316 D/ip_monitor-3641(24746): fe80::a849:9bff:fe18:bc78 dev wlan0 lladdr aa:49:9b:1b:bf:7b router REACHABLE
07-13 16:44:25.348 D/TXZ     ( 5597): [ReportManager][7066/7122]initWebSocket: url=wss://websocket.txzing.com/junsun/index?app_id=6a3643cb81c6e92137ccc63f536df874&tm=1752439465347&data=uWOxiZ5%2F47A8jwMMFByonAIzA50dPuMwAlbhvvi%2Fw38%3D&platform=car
07-13 16:44:25.348 D/TXZ     ( 5597): [ReportManager][7066/7122]connect: start
07-13 16:44:25.349 D/TXZ     ( 5597): [TXZWebSocketClient][7066/24747]onError: ex=java.net.UnknownHostException: websocket.txzing.com
07-13 16:44:25.350 D/TXZ     ( 5597): [ReportManager][7066/24747]java.net.UnknownHostException: websocket.txzing.com
07-13 16:44:25.350 D/TXZ     ( 5597): [ReportManager][7066/24747]onClose() called with: code = -1, reason = websocket.txzing.com, remote = false
07-13 16:44:25.350 D/TXZ     ( 5597): [ReportManager][7066/7122]connect: finish
07-13 16:44:25.446 D/TXZ     ( 5597): [ReportManager][7066/7122]initWebSocket: url=wss://websocket.txzing.com/junsun/index?app_id=6a3643cb81c6e92137ccc63f536df874&tm=1752439465446&data=qcFzbLRZQtlayhES3O77yXRmgrWsPzJjMzsGQWfdG3E%3D&platform=car
07-13 16:44:25.446 D/TXZ     ( 5597): [ReportManager][7066/7122]connect: start
07-13 16:44:25.448 D/TXZ     ( 5597): [TXZWebSocketClient][7066/24748]onError: ex=java.net.UnknownHostException: websocket.txzing.com
07-13 16:44:25.448 D/TXZ     ( 5597): [ReportManager][7066/24748]java.net.UnknownHostException: websocket.txzing.com
07-13 16:44:25.448 D/TXZ     ( 5597): [ReportManager][7066/24748]onClose() called with: code = -1, reason = websocket.txzing.com, remote = false
07-13 16:44:25.449 D/TXZ     ( 5597): [ReportManager][7066/7122]connect: finish
07-13 16:44:25.523 D/btopt   ( 3755): zlink wake_up_apk_server: cmd = 'export PATH=$PATH:/system/bin/;am broadcast -a "zjinnova.android.intent.action.START_DAEMON_SERVICE" --include-stopped-packages "com.zjinnova.zlink"&'
07-13 16:44:25.551 D/TXZ     ( 5597): [ReportManager][7066/7122]initWebSocket: url=wss://websocket.txzing.com/junsun/index?app_id=6a3643cb81c6e92137ccc63f536df874&tm=1752439465550&data=YEwUJhivd7d0cm%2BzLlwx1P9DLZXe914IUGW%2Blz29N5Q%3D&platform=car
07-13 16:44:25.551 D/TXZ     ( 5597): [ReportManager][7066/7122]connect: start
07-13 16:44:25.552 D/TXZ     ( 5597): [TXZWebSocketClient][7066/24764]onError: ex=java.net.UnknownHostException: websocket.txzing.com
07-13 16:44:25.552 D/TXZ     ( 5597): [ReportManager][7066/24764]java.net.UnknownHostException: websocket.txzing.com
07-13 16:44:25.552 D/TXZ     ( 5597): [ReportManager][7066/24764]onClose() called with: code = -1, reason = websocket.txzing.com, remote = false
07-13 16:44:25.552 D/TXZ     ( 5597): [ReportManager][7066/7122]connect: finish
07-13 16:44:25.554 I/mcu_services( 5451): readInBuf:[ff fe fd 03 01 29 81 a9 ff ]
07-13 16:44:25.554 E/mcu_services( 5451): MCU2APP : [ff fe fd 03 01 29 81 a9 ff ]
07-13 16:44:25.554 D/mcu_services( 5451): processResponse - length: 3 - type: 1 - control: 29
07-13 16:44:25.554 D/mcu_services( 5451): dispatchToClients - cmdId: 41 - data : [29 81 ]
07-13 16:44:25.554 D/callback( 5451): callMcuInfoChanged: 29 81 
07-13 16:44:25.556 W/ContextImpl( 6445): Calling a method in the system process without a qualified user: android.app.ContextImpl.sendBroadcast:1045 android.content.ContextWrapper.sendBroadcast:448 com.qf.carsettings.service.CarSettingService$4.onMcuInfoChanged:670 android.qf.mcu.McuManager$ListenerTransport._handleMessage:106 android.qf.mcu.McuManager$ListenerTransport.access$700:72 
07-13 16:44:25.555 D/callback( 5451): callMcuInfoChanged: 29 81 
07-13 16:44:25.559 D/TxzAccessibilityService( 5597): onAccessibilityEvent: event=EventType: TYPE_WINDOW_CONTENT_CHANGED; EventTime: 8006126; PackageName: com.android.systemui; MovementGranularity: 0; Action: 0; ContentChangeTypes: [CONTENT_CHANGE_TYPE_TEXT]; WindowChangeTypes: [] [ ClassName: android.widget.TextView; Text: []; ContentDescription: null; ItemCount: -1; CurrentItemIndex: -1; Enabled: true; Password: false; Checked: false; FullScreen: false; Scrollable: false; BeforeText: null; FromIndex: -1; ToIndex: -1; ScrollX: -1; ScrollY: -1; MaxScrollX: -1; MaxScrollY: -1; AddedCount: -1; RemovedCount: -1; ParcelableData: null ]; recordCount: 1
07-13 16:44:25.559 D/TxzAccessibilityService( 5597): skip com.android.systemui
07-13 16:44:25.561 V/ActivityManagerShellCommand( 4123): Received onCommand broadcast callUid=0 callpid=24763
07-13 16:44:25.612 I/QFApi   ( 6445): getCustomPlatform - customPlatform: 7862
07-13 16:44:25.742 D/TXZ     ( 5597): [ReportManager][7066/7122]initWebSocket: url=wss://websocket.txzing.com/junsun/index?app_id=6a3643cb81c6e92137ccc63f536df874&tm=1752439465741&data=jn30rkWg6PF4iC%2F99hTrug1PqbU9V54Hc15Ne9TUbsI%3D&platform=car
07-13 16:44:25.742 D/TXZ     ( 5597): [ReportManager][7066/7122]connect: start
07-13 16:44:25.743 D/Netd    ( 3473): app_netid:0x64 app_mark:0x64 dns_netid:0x64 dns_mark:0xf0064 uid:10121
07-13 16:44:25.746 D/TXZ     ( 5597): [TXZWebSocketClient][7066/24772]onError: ex=java.net.UnknownHostException: websocket.txzing.com
07-13 16:44:25.746 D/TXZ     ( 5597): [ReportManager][7066/24772]java.net.UnknownHostException: websocket.txzing.com
07-13 16:44:25.746 D/TXZ     ( 5597): [ReportManager][7066/24772]onClose() called with: code = -1, reason = websocket.txzing.com, remote = false
07-13 16:44:25.746 D/TXZ     ( 5597): [ReportManager][7066/7122]connect: finish
07-13 16:44:25.746 D/TXZ     ( 5597): [ReportManager][7066/7122]initWebSocket: url=wss://websocket.txzing.com/junsun/index?app_id=6a3643cb81c6e92137ccc63f536df874&tm=1752439465746&data=HdCY815ngm3hCrcfOtSCgbv0OfVoJhxYwWSfJRD7gOY%3D&platform=car
07-13 16:44:25.747 D/TXZ     ( 5597): [ReportManager][7066/7122]connect: start
07-13 16:44:25.747 D/TXZ     ( 5597): [TXZWebSocketClient][7066/24774]onError: ex=java.net.UnknownHostException: websocket.txzing.com
07-13 16:44:25.748 D/TXZ     ( 5597): [ReportManager][7066/24774]java.net.UnknownHostException: websocket.txzing.com
07-13 16:44:25.748 D/TXZ     ( 5597): [ReportManager][7066/24774]onClose() called with: code = -1, reason = websocket.txzing.com, remote = false
07-13 16:44:25.748 D/TXZ     ( 5597): [ReportManager][7066/7122]connect: finish
07-13 16:44:25.748 D/TXZ     ( 5597): [ReportManager][7066/7122]initWebSocket: url=wss://websocket.txzing.com/junsun/index?app_id=6a3643cb81c6e92137ccc63f536df874&tm=1752439465747&data=cEwUATkZUKqNUymVycZu4SgLCU1Zs5lUrdpWnVQxPHY%3D&platform=car
07-13 16:44:25.749 D/TXZ     ( 5597): [ReportManager][7066/7122]connect: start
07-13 16:44:25.749 D/TXZ     ( 5597): [TXZWebSocketClient][7066/24775]onError: ex=java.net.UnknownHostException: websocket.txzing.com
07-13 16:44:25.749 D/TXZ     ( 5597): [ReportManager][7066/24775]java.net.UnknownHostException: websocket.txzing.com
07-13 16:44:25.749 D/TXZ     ( 5597): [ReportManager][7066/24775]onClose() called with: code = -1, reason = websocket.txzing.com, remote = false
07-13 16:44:25.749 D/TXZ     ( 5597): [ReportManager][7066/7122]connect: finish
07-13 16:44:25.750 D/TXZ     ( 5597): [ReportManager][7066/7122]initWebSocket: url=wss://websocket.txzing.com/junsun/index?app_id=6a3643cb81c6e92137ccc63f536df874&tm=1752439465749&data=mjeLXJJu8%2FrH60v12wq%2FGXWrGkzaE4KjnY0FpCUyODo%3D&platform=car
07-13 16:44:25.750 D/TXZ     ( 5597): [ReportManager][7066/7122]connect: start
07-13 16:44:25.750 D/TXZ     ( 5597): [TXZWebSocketClient][7066/24776]onError: ex=java.net.UnknownHostException: websocket.txzing.com
07-13 16:44:25.751 D/TXZ     ( 5597): [ReportManager][7066/24776]java.net.UnknownHostException: websocket.txzing.com
07-13 16:44:25.751 D/TXZ     ( 5597): [ReportManager][7066/24776]onClose() called with: code = -1, reason = websocket.txzing.com, remote = false
07-13 16:44:25.751 D/TXZ     ( 5597): [ReportManager][7066/7122]connect: finish
07-13 16:44:25.753 D/TXZ     ( 5597): [ReportManager][7066/7122]initWebSocket: url=wss://websocket.txzing.com/junsun/index?app_id=6a3643cb81c6e92137ccc63f536df874&tm=1752439465752&data=1VThACsJETTIW%2BZyRj7NdDBWAvAaKzInyc0GOM0DH5g%3D&platform=car
07-13 16:44:25.753 D/TXZ     ( 5597): [ReportManager][7066/7122]connect: start
07-13 16:44:25.754 D/TXZ     ( 5597): [TXZWebSocketClient][7066/24777]onError: ex=java.net.UnknownHostException: websocket.txzing.com
07-13 16:44:25.754 D/TXZ     ( 5597): [ReportManager][7066/24777]java.net.UnknownHostException: websocket.txzing.com
07-13 16:44:25.754 D/TXZ     ( 5597): [ReportManager][7066/24777]onClose() called with: code = -1, reason = websocket.txzing.com, remote = false
07-13 16:44:25.754 D/TXZ     ( 5597): [ReportManager][7066/7122]connect: finish
07-13 16:44:25.755 D/TXZ     ( 5597): [ReportManager][7066/7122]initWebSocket: url=wss://websocket.txzing.com/junsun/index?app_id=6a3643cb81c6e92137ccc63f536df874&tm=1752439465755&data=ts4uNJm%2F0M92YS4XEdw2Vi1%2FSc6dfOZ7BZgJtus5hSQ%3D&platform=car
07-13 16:44:25.756 D/TXZ     ( 5597): [ReportManager][7066/7122]connect: start
07-13 16:44:25.757 D/TXZ     ( 5597): [TXZWebSocketClient][7066/24778]onError: ex=java.net.UnknownHostException: websocket.txzing.com
07-13 16:44:25.757 D/TXZ     ( 5597): [ReportManager][7066/24778]java.net.UnknownHostException: websocket.txzing.com
07-13 16:44:25.757 D/TXZ     ( 5597): [ReportManager][7066/24778]onClose() called with: code = -1, reason = websocket.txzing.com, remote = false
07-13 16:44:25.757 D/TXZ     ( 5597): [ReportManager][7066/7122]connect: finish
07-13 16:44:25.757 D/TXZ     ( 5597): [ReportManager][7066/7122]initWebSocket: url=wss://websocket.txzing.com/junsun/index?app_id=6a3643cb81c6e92137ccc63f536df874&tm=1752439465757&data=wJ3kPj0h9D2%2FGWYZBrjH4vodjd2PbM7Pj0%2F6aqRcfcc%3D&platform=car
07-13 16:44:25.759 D/TXZ     ( 5597): [ReportManager][7066/7122]connect: start
07-13 16:44:25.759 D/TXZ     ( 5597): [TXZWebSocketClient][7066/24779]onError: ex=java.net.UnknownHostException: websocket.txzing.com
07-13 16:44:25.759 D/TXZ     ( 5597): [ReportManager][7066/24779]java.net.UnknownHostException: websocket.txzing.com
07-13 16:44:25.759 D/TXZ     ( 5597): [ReportManager][7066/24779]onClose() called with: code = -1, reason = websocket.txzing.com, remote = false
07-13 16:44:25.759 D/TXZ     ( 5597): [ReportManager][7066/7122]connect: finish
07-13 16:44:25.762 D/TXZ     ( 5597): [ReportManager][7066/7122]initWebSocket: url=wss://websocket.txzing.com/junsun/index?app_id=6a3643cb81c6e92137ccc63f536df874&tm=1752439465762&data=gcV1iGpwLQSPQH7S9fdB1TSXZ0SM7F6BQWFtlHUtzHo%3D&platform=car
07-13 16:44:25.763 D/TXZ     ( 5597): [ReportManager][7066/7122]connect: start
07-13 16:44:25.764 D/TXZ     ( 5597): [TXZWebSocketClient][7066/24780]onError: ex=java.net.UnknownHostException: websocket.txzing.com
07-13 16:44:25.764 D/TXZ     ( 5597): [ReportManager][7066/24780]java.net.UnknownHostException: websocket.txzing.com
07-13 16:44:25.764 D/TXZ     ( 5597): [ReportManager][7066/24780]onClose() called with: code = -1, reason = websocket.txzing.com, remote = false
07-13 16:44:25.764 D/TXZ     ( 5597): [ReportManager][7066/7122]connect: finish
07-13 16:44:25.764 D/TXZ     ( 5597): [ReportManager][7066/7122]initWebSocket: url=wss://websocket.txzing.com/junsun/index?app_id=6a3643cb81c6e92137ccc63f536df874&tm=1752439465764&data=Q%2FhBhyfAz9nghqQxp0JYL0PgjnlZ06mDXA5G5AquZc8%3D&platform=car
07-13 16:44:25.764 D/TXZ     ( 5597): [ReportManager][7066/7122]connect: start
07-13 16:44:25.766 D/TXZ     ( 5597): [TXZWebSocketClient][7066/24781]onError: ex=java.net.UnknownHostException: websocket.txzing.com
07-13 16:44:25.766 D/TXZ     ( 5597): [ReportManager][7066/24781]java.net.UnknownHostException: websocket.txzing.com
07-13 16:44:25.766 D/TXZ     ( 5597): [ReportManager][7066/24781]onClose() called with: code = -1, reason = websocket.txzing.com, remote = false
07-13 16:44:25.766 D/TXZ     ( 5597): [ReportManager][7066/7122]connect: finish
07-13 16:44:25.768 D/TXZ     ( 5597): [ReportManager][7066/7122]initWebSocket: url=wss://websocket.txzing.com/junsun/index?app_id=6a3643cb81c6e92137ccc63f536df874&tm=1752439465768&data=rd8uwG%2FmWBwe4778gBt0sFo%2BUj%2F5Q6dazppvwkndWOE%3D&platform=car
07-13 16:44:25.768 D/TXZ     ( 5597): [ReportManager][7066/7122]connect: start
07-13 16:44:25.770 D/TXZ     ( 5597): [TXZWebSocketClient][7066/24782]onError: ex=java.net.UnknownHostException: websocket.txzing.com
07-13 16:44:25.770 D/TXZ     ( 5597): [ReportManager][7066/24782]java.net.UnknownHostException: websocket.txzing.com
07-13 16:44:25.771 D/TXZ     ( 5597): [ReportManager][7066/24782]onClose() called with: code = -1, reason = websocket.txzing.com, remote = false
07-13 16:44:25.772 D/TXZ     ( 5597): [ReportManager][7066/7122]connect: finish
07-13 16:44:25.772 D/TXZ     ( 5597): [ReportManager][7066/7122]initWebSocket: url=wss://websocket.txzing.com/junsun/index?app_id=6a3643cb81c6e92137ccc63f536df874&tm=1752439465771&data=r9w%2FXuXy0rnIag8IA0d5X9gmpG8qoLlH6WG3hJ7oT3I%3D&platform=car
07-13 16:44:25.772 D/TXZ     ( 5597): [ReportManager][7066/7122]connect: start
07-13 16:44:25.773 D/TXZ     ( 5597): [TXZWebSocketClient][7066/24783]onError: ex=java.net.UnknownHostException: websocket.txzing.com
07-13 16:44:25.773 D/TXZ     ( 5597): [ReportManager][7066/24783]java.net.UnknownHostException: websocket.txzing.com
07-13 16:44:25.773 D/TXZ     ( 5597): [ReportManager][7066/24783]onClose() called with: code = -1, reason = websocket.txzing.com, remote = false
07-13 16:44:25.773 D/TXZ     ( 5597): [ReportManager][7066/7122]connect: finish
07-13 16:44:25.774 D/TXZ     ( 5597): [ReportManager][7066/7122]initWebSocket: url=wss://websocket.txzing.com/junsun/index?app_id=6a3643cb81c6e92137ccc63f536df874&tm=1752439465774&data=AOX32v3LKcFW%2Ba98xRyBEdSitPSAK64liPlklxGyq6E%3D&platform=car
07-13 16:44:25.774 D/TXZ     ( 5597): [ReportManager][7066/7122]connect: start
07-13 16:44:25.775 D/TXZ     ( 5597): [TXZWebSocketClient][7066/24784]onError: ex=java.net.UnknownHostException: websocket.txzing.com
07-13 16:44:25.775 D/TXZ     ( 5597): [ReportManager][7066/24784]java.net.UnknownHostException: websocket.txzing.com
07-13 16:44:25.775 D/TXZ     ( 5597): [ReportManager][7066/24784]onClose() called with: code = -1, reason = websocket.txzing.com, remote = false
07-13 16:44:25.775 D/TXZ     ( 5597): [ReportManager][7066/7122]connect: finish
07-13 16:44:25.777 D/TXZ     ( 5597): [ReportManager][7066/7122]initWebSocket: url=wss://websocket.txzing.com/junsun/index?app_id=6a3643cb81c6e92137ccc63f536df874&tm=1752439465776&data=FiwKD0tDdNRmiutSNURZq7gRD%2BZodKgi1x7yeEyaH8M%3D&platform=car
07-13 16:44:25.777 D/TXZ     ( 5597): [ReportManager][7066/7122]connect: start
07-13 16:44:25.778 D/TXZ     ( 5597): [TXZWebSocketClient][7066/24785]onError: ex=java.net.UnknownHostException: websocket.txzing.com
07-13 16:44:25.778 D/TXZ     ( 5597): [ReportManager][7066/24785]java.net.UnknownHostException: websocket.txzing.com
07-13 16:44:25.778 D/TXZ     ( 5597): [ReportManager][7066/24785]onClose() called with: code = -1, reason = websocket.txzing.com, remote = false
07-13 16:44:25.778 D/TXZ     ( 5597): [ReportManager][7066/7122]connect: finish
07-13 16:44:25.782 D/TXZ     ( 5597): [ReportManager][7066/7122]initWebSocket: url=wss://websocket.txzing.com/junsun/index?app_id=6a3643cb81c6e92137ccc63f536df874&tm=1752439465782&data=JSvtpTx3c7O90YrtPdc7o5XDK1zMzy%2FE0m9LUR6NJ90%3D&platform=car
07-13 16:44:25.782 D/TXZ     ( 5597): [ReportManager][7066/7122]connect: start
07-13 16:44:25.783 D/TXZ     ( 5597): [TXZWebSocketClient][7066/24786]onError: ex=java.net.UnknownHostException: websocket.txzing.com
07-13 16:44:25.784 D/TXZ     ( 5597): [ReportManager][7066/24786]java.net.UnknownHostException: websocket.txzing.com
07-13 16:44:25.784 D/TXZ     ( 5597): [ReportManager][7066/24786]onClose() called with: code = -1, reason = websocket.txzing.com, remote = false
07-13 16:44:25.784 D/TXZ     ( 5597): [ReportManager][7066/7122]connect: finish
07-13 16:44:25.786 D/TXZ     ( 5597): [ReportManager][7066/7122]initWebSocket: url=wss://websocket.txzing.com/junsun/index?app_id=6a3643cb81c6e92137ccc63f536df874&tm=1752439465786&data=CvIM87eBAvyLVi7iSbEWvyLsa3aa4o5ZZ95ZY1zxjRk%3D&platform=car
07-13 16:44:25.786 D/TXZ     ( 5597): [ReportManager][7066/7122]connect: start
07-13 16:44:25.787 D/TXZ     ( 5597): [TXZWebSocketClient][7066/24787]onError: ex=java.net.UnknownHostException: websocket.txzing.com
07-13 16:44:25.787 D/TXZ     ( 5597): [ReportManager][7066/24787]java.net.UnknownHostException: websocket.txzing.com
07-13 16:44:25.787 D/TXZ     ( 5597): [ReportManager][7066/24787]onClose() called with: code = -1, reason = websocket.txzing.com, remote = false
07-13 16:44:25.787 D/TXZ     ( 5597): [ReportManager][7066/7122]connect: finish
07-13 16:44:25.787 D/TXZ     ( 5597): [ReportManager][7066/7122]initWebSocket: url=wss://websocket.txzing.com/junsun/index?app_id=6a3643cb81c6e92137ccc63f536df874&tm=1752439465787&data=pvBQXkzHNSHRduOe1lQ1TDqZoDZ%2F0rfS13RPaSaOJ60%3D&platform=car
07-13 16:44:25.788 D/TXZ     ( 5597): [ReportManager][7066/7122]connect: start
07-13 16:44:25.789 D/TXZ     ( 5597): [TXZWebSocketClient][7066/24788]onError: ex=java.net.UnknownHostException: websocket.txzing.com
07-13 16:44:25.789 D/TXZ     ( 5597): [ReportManager][7066/24788]java.net.UnknownHostException: websocket.txzing.com
07-13 16:44:25.789 D/TXZ     ( 5597): [ReportManager][7066/24788]onClose() called with: code = -1, reason = websocket.txzing.com, remote = false
07-13 16:44:25.789 D/TXZ     ( 5597): [ReportManager][7066/7122]connect: finish
07-13 16:44:25.790 D/TXZ     ( 5597): [ReportManager][7066/7122]initWebSocket: url=wss://websocket.txzing.com/junsun/index?app_id=6a3643cb81c6e92137ccc63f536df874&tm=1752439465790&data=A6RB6WwXR%2BYXKVFkSnEBLSfDwwNPYSTHy0m8LfKspng%3D&platform=car
07-13 16:44:25.790 D/TXZ     ( 5597): [ReportManager][7066/7122]connect: start
07-13 16:44:25.791 D/TXZ     ( 5597): [TXZWebSocketClient][7066/24789]onError: ex=java.net.UnknownHostException: websocket.txzing.com
07-13 16:44:25.791 D/TXZ     ( 5597): [ReportManager][7066/24789]java.net.UnknownHostException: websocket.txzing.com
07-13 16:44:25.793 D/TXZ     ( 5597): [ReportManager][7066/24789]onClose() called with: code = -1, reason = websocket.txzing.com, remote = false
07-13 16:44:25.793 D/TXZ     ( 5597): [ReportManager][7066/7122]connect: finish
07-13 16:44:25.793 D/TXZ     ( 5597): [ReportManager][7066/7122]initWebSocket: url=wss://websocket.txzing.com/junsun/index?app_id=6a3643cb81c6e92137ccc63f536df874&tm=1752439465791&data=0Ubj%2Fv5GgMi%2FpyKY8svS9Ki02a8JBgoCWcBg3Qh6lTk%3D&platform=car
07-13 16:44:25.793 D/TXZ     ( 5597): [ReportManager][7066/7122]connect: start
07-13 16:44:25.793 D/TXZ     ( 5597): [TXZWebSocketClient][7066/24790]onError: ex=java.net.UnknownHostException: websocket.txzing.com
07-13 16:44:25.793 D/TXZ     ( 5597): [ReportManager][7066/24790]java.net.UnknownHostException: websocket.txzing.com
07-13 16:44:25.793 D/TXZ     ( 5597): [ReportManager][7066/24790]onClose() called with: code = -1, reason = websocket.txzing.com, remote = false
07-13 16:44:25.794 D/TXZ     ( 5597): [ReportManager][7066/7122]connect: finish
07-13 16:44:25.794 D/TXZ     ( 5597): [ReportManager][7066/7122]initWebSocket: url=wss://websocket.txzing.com/junsun/index?app_id=6a3643cb81c6e92137ccc63f536df874&tm=1752439465793&data=vGQvY57l9%2FJ1uy3Y4kHcpnwdDzAfyNGBPc9IoVEPots%3D&platform=car
07-13 16:44:25.794 D/TXZ     ( 5597): [ReportManager][7066/7122]connect: start
07-13 16:44:25.794 D/TXZ     ( 5597): [TXZWebSocketClient][7066/24791]onError: ex=java.net.UnknownHostException: websocket.txzing.com
07-13 16:44:25.794 D/TXZ     ( 5597): [ReportManager][7066/24791]java.net.UnknownHostException: websocket.txzing.com
07-13 16:44:25.794 D/TXZ     ( 5597): [ReportManager][7066/24791]onClose() called with: code = -1, reason = websocket.txzing.com, remote = false
07-13 16:44:25.795 D/TXZ     ( 5597): [ReportManager][7066/7122]connect: finish
07-13 16:44:25.796 D/TXZ     ( 5597): [ReportManager][7066/7122]initWebSocket: url=wss://websocket.txzing.com/junsun/index?app_id=6a3643cb81c6e92137ccc63f536df874&tm=1752439465795&data=yCbdiLesHFEata9Gy3pRhufW4luSk%2FMPBhKYLZxX5T0%3D&platform=car
07-13 16:44:25.796 D/TXZ     ( 5597): [ReportManager][7066/7122]connect: start
07-13 16:44:25.797 D/TXZ     ( 5597): [TXZWebSocketClient][7066/24792]onError: ex=java.net.UnknownHostException: websocket.txzing.com
07-13 16:44:25.797 D/TXZ     ( 5597): [ReportManager][7066/24792]java.net.UnknownHostException: websocket.txzing.com
07-13 16:44:25.797 D/TXZ     ( 5597): [ReportManager][7066/24792]onClose() called with: code = -1, reason = websocket.txzing.com, remote = false
07-13 16:44:25.797 D/TXZ     ( 5597): [ReportManager][7066/7122]connect: finish
07-13 16:44:25.798 D/TXZ     ( 5597): [ReportManager][7066/7122]initWebSocket: url=wss://websocket.txzing.com/junsun/index?app_id=6a3643cb81c6e92137ccc63f536df874&tm=1752439465798&data=o1L0zrkEabQ%2ByJPswnJjnDAGjVx79QRsPVL2FkoAclo%3D&platform=car
07-13 16:44:25.799 D/TXZ     ( 5597): [ReportManager][7066/7122]connect: start
07-13 16:44:25.800 D/TXZ     ( 5597): [TXZWebSocketClient][7066/24793]onError: ex=java.net.UnknownHostException: websocket.txzing.com
07-13 16:44:25.800 D/TXZ     ( 5597): [ReportManager][7066/24793]java.net.UnknownHostException: websocket.txzing.com
07-13 16:44:25.800 D/TXZ     ( 5597): [ReportManager][7066/24793]onClose() called with: code = -1, reason = websocket.txzing.com, remote = false
07-13 16:44:25.800 D/TXZ     ( 5597): [ReportManager][7066/7122]connect: finish
07-13 16:44:25.801 D/TXZ     ( 5597): [ReportManager][7066/7122]initWebSocket: url=wss://websocket.txzing.com/junsun/index?app_id=6a3643cb81c6e92137ccc63f536df874&tm=1752439465801&data=N2VoimEacZgcOwdl3ILNLKSakyoZzkPfjPwzPfH6iOs%3D&platform=car
07-13 16:44:25.801 D/TXZ     ( 5597): [ReportManager][7066/7122]connect: start
07-13 16:44:25.802 D/TXZ     ( 5597): [TXZWebSocketClient][7066/24794]onError: ex=java.net.UnknownHostException: websocket.txzing.com
07-13 16:44:25.802 D/TXZ     ( 5597): [ReportManager][7066/24794]java.net.UnknownHostException: websocket.txzing.com
07-13 16:44:25.802 D/TXZ     ( 5597): [ReportManager][7066/24794]onClose() called with: code = -1, reason = websocket.txzing.com, remote = false
07-13 16:44:25.803 D/TXZ     ( 5597): [ReportManager][7066/7122]connect: finish
07-13 16:44:25.803 D/TXZ     ( 5597): [ReportManager][7066/7122]initWebSocket: url=wss://websocket.txzing.com/junsun/index?app_id=6a3643cb81c6e92137ccc63f536df874&tm=1752439465802&data=4eBzJqgqK3VaJVx7LmD%2FlcTPawFmoPjm6dI8BagIJ%2BQ%3D&platform=car
07-13 16:44:25.803 D/TXZ     ( 5597): [ReportManager][7066/7122]connect: start
07-13 16:44:25.804 D/TXZ     ( 5597): [TXZWebSocketClient][7066/24795]onError: ex=java.net.UnknownHostException: websocket.txzing.com
07-13 16:44:25.804 D/TXZ     ( 5597): [ReportManager][7066/24795]java.net.UnknownHostException: websocket.txzing.com
07-13 16:44:25.804 D/TXZ     ( 5597): [ReportManager][7066/24795]onClose() called with: code = -1, reason = websocket.txzing.com, remote = false
07-13 16:44:25.804 D/TXZ     ( 5597): [ReportManager][7066/7122]connect: finish
07-13 16:44:25.805 D/TXZ     ( 5597): [ReportManager][7066/7122]initWebSocket: url=wss://websocket.txzing.com/junsun/index?app_id=6a3643cb81c6e92137ccc63f536df874&tm=1752439465805&data=OXKIMe31Dgpnk%2B5jMjvo6fzPXx0nG2Llv7fgdlxxqeE%3D&platform=car
07-13 16:44:25.806 D/TXZ     ( 5597): [ReportManager][7066/7122]connect: start
07-13 16:44:25.807 D/TXZ     ( 5597): [TXZWebSocketClient][7066/24796]onError: ex=java.net.UnknownHostException: websocket.txzing.com
07-13 16:44:25.807 D/TXZ     ( 5597): [ReportManager][7066/24796]java.net.UnknownHostException: websocket.txzing.com
07-13 16:44:25.807 D/TXZ     ( 5597): [ReportManager][7066/24796]onClose() called with: code = -1, reason = websocket.txzing.com, remote = false
07-13 16:44:25.807 D/TXZ     ( 5597): [ReportManager][7066/7122]connect: finish
07-13 16:44:25.807 D/TXZ     ( 5597): [ReportManager][7066/7122]initWebSocket: url=wss://websocket.txzing.com/junsun/index?app_id=6a3643cb81c6e92137ccc63f536df874&tm=1752439465807&data=N15imxo%2FKZQRq8agPONi2A0uEVIBbFf0wv9QGnfgAdQ%3D&platform=car
07-13 16:44:25.809 D/TXZ     ( 5597): [ReportManager][7066/7122]connect: start
07-13 16:44:25.809 D/TXZ     ( 5597): [TXZWebSocketClient][7066/24797]onError: ex=java.net.UnknownHostException: websocket.txzing.com
07-13 16:44:25.809 D/TXZ     ( 5597): [ReportManager][7066/24797]java.net.UnknownHostException: websocket.txzing.com
07-13 16:44:25.809 D/TXZ     ( 5597): [ReportManager][7066/24797]onClose() called with: code = -1, reason = websocket.txzing.com, remote = false
07-13 16:44:25.809 D/TXZ     ( 5597): [ReportManager][7066/7122]connect: finish
07-13 16:44:25.813 D/TXZ     ( 5597): [ReportManager][7066/7122]initWebSocket: url=wss://websocket.txzing.com/junsun/index?app_id=6a3643cb81c6e92137ccc63f536df874&tm=1752439465812&data=cm7RqU09zhM6QQOr1LpaFbJh4m6xHjKrHCBKSBVgHXI%3D&platform=car
07-13 16:44:25.813 D/TXZ     ( 5597): [ReportManager][7066/7122]connect: start
07-13 16:44:25.814 D/TXZ     ( 5597): [TXZWebSocketClient][7066/24798]onError: ex=java.net.UnknownHostException: websocket.txzing.com
07-13 16:44:25.814 D/TXZ     ( 5597): [ReportManager][7066/24798]java.net.UnknownHostException: websocket.txzing.com
07-13 16:44:25.814 D/TXZ     ( 5597): [ReportManager][7066/24798]onClose() called with: code = -1, reason = websocket.txzing.com, remote = false
07-13 16:44:25.814 D/TXZ     ( 5597): [ReportManager][7066/7122]connect: finish
07-13 16:44:25.815 D/TXZ     ( 5597): [ReportManager][7066/7122]initWebSocket: url=wss://websocket.txzing.com/junsun/index?app_id=6a3643cb81c6e92137ccc63f536df874&tm=1752439465815&data=503YqAPvbd3vl64tfQE0Q2YGl9HLrD%2B0RYRJAm8tYXI%3D&platform=car
07-13 16:44:25.816 D/TXZ     ( 5597): [ReportManager][7066/7122]connect: start
07-13 16:44:25.817 D/TXZ     ( 5597): [TXZWebSocketClient][7066/24799]onError: ex=java.net.UnknownHostException: websocket.txzing.com
07-13 16:44:25.817 D/TXZ     ( 5597): [ReportManager][7066/24799]java.net.UnknownHostException: websocket.txzing.com
07-13 16:44:25.817 D/TXZ     ( 5597): [ReportManager][7066/24799]onClose() called with: code = -1, reason = websocket.txzing.com, remote = false
07-13 16:44:25.817 D/TXZ     ( 5597): [ReportManager][7066/7122]connect: finish
07-13 16:44:25.818 D/TXZ     ( 5597): [ReportManager][7066/7122]initWebSocket: url=wss://websocket.txzing.com/junsun/index?app_id=6a3643cb81c6e92137ccc63f536df874&tm=1752439465818&data=%2F%2BAz1GiS%2BuQ664%2BsbH3GKJDXucpxpA3u%2FsWqbmVDr8M%3D&platform=car
07-13 16:44:25.818 D/TXZ     ( 5597): [ReportManager][7066/7122]connect: start
07-13 16:44:25.820 D/TXZ     ( 5597): [TXZWebSocketClient][7066/24800]onError: ex=java.net.UnknownHostException: websocket.txzing.com
07-13 16:44:25.820 D/TXZ     ( 5597): [ReportManager][7066/24800]java.net.UnknownHostException: websocket.txzing.com
07-13 16:44:25.821 D/TXZ     ( 5597): [ReportManager][7066/24800]onClose() called with: code = -1, reason = websocket.txzing.com, remote = false
07-13 16:44:25.821 D/TXZ     ( 5597): [ReportManager][7066/7122]connect: finish
07-13 16:44:25.821 D/TXZ     ( 5597): [ReportManager][7066/7122]initWebSocket: url=wss://websocket.txzing.com/junsun/index?app_id=6a3643cb81c6e92137ccc63f536df874&tm=1752439465819&data=FuDRyPlnHn3eCWAgak5WvSFeXKLC51GI1TzRZnQoeDA%3D&platform=car
07-13 16:44:25.821 D/TXZ     ( 5597): [ReportManager][7066/7122]connect: start
07-13 16:44:25.821 D/TXZ     ( 5597): [TXZWebSocketClient][7066/24801]onError: ex=java.net.UnknownHostException: websocket.txzing.com
07-13 16:44:25.821 D/TXZ     ( 5597): [ReportManager][7066/24801]java.net.UnknownHostException: websocket.txzing.com
07-13 16:44:25.821 D/TXZ     ( 5597): [ReportManager][7066/24801]onClose() called with: code = -1, reason = websocket.txzing.com, remote = false
07-13 16:44:25.821 D/TXZ     ( 5597): [ReportManager][7066/7122]connect: finish
07-13 16:44:25.821 D/TXZ     ( 5597): [ReportManager][7066/7122]initWebSocket: url=wss://websocket.txzing.com/junsun/index?app_id=6a3643cb81c6e92137ccc63f536df874&tm=1752439465821&data=ma2vCKLmqxwIo5UPD34FGApfahbJHoxvMNs4OnUPbgY%3D&platform=car
07-13 16:44:25.822 D/TXZ     ( 5597): [ReportManager][7066/7122]connect: start
07-13 16:44:25.822 D/TXZ     ( 5597): [TXZWebSocketClient][7066/24802]onError: ex=java.net.UnknownHostException: websocket.txzing.com
07-13 16:44:25.822 D/TXZ     ( 5597): [ReportManager][7066/24802]java.net.UnknownHostException: websocket.txzing.com
07-13 16:44:25.823 D/TXZ     ( 5597): [ReportManager][7066/24802]onClose() called with: code = -1, reason = websocket.txzing.com, remote = false
07-13 16:44:25.823 D/TXZ     ( 5597): [ReportManager][7066/7122]connect: finish
07-13 16:44:25.824 D/TXZ     ( 5597): [ReportManager][7066/7122]initWebSocket: url=wss://websocket.txzing.com/junsun/index?app_id=6a3643cb81c6e92137ccc63f536df874&tm=1752439465823&data=PahBHKHDn5jNYXtwwzcn4bX%2FDCrMgCKINcApNFAK4RI%3D&platform=car
07-13 16:44:25.824 D/TXZ     ( 5597): [ReportManager][7066/7122]connect: start
07-13 16:44:25.825 D/TXZ     ( 5597): [TXZWebSocketClient][7066/24803]onError: ex=java.net.UnknownHostException: websocket.txzing.com
07-13 16:44:25.825 D/TXZ     ( 5597): [ReportManager][7066/24803]java.net.UnknownHostException: websocket.txzing.com
07-13 16:44:25.825 D/TXZ     ( 5597): [ReportManager][7066/24803]onClose() called with: code = -1, reason = websocket.txzing.com, remote = false
07-13 16:44:25.825 D/TXZ     ( 5597): [ReportManager][7066/7122]connect: finish
07-13 16:44:25.828 D/TXZ     ( 5597): [ReportManager][7066/7122]initWebSocket: url=wss://websocket.txzing.com/junsun/index?app_id=6a3643cb81c6e92137ccc63f536df874&tm=1752439465828&data=U74VtYgtbS22Ea5yusWPylXKtyJlYvoVEimEG3x3RDY%3D&platform=car
07-13 16:44:25.829 D/TXZ     ( 5597): [ReportManager][7066/7122]connect: start
07-13 16:44:25.829 D/TXZ     ( 5597): [TXZWebSocketClient][7066/24804]onError: ex=java.net.UnknownHostException: websocket.txzing.com
07-13 16:44:25.830 D/TXZ     ( 5597): [ReportManager][7066/24804]java.net.UnknownHostException: websocket.txzing.com
07-13 16:44:25.830 D/TXZ     ( 5597): [ReportManager][7066/24804]onClose() called with: code = -1, reason = websocket.txzing.com, remote = false
07-13 16:44:25.830 D/TXZ     ( 5597): [ReportManager][7066/7122]connect: finish
07-13 16:44:25.833 D/TXZ     ( 5597): [ReportManager][7066/7122]initWebSocket: url=wss://websocket.txzing.com/junsun/index?app_id=6a3643cb81c6e92137ccc63f536df874&tm=1752439465833&data=oSNUS0bNN%2FLsqAtpx%2FAXyP%2BXAJmnH0TINVaJKXxz9%2Bo%3D&platform=car
07-13 16:44:25.833 D/TXZ     ( 5597): [ReportManager][7066/7122]connect: start
07-13 16:44:25.834 D/TXZ     ( 5597): [TXZWebSocketClient][7066/24805]onError: ex=java.net.UnknownHostException: websocket.txzing.com
07-13 16:44:25.834 D/TXZ     ( 5597): [ReportManager][7066/24805]java.net.UnknownHostException: websocket.txzing.com
07-13 16:44:25.834 D/TXZ     ( 5597): [ReportManager][7066/24805]onClose() called with: code = -1, reason = websocket.txzing.com, remote = false
07-13 16:44:25.834 D/TXZ     ( 5597): [ReportManager][7066/7122]connect: finish
07-13 16:44:25.834 D/TXZ     ( 5597): [ReportManager][7066/7122]initWebSocket: url=wss://websocket.txzing.com/junsun/index?app_id=6a3643cb81c6e92137ccc63f536df874&tm=1752439465834&data=my1zUEJRhgYN8W6x6zgPXaAVxcbgK%2Fb3BJWWpShNEjM%3D&platform=car
07-13 16:44:25.835 D/TXZ     ( 5597): [ReportManager][7066/7122]connect: start
07-13 16:44:25.836 D/TXZ     ( 5597): [TXZWebSocketClient][7066/24806]onError: ex=java.net.UnknownHostException: websocket.txzing.com
07-13 16:44:25.836 D/TXZ     ( 5597): [ReportManager][7066/24806]java.net.UnknownHostException: websocket.txzing.com
07-13 16:44:25.836 D/TXZ     ( 5597): [ReportManager][7066/24806]onClose() called with: code = -1, reason = websocket.txzing.com, remote = false
07-13 16:44:25.836 D/TXZ     ( 5597): [ReportManager][7066/7122]connect: finish
07-13 16:44:25.838 D/TXZ     ( 5597): [ReportManager][7066/7122]initWebSocket: url=wss://websocket.txzing.com/junsun/index?app_id=6a3643cb81c6e92137ccc63f536df874&tm=1752439465838&data=SDT4WnXvRqEV8h5xXjr0651zfCWvDolmKcjozPOJP60%3D&platform=car
07-13 16:44:25.838 D/TXZ     ( 5597): [ReportManager][7066/7122]connect: start
07-13 16:44:25.839 D/TXZ     ( 5597): [TXZWebSocketClient][7066/24807]onError: ex=java.net.UnknownHostException: websocket.txzing.com
07-13 16:44:25.839 D/TXZ     ( 5597): [ReportManager][7066/24807]java.net.UnknownHostException: websocket.txzing.com
07-13 16:44:25.840 D/TXZ     ( 5597): [ReportManager][7066/24807]onClose() called with: code = -1, reason = websocket.txzing.com, remote = false
07-13 16:44:25.840 D/TXZ     ( 5597): [ReportManager][7066/7122]connect: finish
07-13 16:44:25.842 D/TXZ     ( 5597): [ReportManager][7066/7122]initWebSocket: url=wss://websocket.txzing.com/junsun/index?app_id=6a3643cb81c6e92137ccc63f536df874&tm=1752439465841&data=1C9MKHL5ZGJV%2FBvNfqLTfPUXfgSw7zaHX1yhsg30214%3D&platform=car
07-13 16:44:25.842 D/TXZ     ( 5597): [ReportManager][7066/7122]connect: start
07-13 16:44:25.843 D/TXZ     ( 5597): [TXZWebSocketClient][7066/24808]onError: ex=java.net.UnknownHostException: websocket.txzing.com
07-13 16:44:25.843 D/TXZ     ( 5597): [ReportManager][7066/24808]java.net.UnknownHostException: websocket.txzing.com
07-13 16:44:25.843 D/TXZ     ( 5597): [ReportManager][7066/24808]onClose() called with: code = -1, reason = websocket.txzing.com, remote = false
07-13 16:44:25.843 D/TXZ     ( 5597): [ReportManager][7066/7122]connect: finish
07-13 16:44:25.843 D/TXZ     ( 5597): [ReportManager][7066/7122]initWebSocket: url=wss://websocket.txzing.com/junsun/index?app_id=6a3643cb81c6e92137ccc63f536df874&tm=1752439465843&data=CpckvWCu3wwiBeleT45Hyi2uZmbdg2MdoiufOCvUKwM%3D&platform=car
07-13 16:44:25.844 D/TXZ     ( 5597): [ReportManager][7066/7122]connect: start
07-13 16:44:25.844 D/TXZ     ( 5597): [TXZWebSocketClient][7066/24809]onError: ex=java.net.UnknownHostException: websocket.txzing.com
07-13 16:44:25.845 D/TXZ     ( 5597): [ReportManager][7066/24809]java.net.UnknownHostException: websocket.txzing.com
07-13 16:44:25.845 D/TXZ     ( 5597): [ReportManager][7066/24809]onClose() called with: code = -1, reason = websocket.txzing.com, remote = false
07-13 16:44:25.845 D/TXZ     ( 5597): [ReportManager][7066/7122]connect: finish
07-13 16:44:25.846 D/TXZ     ( 5597): [ReportManager][7066/7122]initWebSocket: url=wss://websocket.txzing.com/junsun/index?app_id=6a3643cb81c6e92137ccc63f536df874&tm=1752439465846&data=lMsZO9Kw87GdE8pR%2BSswDOqX1rWZA1VxP0CCedIDRvQ%3D&platform=car
07-13 16:44:25.847 D/TXZ     ( 5597): [ReportManager][7066/7122]connect: start
07-13 16:44:25.847 D/TXZ     ( 5597): [TXZWebSocketClient][7066/24810]onError: ex=java.net.UnknownHostException: websocket.txzing.com
07-13 16:44:25.848 D/TXZ     ( 5597): [ReportManager][7066/24810]java.net.UnknownHostException: websocket.txzing.com
07-13 16:44:25.848 D/TXZ     ( 5597): [ReportManager][7066/24810]onClose() called with: code = -1, reason = websocket.txzing.com, remote = false
07-13 16:44:25.848 D/TXZ     ( 5597): [ReportManager][7066/7122]connect: finish
07-13 16:44:25.848 D/TXZ     ( 5597): [ReportManager][7066/7122]initWebSocket: url=wss://websocket.txzing.com/junsun/index?app_id=6a3643cb81c6e92137ccc63f536df874&tm=1752439465847&data=Q%2BXVS59ZvkTij2G1XorbfpWwJqoo3KWKrqImRzj9Qe4%3D&platform=car
