07-13 16:45:43.257 D/TXZ     ( 5597): [ReportManager][7066/32693]onClose() called with: code = -1, reason = websocket.txzing.com, remote = false
07-13 16:45:43.258 D/TXZ     ( 5597): [ReportManager][7066/7122]connect: finish
07-13 16:45:43.258 D/TXZ     ( 5597): [ReportManager][7066/7122]initWebSocket: url=wss://websocket.txzing.com/junsun/index?app_id=6a3643cb81c6e92137ccc63f536df874&tm=1752439543257&data=nArGclVNyPX4Gx6%2BOXAKuKZKIiEQ5L05PYqtxf2yOS0%3D&platform=car
07-13 16:45:43.258 D/TXZ     ( 5597): [ReportManager][7066/7122]connect: start
07-13 16:45:43.259 D/TXZ     ( 5597): [TXZWebSocketClient][7066/32694]onError: ex=java.net.UnknownHostException: websocket.txzing.com
07-13 16:45:43.259 D/TXZ     ( 5597): [ReportManager][7066/32694]java.net.UnknownHostException: websocket.txzing.com
07-13 16:45:43.259 D/TXZ     ( 5597): [ReportManager][7066/32694]onClose() called with: code = -1, reason = websocket.txzing.com, remote = false
07-13 16:45:43.259 D/TXZ     ( 5597): [ReportManager][7066/7122]connect: finish
07-13 16:45:43.259 D/TXZ     ( 5597): [ReportManager][7066/7122]initWebSocket: url=wss://websocket.txzing.com/junsun/index?app_id=6a3643cb81c6e92137ccc63f536df874&tm=1752439543259&data=HHlhbyuyJAGfSZdjYYMWy6Llrn9zg%2BzRe3J9MVN7Hdk%3D&platform=car
07-13 16:45:43.259 D/TXZ     ( 5597): [ReportManager][7066/7122]connect: start
07-13 16:45:43.260 D/TXZ     ( 5597): [TXZWebSocketClient][7066/32695]onError: ex=java.net.UnknownHostException: websocket.txzing.com
07-13 16:45:43.260 D/TXZ     ( 5597): [ReportManager][7066/32695]java.net.UnknownHostException: websocket.txzing.com
07-13 16:45:43.260 D/TXZ     ( 5597): [ReportManager][7066/32695]onClose() called with: code = -1, reason = websocket.txzing.com, remote = false
07-13 16:45:43.260 D/TXZ     ( 5597): [ReportManager][7066/7122]connect: finish
07-13 16:45:43.260 D/TXZ     ( 5597): [ReportManager][7066/7122]initWebSocket: url=wss://websocket.txzing.com/junsun/index?app_id=6a3643cb81c6e92137ccc63f536df874&tm=1752439543260&data=RKOeng2%2F4kWB6SIkqH3AYfAE8clx9OmBlqq%2FxpKoiwQ%3D&platform=car
07-13 16:45:43.261 D/TXZ     ( 5597): [ReportManager][7066/7122]connect: start
07-13 16:45:43.262 D/TXZ     ( 5597): [TXZWebSocketClient][7066/32696]onError: ex=java.net.UnknownHostException: websocket.txzing.com
07-13 16:45:43.262 D/TXZ     ( 5597): [ReportManager][7066/32696]java.net.UnknownHostException: websocket.txzing.com
07-13 16:45:43.262 D/TXZ     ( 5597): [ReportManager][7066/32696]onClose() called with: code = -1, reason = websocket.txzing.com, remote = false
07-13 16:45:43.262 D/TXZ     ( 5597): [ReportManager][7066/7122]connect: finish
07-13 16:45:43.264 D/TXZ     ( 5597): [ReportManager][7066/7122]initWebSocket: url=wss://websocket.txzing.com/junsun/index?app_id=6a3643cb81c6e92137ccc63f536df874&tm=1752439543264&data=Cdyz7TbynyKN%2F5rtqgV2h1Cv4OCEP4bSn3zGXcwE4mo%3D&platform=car
07-13 16:45:43.264 D/TXZ     ( 5597): [ReportManager][7066/7122]connect: start
07-13 16:45:43.265 D/TXZ     ( 5597): [TXZWebSocketClient][7066/32697]onError: ex=java.net.UnknownHostException: websocket.txzing.com
07-13 16:45:43.265 D/TXZ     ( 5597): [ReportManager][7066/32697]java.net.UnknownHostException: websocket.txzing.com
07-13 16:45:43.265 D/TXZ     ( 5597): [ReportManager][7066/32697]onClose() called with: code = -1, reason = websocket.txzing.com, remote = false
07-13 16:45:43.266 D/TXZ     ( 5597): [ReportManager][7066/7122]connect: finish
07-13 16:45:43.267 D/TXZ     ( 5597): [ReportManager][7066/7122]initWebSocket: url=wss://websocket.txzing.com/junsun/index?app_id=6a3643cb81c6e92137ccc63f536df874&tm=1752439543266&data=J7ulD%2Bct0oqB1qRlh9nUFozWFf1GrF6qe8XjCdKwUes%3D&platform=car
07-13 16:45:43.267 D/TXZ     ( 5597): [ReportManager][7066/7122]connect: start
07-13 16:45:43.268 D/TXZ     ( 5597): [TXZWebSocketClient][7066/32698]onError: ex=java.net.UnknownHostException: websocket.txzing.com
07-13 16:45:43.268 D/TXZ     ( 5597): [ReportManager][7066/32698]java.net.UnknownHostException: websocket.txzing.com
07-13 16:45:43.268 D/TXZ     ( 5597): [ReportManager][7066/32698]onClose() called with: code = -1, reason = websocket.txzing.com, remote = false
07-13 16:45:43.268 D/TXZ     ( 5597): [ReportManager][7066/7122]connect: finish
07-13 16:45:43.268 D/TXZ     ( 5597): [ReportManager][7066/7122]initWebSocket: url=wss://websocket.txzing.com/junsun/index?app_id=6a3643cb81c6e92137ccc63f536df874&tm=1752439543268&data=ahEIJGW9zQvpO7BZnzL2%2FqGLfQglTWa5j5q6TofpXHw%3D&platform=car
07-13 16:45:43.268 D/TXZ     ( 5597): [ReportManager][7066/7122]connect: start
07-13 16:45:43.269 D/TXZ     ( 5597): [TXZWebSocketClient][7066/32699]onError: ex=java.net.UnknownHostException: websocket.txzing.com
07-13 16:45:43.269 D/TXZ     ( 5597): [ReportManager][7066/32699]java.net.UnknownHostException: websocket.txzing.com
07-13 16:45:43.269 D/TXZ     ( 5597): [ReportManager][7066/32699]onClose() called with: code = -1, reason = websocket.txzing.com, remote = false
07-13 16:45:43.271 D/TXZ     ( 5597): [ReportManager][7066/7122]connect: finish
07-13 16:45:43.271 D/TXZ     ( 5597): [ReportManager][7066/7122]initWebSocket: url=wss://websocket.txzing.com/junsun/index?app_id=6a3643cb81c6e92137ccc63f536df874&tm=1752439543270&data=wj7x9N3yQ5w64a2BJYiZ6ykWHfan1dRUGuNm7Waa8u8%3D&platform=car
07-13 16:45:43.271 D/TXZ     ( 5597): [ReportManager][7066/7122]connect: start
07-13 16:45:43.272 D/TXZ     ( 5597): [TXZWebSocketClient][7066/32700]onError: ex=java.net.UnknownHostException: websocket.txzing.com
07-13 16:45:43.272 D/TXZ     ( 5597): [ReportManager][7066/32700]java.net.UnknownHostException: websocket.txzing.com
07-13 16:45:43.272 D/TXZ     ( 5597): [ReportManager][7066/32700]onClose() called with: code = -1, reason = websocket.txzing.com, remote = false
07-13 16:45:43.272 D/TXZ     ( 5597): [ReportManager][7066/7122]connect: finish
07-13 16:45:43.273 D/TXZ     ( 5597): [ReportManager][7066/7122]initWebSocket: url=wss://websocket.txzing.com/junsun/index?app_id=6a3643cb81c6e92137ccc63f536df874&tm=1752439543273&data=jLh3SDVkEqmX9mcl6GPjlFIv0WvCXX8Hhuqj%2Fmcl6fg%3D&platform=car
07-13 16:45:43.274 D/TXZ     ( 5597): [ReportManager][7066/7122]connect: start
07-13 16:45:43.275 D/TXZ     ( 5597): [TXZWebSocketClient][7066/32701]onError: ex=java.net.UnknownHostException: websocket.txzing.com
07-13 16:45:43.275 D/TXZ     ( 5597): [ReportManager][7066/32701]java.net.UnknownHostException: websocket.txzing.com
07-13 16:45:43.275 D/TXZ     ( 5597): [ReportManager][7066/32701]onClose() called with: code = -1, reason = websocket.txzing.com, remote = false
07-13 16:45:43.275 D/TXZ     ( 5597): [ReportManager][7066/7122]connect: finish
07-13 16:45:43.277 D/TXZ     ( 5597): [ReportManager][7066/7122]initWebSocket: url=wss://websocket.txzing.com/junsun/index?app_id=6a3643cb81c6e92137ccc63f536df874&tm=1752439543277&data=S3RA%2Bz6KLmAN2swFO%2B%2B9Gg7sYITJBAaDSGE2VLo4d8o%3D&platform=car
07-13 16:45:43.277 D/TXZ     ( 5597): [ReportManager][7066/7122]connect: start
07-13 16:45:43.279 D/TXZ     ( 5597): [TXZWebSocketClient][7066/32702]onError: ex=java.net.UnknownHostException: websocket.txzing.com
07-13 16:45:43.279 D/TXZ     ( 5597): [ReportManager][7066/32702]java.net.UnknownHostException: websocket.txzing.com
07-13 16:45:43.279 D/TXZ     ( 5597): [ReportManager][7066/32702]onClose() called with: code = -1, reason = websocket.txzing.com, remote = false
07-13 16:45:43.279 D/TXZ     ( 5597): [ReportManager][7066/7122]connect: finish
07-13 16:45:43.279 D/TXZ     ( 5597): [ReportManager][7066/7122]initWebSocket: url=wss://websocket.txzing.com/junsun/index?app_id=6a3643cb81c6e92137ccc63f536df874&tm=1752439543278&data=b9o4C7AkHPgcw%2B8I6MFV2O1NK6ALhVgEmvfBTAmyce0%3D&platform=car
07-13 16:45:43.279 D/TXZ     ( 5597): [ReportManager][7066/7122]connect: start
07-13 16:45:43.280 D/TXZ     ( 5597): [TXZWebSocketClient][7066/32703]onError: ex=java.net.UnknownHostException: websocket.txzing.com
07-13 16:45:43.280 D/TXZ     ( 5597): [ReportManager][7066/32703]java.net.UnknownHostException: websocket.txzing.com
07-13 16:45:43.281 D/TXZ     ( 5597): [ReportManager][7066/32703]onClose() called with: code = -1, reason = websocket.txzing.com, remote = false
07-13 16:45:43.281 D/TXZ     ( 5597): [ReportManager][7066/7122]connect: finish
07-13 16:45:43.281 D/TXZ     ( 5597): [ReportManager][7066/7122]initWebSocket: url=wss://websocket.txzing.com/junsun/index?app_id=6a3643cb81c6e92137ccc63f536df874&tm=1752439543280&data=QCp3Bl0AifAuJc%2FkykOQLTueraXqHHP9L1%2B0l2I0lM4%3D&platform=car
07-13 16:45:43.281 D/TXZ     ( 5597): [ReportManager][7066/7122]connect: start
07-13 16:45:43.282 D/TXZ     ( 5597): [TXZWebSocketClient][7066/32704]onError: ex=java.net.UnknownHostException: websocket.txzing.com
07-13 16:45:43.282 D/TXZ     ( 5597): [ReportManager][7066/32704]java.net.UnknownHostException: websocket.txzing.com
07-13 16:45:43.282 D/TXZ     ( 5597): [ReportManager][7066/32704]onClose() called with: code = -1, reason = websocket.txzing.com, remote = false
07-13 16:45:43.282 D/TXZ     ( 5597): [ReportManager][7066/7122]connect: finish
07-13 16:45:43.282 D/TXZ     ( 5597): [ReportManager][7066/7122]initWebSocket: url=wss://websocket.txzing.com/junsun/index?app_id=6a3643cb81c6e92137ccc63f536df874&tm=1752439543282&data=p7AI1bT4jZb26aqROjDnc9tcoy7%2BVC7s4AAmN%2FTi3hI%3D&platform=car
07-13 16:45:43.282 D/TXZ     ( 5597): [ReportManager][7066/7122]connect: start
07-13 16:45:43.283 D/TXZ     ( 5597): [TXZWebSocketClient][7066/32705]onError: ex=java.net.UnknownHostException: websocket.txzing.com
07-13 16:45:43.283 D/TXZ     ( 5597): [ReportManager][7066/32705]java.net.UnknownHostException: websocket.txzing.com
07-13 16:45:43.284 D/TXZ     ( 5597): [ReportManager][7066/32705]onClose() called with: code = -1, reason = websocket.txzing.com, remote = false
07-13 16:45:43.284 D/TXZ     ( 5597): [ReportManager][7066/7122]connect: finish
07-13 16:45:43.285 I/adbd    ( 5248): Tianyuan Current sh name:export ANDROID_LOG_TAGS=''; exec logcat '-v' 'time'
07-13 16:45:43.289 D/TXZ     ( 5597): [ReportManager][7066/7122]initWebSocket: url=wss://websocket.txzing.com/junsun/index?app_id=6a3643cb81c6e92137ccc63f536df874&tm=1752439543288&data=%2BOoNCZtU7UYFPKsaYgpm0DtxElpp7QSAN0Z5YZ1cIjE%3D&platform=car
07-13 16:45:43.290 D/TXZ     ( 5597): [ReportManager][7066/7122]connect: start
07-13 16:45:43.291 D/TXZ     ( 5597): [TXZWebSocketClient][7066/32708]onError: ex=java.net.UnknownHostException: websocket.txzing.com
07-13 16:45:43.291 D/TXZ     ( 5597): [ReportManager][7066/32708]java.net.UnknownHostException: websocket.txzing.com
07-13 16:45:43.291 D/TXZ     ( 5597): [ReportManager][7066/32708]onClose() called with: code = -1, reason = websocket.txzing.com, remote = false
07-13 16:45:43.291 D/TXZ     ( 5597): [ReportManager][7066/7122]connect: finish
07-13 16:45:43.292 D/TXZ     ( 5597): [ReportManager][7066/7122]initWebSocket: url=wss://websocket.txzing.com/junsun/index?app_id=6a3643cb81c6e92137ccc63f536df874&tm=1752439543291&data=IZu6h8bWQh9Icg5gZMZccM%2FPG1f6GJwf4lCaNStQDC8%3D&platform=car
07-13 16:45:43.292 D/TXZ     ( 5597): [ReportManager][7066/7122]connect: start
07-13 16:45:43.299 D/PowerHAL( 3546): ###Exit launch scene bgn###
07-13 16:45:43.299 D/PowerHAL( 3546): Enter common_set_for_release_when_close: enable:0, duration: 0, /dev/cluster0_freq_max: 1BC560
07-13 16:45:43.300 D/PowerHAL( 3546): ALL cluster0_freq_max requests has been handled
07-13 16:45:43.300 D/PowerHAL( 3546): Enter common_set_for_release_when_close: enable:0, duration: 0, /dev/cluster0_freq_min: 1BC560
07-13 16:45:43.300 D/PowerHAL( 3546): ALL cluster0_freq_min requests has been handled
07-13 16:45:43.300 D/PowerHAL( 3546): Enter common_set_for_release_when_close: enable:0, duration: 0, /dev/cluster1_freq_max: 1EF1E0
07-13 16:45:43.300 D/PowerHAL( 3546): ALL cluster1_freq_max requests has been handled
07-13 16:45:43.300 D/PowerHAL( 3546): Enter common_set_for_release_when_close: enable:0, duration: 0, /dev/cluster1_freq_min: 1EF1E0
07-13 16:45:43.300 D/PowerHAL( 3546): ALL cluster1_freq_min requests has been handled
07-13 16:45:43.300 D/PowerHAL( 3546): Enter devfreq_ddr_set: enable:0, duration: 0, /sys/class/devfreq/scene-frequency/sprd_governor/scene_boost_dfs: max
07-13 16:45:43.300 D/PowerHAL( 3546): ###Exit launch scene end###
07-13 16:45:43.301 D/TXZ     ( 5597): [TXZWebSocketClient][7066/32713]onError: ex=java.net.UnknownHostException: websocket.txzing.com
07-13 16:45:43.301 D/TXZ     ( 5597): [ReportManager][7066/32713]java.net.UnknownHostException: websocket.txzing.com
07-13 16:45:43.301 D/TXZ     ( 5597): [ReportManager][7066/32713]onClose() called with: code = -1, reason = websocket.txzing.com, remote = false
07-13 16:45:43.302 D/TXZ     ( 5597): [ReportManager][7066/7122]connect: finish
07-13 16:45:43.302 D/TXZ     ( 5597): [ReportManager][7066/7122]initWebSocket: url=wss://websocket.txzing.com/junsun/index?app_id=6a3643cb81c6e92137ccc63f536df874&tm=1752439543301&data=2eD14ruYcpBdnwpm1ER%2BsJc87LNX%2FRFxgCgpeGIYODM%3D&platform=car
07-13 16:45:43.302 D/TXZ     ( 5597): [ReportManager][7066/7122]connect: start
07-13 16:45:43.304 D/TXZ     ( 5597): [TXZWebSocketClient][7066/32714]onError: ex=java.net.UnknownHostException: websocket.txzing.com
07-13 16:45:43.304 D/TXZ     ( 5597): [ReportManager][7066/32714]java.net.UnknownHostException: websocket.txzing.com
07-13 16:45:43.304 D/TXZ     ( 5597): [ReportManager][7066/32714]onClose() called with: code = -1, reason = websocket.txzing.com, remote = false
07-13 16:45:43.304 D/TXZ     ( 5597): [ReportManager][7066/7122]connect: finish
07-13 16:45:43.304 D/TXZ     ( 5597): [ReportManager][7066/7122]initWebSocket: url=wss://websocket.txzing.com/junsun/index?app_id=6a3643cb81c6e92137ccc63f536df874&tm=1752439543303&data=fupy8t2PLy7OLILWYTSRFzXM1SV5yrymRqIsEl%2FSTjI%3D&platform=car
07-13 16:45:43.304 D/TXZ     ( 5597): [ReportManager][7066/7122]connect: start
07-13 16:45:43.306 D/TXZ     ( 5597): [TXZWebSocketClient][7066/32715]onError: ex=java.net.UnknownHostException: websocket.txzing.com
07-13 16:45:43.306 D/TXZ     ( 5597): [ReportManager][7066/32715]java.net.UnknownHostException: websocket.txzing.com
07-13 16:45:43.306 D/TXZ     ( 5597): [ReportManager][7066/32715]onClose() called with: code = -1, reason = websocket.txzing.com, remote = false
07-13 16:45:43.306 D/TXZ     ( 5597): [ReportManager][7066/7122]connect: finish
07-13 16:45:43.306 D/TXZ     ( 5597): [ReportManager][7066/7122]initWebSocket: url=wss://websocket.txzing.com/junsun/index?app_id=6a3643cb81c6e92137ccc63f536df874&tm=1752439543306&data=abjfQeuwVDOOTT1l%2BMdENcwkfZhtV1Uz9OfsaY4mp00%3D&platform=car
07-13 16:45:43.307 D/TXZ     ( 5597): [ReportManager][7066/7122]connect: start
07-13 16:45:43.308 D/TXZ     ( 5597): [TXZWebSocketClient][7066/32716]onError: ex=java.net.UnknownHostException: websocket.txzing.com
07-13 16:45:43.308 D/TXZ     ( 5597): [ReportManager][7066/32716]java.net.UnknownHostException: websocket.txzing.com
07-13 16:45:43.308 D/TXZ     ( 5597): [ReportManager][7066/32716]onClose() called with: code = -1, reason = websocket.txzing.com, remote = false
07-13 16:45:43.308 D/TXZ     ( 5597): [ReportManager][7066/7122]connect: finish
07-13 16:45:43.310 D/TXZ     ( 5597): [ReportManager][7066/7122]initWebSocket: url=wss://websocket.txzing.com/junsun/index?app_id=6a3643cb81c6e92137ccc63f536df874&tm=1752439543308&data=aKwZ2cU7kMdOv0lsbpzlqjISTXAm85k63WmWIzLAzCQ%3D&platform=car
07-13 16:45:43.310 D/TXZ     ( 5597): [ReportManager][7066/7122]connect: start
07-13 16:45:43.310 D/TXZ     ( 5597): [TXZWebSocketClient][7066/32717]onError: ex=java.net.UnknownHostException: websocket.txzing.com
07-13 16:45:43.310 D/TXZ     ( 5597): [ReportManager][7066/32717]java.net.UnknownHostException: websocket.txzing.com
07-13 16:45:43.310 D/TXZ     ( 5597): [ReportManager][7066/32717]onClose() called with: code = -1, reason = websocket.txzing.com, remote = false
07-13 16:45:43.310 D/TXZ     ( 5597): [ReportManager][7066/7122]connect: finish
07-13 16:45:43.310 D/TXZ     ( 5597): [ReportManager][7066/7122]initWebSocket: url=wss://websocket.txzing.com/junsun/index?app_id=6a3643cb81c6e92137ccc63f536df874&tm=1752439543310&data=jyWawCNWEBel1ePfQQ%2BPKxx3THt%2FWVlehQnWSRs7svA%3D&platform=car
07-13 16:45:43.310 D/TXZ     ( 5597): [ReportManager][7066/7122]connect: start
07-13 16:45:43.312 D/TXZ     ( 5597): [TXZWebSocketClient][7066/32719]onError: ex=java.net.UnknownHostException: websocket.txzing.com
07-13 16:45:43.312 D/TXZ     ( 5597): [ReportManager][7066/32719]java.net.UnknownHostException: websocket.txzing.com
07-13 16:45:43.312 D/TXZ     ( 5597): [ReportManager][7066/32719]onClose() called with: code = -1, reason = websocket.txzing.com, remote = false
07-13 16:45:43.312 D/TXZ     ( 5597): [ReportManager][7066/7122]connect: finish
07-13 16:45:43.312 D/TXZ     ( 5597): [ReportManager][7066/7122]initWebSocket: url=wss://websocket.txzing.com/junsun/index?app_id=6a3643cb81c6e92137ccc63f536df874&tm=1752439543312&data=eu17AetKaNkC8l9uNR1Uw7RuA9NSzVsxIfHxCcxqzWw%3D&platform=car
07-13 16:45:43.312 D/TXZ     ( 5597): [ReportManager][7066/7122]connect: start
07-13 16:45:43.314 D/TXZ     ( 5597): [TXZWebSocketClient][7066/32720]onError: ex=java.net.UnknownHostException: websocket.txzing.com
07-13 16:45:43.314 D/TXZ     ( 5597): [ReportManager][7066/32720]java.net.UnknownHostException: websocket.txzing.com
07-13 16:45:43.314 D/TXZ     ( 5597): [ReportManager][7066/32720]onClose() called with: code = -1, reason = websocket.txzing.com, remote = false
07-13 16:45:43.314 D/TXZ     ( 5597): [ReportManager][7066/7122]connect: finish
07-13 16:45:43.314 D/TXZ     ( 5597): [ReportManager][7066/7122]initWebSocket: url=wss://websocket.txzing.com/junsun/index?app_id=6a3643cb81c6e92137ccc63f536df874&tm=1752439543314&data=yLTqaENgLEHIF63XRqYjz%2FH9mLkVEqerRuelY7C%2FslU%3D&platform=car
07-13 16:45:43.315 D/TXZ     ( 5597): [ReportManager][7066/7122]connect: start
07-13 16:45:43.316 D/TXZ     ( 5597): [TXZWebSocketClient][7066/32721]onError: ex=java.net.UnknownHostException: websocket.txzing.com
07-13 16:45:43.316 D/TXZ     ( 5597): [ReportManager][7066/32721]java.net.UnknownHostException: websocket.txzing.com
07-13 16:45:43.316 D/TXZ     ( 5597): [ReportManager][7066/32721]onClose() called with: code = -1, reason = websocket.txzing.com, remote = false
07-13 16:45:43.316 D/TXZ     ( 5597): [ReportManager][7066/7122]connect: finish
07-13 16:45:43.316 D/TXZ     ( 5597): [ReportManager][7066/7122]initWebSocket: url=wss://websocket.txzing.com/junsun/index?app_id=6a3643cb81c6e92137ccc63f536df874&tm=1752439543316&data=lcGlviRT8VXKFZx3VaUzH03Ivo7vcqRhwuESklefixs%3D&platform=car
07-13 16:45:43.317 D/TXZ     ( 5597): [ReportManager][7066/7122]connect: start
07-13 16:45:43.319 D/TXZ     ( 5597): [TXZWebSocketClient][7066/32722]onError: ex=java.net.UnknownHostException: websocket.txzing.com
07-13 16:45:43.319 D/TXZ     ( 5597): [ReportManager][7066/32722]java.net.UnknownHostException: websocket.txzing.com
07-13 16:45:43.319 D/TXZ     ( 5597): [ReportManager][7066/32722]onClose() called with: code = -1, reason = websocket.txzing.com, remote = false
07-13 16:45:43.319 D/TXZ     ( 5597): [ReportManager][7066/7122]connect: finish
07-13 16:45:43.319 D/TXZ     ( 5597): [ReportManager][7066/7122]initWebSocket: url=wss://websocket.txzing.com/junsun/index?app_id=6a3643cb81c6e92137ccc63f536df874&tm=1752439543318&data=TO8yi5sOt1xZxORft1LHuqLlEy%2BT5wthHPtMl7z6cjA%3D&platform=car
07-13 16:45:43.319 D/TXZ     ( 5597): [ReportManager][7066/7122]connect: start
07-13 16:45:43.321 D/TXZ     ( 5597): [TXZWebSocketClient][7066/32723]onError: ex=java.net.UnknownHostException: websocket.txzing.com
07-13 16:45:43.321 D/TXZ     ( 5597): [ReportManager][7066/32723]java.net.UnknownHostException: websocket.txzing.com
07-13 16:45:43.321 D/TXZ     ( 5597): [ReportManager][7066/32723]onClose() called with: code = -1, reason = websocket.txzing.com, remote = false
07-13 16:45:43.321 D/TXZ     ( 5597): [ReportManager][7066/7122]connect: finish
07-13 16:45:43.321 D/TXZ     ( 5597): [ReportManager][7066/7122]initWebSocket: url=wss://websocket.txzing.com/junsun/index?app_id=6a3643cb81c6e92137ccc63f536df874&tm=1752439543321&data=Hq40cyEDK0WGOvy%2FiMLkxbAHHJQm7IMoridsHFnAowo%3D&platform=car
07-13 16:45:43.322 D/TXZ     ( 5597): [ReportManager][7066/7122]connect: start
07-13 16:45:43.323 D/TXZ     ( 5597): [TXZWebSocketClient][7066/32724]onError: ex=java.net.UnknownHostException: websocket.txzing.com
07-13 16:45:43.323 D/TXZ     ( 5597): [ReportManager][7066/32724]java.net.UnknownHostException: websocket.txzing.com
07-13 16:45:43.323 D/TXZ     ( 5597): [ReportManager][7066/32724]onClose() called with: code = -1, reason = websocket.txzing.com, remote = false
07-13 16:45:43.323 D/TXZ     ( 5597): [ReportManager][7066/7122]connect: finish
07-13 16:45:43.325 D/TXZ     ( 5597): [ReportManager][7066/7122]initWebSocket: url=wss://websocket.txzing.com/junsun/index?app_id=6a3643cb81c6e92137ccc63f536df874&tm=1752439543323&data=i%2FVvWLJ2Pcbg1L3DMO%2FTcdsz7KmRT7AR9MdCLl1wowc%3D&platform=car
07-13 16:45:43.325 D/TXZ     ( 5597): [ReportManager][7066/7122]connect: start
07-13 16:45:43.325 D/TXZ     ( 5597): [TXZWebSocketClient][7066/32725]onError: ex=java.net.UnknownHostException: websocket.txzing.com
07-13 16:45:43.325 D/TXZ     ( 5597): [ReportManager][7066/32725]java.net.UnknownHostException: websocket.txzing.com
07-13 16:45:43.325 D/TXZ     ( 5597): [ReportManager][7066/32725]onClose() called with: code = -1, reason = websocket.txzing.com, remote = false
07-13 16:45:43.326 D/TXZ     ( 5597): [ReportManager][7066/7122]connect: finish
07-13 16:45:43.333 D/TXZ     ( 5597): [ReportManager][7066/7122]initWebSocket: url=wss://websocket.txzing.com/junsun/index?app_id=6a3643cb81c6e92137ccc63f536df874&tm=1752439543332&data=EHhWyVc2y%2F8rBw31wdW5j0HmHDObTcjYEAKu3FQXU2U%3D&platform=car
07-13 16:45:43.333 D/TXZ     ( 5597): [ReportManager][7066/7122]connect: start
07-13 16:45:43.335 D/TXZ     ( 5597): [TXZWebSocketClient][7066/32726]onError: ex=java.net.UnknownHostException: websocket.txzing.com
07-13 16:45:43.335 D/TXZ     ( 5597): [ReportManager][7066/32726]java.net.UnknownHostException: websocket.txzing.com
07-13 16:45:43.335 D/TXZ     ( 5597): [ReportManager][7066/32726]onClose() called with: code = -1, reason = websocket.txzing.com, remote = false
07-13 16:45:43.335 D/TXZ     ( 5597): [ReportManager][7066/7122]connect: finish
07-13 16:45:43.336 D/TXZ     ( 5597): [ReportManager][7066/7122]initWebSocket: url=wss://websocket.txzing.com/junsun/index?app_id=6a3643cb81c6e92137ccc63f536df874&tm=1752439543335&data=awNyDpjSbrcgvwx7N1Aga52q8Bq7rF4NGy0y2c0XozY%3D&platform=car
07-13 16:45:43.336 D/TXZ     ( 5597): [ReportManager][7066/7122]connect: start
07-13 16:45:43.337 D/TXZ     ( 5597): [TXZWebSocketClient][7066/32727]onError: ex=java.net.UnknownHostException: websocket.txzing.com
07-13 16:45:43.337 D/TXZ     ( 5597): [ReportManager][7066/32727]java.net.UnknownHostException: websocket.txzing.com
07-13 16:45:43.338 D/TXZ     ( 5597): [ReportManager][7066/32727]onClose() called with: code = -1, reason = websocket.txzing.com, remote = false
07-13 16:45:43.338 D/TXZ     ( 5597): [ReportManager][7066/7122]connect: finish
07-13 16:45:43.338 D/TXZ     ( 5597): [ReportManager][7066/7122]initWebSocket: url=wss://websocket.txzing.com/junsun/index?app_id=6a3643cb81c6e92137ccc63f536df874&tm=1752439543337&data=N%2Ba8P6Ie7jUl5QJvsn4oa4x%2FHVBuHgu%2Bnt6jbVWKaVk%3D&platform=car
07-13 16:45:43.338 D/TXZ     ( 5597): [ReportManager][7066/7122]connect: start
07-13 16:45:43.339 D/TXZ     ( 5597): [TXZWebSocketClient][7066/32728]onError: ex=java.net.UnknownHostException: websocket.txzing.com
07-13 16:45:43.339 D/TXZ     ( 5597): [ReportManager][7066/32728]java.net.UnknownHostException: websocket.txzing.com
07-13 16:45:43.339 D/TXZ     ( 5597): [ReportManager][7066/32728]onClose() called with: code = -1, reason = websocket.txzing.com, remote = false
07-13 16:45:43.339 D/TXZ     ( 5597): [ReportManager][7066/7122]connect: finish
07-13 16:45:43.340 D/TXZ     ( 5597): [ReportManager][7066/7122]initWebSocket: url=wss://websocket.txzing.com/junsun/index?app_id=6a3643cb81c6e92137ccc63f536df874&tm=1752439543340&data=tjTidJWaSOaR%2BYG9tI3OVGGhSs7EH6IiI4l05fTqN5A%3D&platform=car
07-13 16:45:43.341 D/TXZ     ( 5597): [ReportManager][7066/7122]connect: start
07-13 16:45:43.342 D/TXZ     ( 5597): [TXZWebSocketClient][7066/32729]onError: ex=java.net.UnknownHostException: websocket.txzing.com
07-13 16:45:43.342 D/TXZ     ( 5597): [ReportManager][7066/32729]java.net.UnknownHostException: websocket.txzing.com
07-13 16:45:43.342 D/TXZ     ( 5597): [ReportManager][7066/32729]onClose() called with: code = -1, reason = websocket.txzing.com, remote = false
07-13 16:45:43.342 D/TXZ     ( 5597): [ReportManager][7066/7122]connect: finish
07-13 16:45:43.342 D/TXZ     ( 5597): [ReportManager][7066/7122]initWebSocket: url=wss://websocket.txzing.com/junsun/index?app_id=6a3643cb81c6e92137ccc63f536df874&tm=1752439543342&data=DUPTupxCJjqC8b0FEeZW4a7Esub%2BcebQGb9v454CE0I%3D&platform=car
07-13 16:45:43.343 D/TXZ     ( 5597): [ReportManager][7066/7122]connect: start
07-13 16:45:43.346 D/TXZ     ( 5597): [TXZWebSocketClient][7066/32730]onError: ex=java.net.UnknownHostException: websocket.txzing.com
07-13 16:45:43.346 D/TXZ     ( 5597): [ReportManager][7066/32730]java.net.UnknownHostException: websocket.txzing.com
07-13 16:45:43.347 D/TXZ     ( 5597): [ReportManager][7066/32730]onClose() called with: code = -1, reason = websocket.txzing.com, remote = false
07-13 16:45:43.347 D/TXZ     ( 5597): [ReportManager][7066/7122]connect: finish
07-13 16:45:43.347 D/TXZ     ( 5597): [ReportManager][7066/7122]initWebSocket: url=wss://websocket.txzing.com/junsun/index?app_id=6a3643cb81c6e92137ccc63f536df874&tm=1752439543344&data=7A4kn33p0DD2w7mXVLifa0GiEcKfFoqqIW3VNE%2FqvrI%3D&platform=car
07-13 16:45:43.347 D/TXZ     ( 5597): [ReportManager][7066/7122]connect: start
07-13 16:45:43.347 D/TXZ     ( 5597): [TXZWebSocketClient][7066/32732]onError: ex=java.net.UnknownHostException: websocket.txzing.com
07-13 16:45:43.348 D/TXZ     ( 5597): [ReportManager][7066/32732]java.net.UnknownHostException: websocket.txzing.com
07-13 16:45:43.348 D/TXZ     ( 5597): [ReportManager][7066/32732]onClose() called with: code = -1, reason = websocket.txzing.com, remote = false
07-13 16:45:43.348 D/TXZ     ( 5597): [ReportManager][7066/7122]connect: finish
07-13 16:45:43.381 D/TXZ     ( 5597): [ReportManager][7066/7122]initWebSocket: url=wss://websocket.txzing.com/junsun/index?app_id=6a3643cb81c6e92137ccc63f536df874&tm=1752439543381&data=cUIYNHlLHAaQr%2B22M7zL%2BmsFsNrf8JdHKz9u5BLvRXY%3D&platform=car
07-13 16:45:43.381 D/TXZ     ( 5597): [ReportManager][7066/7122]connect: start
07-13 16:45:43.383 D/TXZ     ( 5597): [TXZWebSocketClient][7066/32733]onError: ex=java.net.UnknownHostException: websocket.txzing.com
07-13 16:45:43.383 D/TXZ     ( 5597): [ReportManager][7066/32733]java.net.UnknownHostException: websocket.txzing.com
07-13 16:45:43.384 D/TXZ     ( 5597): [ReportManager][7066/32733]onClose() called with: code = -1, reason = websocket.txzing.com, remote = false
07-13 16:45:43.384 D/TXZ     ( 5597): [ReportManager][7066/7122]connect: finish
07-13 16:45:43.384 D/TXZ     ( 5597): [ReportManager][7066/7122]initWebSocket: url=wss://websocket.txzing.com/junsun/index?app_id=6a3643cb81c6e92137ccc63f536df874&tm=1752439543383&data=BYCAfMq2M9TTn5i7sgkC%2BzSNpcqtol8g9yzGkkewOMQ%3D&platform=car
07-13 16:45:43.384 D/TXZ     ( 5597): [ReportManager][7066/7122]connect: start
07-13 16:45:43.386 D/TXZ     ( 5597): [TXZWebSocketClient][7066/32734]onError: ex=java.net.UnknownHostException: websocket.txzing.com
07-13 16:45:43.386 D/TXZ     ( 5597): [ReportManager][7066/32734]java.net.UnknownHostException: websocket.txzing.com
07-13 16:45:43.386 D/TXZ     ( 5597): [ReportManager][7066/32734]onClose() called with: code = -1, reason = websocket.txzing.com, remote = false
07-13 16:45:43.386 D/TXZ     ( 5597): [ReportManager][7066/7122]connect: finish
07-13 16:45:43.485 D/TXZ     ( 5597): [ReportManager][7066/7122]initWebSocket: url=wss://websocket.txzing.com/junsun/index?app_id=6a3643cb81c6e92137ccc63f536df874&tm=1752439543484&data=XPAZuFq24D74Rt4xkNU%2BeLVO2f6cnQwz97Ns0mGgToM%3D&platform=car
07-13 16:45:43.485 D/TXZ     ( 5597): [ReportManager][7066/7122]connect: start
07-13 16:45:43.487 D/TXZ     ( 5597): [TXZWebSocketClient][7066/32741]onError: ex=java.net.UnknownHostException: websocket.txzing.com
07-13 16:45:43.487 D/TXZ     ( 5597): [ReportManager][7066/32741]java.net.UnknownHostException: websocket.txzing.com
07-13 16:45:43.487 D/TXZ     ( 5597): [ReportManager][7066/32741]onClose() called with: code = -1, reason = websocket.txzing.com, remote = false
07-13 16:45:43.487 D/TXZ     ( 5597): [ReportManager][7066/7122]connect: finish
07-13 16:45:43.537 D/sd      ( 4594): uart send:3 byte/s
07-13 16:45:43.537 D/sd      ( 4594): uart recv:5 byte/s
07-13 16:45:43.542 D/btopt   ( 3755): zlink wake_up_apk_server: cmd = 'export PATH=$PATH:/system/bin/;am broadcast -a "zjinnova.android.intent.action.START_DAEMON_SERVICE" --include-stopped-packages "com.zjinnova.zlink"&'
07-13 16:45:43.572 D/TXZ     ( 5597): [ReportManager][7066/7122]initWebSocket: url=wss://websocket.txzing.com/junsun/index?app_id=6a3643cb81c6e92137ccc63f536df874&tm=1752439543571&data=5iHloNAnLGk6xvwRJRKLbTaHFo4hcRKDlLxKn0hjlhU%3D&platform=car
07-13 16:45:43.572 D/TXZ     ( 5597): [ReportManager][7066/7122]connect: start
07-13 16:45:43.574 D/TXZ     ( 5597): [TXZWebSocketClient][7066/32746]onError: ex=java.net.UnknownHostException: websocket.txzing.com
07-13 16:45:43.574 D/TXZ     ( 5597): [ReportManager][7066/32746]java.net.UnknownHostException: websocket.txzing.com
07-13 16:45:43.576 D/TXZ     ( 5597): [ReportManager][7066/32746]onClose() called with: code = -1, reason = websocket.txzing.com, remote = false
07-13 16:45:43.576 D/TXZ     ( 5597): [ReportManager][7066/7122]connect: finish
07-13 16:45:43.593 V/ActivityManagerShellCommand( 4123): Received onCommand broadcast callUid=0 callpid=32745
07-13 16:45:43.593 V/ActivityManagerShellCommand( 4123): runSendBroadcast start and waiting ---Intent { act=zjinnova.android.intent.action.START_DAEMON_SERVICE flg=0x400020 pkg=com.zjinnova.zlink }
07-13 16:45:43.594 D/PowerController.BgClean( 4123): judgeAppLaunchAllowed : com.zjinnova.zlink(uid:10087), callingPackage = null(uid:0), reason = send-broadcast
07-13 16:45:43.594 D/PowerController.BgClean( 4123): judgeAppLaunchAllowed : intent action:Intent { act=zjinnova.android.intent.action.START_DAEMON_SERVICE flg=0x400030 pkg=com.zjinnova.zlink }
07-13 16:45:43.594 W/BroadcastQueue( 4123):  enable com.zjinnova.zlink to start process!
07-13 16:45:43.599 D/zj      (21989): message received Intent { act=zjinnova.android.intent.action.START_DAEMON_SERVICE flg=0x400030 pkg=com.zjinnova.zlink cmp=com.zjinnova.zlink/com.zjinnova.android.zlink.features.service.StartupBroadcastReceiver }
07-13 16:45:43.600 D/PowerController.BgClean( 4123): judgeAppLaunchAllowed : com.zjinnova.zlink(uid:10087), callingPackage = com.zjinnova.zlink(uid:10087), reason = start-service
07-13 16:45:43.600 D/PowerController.BgClean( 4123): judgeAppLaunchAllowed : intent action:Intent { cmp=com.zjinnova.zlink/com.zjinnova.android.zlink.features.service.DaemonService }
07-13 16:45:43.600 W/ActivityManager( 4123): u0 Starting a service in packagecom.zjinnova.zlink requires a permissions review
07-13 16:45:43.601 V/ActivityManagerShellCommand( 4123): runSendBroadcast end ---Intent { act=zjinnova.android.intent.action.START_DAEMON_SERVICE flg=0x400020 pkg=com.zjinnova.zlink }
07-13 16:45:43.679 D/TXZ     ( 5597): [ReportManager][7066/7122]initWebSocket: url=wss://websocket.txzing.com/junsun/index?app_id=6a3643cb81c6e92137ccc63f536df874&tm=1752439543678&data=x804KFn2pNFVz07UmoSFaDAZO1S0FZrAPUqsqZHlYKQ%3D&platform=car
07-13 16:45:43.679 D/TXZ     ( 5597): [ReportManager][7066/7122]connect: start
07-13 16:45:43.681 D/TXZ     ( 5597): [TXZWebSocketClient][7066/32749]onError: ex=java.net.UnknownHostException: websocket.txzing.com
07-13 16:45:43.681 D/TXZ     ( 5597): [ReportManager][7066/32749]java.net.UnknownHostException: websocket.txzing.com
07-13 16:45:43.681 D/TXZ     ( 5597): [ReportManager][7066/32749]onClose() called with: code = -1, reason = websocket.txzing.com, remote = false
07-13 16:45:43.681 D/TXZ     ( 5597): [ReportManager][7066/7122]connect: finish
07-13 16:45:43.788 D/TXZ     ( 5597): [ReportManager][7066/7122]initWebSocket: url=wss://websocket.txzing.com/junsun/index?app_id=6a3643cb81c6e92137ccc63f536df874&tm=1752439543787&data=AcREg0zHgUa7MYneNXga2TcmeVvTlbzFsIomqrM4MoI%3D&platform=car
07-13 16:45:43.789 D/TXZ     ( 5597): [ReportManager][7066/7122]connect: start
07-13 16:45:43.790 D/TXZ     ( 5597): [TXZWebSocketClient][7066/32750]onError: ex=java.net.UnknownHostException: websocket.txzing.com
07-13 16:45:43.790 D/TXZ     ( 5597): [ReportManager][7066/32750]java.net.UnknownHostException: websocket.txzing.com
07-13 16:45:43.790 D/TXZ     ( 5597): [ReportManager][7066/32750]onClose() called with: code = -1, reason = websocket.txzing.com, remote = false
07-13 16:45:43.790 D/TXZ     ( 5597): [ReportManager][7066/7122]connect: finish
07-13 16:45:43.887 I/QFApi   ( 6445): getCustomPlatform - customPlatform: 7862
07-13 16:45:43.935 D/TXZ     ( 5597): [TXZ][5726/5726]sIsLoadFile = false, sIsLoadRemote = false
07-13 16:45:43.935 D/TXZ     ( 5597): [AppLogicUtil][5726/5726]updateResourceConfig: configuration not changed
07-13 16:45:43.964 D/LongConnectManager( 5597): getSign: sb=1324694101380b71caa0005d6c97fcedae32d868e4da260c717524395439646a3643cb81c6e92137ccc63f536df874abroad
07-13 16:45:43.964 D/com.txznet.longconnection.a@b( 5597): LongConnectManager::initWebSocket: url=wss://tsp.txzing.com/api/conn/ws?appId=6a3643cb81c6e92137ccc63f536df874&uid=132469410&timeStamp=1752439543964&vin=&app=abroad&sign=134349B7CF82792B7F30839B41EAD6E3A81B2359
07-13 16:45:43.966 D/LongConnectManager( 5597): initWebSocket: connecting
07-13 16:45:43.967 D/Netd    ( 3473): app_netid:0x64 app_mark:0x64 dns_netid:0x64 dns_mark:0xf0064 uid:10127
07-13 16:45:43.970 E/TXZWebSocketClient( 5597): onError: ex=java.net.UnknownHostException: tsp.txzing.com
07-13 16:45:43.971 E/LongConnectManager( 5597): onError: ex=java.net.UnknownHostException: tsp.txzing.com
07-13 16:45:43.971 E/LongConnectManager( 5597): java.net.UnknownHostException: tsp.txzing.com
07-13 16:45:43.971 E/LongConnectManager( 5597): 	at java.net.AbstractPlainSocketImpl.connect(AbstractPlainSocketImpl.java:208)
07-13 16:45:43.971 E/LongConnectManager( 5597): 	at java.net.Socket.connect(Socket.java:621)
07-13 16:45:43.971 E/LongConnectManager( 5597): 	at org.b.a.a.run(Proguard:395)
07-13 16:45:43.971 E/LongConnectManager( 5597): 	at java.lang.Thread.run(Thread.java:919)
07-13 16:45:43.971 D/LongConnectManager( 5597): onClose: code=-1, reason=tsp.txzing.com, remote=false
07-13 16:45:43.990 D/GnssHAL_V_GnssUtil( 3771): convertToGnssLocation_2_0: enter
07-13 16:45:43.990 D/GnssHAL_V_GnssUtil( 3771): convertToGnssLocation_2_0: latitudeDegrees:40.652482, longitudeDegrees: -73.757018, elapsedRealtime.flags:0, elapsedRealtime.timestampNs: 0, elapsedRealtime.timeUncertaintyNs: 0
07-13 16:45:43.997 I/LocationManagerService( 4123): incoming location: Location[gps 41******  -74******  hAcc=3 t=1752439544000 et=+2h14m44s569ms alt=-15.082 vel=0.0 bear=150.222 vAcc=13 sAcc=0 bAcc=77 {Bundle[{satellites=13, maxCn0=46, meanCn0=40}]}]
07-13 16:45:44.001 I/LocationManagerService( 4123): incoming location: Location[gps 41******  -74******  hAcc=3 t=1752439544000 et=+2h14m44s569ms alt=-15.082 vel=0.0 bear=150.222 vAcc=13 sAcc=0 bAcc=77 {Bundle[{satellites=13, maxCn0=46, meanCn0=40}]}]
07-13 16:45:44.005 I/FusedLocation( 5145): (REDACTED) location delivery to %s blocked - too fast
07-13 16:45:44.005 I/LocationManagerService( 4123): incoming location: Location[fused 41******  -74******  hAcc=3 t=1752439543990 et=+2h14m44s569ms alt=-15.082 vel=2.794383E-12 vAcc=13 sAcc=0 bAcc=??? {Bundle[mParcelledData.dataSize=616]}]
07-13 16:45:44.005 I/LocationManagerService( 4123): incoming location: Location[fused 41******  -74******  hAcc=3 t=1752439543990 et=+2h14m44s569ms alt=-15.082 vel=2.794383E-12 vAcc=13 sAcc=0 bAcc=??? {Bundle[{noGPSLocation=Location[fused 41******  -74******  hAcc=23 t=1752438691199 et=+2h0m31s754ms alt=-27.100000381469727 vAcc=1 sAcc=??? bAcc=??? {Bundle[mParcelledData.dataSize=420]}]}]}]
07-13 16:45:44.133 D/TXZ     ( 5597): [ReportManager][7066/7122]initWebSocket: url=wss://websocket.txzing.com/junsun/index?app_id=6a3643cb81c6e92137ccc63f536df874&tm=1752439544131&data=6D2VwqMxvYQW29x1NIV709EJQHjPdMU2ajygEttP%2Bzw%3D&platform=car
07-13 16:45:44.133 D/TXZ     ( 5597): [ReportManager][7066/7122]connect: start
07-13 16:45:44.134 D/Netd    ( 3473): app_netid:0x64 app_mark:0x64 dns_netid:0x64 dns_mark:0xf0064 uid:10121
07-13 16:45:44.138 D/TXZ     ( 5597): [TXZWebSocketClient][7066/32753]onError: ex=java.net.UnknownHostException: websocket.txzing.com
07-13 16:45:44.138 D/TXZ     ( 5597): [ReportManager][7066/32753]java.net.UnknownHostException: websocket.txzing.com
07-13 16:45:44.138 D/TXZ     ( 5597): [ReportManager][7066/32753]onClose() called with: code = -1, reason = websocket.txzing.com, remote = false
07-13 16:45:44.138 D/TXZ     ( 5597): [ReportManager][7066/7122]connect: finish
07-13 16:45:44.138 D/TXZ     ( 5597): [ReportManager][7066/7122]initWebSocket: url=wss://websocket.txzing.com/junsun/index?app_id=6a3643cb81c6e92137ccc63f536df874&tm=1752439544137&data=cD5u5r%2F%2Bh%2F1OBTCy5FqDhrsX5PJxHZfMPur9YBLPRGM%3D&platform=car
07-13 16:45:44.139 D/TXZ     ( 5597): [ReportManager][7066/7122]connect: start
07-13 16:45:44.140 D/TXZ     ( 5597): [TXZWebSocketClient][7066/32755]onError: ex=java.net.UnknownHostException: websocket.txzing.com
07-13 16:45:44.140 D/TXZ     ( 5597): [ReportManager][7066/32755]java.net.UnknownHostException: websocket.txzing.com
07-13 16:45:44.140 D/TXZ     ( 5597): [ReportManager][7066/32755]onClose() called with: code = -1, reason = websocket.txzing.com, remote = false
07-13 16:45:44.141 D/TXZ     ( 5597): [ReportManager][7066/7122]connect: finish
07-13 16:45:44.141 D/TXZ     ( 5597): [ReportManager][7066/7122]initWebSocket: url=wss://websocket.txzing.com/junsun/index?app_id=6a3643cb81c6e92137ccc63f536df874&tm=1752439544140&data=vsEv2Zi%2BNawBvt2RoLq8kSXI61A7eSZ%2B9qjkwj3tX3o%3D&platform=car
07-13 16:45:44.141 D/TXZ     ( 5597): [ReportManager][7066/7122]connect: start
07-13 16:45:44.143 D/TXZ     ( 5597): [TXZWebSocketClient][7066/32756]onError: ex=java.net.UnknownHostException: websocket.txzing.com
07-13 16:45:44.143 D/TXZ     ( 5597): [ReportManager][7066/32756]java.net.UnknownHostException: websocket.txzing.com
07-13 16:45:44.143 D/TXZ     ( 5597): [ReportManager][7066/32756]onClose() called with: code = -1, reason = websocket.txzing.com, remote = false
07-13 16:45:44.143 D/TXZ     ( 5597): [ReportManager][7066/7122]connect: finish
07-13 16:45:44.143 D/TXZ     ( 5597): [ReportManager][7066/7122]initWebSocket: url=wss://websocket.txzing.com/junsun/index?app_id=6a3643cb81c6e92137ccc63f536df874&tm=1752439544143&data=slHxJ86mgmIBGjZBHWVvEAx2rakWrpDr8gCbBqAcGv0%3D&platform=car
07-13 16:45:44.143 D/TXZ     ( 5597): [ReportManager][7066/7122]connect: start
07-13 16:45:44.146 D/TXZ     ( 5597): [TXZWebSocketClient][7066/32757]onError: ex=java.net.UnknownHostException: websocket.txzing.com
07-13 16:45:44.146 D/TXZ     ( 5597): [ReportManager][7066/32757]java.net.UnknownHostException: websocket.txzing.com
07-13 16:45:44.146 D/TXZ     ( 5597): [ReportManager][7066/32757]onClose() called with: code = -1, reason = websocket.txzing.com, remote = false
07-13 16:45:44.147 D/TXZ     ( 5597): [ReportManager][7066/7122]connect: finish
07-13 16:45:44.147 D/TXZ     ( 5597): [ReportManager][7066/7122]initWebSocket: url=wss://websocket.txzing.com/junsun/index?app_id=6a3643cb81c6e92137ccc63f536df874&tm=1752439544145&data=H4RJNKpIszi6YhEmmXLVTGwT9eB%2FI3b8lnh4YjHZPFE%3D&platform=car
07-13 16:45:44.147 D/TXZ     ( 5597): [ReportManager][7066/7122]connect: start
07-13 16:45:44.148 D/TXZ     ( 5597): [TXZWebSocketClient][7066/32758]onError: ex=java.net.UnknownHostException: websocket.txzing.com
07-13 16:45:44.148 D/TXZ     ( 5597): [ReportManager][7066/32758]java.net.UnknownHostException: websocket.txzing.com
07-13 16:45:44.149 D/TXZ     ( 5597): [ReportManager][7066/32758]onClose() called with: code = -1, reason = websocket.txzing.com, remote = false
07-13 16:45:44.149 D/TXZ     ( 5597): [ReportManager][7066/7122]connect: finish
07-13 16:45:44.149 D/TXZ     ( 5597): [ReportManager][7066/7122]initWebSocket: url=wss://websocket.txzing.com/junsun/index?app_id=6a3643cb81c6e92137ccc63f536df874&tm=1752439544148&data=w20ZgdCH7pDQpRid2aM8tgGIh25ZuEvtA1FYsRnYx7o%3D&platform=car
07-13 16:45:44.149 D/TXZ     ( 5597): [ReportManager][7066/7122]connect: start
07-13 16:45:44.151 D/TXZ     ( 5597): [TXZWebSocketClient][7066/32759]onError: ex=java.net.UnknownHostException: websocket.txzing.com
07-13 16:45:44.151 D/TXZ     ( 5597): [ReportManager][7066/32759]java.net.UnknownHostException: websocket.txzing.com
07-13 16:45:44.151 D/TXZ     ( 5597): [ReportManager][7066/32759]onClose() called with: code = -1, reason = websocket.txzing.com, remote = false
07-13 16:45:44.152 D/TXZ     ( 5597): [ReportManager][7066/7122]connect: finish
07-13 16:45:44.152 D/TXZ     ( 5597): [ReportManager][7066/7122]initWebSocket: url=wss://websocket.txzing.com/junsun/index?app_id=6a3643cb81c6e92137ccc63f536df874&tm=1752439544151&data=T7jgGL6Zev9Pn6mXrkB%2FCjXCUI7ioayYKWmuaIscwWA%3D&platform=car
07-13 16:45:44.152 D/TXZ     ( 5597): [ReportManager][7066/7122]connect: start
07-13 16:45:44.154 D/TXZ     ( 5597): [TXZWebSocketClient][7066/32760]onError: ex=java.net.UnknownHostException: websocket.txzing.com
07-13 16:45:44.154 D/TXZ     ( 5597): [ReportManager][7066/32760]java.net.UnknownHostException: websocket.txzing.com
07-13 16:45:44.154 D/TXZ     ( 5597): [ReportManager][7066/32760]onClose() called with: code = -1, reason = websocket.txzing.com, remote = false
07-13 16:45:44.154 D/TXZ     ( 5597): [ReportManager][7066/7122]connect: finish
07-13 16:45:44.157 D/TXZ     ( 5597): [ReportManager][7066/7122]initWebSocket: url=wss://websocket.txzing.com/junsun/index?app_id=6a3643cb81c6e92137ccc63f536df874&tm=1752439544154&data=cmEX0BmZqDSzAYn4AcDyJav9EhvP0tLyeFFsxmRiY88%3D&platform=car
07-13 16:45:44.157 D/TXZ     ( 5597): [ReportManager][7066/7122]connect: start
07-13 16:45:44.157 D/TXZ     ( 5597): [TXZWebSocketClient][7066/32761]onError: ex=java.net.UnknownHostException: websocket.txzing.com
07-13 16:45:44.157 D/TXZ     ( 5597): [ReportManager][7066/32761]java.net.UnknownHostException: websocket.txzing.com
07-13 16:45:44.157 D/TXZ     ( 5597): [ReportManager][7066/32761]onClose() called with: code = -1, reason = websocket.txzing.com, remote = false
07-13 16:45:44.157 D/TXZ     ( 5597): [ReportManager][7066/7122]connect: finish
07-13 16:45:44.158 D/TXZ     ( 5597): [ReportManager][7066/7122]initWebSocket: url=wss://websocket.txzing.com/junsun/index?app_id=6a3643cb81c6e92137ccc63f536df874&tm=1752439544156&data=ssJdyVyiA9ALvGxUGhlX4n%2BXtvhc74DBaLK6AJx1T8A%3D&platform=car
07-13 16:45:44.158 D/TXZ     ( 5597): [ReportManager][7066/7122]connect: start
07-13 16:45:44.159 D/TXZ     ( 5597): [TXZWebSocketClient][7066/32762]onError: ex=java.net.UnknownHostException: websocket.txzing.com
07-13 16:45:44.159 D/TXZ     ( 5597): [ReportManager][7066/32762]java.net.UnknownHostException: websocket.txzing.com
07-13 16:45:44.159 D/TXZ     ( 5597): [ReportManager][7066/32762]onClose() called with: code = -1, reason = websocket.txzing.com, remote = false
07-13 16:45:44.159 D/TXZ     ( 5597): [ReportManager][7066/7122]connect: finish
07-13 16:45:44.162 D/TXZ     ( 5597): [ReportManager][7066/7122]initWebSocket: url=wss://websocket.txzing.com/junsun/index?app_id=6a3643cb81c6e92137ccc63f536df874&tm=1752439544161&data=P1FUh6%2FhN6Pq3TR8j154lV9vbOYGg63QU%2Bu%2BLo%2F0gNM%3D&platform=car
07-13 16:45:44.162 D/TXZ     ( 5597): [ReportManager][7066/7122]connect: start
07-13 16:45:44.164 D/TXZ     ( 5597): [TXZWebSocketClient][7066/32763]onError: ex=java.net.UnknownHostException: websocket.txzing.com
07-13 16:45:44.164 D/TXZ     ( 5597): [ReportManager][7066/32763]java.net.UnknownHostException: websocket.txzing.com
07-13 16:45:44.164 D/TXZ     ( 5597): [ReportManager][7066/32763]onClose() called with: code = -1, reason = websocket.txzing.com, remote = false
07-13 16:45:44.164 D/TXZ     ( 5597): [ReportManager][7066/7122]connect: finish
07-13 16:45:44.164 D/TXZ     ( 5597): [ReportManager][7066/7122]initWebSocket: url=wss://websocket.txzing.com/junsun/index?app_id=6a3643cb81c6e92137ccc63f536df874&tm=1752439544164&data=%2Fi5uYOW%2B2tHXCMCC1U1A%2BuDHNe99cs3q24B%2BkOnN1s0%3D&platform=car
07-13 16:45:44.165 D/TXZ     ( 5597): [ReportManager][7066/7122]connect: start
07-13 16:45:44.167 D/TXZ     ( 5597): [TXZWebSocketClient][7066/32764]onError: ex=java.net.UnknownHostException: websocket.txzing.com
07-13 16:45:44.167 D/TXZ     ( 5597): [ReportManager][7066/32764]java.net.UnknownHostException: websocket.txzing.com
07-13 16:45:44.167 D/TXZ     ( 5597): [ReportManager][7066/32764]onClose() called with: code = -1, reason = websocket.txzing.com, remote = false
07-13 16:45:44.167 D/TXZ     ( 5597): [ReportManager][7066/7122]connect: finish
07-13 16:45:44.167 D/TXZ     ( 5597): [ReportManager][7066/7122]initWebSocket: url=wss://websocket.txzing.com/junsun/index?app_id=6a3643cb81c6e92137ccc63f536df874&tm=1752439544166&data=OLMY8xquCLwu%2FZ7qZyqvGuySxLjRdCW2s5D76vt9iTA%3D&platform=car
07-13 16:45:44.168 D/TXZ     ( 5597): [ReportManager][7066/7122]connect: start
07-13 16:45:44.169 D/TXZ     ( 5597): [TXZWebSocketClient][7066/32765]onError: ex=java.net.UnknownHostException: websocket.txzing.com
07-13 16:45:44.169 D/TXZ     ( 5597): [ReportManager][7066/32765]java.net.UnknownHostException: websocket.txzing.com
07-13 16:45:44.169 D/TXZ     ( 5597): [ReportManager][7066/32765]onClose() called with: code = -1, reason = websocket.txzing.com, remote = false
07-13 16:45:44.169 D/TXZ     ( 5597): [ReportManager][7066/7122]connect: finish
07-13 16:45:44.169 D/TXZ     ( 5597): [ReportManager][7066/7122]initWebSocket: url=wss://websocket.txzing.com/junsun/index?app_id=6a3643cb81c6e92137ccc63f536df874&tm=1752439544168&data=jrZGstML6qOcBW5qSo7Dc%2FH6AFf4Ntk6%2BeuZb7VPEPk%3D&platform=car
07-13 16:45:44.169 D/TXZ     ( 5597): [ReportManager][7066/7122]connect: start
07-13 16:45:44.170 D/TXZ     ( 5597): [TXZWebSocketClient][7066/32766]onError: ex=java.net.UnknownHostException: websocket.txzing.com
07-13 16:45:44.170 D/TXZ     ( 5597): [ReportManager][7066/32766]java.net.UnknownHostException: websocket.txzing.com
07-13 16:45:44.170 D/TXZ     ( 5597): [ReportManager][7066/32766]onClose() called with: code = -1, reason = websocket.txzing.com, remote = false
07-13 16:45:44.170 D/TXZ     ( 5597): [ReportManager][7066/7122]connect: finish
07-13 16:45:44.171 D/TXZ     ( 5597): [ReportManager][7066/7122]initWebSocket: url=wss://websocket.txzing.com/junsun/index?app_id=6a3643cb81c6e92137ccc63f536df874&tm=1752439544170&data=A53it25V3yH1wvtivzYk4i8FP0xEsppHda7%2Fb9uN5hU%3D&platform=car
07-13 16:45:44.171 D/TXZ     ( 5597): [ReportManager][7066/7122]connect: start
07-13 16:45:44.172 D/TXZ     ( 5597): [TXZWebSocketClient][7066/32767]onError: ex=java.net.UnknownHostException: websocket.txzing.com
07-13 16:45:44.172 D/TXZ     ( 5597): [ReportManager][7066/32767]java.net.UnknownHostException: websocket.txzing.com
07-13 16:45:44.172 D/TXZ     ( 5597): [ReportManager][7066/32767]onClose() called with: code = -1, reason = websocket.txzing.com, remote = false
07-13 16:45:44.172 D/TXZ     ( 5597): [ReportManager][7066/7122]connect: finish
07-13 16:45:44.174 D/TXZ     ( 5597): [ReportManager][7066/7122]initWebSocket: url=wss://websocket.txzing.com/junsun/index?app_id=6a3643cb81c6e92137ccc63f536df874&tm=1752439544172&data=k%2F%2BZEnFbboc54oycHh7N0ZlJ%2BD26B61WjGHJF%2F8M6tk%3D&platform=car
07-13 16:45:44.174 D/TXZ     ( 5597): [ReportManager][7066/7122]connect: start
07-13 16:45:44.174 D/TXZ     ( 5597): [TXZWebSocketClient][7066/300]onError: ex=java.net.UnknownHostException: websocket.txzing.com
07-13 16:45:44.174 D/TXZ     ( 5597): [ReportManager][7066/300]java.net.UnknownHostException: websocket.txzing.com
07-13 16:45:44.174 D/TXZ     ( 5597): [ReportManager][7066/300]onClose() called with: code = -1, reason = websocket.txzing.com, remote = false
07-13 16:45:44.174 D/TXZ     ( 5597): [ReportManager][7066/7122]connect: finish
07-13 16:45:44.174 D/TXZ     ( 5597): [ReportManager][7066/7122]initWebSocket: url=wss://websocket.txzing.com/junsun/index?app_id=6a3643cb81c6e92137ccc63f536df874&tm=1752439544174&data=C5K1qpj%2BaPNV2oubWTBTwzfOjvry7qpSBJGYuqEOmLw%3D&platform=car
07-13 16:45:44.174 D/TXZ     ( 5597): [ReportManager][7066/7122]connect: start
07-13 16:45:44.176 D/TXZ     ( 5597): [TXZWebSocketClient][7066/301]onError: ex=java.net.UnknownHostException: websocket.txzing.com
07-13 16:45:44.176 D/TXZ     ( 5597): [ReportManager][7066/301]java.net.UnknownHostException: websocket.txzing.com
07-13 16:45:44.176 D/TXZ     ( 5597): [ReportManager][7066/301]onClose() called with: code = -1, reason = websocket.txzing.com, remote = false
07-13 16:45:44.176 D/TXZ     ( 5597): [ReportManager][7066/7122]connect: finish
07-13 16:45:44.176 D/TXZ     ( 5597): [ReportManager][7066/7122]initWebSocket: url=wss://websocket.txzing.com/junsun/index?app_id=6a3643cb81c6e92137ccc63f536df874&tm=1752439544176&data=kqDyU%2Bczqhysgybtejshw0EouP9KfwtdXVa9%2FHtpQoQ%3D&platform=car
07-13 16:45:44.177 D/TXZ     ( 5597): [ReportManager][7066/7122]connect: start
07-13 16:45:44.179 D/TXZ     ( 5597): [TXZWebSocketClient][7066/302]onError: ex=java.net.UnknownHostException: websocket.txzing.com
07-13 16:45:44.179 D/TXZ     ( 5597): [ReportManager][7066/302]java.net.UnknownHostException: websocket.txzing.com
