07-13 16:44:26.015 I/gralloc ( 3497): gralloc=>free hnd=0x709982c200, share_fd=9, share_attr_fd=10, magic=51647890, format=1, internal_format=300000001, byte_stride=5120, flags=4, usage=0x20000b00, size=3744768, width=1280, height=720, internalWidth=1280, internalHeight=720, stride=1280, base=0x709720d000, cpu_read=0,cpu_write=0, attr_base=0xffffffffffffffff, yuv_info=0, fd=-1, buf_idx=0, offset=0, min_pgsz=4096, phyaddr=0
07-13 16:44:26.015 I/gralloc ( 3580): gralloc_register_buffer hnd=0x7f66044000, share_fd=98, share_attr_fd=101, magic=51647890, format=1, internal_format=300000001, byte_stride=5120, flags=4, usage=0x20000b00, size=3744768, width=1280, height=720, internalWidth=1280, internalHeight=720, stride=1280, base=0x7f4d360000, cpu_read=0,cpu_write=0, attr_base=0xffffffffffffffff, yuv_info=0, fd=-1, buf_idx=0, offset=0, min_pgsz=4096, phyaddr=0
07-13 16:44:26.017 I/gralloc ( 3497): gralloc=>alloc, share_fd=9, share_attr_fd=10, magic=51647890, format=1, internal_format=300000001, byte_stride=5120, flags=4, usage=0x20000b00, size=3744768, width=1280, height=720, internalWidth=1280, internalHeight=720, stride=1280, ADP_VSTRIDE=720,base=0x709720d000, cpu_read=0, cpu_write=0, attr_base=0xffffffffffffffff, yuv_info=0, fd=-1, buf_idx=0, offset=0, min_pgsz=4096, phyaddr=0
07-13 16:44:26.017 I/gralloc ( 3580): gralloc_unregister_buffer hnd=0x7f66044000, share_fd=98, share_attr_fd=101, magic=51647890, format=1, internal_format=300000001, byte_stride=5120, flags=4, usage=0x20000b00, size=3744768, width=1280, height=720, internalWidth=1280, internalHeight=720, stride=1280, base=0x7f4d360000, cpu_read=0,cpu_write=0, attr_base=0xffffffffffffffff, yuv_info=0, fd=-1, buf_idx=0, offset=0, min_pgsz=4096, phyaddr=0
07-13 16:44:26.017 I/LocationManagerService( 4123): incoming location: Location[gps 41******  -74******  hAcc=3 t=1752439466000 et=+2h13m26s576ms alt=-15.082 vel=0.0 bear=150.222 vAcc=13 sAcc=0 bAcc=25 {Bundle[{satellites=13, maxCn0=46, meanCn0=40}]}]
07-13 16:44:26.017 I/gralloc ( 3497): gralloc_unregister_buffer hnd=0x709982c200, share_fd=9, share_attr_fd=10, magic=51647890, format=1, internal_format=300000001, byte_stride=5120, flags=4, usage=0x20000b00, size=3744768, width=1280, height=720, internalWidth=1280, internalHeight=720, stride=1280, base=0x709720d000, cpu_read=0,cpu_write=0, attr_base=0xffffffffffffffff, yuv_info=0, fd=-1, buf_idx=0, offset=0, min_pgsz=4096, phyaddr=0
07-13 16:44:26.017 I/gralloc ( 3497): gralloc=>free hnd=0x709982c200, share_fd=9, share_attr_fd=10, magic=51647890, format=1, internal_format=300000001, byte_stride=5120, flags=4, usage=0x20000b00, size=3744768, width=1280, height=720, internalWidth=1280, internalHeight=720, stride=1280, base=0x709720d000, cpu_read=0,cpu_write=0, attr_base=0xffffffffffffffff, yuv_info=0, fd=-1, buf_idx=0, offset=0, min_pgsz=4096, phyaddr=0
07-13 16:44:26.017 I/gralloc ( 3580): gralloc_register_buffer hnd=0x7f66182300, share_fd=101, share_attr_fd=102, magic=51647890, format=1, internal_format=300000001, byte_stride=5120, flags=4, usage=0x20000b00, size=3744768, width=1280, height=720, internalWidth=1280, internalHeight=720, stride=1280, base=0x7f4d360000, cpu_read=0,cpu_write=0, attr_base=0xffffffffffffffff, yuv_info=0, fd=-1, buf_idx=0, offset=0, min_pgsz=4096, phyaddr=0
07-13 16:44:26.019 I/gralloc ( 3497): gralloc=>alloc, share_fd=9, share_attr_fd=11, magic=51647890, format=1, internal_format=300000001, byte_stride=5120, flags=4, usage=0x20000b00, size=3744768, width=1280, height=720, internalWidth=1280, internalHeight=720, stride=1280, ADP_VSTRIDE=720,base=0x709720d000, cpu_read=0, cpu_write=0, attr_base=0xffffffffffffffff, yuv_info=0, fd=-1, buf_idx=0, offset=0, min_pgsz=4096, phyaddr=0
07-13 16:44:26.019 I/gralloc ( 3497): gralloc=>alloc, share_fd=10, share_attr_fd=12, magic=51647890, format=1, internal_format=300000001, byte_stride=2880, flags=4, usage=0x20000b00, size=3744768, width=720, height=1280, internalWidth=720, internalHeight=1280, stride=720, ADP_VSTRIDE=1280,base=0x7096e7a000, cpu_read=0, cpu_write=0, attr_base=0xffffffffffffffff, yuv_info=0, fd=-1, buf_idx=0, offset=0, min_pgsz=4096, phyaddr=0
07-13 16:44:26.019 I/gralloc ( 3497): gralloc_unregister_buffer hnd=0x709982c600, share_fd=9, share_attr_fd=11, magic=51647890, format=1, internal_format=300000001, byte_stride=5120, flags=4, usage=0x20000b00, size=3744768, width=1280, height=720, internalWidth=1280, internalHeight=720, stride=1280, base=0x709720d000, cpu_read=0,cpu_write=0, attr_base=0xffffffffffffffff, yuv_info=0, fd=-1, buf_idx=0, offset=0, min_pgsz=4096, phyaddr=0
07-13 16:44:26.019 I/gralloc ( 3497): gralloc=>free hnd=0x709982c600, share_fd=9, share_attr_fd=11, magic=51647890, format=1, internal_format=300000001, byte_stride=5120, flags=4, usage=0x20000b00, size=3744768, width=1280, height=720, internalWidth=1280, internalHeight=720, stride=1280, base=0x709720d000, cpu_read=0,cpu_write=0, attr_base=0xffffffffffffffff, yuv_info=0, fd=-1, buf_idx=0, offset=0, min_pgsz=4096, phyaddr=0
07-13 16:44:26.019 I/gralloc ( 3580): gralloc_register_buffer hnd=0x7f66044000, share_fd=107, share_attr_fd=108, magic=51647890, format=1, internal_format=300000001, byte_stride=2880, flags=4, usage=0x20000b00, size=3744768, width=720, height=1280, internalWidth=720, internalHeight=1280, stride=720, base=0x7f4cfcd000, cpu_read=0,cpu_write=0, attr_base=0xffffffffffffffff, yuv_info=0, fd=-1, buf_idx=0, offset=0, min_pgsz=4096, phyaddr=0
07-13 16:44:26.019 I/gralloc ( 3580): gralloc_register_buffer hnd=0x7f66044200, share_fd=70, share_attr_fd=104, magic=51647890, format=1, internal_format=300000001, byte_stride=5120, flags=4, usage=0x20000b00, size=3744768, width=1280, height=720, internalWidth=1280, internalHeight=720, stride=1280, base=0x7f4cc3a000, cpu_read=0,cpu_write=0, attr_base=0xffffffffffffffff, yuv_info=0, fd=-1, buf_idx=0, offset=0, min_pgsz=4096, phyaddr=0
07-13 16:44:26.019 I/gralloc ( 3497): gralloc_unregister_buffer hnd=0x709982c200, share_fd=10, share_attr_fd=12, magic=51647890, format=1, internal_format=300000001, byte_stride=2880, flags=4, usage=0x20000b00, size=3744768, width=720, height=1280, internalWidth=720, internalHeight=1280, stride=720, base=0x7096e7a000, cpu_read=0,cpu_write=0, attr_base=0xffffffffffffffff, yuv_info=0, fd=-1, buf_idx=0, offset=0, min_pgsz=4096, phyaddr=0
07-13 16:44:26.019 I/gralloc ( 3497): gralloc=>free hnd=0x709982c200, share_fd=10, share_attr_fd=12, magic=51647890, format=1, internal_format=300000001, byte_stride=2880, flags=4, usage=0x20000b00, size=3744768, width=720, height=1280, internalWidth=720, internalHeight=1280, stride=720, base=0x7096e7a000, cpu_read=0,cpu_write=0, attr_base=0xffffffffffffffff, yuv_info=0, fd=-1, buf_idx=0, offset=0, min_pgsz=4096, phyaddr=0
07-13 16:44:26.019 I/gralloc ( 7438): gralloc_register_buffer hnd=0x7348e81800, share_fd=66, share_attr_fd=67, magic=51647890, format=1, internal_format=300000001, byte_stride=2880, flags=4, usage=0x20000b00, size=3744768, width=720, height=1280, internalWidth=720, internalHeight=1280, stride=720, base=0x73aa1c9000, cpu_read=0,cpu_write=0, attr_base=0xffffffffffffffff, yuv_info=0, fd=-1, buf_idx=0, offset=0, min_pgsz=4096, phyaddr=0
07-13 16:44:26.020 I/FusedLocation( 5145): (REDACTED) location delivery to %s blocked - too fast
07-13 16:44:26.021 I/LocationManagerService( 4123): incoming location: Location[fused 41******  -74******  hAcc=3 t=1752439466008 et=+2h13m26s576ms alt=-15.082 vel=0.007542599 vAcc=13 sAcc=0 bAcc=??? {Bundle[mParcelledData.dataSize=616]}]
07-13 16:44:26.021 I/LocationManagerService( 4123): incoming location: Location[fused 41******  -74******  hAcc=3 t=1752439466008 et=+2h13m26s576ms alt=-15.082 vel=0.007542599 vAcc=13 sAcc=0 bAcc=??? {Bundle[{noGPSLocation=Location[fused 41******  -74******  hAcc=23 t=1752438691199 et=+2h0m31s754ms alt=-27.100000381469727 vAcc=1 sAcc=??? bAcc=??? {Bundle[mParcelledData.dataSize=420]}]}]}]
07-13 16:44:26.029 I/BarController( 4123): setBarShowingLw - win: 15df344 StatusBar - show: true
07-13 16:44:26.034 I/BarController( 4123): setBarShowingLw - win: 15df344 StatusBar - show: true
07-13 16:44:26.034 I/GoogleInputMethodService(19869): GoogleInputMethodService.onFinishInput():2045 
07-13 16:44:26.035 I/Module  (19869): DeviceLockedStatusModuleProvider$Module.updateDeviceLockedStatus():100 repeatCheckTimes = 0, locked = false
07-13 16:44:26.036 I/GoogleInputMethodService(19869): GoogleInputMethodService.onStartInput():1311 onStartInput(EditorInfo{EditorInfo{packageName=com.android.launcher.gradient.black, inputType=0, inputTypeString=NULL, enableLearning=false, autoCorrection=false, autoComplete=false, imeOptions=0, privateImeOptions=null, actionName=UNSPECIFIED, actionLabel=null, initialSelStart=-1, initialSelEnd=-1, initialCapsMode=0, label=null, fieldId=-1, fieldName=null, extras=null, hintText=null, hintLocales=[]}}, false)
07-13 16:44:26.037 I/Module  (19869): DeviceLockedStatusModuleProvider$Module.updateDeviceLockedStatus():100 repeatCheckTimes = 1, locked = false
07-13 16:44:26.049 D/com.txznet.smartwakeup.module.accessibility.TxzAccessibilityService@onAccessibilityEvent( 5597): current packageName com.android.launcher.gradient.black
07-13 16:44:26.061 I/RecentTasks( 4123): getRecentTasksImpl - maxNum: 48
07-13 16:44:26.083 D/BoundBrokerSvc( 5852): onUnbind: Intent { act=com.google.android.gms.semanticlocationhistory.zeroparty.service.START dat=chimera-action: cmp=com.google.android.gms/.chimera.GmsApiService }
07-13 16:44:26.087 D/TXZ     ( 5597): [ReportManager][7066/7122]initWebSocket: url=wss://websocket.txzing.com/junsun/index?app_id=6a3643cb81c6e92137ccc63f536df874&tm=1752439466086&data=LqqONush2X9HlBgHNf4Zc5%2BrZRoeBByCk1b4qucMnyE%3D&platform=car
07-13 16:44:26.087 D/TXZ     ( 5597): [ReportManager][7066/7122]connect: start
07-13 16:44:26.088 D/TXZ     ( 5597): [TXZWebSocketClient][7066/24856]onError: ex=java.net.UnknownHostException: websocket.txzing.com
07-13 16:44:26.088 D/TXZ     ( 5597): [ReportManager][7066/24856]java.net.UnknownHostException: websocket.txzing.com
07-13 16:44:26.088 D/TXZ     ( 5597): [ReportManager][7066/24856]onClose() called with: code = -1, reason = websocket.txzing.com, remote = false
07-13 16:44:26.088 D/TXZ     ( 5597): [ReportManager][7066/7122]connect: finish
07-13 16:44:26.163 D/TXZ     ( 5597): [ReportManager][7066/7122]initWebSocket: url=wss://websocket.txzing.com/junsun/index?app_id=6a3643cb81c6e92137ccc63f536df874&tm=1752439466163&data=FoShHGJCWJ%2FtYuZklQmmBvKeSr%2F2jhD9bB3AHOrCB4c%3D&platform=car
07-13 16:44:26.163 D/TXZ     ( 5597): [ReportManager][7066/7122]connect: start
07-13 16:44:26.165 D/TXZ     ( 5597): [TXZWebSocketClient][7066/24858]onError: ex=java.net.UnknownHostException: websocket.txzing.com
07-13 16:44:26.165 D/TXZ     ( 5597): [ReportManager][7066/24858]java.net.UnknownHostException: websocket.txzing.com
07-13 16:44:26.165 D/TXZ     ( 5597): [ReportManager][7066/24858]onClose() called with: code = -1, reason = websocket.txzing.com, remote = false
07-13 16:44:26.165 D/TXZ     ( 5597): [ReportManager][7066/7122]connect: finish
07-13 16:44:26.172 I/BarController( 4123): setBarShowingLw - win: 15df344 StatusBar - show: true
07-13 16:44:26.176 D/SSense  ( 4123): windowsChanged
07-13 16:44:26.174 I/BarController( 4123): setBarShowingLw - win: 15df344 StatusBar - show: true
07-13 16:44:26.199 I/gralloc ( 3580): gralloc_unregister_buffer hnd=0x7f66041c00, share_fd=131, share_attr_fd=137, magic=51647890, format=1, internal_format=300000001, byte_stride=832, flags=4, usage=0x20000b00, size=487424, width=205, height=576, internalWidth=208, internalHeight=576, stride=208, base=0x7f4e0cc000, cpu_read=0,cpu_write=0, attr_base=0xffffffffffffffff, yuv_info=0, fd=-1, buf_idx=0, offset=0, min_pgsz=4096, phyaddr=0
07-13 16:44:26.244 I/BarController( 4123): setBarShowingLw - win: 15df344 StatusBar - show: true
07-13 16:44:26.246 I/chatty  ( 4123): uid=1000(system) android.anim identical 1 line
07-13 16:44:26.268 I/BarController( 4123): setBarShowingLw - win: 15df344 StatusBar - show: true
07-13 16:44:26.351 D/TXZ     ( 5597): [ReportManager][7066/7122]initWebSocket: url=wss://websocket.txzing.com/junsun/index?app_id=6a3643cb81c6e92137ccc63f536df874&tm=1752439466350&data=ziE7li0GLS8aAAFkfnD1iZd8ZTn0clT6r8Uh4nWYt%2B0%3D&platform=car
07-13 16:44:26.351 D/TXZ     ( 5597): [ReportManager][7066/7122]connect: start
07-13 16:44:26.352 D/TXZ     ( 5597): [TXZWebSocketClient][7066/24859]onError: ex=java.net.UnknownHostException: websocket.txzing.com
07-13 16:44:26.352 D/TXZ     ( 5597): [ReportManager][7066/24859]java.net.UnknownHostException: websocket.txzing.com
07-13 16:44:26.352 D/TXZ     ( 5597): [ReportManager][7066/24859]onClose() called with: code = -1, reason = websocket.txzing.com, remote = false
07-13 16:44:26.352 D/TXZ     ( 5597): [ReportManager][7066/7122]connect: finish
07-13 16:44:26.450 D/TXZ     ( 5597): [ReportManager][7066/7122]initWebSocket: url=wss://websocket.txzing.com/junsun/index?app_id=6a3643cb81c6e92137ccc63f536df874&tm=1752439466449&data=MaMIaIxnddWycNh%2FzSqte9CMIGlSA28EcI10vQ%2BgNyM%3D&platform=car
07-13 16:44:26.450 D/TXZ     ( 5597): [ReportManager][7066/7122]connect: start
07-13 16:44:26.451 D/TXZ     ( 5597): [TXZWebSocketClient][7066/24860]onError: ex=java.net.UnknownHostException: websocket.txzing.com
07-13 16:44:26.451 D/TXZ     ( 5597): [ReportManager][7066/24860]java.net.UnknownHostException: websocket.txzing.com
07-13 16:44:26.451 D/TXZ     ( 5597): [ReportManager][7066/24860]onClose() called with: code = -1, reason = websocket.txzing.com, remote = false
07-13 16:44:26.451 D/TXZ     ( 5597): [ReportManager][7066/7122]connect: finish
07-13 16:44:26.532 D/TxzAccessibilityService( 5597): onAccessibilityEvent: event=EventType: TYPE_WINDOW_STATE_CHANGED; EventTime: 8007098; PackageName: com.android.launcher.gradient.black; MovementGranularity: 0; Action: 0; ContentChangeTypes: []; WindowChangeTypes: [] [ ClassName: com.android.launcher3.Launcher; Text: [Home]; ContentDescription: null; ItemCount: -1; CurrentItemIndex: -1; Enabled: true; Password: false; Checked: false; FullScreen: true; Scrollable: false; BeforeText: null; FromIndex: -1; ToIndex: -1; ScrollX: -1; ScrollY: -1; MaxScrollX: -1; MaxScrollY: -1; AddedCount: -1; RemovedCount: -1; ParcelableData: null ]; recordCount: 0
07-13 16:44:26.546 W/OpenGLRenderer( 7438): Incorrectly called buildLayer on View: ShortcutAndWidgetContainer, destroying layer...
07-13 16:44:26.546 W/OpenGLRenderer( 7438): Incorrectly called buildLayer on View: ShortcutAndWidgetContainer, destroying layer...
07-13 16:44:26.546 I/gralloc ( 3580): gralloc_unregister_buffer hnd=0x7f66044200, share_fd=70, share_attr_fd=104, magic=51647890, format=1, internal_format=300000001, byte_stride=5120, flags=4, usage=0x20000b00, size=3744768, width=1280, height=720, internalWidth=1280, internalHeight=720, stride=1280, base=0x7f4cc3a000, cpu_read=0,cpu_write=0, attr_base=0xffffffffffffffff, yuv_info=0, fd=-1, buf_idx=0, offset=0, min_pgsz=4096, phyaddr=0
07-13 16:44:26.548 I/gralloc ( 3497): gralloc=>alloc, share_fd=9, share_attr_fd=10, magic=51647890, format=1, internal_format=300000001, byte_stride=2880, flags=4, usage=0x20000b00, size=3744768, width=720, height=1280, internalWidth=720, internalHeight=1280, stride=720, ADP_VSTRIDE=1280,base=0x709720d000, cpu_read=0, cpu_write=0, attr_base=0xffffffffffffffff, yuv_info=0, fd=-1, buf_idx=0, offset=0, min_pgsz=4096, phyaddr=0
07-13 16:44:26.548 I/gralloc ( 3497): gralloc_unregister_buffer hnd=0x709982c200, share_fd=9, share_attr_fd=10, magic=51647890, format=1, internal_format=300000001, byte_stride=2880, flags=4, usage=0x20000b00, size=3744768, width=720, height=1280, internalWidth=720, internalHeight=1280, stride=720, base=0x709720d000, cpu_read=0,cpu_write=0, attr_base=0xffffffffffffffff, yuv_info=0, fd=-1, buf_idx=0, offset=0, min_pgsz=4096, phyaddr=0
07-13 16:44:26.548 I/gralloc ( 3497): gralloc=>free hnd=0x709982c200, share_fd=9, share_attr_fd=10, magic=51647890, format=1, internal_format=300000001, byte_stride=2880, flags=4, usage=0x20000b00, size=3744768, width=720, height=1280, internalWidth=720, internalHeight=1280, stride=720, base=0x709720d000, cpu_read=0,cpu_write=0, attr_base=0xffffffffffffffff, yuv_info=0, fd=-1, buf_idx=0, offset=0, min_pgsz=4096, phyaddr=0
07-13 16:44:26.548 I/gralloc ( 3580): gralloc_register_buffer hnd=0x7f66044200, share_fd=70, share_attr_fd=85, magic=51647890, format=1, internal_format=300000001, byte_stride=2880, flags=4, usage=0x20000b00, size=3744768, width=720, height=1280, internalWidth=720, internalHeight=1280, stride=720, base=0x7f4cc3a000, cpu_read=0,cpu_write=0, attr_base=0xffffffffffffffff, yuv_info=0, fd=-1, buf_idx=0, offset=0, min_pgsz=4096, phyaddr=0
07-13 16:44:26.549 I/gralloc ( 7438): gralloc_register_buffer hnd=0x734e57ff00, share_fd=69, share_attr_fd=70, magic=51647890, format=1, internal_format=300000001, byte_stride=2880, flags=4, usage=0x20000b00, size=3744768, width=720, height=1280, internalWidth=720, internalHeight=1280, stride=720, base=0x73a9e36000, cpu_read=0,cpu_write=0, attr_base=0xffffffffffffffff, yuv_info=0, fd=-1, buf_idx=0, offset=0, min_pgsz=4096, phyaddr=0
07-13 16:44:26.553 D/TXZ     ( 5597): [ReportManager][7066/7122]initWebSocket: url=wss://websocket.txzing.com/junsun/index?app_id=6a3643cb81c6e92137ccc63f536df874&tm=1752439466552&data=UiOqqCsrkFYX6z30RAKAR2LBMrcLvXBEhZsb6oPGffU%3D&platform=car
07-13 16:44:26.553 D/TXZ     ( 5597): [ReportManager][7066/7122]connect: start
07-13 16:44:26.555 D/TXZ     ( 5597): [TXZWebSocketClient][7066/24861]onError: ex=java.net.UnknownHostException: websocket.txzing.com
07-13 16:44:26.555 D/TXZ     ( 5597): [ReportManager][7066/24861]java.net.UnknownHostException: websocket.txzing.com
07-13 16:44:26.555 D/TXZ     ( 5597): [ReportManager][7066/24861]onClose() called with: code = -1, reason = websocket.txzing.com, remote = false
07-13 16:44:26.555 D/TXZ     ( 5597): [ReportManager][7066/7122]connect: finish
07-13 16:44:26.557 D/com.txznet.smartwakeup.module.accessibility.TxzAccessibilityService@onAccessibilityEvent( 5597): current packageName com.android.launcher.gradient.black
07-13 16:44:26.614 I/QFApi   ( 6445): getCustomPlatform - customPlatform: 7862
07-13 16:44:26.679 D/Netd    ( 3473): app_netid:0x64 app_mark:0x40064 dns_netid:0x64 dns_mark:0xf0064 uid:10257
07-13 16:44:26.686 D/Netd    ( 3473): app_netid:0x64 app_mark:0x40064 dns_netid:0x64 dns_mark:0xf0064 uid:10257
07-13 16:44:26.746 D/TXZ     ( 5597): [ReportManager][7066/7122]initWebSocket: url=wss://websocket.txzing.com/junsun/index?app_id=6a3643cb81c6e92137ccc63f536df874&tm=1752439466746&data=ccGLxnrbInn%2F3BK6VzGAYasZcvxl5YCtHUVG8smiaDk%3D&platform=car
07-13 16:44:26.747 D/TXZ     ( 5597): [ReportManager][7066/7122]connect: start
07-13 16:44:26.748 D/TXZ     ( 5597): [TXZWebSocketClient][7066/24871]onError: ex=java.net.UnknownHostException: websocket.txzing.com
07-13 16:44:26.748 D/TXZ     ( 5597): [ReportManager][7066/24871]java.net.UnknownHostException: websocket.txzing.com
07-13 16:44:26.748 D/TXZ     ( 5597): [ReportManager][7066/24871]onClose() called with: code = -1, reason = websocket.txzing.com, remote = false
07-13 16:44:26.748 D/TXZ     ( 5597): [ReportManager][7066/7122]connect: finish
07-13 16:44:26.749 D/TXZ     ( 5597): [ReportManager][7066/7122]initWebSocket: url=wss://websocket.txzing.com/junsun/index?app_id=6a3643cb81c6e92137ccc63f536df874&tm=1752439466748&data=hrdffTvIRuPy1wEQABzNxAj6g9v2%2BKqJSXGdMazmAb0%3D&platform=car
07-13 16:44:26.749 D/TXZ     ( 5597): [ReportManager][7066/7122]connect: start
07-13 16:44:26.749 D/TXZ     ( 5597): [TXZWebSocketClient][7066/24872]onError: ex=java.net.UnknownHostException: websocket.txzing.com
07-13 16:44:26.749 D/TXZ     ( 5597): [ReportManager][7066/24872]java.net.UnknownHostException: websocket.txzing.com
07-13 16:44:26.749 D/TXZ     ( 5597): [ReportManager][7066/24872]onClose() called with: code = -1, reason = websocket.txzing.com, remote = false
07-13 16:44:26.749 D/TXZ     ( 5597): [ReportManager][7066/7122]connect: finish
07-13 16:44:26.750 D/TXZ     ( 5597): [ReportManager][7066/7122]initWebSocket: url=wss://websocket.txzing.com/junsun/index?app_id=6a3643cb81c6e92137ccc63f536df874&tm=1752439466749&data=Srgf9VvSVDr44%2FEK04aBBa%2Bdf%2Bu3usMEK31ROSZUYpg%3D&platform=car
07-13 16:44:26.750 D/TXZ     ( 5597): [ReportManager][7066/7122]connect: start
07-13 16:44:26.751 D/TXZ     ( 5597): [TXZWebSocketClient][7066/24873]onError: ex=java.net.UnknownHostException: websocket.txzing.com
07-13 16:44:26.751 D/TXZ     ( 5597): [ReportManager][7066/24873]java.net.UnknownHostException: websocket.txzing.com
07-13 16:44:26.751 D/TXZ     ( 5597): [ReportManager][7066/24873]onClose() called with: code = -1, reason = websocket.txzing.com, remote = false
07-13 16:44:26.751 D/TXZ     ( 5597): [ReportManager][7066/7122]connect: finish
07-13 16:44:26.752 D/TXZ     ( 5597): [ReportManager][7066/7122]initWebSocket: url=wss://websocket.txzing.com/junsun/index?app_id=6a3643cb81c6e92137ccc63f536df874&tm=1752439466751&data=JmTXajGKSU%2F7mnzepQvfzeT8CtyNyGrpFmvM0pDrcwU%3D&platform=car
07-13 16:44:26.752 D/TXZ     ( 5597): [ReportManager][7066/7122]connect: start
07-13 16:44:26.753 D/TXZ     ( 5597): [TXZWebSocketClient][7066/24874]onError: ex=java.net.UnknownHostException: websocket.txzing.com
07-13 16:44:26.753 D/TXZ     ( 5597): [ReportManager][7066/24874]java.net.UnknownHostException: websocket.txzing.com
07-13 16:44:26.753 D/TXZ     ( 5597): [ReportManager][7066/24874]onClose() called with: code = -1, reason = websocket.txzing.com, remote = false
07-13 16:44:26.753 D/TXZ     ( 5597): [ReportManager][7066/7122]connect: finish
07-13 16:44:26.755 D/TXZ     ( 5597): [ReportManager][7066/7122]initWebSocket: url=wss://websocket.txzing.com/junsun/index?app_id=6a3643cb81c6e92137ccc63f536df874&tm=1752439466755&data=4qOgpcvvMQhno8kT7fCflgVvOnkOZsSpM0Mbs%2F2SEUM%3D&platform=car
07-13 16:44:26.755 D/TXZ     ( 5597): [ReportManager][7066/7122]connect: start
07-13 16:44:26.756 D/TXZ     ( 5597): [TXZWebSocketClient][7066/24877]onError: ex=java.net.UnknownHostException: websocket.txzing.com
07-13 16:44:26.756 D/TXZ     ( 5597): [ReportManager][7066/24877]java.net.UnknownHostException: websocket.txzing.com
07-13 16:44:26.756 D/TXZ     ( 5597): [ReportManager][7066/24877]onClose() called with: code = -1, reason = websocket.txzing.com, remote = false
07-13 16:44:26.756 D/TXZ     ( 5597): [ReportManager][7066/7122]connect: finish
07-13 16:44:26.757 D/TXZ     ( 5597): [ReportManager][7066/7122]initWebSocket: url=wss://websocket.txzing.com/junsun/index?app_id=6a3643cb81c6e92137ccc63f536df874&tm=1752439466756&data=zXelUj4jX%2Bb8UOXv4UorvXy0K6k8ZtPslUg61W0QrBE%3D&platform=car
07-13 16:44:26.757 D/TXZ     ( 5597): [ReportManager][7066/7122]connect: start
07-13 16:44:26.758 D/TXZ     ( 5597): [TXZWebSocketClient][7066/24884]onError: ex=java.net.UnknownHostException: websocket.txzing.com
07-13 16:44:26.758 D/TXZ     ( 5597): [ReportManager][7066/24884]java.net.UnknownHostException: websocket.txzing.com
07-13 16:44:26.758 D/TXZ     ( 5597): [ReportManager][7066/24884]onClose() called with: code = -1, reason = websocket.txzing.com, remote = false
07-13 16:44:26.758 D/TXZ     ( 5597): [ReportManager][7066/7122]connect: finish
07-13 16:44:26.759 D/TXZ     ( 5597): [ReportManager][7066/7122]initWebSocket: url=wss://websocket.txzing.com/junsun/index?app_id=6a3643cb81c6e92137ccc63f536df874&tm=1752439466759&data=9s6I2xZgRJKB%2BEIpGRNBLkdtl8KDJQn02yYelVtIs7M%3D&platform=car
07-13 16:44:26.759 D/TXZ     ( 5597): [ReportManager][7066/7122]connect: start
07-13 16:44:26.760 D/TXZ     ( 5597): [TXZWebSocketClient][7066/24886]onError: ex=java.net.UnknownHostException: websocket.txzing.com
07-13 16:44:26.760 D/TXZ     ( 5597): [ReportManager][7066/24886]java.net.UnknownHostException: websocket.txzing.com
07-13 16:44:26.760 D/TXZ     ( 5597): [ReportManager][7066/24886]onClose() called with: code = -1, reason = websocket.txzing.com, remote = false
07-13 16:44:26.760 D/TXZ     ( 5597): [ReportManager][7066/7122]connect: finish
07-13 16:44:26.763 D/TXZ     ( 5597): [ReportManager][7066/7122]initWebSocket: url=wss://websocket.txzing.com/junsun/index?app_id=6a3643cb81c6e92137ccc63f536df874&tm=1752439466763&data=x5X%2BDb6YiZHN2r0jllXPQRhOoR7QKT0u7Pg8XH96YHU%3D&platform=car
07-13 16:44:26.764 D/TXZ     ( 5597): [ReportManager][7066/7122]connect: start
07-13 16:44:26.765 D/TXZ     ( 5597): [TXZWebSocketClient][7066/24887]onError: ex=java.net.UnknownHostException: websocket.txzing.com
07-13 16:44:26.765 D/TXZ     ( 5597): [ReportManager][7066/24887]java.net.UnknownHostException: websocket.txzing.com
07-13 16:44:26.781 D/TXZ     ( 5597): [ReportManager][7066/7122]connect: finish
07-13 16:44:26.784 D/TXZ     ( 5597): [ReportManager][7066/7122]initWebSocket: url=wss://websocket.txzing.com/junsun/index?app_id=6a3643cb81c6e92137ccc63f536df874&tm=1752439466783&data=ZXtjBO0tjMZCu5M5bLJbdtvSZCpDBuz6J7ee1j0tvME%3D&platform=car
07-13 16:44:26.784 D/TXZ     ( 5597): [ReportManager][7066/7122]connect: start
07-13 16:44:26.786 D/TXZ     ( 5597): [TXZWebSocketClient][7066/24894]onError: ex=java.net.UnknownHostException: websocket.txzing.com
07-13 16:44:26.786 D/TXZ     ( 5597): [ReportManager][7066/24894]java.net.UnknownHostException: websocket.txzing.com
07-13 16:44:26.786 D/TXZ     ( 5597): [ReportManager][7066/24894]onClose() called with: code = -1, reason = websocket.txzing.com, remote = false
07-13 16:44:26.786 D/TXZ     ( 5597): [ReportManager][7066/7122]connect: finish
07-13 16:44:26.787 D/TXZ     ( 5597): [ReportManager][7066/7122]initWebSocket: url=wss://websocket.txzing.com/junsun/index?app_id=6a3643cb81c6e92137ccc63f536df874&tm=1752439466787&data=jQDSz738BLlFEx9SttReWBCgdhINooye6TWlgw0R%2BHs%3D&platform=car
07-13 16:44:26.788 D/TXZ     ( 5597): [ReportManager][7066/7122]connect: start
07-13 16:44:26.790 D/TXZ     ( 5597): [TXZWebSocketClient][7066/24895]onError: ex=java.net.UnknownHostException: websocket.txzing.com
07-13 16:44:26.791 D/TXZ     ( 5597): [ReportManager][7066/24895]java.net.UnknownHostException: websocket.txzing.com
07-13 16:44:26.791 D/TXZ     ( 5597): [ReportManager][7066/24895]onClose() called with: code = -1, reason = websocket.txzing.com, remote = false
07-13 16:44:26.791 D/TXZ     ( 5597): [ReportManager][7066/7122]connect: finish
07-13 16:44:26.791 D/TXZ     ( 5597): [ReportManager][7066/7122]initWebSocket: url=wss://websocket.txzing.com/junsun/index?app_id=6a3643cb81c6e92137ccc63f536df874&tm=1752439466789&data=yEiDglgLYv1xOu5szzsT5tFeRff7352fosx0dhXRDAw%3D&platform=car
07-13 16:44:26.791 D/TXZ     ( 5597): [ReportManager][7066/7122]connect: start
07-13 16:44:26.792 D/TXZ     ( 5597): [TXZWebSocketClient][7066/24896]onError: ex=java.net.UnknownHostException: websocket.txzing.com
07-13 16:44:26.792 D/TXZ     ( 5597): [ReportManager][7066/24896]java.net.UnknownHostException: websocket.txzing.com
07-13 16:44:26.792 D/TXZ     ( 5597): [ReportManager][7066/24896]onClose() called with: code = -1, reason = websocket.txzing.com, remote = false
07-13 16:44:26.792 D/TXZ     ( 5597): [ReportManager][7066/7122]connect: finish
07-13 16:44:26.792 D/TXZ     ( 5597): [ReportManager][7066/7122]initWebSocket: url=wss://websocket.txzing.com/junsun/index?app_id=6a3643cb81c6e92137ccc63f536df874&tm=1752439466792&data=JF%2BhA5ZdfJju%2FwXPfT7iIuuyB8N5B%2Flf2kpxyU2UuhA%3D&platform=car
07-13 16:44:26.793 D/TXZ     ( 5597): [ReportManager][7066/7122]connect: start
07-13 16:44:26.794 D/TXZ     ( 5597): [TXZWebSocketClient][7066/24897]onError: ex=java.net.UnknownHostException: websocket.txzing.com
07-13 16:44:26.795 D/TXZ     ( 5597): [ReportManager][7066/24897]java.net.UnknownHostException: websocket.txzing.com
07-13 16:44:26.795 D/TXZ     ( 5597): [ReportManager][7066/24897]onClose() called with: code = -1, reason = websocket.txzing.com, remote = false
07-13 16:44:26.795 D/TXZ     ( 5597): [ReportManager][7066/7122]connect: finish
07-13 16:44:26.795 D/TXZ     ( 5597): [ReportManager][7066/7122]initWebSocket: url=wss://websocket.txzing.com/junsun/index?app_id=6a3643cb81c6e92137ccc63f536df874&tm=1752439466794&data=3OrORgDBwY0speoSUiJdctD%2BxoiRNksvgiqwYhS57ZQ%3D&platform=car
07-13 16:44:26.795 D/TXZ     ( 5597): [ReportManager][7066/7122]connect: start
07-13 16:44:26.797 D/TXZ     ( 5597): [TXZWebSocketClient][7066/24898]onError: ex=java.net.UnknownHostException: websocket.txzing.com
07-13 16:44:26.797 D/TXZ     ( 5597): [ReportManager][7066/24898]java.net.UnknownHostException: websocket.txzing.com
07-13 16:44:26.797 D/TXZ     ( 5597): [ReportManager][7066/24898]onClose() called with: code = -1, reason = websocket.txzing.com, remote = false
07-13 16:44:26.797 D/TXZ     ( 5597): [ReportManager][7066/7122]connect: finish
07-13 16:44:26.800 D/TXZ     ( 5597): [ReportManager][7066/7122]initWebSocket: url=wss://websocket.txzing.com/junsun/index?app_id=6a3643cb81c6e92137ccc63f536df874&tm=1752439466797&data=5PRPYr8cXyv3A9Q4jnoskhtd2ZgPUQLrSwP7mvatLI8%3D&platform=car
07-13 16:44:26.800 D/TXZ     ( 5597): [ReportManager][7066/7122]connect: start
07-13 16:44:26.800 D/TXZ     ( 5597): [TXZWebSocketClient][7066/24899]onError: ex=java.net.UnknownHostException: websocket.txzing.com
07-13 16:44:26.800 D/TXZ     ( 5597): [ReportManager][7066/24899]java.net.UnknownHostException: websocket.txzing.com
07-13 16:44:26.800 D/TXZ     ( 5597): [ReportManager][7066/24899]onClose() called with: code = -1, reason = websocket.txzing.com, remote = false
07-13 16:44:26.800 D/TXZ     ( 5597): [ReportManager][7066/7122]connect: finish
07-13 16:44:26.800 D/TXZ     ( 5597): [ReportManager][7066/7122]initWebSocket: url=wss://websocket.txzing.com/junsun/index?app_id=6a3643cb81c6e92137ccc63f536df874&tm=1752439466799&data=yfprt7UL%2F4o1FMlTQOqEH0kCZ86LJHGpynSiWYR8DPw%3D&platform=car
07-13 16:44:26.800 D/TXZ     ( 5597): [ReportManager][7066/7122]connect: start
07-13 16:44:26.801 D/TXZ     ( 5597): [TXZWebSocketClient][7066/24900]onError: ex=java.net.UnknownHostException: websocket.txzing.com
07-13 16:44:26.802 D/TXZ     ( 5597): [ReportManager][7066/24900]java.net.UnknownHostException: websocket.txzing.com
07-13 16:44:26.802 D/TXZ     ( 5597): [ReportManager][7066/24900]onClose() called with: code = -1, reason = websocket.txzing.com, remote = false
07-13 16:44:26.802 D/TXZ     ( 5597): [ReportManager][7066/7122]connect: finish
07-13 16:44:26.802 D/TXZ     ( 5597): [ReportManager][7066/7122]initWebSocket: url=wss://websocket.txzing.com/junsun/index?app_id=6a3643cb81c6e92137ccc63f536df874&tm=1752439466801&data=bLEHepwydynJtqtzu1CZ0ZPugkdHdf1ETbryNqMjj7U%3D&platform=car
07-13 16:44:26.802 D/TXZ     ( 5597): [ReportManager][7066/7122]connect: start
07-13 16:44:26.804 D/TXZ     ( 5597): [TXZWebSocketClient][7066/24901]onError: ex=java.net.UnknownHostException: websocket.txzing.com
07-13 16:44:26.804 D/TXZ     ( 5597): [ReportManager][7066/24901]java.net.UnknownHostException: websocket.txzing.com
07-13 16:44:26.804 D/TXZ     ( 5597): [ReportManager][7066/24901]onClose() called with: code = -1, reason = websocket.txzing.com, remote = false
07-13 16:44:26.805 D/TXZ     ( 5597): [ReportManager][7066/7122]connect: finish
07-13 16:44:26.805 D/TXZ     ( 5597): [ReportManager][7066/7122]initWebSocket: url=wss://websocket.txzing.com/junsun/index?app_id=6a3643cb81c6e92137ccc63f536df874&tm=1752439466804&data=RvbtrTtvDcV6fZQGwrAzL%2BM15WMvU%2B5Jpl6RmshvHX4%3D&platform=car
07-13 16:44:26.805 D/TXZ     ( 5597): [ReportManager][7066/7122]connect: start
07-13 16:44:26.806 D/TXZ     ( 5597): [TXZWebSocketClient][7066/24902]onError: ex=java.net.UnknownHostException: websocket.txzing.com
07-13 16:44:26.807 D/TXZ     ( 5597): [ReportManager][7066/24902]java.net.UnknownHostException: websocket.txzing.com
07-13 16:44:26.807 D/TXZ     ( 5597): [ReportManager][7066/24902]onClose() called with: code = -1, reason = websocket.txzing.com, remote = false
07-13 16:44:26.807 D/TXZ     ( 5597): [ReportManager][7066/7122]connect: finish
07-13 16:44:26.807 D/TXZ     ( 5597): [ReportManager][7066/7122]initWebSocket: url=wss://websocket.txzing.com/junsun/index?app_id=6a3643cb81c6e92137ccc63f536df874&tm=1752439466806&data=REvSEdrbRB%2Bx3GK2QN%2F%2F3AEUVb7R5gUTQhPTNqRH5Gw%3D&platform=car
07-13 16:44:26.807 D/TXZ     ( 5597): [ReportManager][7066/7122]connect: start
07-13 16:44:26.809 D/TXZ     ( 5597): [TXZWebSocketClient][7066/24903]onError: ex=java.net.UnknownHostException: websocket.txzing.com
07-13 16:44:26.809 D/TXZ     ( 5597): [ReportManager][7066/24903]java.net.UnknownHostException: websocket.txzing.com
07-13 16:44:26.809 D/TXZ     ( 5597): [ReportManager][7066/24903]onClose() called with: code = -1, reason = websocket.txzing.com, remote = false
07-13 16:44:26.809 D/TXZ     ( 5597): [ReportManager][7066/7122]connect: finish
07-13 16:44:26.810 D/TXZ     ( 5597): [ReportManager][7066/7122]initWebSocket: url=wss://websocket.txzing.com/junsun/index?app_id=6a3643cb81c6e92137ccc63f536df874&tm=1752439466809&data=WsZOUAMXb1FvaaBFy8RHTHeB%2Bni8diTOcxkOcK%2FzlN0%3D&platform=car
07-13 16:44:26.810 D/TXZ     ( 5597): [ReportManager][7066/7122]connect: start
07-13 16:44:26.812 D/TXZ     ( 5597): [TXZWebSocketClient][7066/24904]onError: ex=java.net.UnknownHostException: websocket.txzing.com
07-13 16:44:26.812 D/TXZ     ( 5597): [ReportManager][7066/24904]java.net.UnknownHostException: websocket.txzing.com
07-13 16:44:26.812 D/TXZ     ( 5597): [ReportManager][7066/24904]onClose() called with: code = -1, reason = websocket.txzing.com, remote = false
07-13 16:44:26.812 D/TXZ     ( 5597): [ReportManager][7066/7122]connect: finish
07-13 16:44:26.812 D/TXZ     ( 5597): [ReportManager][7066/7122]initWebSocket: url=wss://websocket.txzing.com/junsun/index?app_id=6a3643cb81c6e92137ccc63f536df874&tm=1752439466812&data=d5rmOhY7K3BfFdJVGfDQsBNsKtzhuPSr29W4JmKh8I8%3D&platform=car
07-13 16:44:26.812 D/TXZ     ( 5597): [ReportManager][7066/7122]connect: start
07-13 16:44:26.814 D/TXZ     ( 5597): [TXZWebSocketClient][7066/24905]onError: ex=java.net.UnknownHostException: websocket.txzing.com
07-13 16:44:26.814 D/TXZ     ( 5597): [ReportManager][7066/24905]java.net.UnknownHostException: websocket.txzing.com
07-13 16:44:26.814 D/TXZ     ( 5597): [ReportManager][7066/24905]onClose() called with: code = -1, reason = websocket.txzing.com, remote = false
07-13 16:44:26.814 D/TXZ     ( 5597): [ReportManager][7066/7122]connect: finish
07-13 16:44:26.816 D/TXZ     ( 5597): [ReportManager][7066/7122]initWebSocket: url=wss://websocket.txzing.com/junsun/index?app_id=6a3643cb81c6e92137ccc63f536df874&tm=1752439466814&data=VqIKYIn0sj07qHuGX8Q7Xsu6auwaqujH3WCPAHh3sgQ%3D&platform=car
07-13 16:44:26.816 D/TXZ     ( 5597): [ReportManager][7066/7122]connect: start
07-13 16:44:26.816 D/TXZ     ( 5597): [TXZWebSocketClient][7066/24906]onError: ex=java.net.UnknownHostException: websocket.txzing.com
07-13 16:44:26.817 D/TXZ     ( 5597): [ReportManager][7066/24906]java.net.UnknownHostException: websocket.txzing.com
07-13 16:44:26.817 D/TXZ     ( 5597): [ReportManager][7066/24906]onClose() called with: code = -1, reason = websocket.txzing.com, remote = false
07-13 16:44:26.817 D/TXZ     ( 5597): [ReportManager][7066/7122]connect: finish
07-13 16:44:26.817 D/TXZ     ( 5597): [ReportManager][7066/7122]initWebSocket: url=wss://websocket.txzing.com/junsun/index?app_id=6a3643cb81c6e92137ccc63f536df874&tm=1752439466816&data=jq%2FP3jV1otHMgD1SAl2klaqTGddUbCPcieHZiS1vwQ0%3D&platform=car
07-13 16:44:26.817 D/TXZ     ( 5597): [ReportManager][7066/7122]connect: start
07-13 16:44:26.819 D/TXZ     ( 5597): [TXZWebSocketClient][7066/24907]onError: ex=java.net.UnknownHostException: websocket.txzing.com
07-13 16:44:26.819 D/TXZ     ( 5597): [ReportManager][7066/24907]java.net.UnknownHostException: websocket.txzing.com
07-13 16:44:26.819 D/TXZ     ( 5597): [ReportManager][7066/24907]onClose() called with: code = -1, reason = websocket.txzing.com, remote = false
07-13 16:44:26.819 D/TXZ     ( 5597): [ReportManager][7066/7122]connect: finish
07-13 16:44:26.819 D/TXZ     ( 5597): [ReportManager][7066/7122]initWebSocket: url=wss://websocket.txzing.com/junsun/index?app_id=6a3643cb81c6e92137ccc63f536df874&tm=1752439466819&data=FC9JcIvCciE8q2KmyfX%2F8kaM1WIj5VvpJBKz7vnVKpM%3D&platform=car
07-13 16:44:26.820 D/TXZ     ( 5597): [ReportManager][7066/7122]connect: start
07-13 16:44:26.821 D/TXZ     ( 5597): [TXZWebSocketClient][7066/24908]onError: ex=java.net.UnknownHostException: websocket.txzing.com
07-13 16:44:26.822 D/TXZ     ( 5597): [ReportManager][7066/24908]java.net.UnknownHostException: websocket.txzing.com
07-13 16:44:26.822 D/TXZ     ( 5597): [ReportManager][7066/24908]onClose() called with: code = -1, reason = websocket.txzing.com, remote = false
07-13 16:44:26.822 D/TXZ     ( 5597): [ReportManager][7066/7122]connect: finish
07-13 16:44:26.822 D/TXZ     ( 5597): [ReportManager][7066/7122]initWebSocket: url=wss://websocket.txzing.com/junsun/index?app_id=6a3643cb81c6e92137ccc63f536df874&tm=1752439466821&data=pFJefbkCrJqFQgG9KjhaaZgkeTmLXZhxSP4s%2B7JJPPA%3D&platform=car
07-13 16:44:26.822 D/TXZ     ( 5597): [ReportManager][7066/7122]connect: start
07-13 16:44:26.824 D/TXZ     ( 5597): [TXZWebSocketClient][7066/24909]onError: ex=java.net.UnknownHostException: websocket.txzing.com
07-13 16:44:26.825 D/TXZ     ( 5597): [ReportManager][7066/24909]java.net.UnknownHostException: websocket.txzing.com
07-13 16:44:26.825 D/TXZ     ( 5597): [ReportManager][7066/24909]onClose() called with: code = -1, reason = websocket.txzing.com, remote = false
07-13 16:44:26.825 D/TXZ     ( 5597): [ReportManager][7066/7122]connect: finish
07-13 16:44:26.825 D/TXZ     ( 5597): [ReportManager][7066/7122]initWebSocket: url=wss://websocket.txzing.com/junsun/index?app_id=6a3643cb81c6e92137ccc63f536df874&tm=1752439466824&data=%2F7IA3K%2FXDOl8MPZVwahVhJ1Bt8V685v%2FYg1QMF8X%2B1E%3D&platform=car
07-13 16:44:26.825 D/TXZ     ( 5597): [ReportManager][7066/7122]connect: start
07-13 16:44:26.826 D/TXZ     ( 5597): [TXZWebSocketClient][7066/24910]onError: ex=java.net.UnknownHostException: websocket.txzing.com
07-13 16:44:26.826 D/TXZ     ( 5597): [ReportManager][7066/24910]java.net.UnknownHostException: websocket.txzing.com
07-13 16:44:26.827 D/TXZ     ( 5597): [ReportManager][7066/24910]onClose() called with: code = -1, reason = websocket.txzing.com, remote = false
07-13 16:44:26.827 D/TXZ     ( 5597): [ReportManager][7066/7122]connect: finish
07-13 16:44:26.827 D/TXZ     ( 5597): [ReportManager][7066/7122]initWebSocket: url=wss://websocket.txzing.com/junsun/index?app_id=6a3643cb81c6e92137ccc63f536df874&tm=1752439466826&data=tXYgO9PnFD6pq%2F%2Fu96uSAcn0iah4DxVQhDy9b3vXMRw%3D&platform=car
07-13 16:44:26.827 D/TXZ     ( 5597): [ReportManager][7066/7122]connect: start
07-13 16:44:26.829 D/TXZ     ( 5597): [TXZWebSocketClient][7066/24911]onError: ex=java.net.UnknownHostException: websocket.txzing.com
07-13 16:44:26.830 D/TXZ     ( 5597): [ReportManager][7066/24911]java.net.UnknownHostException: websocket.txzing.com
07-13 16:44:26.830 D/TXZ     ( 5597): [ReportManager][7066/24911]onClose() called with: code = -1, reason = websocket.txzing.com, remote = false
07-13 16:44:26.830 D/TXZ     ( 5597): [ReportManager][7066/7122]connect: finish
07-13 16:44:26.830 D/TXZ     ( 5597): [ReportManager][7066/7122]initWebSocket: url=wss://websocket.txzing.com/junsun/index?app_id=6a3643cb81c6e92137ccc63f536df874&tm=1752439466829&data=iztlKniGEFXNbMoQIevgTH7F7AQi9gqIDD6yU%2FHn1H8%3D&platform=car
07-13 16:44:26.830 D/TXZ     ( 5597): [ReportManager][7066/7122]connect: start
07-13 16:44:26.832 D/TXZ     ( 5597): [TXZWebSocketClient][7066/24912]onError: ex=java.net.UnknownHostException: websocket.txzing.com
07-13 16:44:26.832 D/TXZ     ( 5597): [ReportManager][7066/24912]java.net.UnknownHostException: websocket.txzing.com
07-13 16:44:26.832 D/TXZ     ( 5597): [ReportManager][7066/24912]onClose() called with: code = -1, reason = websocket.txzing.com, remote = false
07-13 16:44:26.832 D/TXZ     ( 5597): [ReportManager][7066/7122]connect: finish
07-13 16:44:26.835 D/TXZ     ( 5597): [ReportManager][7066/7122]initWebSocket: url=wss://websocket.txzing.com/junsun/index?app_id=6a3643cb81c6e92137ccc63f536df874&tm=1752439466834&data=0sJ7QcU%2B0lGGWzX%2F%2FtZH2a%2Bfh4cKifYPU4nwrJxaHIU%3D&platform=car
07-13 16:44:26.836 D/TXZ     ( 5597): [ReportManager][7066/7122]connect: start
07-13 16:44:26.838 D/TXZ     ( 5597): [TXZWebSocketClient][7066/24913]onError: ex=java.net.UnknownHostException: websocket.txzing.com
07-13 16:44:26.838 D/TXZ     ( 5597): [ReportManager][7066/24913]java.net.UnknownHostException: websocket.txzing.com
07-13 16:44:26.838 D/TXZ     ( 5597): [ReportManager][7066/24913]onClose() called with: code = -1, reason = websocket.txzing.com, remote = false
07-13 16:44:26.838 D/TXZ     ( 5597): [ReportManager][7066/7122]connect: finish
07-13 16:44:26.838 D/TXZ     ( 5597): [ReportManager][7066/7122]initWebSocket: url=wss://websocket.txzing.com/junsun/index?app_id=6a3643cb81c6e92137ccc63f536df874&tm=1752439466837&data=iPrnPOfIlJ4qBCLbCpXrSPoimAChMN1GmXhoLuPCkFk%3D&platform=car
07-13 16:44:26.839 D/TXZ     ( 5597): [ReportManager][7066/7122]connect: start
07-13 16:44:26.840 D/TXZ     ( 5597): [TXZWebSocketClient][7066/24914]onError: ex=java.net.UnknownHostException: websocket.txzing.com
07-13 16:44:26.840 D/TXZ     ( 5597): [ReportManager][7066/24914]java.net.UnknownHostException: websocket.txzing.com
07-13 16:44:26.840 D/TXZ     ( 5597): [ReportManager][7066/24914]onClose() called with: code = -1, reason = websocket.txzing.com, remote = false
07-13 16:44:26.841 D/TXZ     ( 5597): [ReportManager][7066/7122]connect: finish
07-13 16:44:26.841 D/TXZ     ( 5597): [ReportManager][7066/7122]initWebSocket: url=wss://websocket.txzing.com/junsun/index?app_id=6a3643cb81c6e92137ccc63f536df874&tm=1752439466840&data=ig9ksRcUA0tBojtxw0s4DGiVFqx0wLhWWnVtGzbR%2F30%3D&platform=car
07-13 16:44:26.841 D/TXZ     ( 5597): [ReportManager][7066/7122]connect: start
07-13 16:44:26.843 D/TXZ     ( 5597): [TXZWebSocketClient][7066/24915]onError: ex=java.net.UnknownHostException: websocket.txzing.com
07-13 16:44:26.843 D/TXZ     ( 5597): [ReportManager][7066/24915]java.net.UnknownHostException: websocket.txzing.com
07-13 16:44:26.843 D/TXZ     ( 5597): [ReportManager][7066/24915]onClose() called with: code = -1, reason = websocket.txzing.com, remote = false
07-13 16:44:26.843 D/TXZ     ( 5597): [ReportManager][7066/7122]connect: finish
07-13 16:44:26.844 D/TXZ     ( 5597): [ReportManager][7066/7122]initWebSocket: url=wss://websocket.txzing.com/junsun/index?app_id=6a3643cb81c6e92137ccc63f536df874&tm=1752439466844&data=d8%2B1LHuDyTQiQ9ublnbPpwLExJZlQDPpKhf25%2FS83pU%3D&platform=car
07-13 16:44:26.844 D/TXZ     ( 5597): [ReportManager][7066/7122]connect: start
07-13 16:44:26.846 D/TXZ     ( 5597): [TXZWebSocketClient][7066/24916]onError: ex=java.net.UnknownHostException: websocket.txzing.com
07-13 16:44:26.847 D/TXZ     ( 5597): [ReportManager][7066/24916]java.net.UnknownHostException: websocket.txzing.com
07-13 16:44:26.847 D/TXZ     ( 5597): [ReportManager][7066/24916]onClose() called with: code = -1, reason = websocket.txzing.com, remote = false
07-13 16:44:26.847 D/TXZ     ( 5597): [ReportManager][7066/7122]connect: finish
07-13 16:44:26.847 D/TXZ     ( 5597): [ReportManager][7066/7122]initWebSocket: url=wss://websocket.txzing.com/junsun/index?app_id=6a3643cb81c6e92137ccc63f536df874&tm=1752439466846&data=kW2XueNMOhHFSChbfZLv7ujWML1mvMcFcIKRvozG%2BmU%3D&platform=car
07-13 16:44:26.847 D/TXZ     ( 5597): [ReportManager][7066/7122]connect: start
07-13 16:44:26.848 D/TXZ     ( 5597): [TXZWebSocketClient][7066/24917]onError: ex=java.net.UnknownHostException: websocket.txzing.com
07-13 16:44:26.848 D/TXZ     ( 5597): [ReportManager][7066/24917]java.net.UnknownHostException: websocket.txzing.com
07-13 16:44:26.848 D/TXZ     ( 5597): [ReportManager][7066/24917]onClose() called with: code = -1, reason = websocket.txzing.com, remote = false
07-13 16:44:26.848 D/TXZ     ( 5597): [ReportManager][7066/7122]connect: finish
07-13 16:44:26.848 D/TXZ     ( 5597): [ReportManager][7066/7122]initWebSocket: url=wss://websocket.txzing.com/junsun/index?app_id=6a3643cb81c6e92137ccc63f536df874&tm=1752439466848&data=yMrv6b%2Fr9dBjApon%2FtHuZe6bxD6YKsg7%2FJARTjCpQvI%3D&platform=car
07-13 16:44:26.849 D/TXZ     ( 5597): [ReportManager][7066/7122]connect: start
07-13 16:44:26.850 D/TXZ     ( 5597): [TXZWebSocketClient][7066/24920]onError: ex=java.net.UnknownHostException: websocket.txzing.com
07-13 16:44:26.851 D/TXZ     ( 5597): [ReportManager][7066/24920]java.net.UnknownHostException: websocket.txzing.com
07-13 16:44:26.851 D/TXZ     ( 5597): [ReportManager][7066/24920]onClose() called with: code = -1, reason = websocket.txzing.com, remote = false
07-13 16:44:26.851 D/TXZ     ( 5597): [ReportManager][7066/7122]connect: finish
07-13 16:44:26.851 D/TXZ     ( 5597): [ReportManager][7066/7122]initWebSocket: url=wss://websocket.txzing.com/junsun/index?app_id=6a3643cb81c6e92137ccc63f536df874&tm=1752439466850&data=SjKm27Bj%2BhbBdbmgkSDuJ6Oq97RPIoTkRwPA%2BSrz7UE%3D&platform=car
07-13 16:44:26.851 D/TXZ     ( 5597): [ReportManager][7066/7122]connect: start
07-13 16:44:26.853 D/TXZ     ( 5597): [TXZWebSocketClient][7066/24921]onError: ex=java.net.UnknownHostException: websocket.txzing.com
07-13 16:44:26.853 D/TXZ     ( 5597): [ReportManager][7066/24921]java.net.UnknownHostException: websocket.txzing.com
07-13 16:44:26.853 D/TXZ     ( 5597): [ReportManager][7066/24921]onClose() called with: code = -1, reason = websocket.txzing.com, remote = false
07-13 16:44:26.853 D/TXZ     ( 5597): [ReportManager][7066/7122]connect: finish
07-13 16:44:26.855 D/TXZ     ( 5597): [ReportManager][7066/7122]initWebSocket: url=wss://websocket.txzing.com/junsun/index?app_id=6a3643cb81c6e92137ccc63f536df874&tm=1752439466852&data=upV7WZf8WIB%2B0ZkBvMmpwNh6SD2fUfEFpBGPHc%2F659I%3D&platform=car
07-13 16:44:26.856 D/TXZ     ( 5597): [ReportManager][7066/7122]connect: start
07-13 16:44:26.856 D/TXZ     ( 5597): [TXZWebSocketClient][7066/24922]onError: ex=java.net.UnknownHostException: websocket.txzing.com
07-13 16:44:26.856 D/TXZ     ( 5597): [ReportManager][7066/24922]java.net.UnknownHostException: websocket.txzing.com
07-13 16:44:26.856 D/TXZ     ( 5597): [ReportManager][7066/24922]onClose() called with: code = -1, reason = websocket.txzing.com, remote = false
07-13 16:44:26.856 D/TXZ     ( 5597): [ReportManager][7066/7122]connect: finish
07-13 16:44:26.856 D/TXZ     ( 5597): [ReportManager][7066/7122]initWebSocket: url=wss://websocket.txzing.com/junsun/index?app_id=6a3643cb81c6e92137ccc63f536df874&tm=1752439466855&data=6TlW121nfhnZw14d%2F%2F2fJpqLKnPGBXTFdo%2BHHa7vG%2BY%3D&platform=car
07-13 16:44:26.856 D/TXZ     ( 5597): [ReportManager][7066/7122]connect: start
07-13 16:44:26.857 D/TXZ     ( 5597): [TXZWebSocketClient][7066/24923]onError: ex=java.net.UnknownHostException: websocket.txzing.com
07-13 16:44:26.858 D/TXZ     ( 5597): [ReportManager][7066/24923]java.net.UnknownHostException: websocket.txzing.com
07-13 16:44:26.858 D/TXZ     ( 5597): [ReportManager][7066/24923]onClose() called with: code = -1, reason = websocket.txzing.com, remote = false
07-13 16:44:26.858 D/TXZ     ( 5597): [ReportManager][7066/7122]connect: finish
07-13 16:44:26.858 D/TXZ     ( 5597): [ReportManager][7066/7122]initWebSocket: url=wss://websocket.txzing.com/junsun/index?app_id=6a3643cb81c6e92137ccc63f536df874&tm=1752439466857&data=nEC0Ouk4ZtCcvMhQjW63t7wiOH2SiImhHwWAOlYp0Ns%3D&platform=car
07-13 16:44:26.858 D/TXZ     ( 5597): [ReportManager][7066/7122]connect: start
07-13 16:44:26.860 D/TXZ     ( 5597): [TXZWebSocketClient][7066/24924]onError: ex=java.net.UnknownHostException: websocket.txzing.com
07-13 16:44:26.860 D/TXZ     ( 5597): [ReportManager][7066/24924]java.net.UnknownHostException: websocket.txzing.com
07-13 16:44:26.860 D/TXZ     ( 5597): [ReportManager][7066/24924]onClose() called with: code = -1, reason = websocket.txzing.com, remote = false
07-13 16:44:26.861 D/TXZ     ( 5597): [ReportManager][7066/7122]connect: finish
07-13 16:44:26.861 D/TXZ     ( 5597): [ReportManager][7066/7122]initWebSocket: url=wss://websocket.txzing.com/junsun/index?app_id=6a3643cb81c6e92137ccc63f536df874&tm=1752439466860&data=YGRNUQyh3QL5zHfvWgUJKGf%2FM29uvTzacNHfzbEVeOk%3D&platform=car
07-13 16:44:26.861 D/TXZ     ( 5597): [ReportManager][7066/7122]connect: start
07-13 16:44:26.862 D/TXZ     ( 5597): [TXZWebSocketClient][7066/24925]onError: ex=java.net.UnknownHostException: websocket.txzing.com
07-13 16:44:26.863 D/TXZ     ( 5597): [ReportManager][7066/24925]java.net.UnknownHostException: websocket.txzing.com
07-13 16:44:26.863 D/TXZ     ( 5597): [ReportManager][7066/24925]onClose() called with: code = -1, reason = websocket.txzing.com, remote = false
07-13 16:44:26.863 D/TXZ     ( 5597): [ReportManager][7066/7122]connect: finish
07-13 16:44:26.864 D/TXZ     ( 5597): [ReportManager][7066/7122]initWebSocket: url=wss://websocket.txzing.com/junsun/index?app_id=6a3643cb81c6e92137ccc63f536df874&tm=1752439466862&data=Vh%2FQlgaO71Z1Pgu43Y4GTgr2qS%2BYocXI8exsy0HoNMo%3D&platform=car
07-13 16:44:26.864 D/TXZ     ( 5597): [ReportManager][7066/7122]connect: start
07-13 16:44:26.865 D/TXZ     ( 5597): [TXZWebSocketClient][7066/24926]onError: ex=java.net.UnknownHostException: websocket.txzing.com
07-13 16:44:26.865 D/TXZ     ( 5597): [ReportManager][7066/24926]java.net.UnknownHostException: websocket.txzing.com
07-13 16:44:26.865 D/TXZ     ( 5597): [ReportManager][7066/24926]onClose() called with: code = -1, reason = websocket.txzing.com, remote = false
07-13 16:44:26.865 D/TXZ     ( 5597): [ReportManager][7066/7122]connect: finish
07-13 16:44:26.865 D/TXZ     ( 5597): [ReportManager][7066/7122]initWebSocket: url=wss://websocket.txzing.com/junsun/index?app_id=6a3643cb81c6e92137ccc63f536df874&tm=1752439466865&data=P7xVXsxlaPWMOSt2Lm%2Fw4m4ybag%2B2YNEwDUOnUwcfuQ%3D&platform=car
07-13 16:44:26.865 D/TXZ     ( 5597): [ReportManager][7066/7122]connect: start
