07-13 16:44:24.859 D/TXZ     ( 5597): [ReportManager][7066/7122]initWebSocket: url=wss://websocket.txzing.com/junsun/index?app_id=6a3643cb81c6e92137ccc63f536df874&tm=1752439464857&data=ES%2B5wM2Q5fCtCL0USECZu0dtjwD%2BPhkx6wAfnmev0i8%3D&platform=car
07-13 16:44:24.859 D/TXZ     ( 5597): [ReportManager][7066/7122]connect: start
07-13 16:44:24.859 D/TXZ     ( 5597): [TXZWebSocketClient][7066/24698]onError: ex=java.net.UnknownHostException: websocket.txzing.com
07-13 16:44:24.859 D/TXZ     ( 5597): [ReportManager][7066/24698]java.net.UnknownHostException: websocket.txzing.com
07-13 16:44:24.859 D/TXZ     ( 5597): [ReportManager][7066/24698]onClose() called with: code = -1, reason = websocket.txzing.com, remote = false
07-13 16:44:24.859 D/TXZ     ( 5597): [ReportManager][7066/7122]connect: finish
07-13 16:44:24.862 D/TXZ     ( 5597): [ReportManager][7066/7122]initWebSocket: url=wss://websocket.txzing.com/junsun/index?app_id=6a3643cb81c6e92137ccc63f536df874&tm=1752439464861&data=%2B4XhXLWysyCLUP5CM%2B8PmqxvgG4I16pRJvFecWfdxXI%3D&platform=car
07-13 16:44:24.862 D/TXZ     ( 5597): [ReportManager][7066/7122]connect: start
07-13 16:44:24.863 D/TXZ     ( 5597): [TXZWebSocketClient][7066/24699]onError: ex=java.net.UnknownHostException: websocket.txzing.com
07-13 16:44:24.863 D/TXZ     ( 5597): [ReportManager][7066/24699]java.net.UnknownHostException: websocket.txzing.com
07-13 16:44:24.863 D/TXZ     ( 5597): [ReportManager][7066/24699]onClose() called with: code = -1, reason = websocket.txzing.com, remote = false
07-13 16:44:24.865 D/TXZ     ( 5597): [ReportManager][7066/7122]connect: finish
07-13 16:44:24.865 D/TXZ     ( 5597): [ReportManager][7066/7122]initWebSocket: url=wss://websocket.txzing.com/junsun/index?app_id=6a3643cb81c6e92137ccc63f536df874&tm=1752439464863&data=%2BgciCcl7QQvdqHWkLMccw%2B2FXDmchKziEiD2%2F%2BDd5Fg%3D&platform=car
07-13 16:44:24.865 D/TXZ     ( 5597): [ReportManager][7066/7122]connect: start
07-13 16:44:24.865 D/TXZ     ( 5597): [TXZWebSocketClient][7066/24700]onError: ex=java.net.UnknownHostException: websocket.txzing.com
07-13 16:44:24.865 D/TXZ     ( 5597): [ReportManager][7066/24700]java.net.UnknownHostException: websocket.txzing.com
07-13 16:44:24.865 D/TXZ     ( 5597): [ReportManager][7066/24700]onClose() called with: code = -1, reason = websocket.txzing.com, remote = false
07-13 16:44:24.865 D/TXZ     ( 5597): [ReportManager][7066/7122]connect: finish
07-13 16:44:24.865 D/TXZ     ( 5597): [ReportManager][7066/7122]initWebSocket: url=wss://websocket.txzing.com/junsun/index?app_id=6a3643cb81c6e92137ccc63f536df874&tm=1752439464864&data=SfACxWLMxjMC9xsS35FzDs30VPJiLglKR90VpqeUx7s%3D&platform=car
07-13 16:44:24.865 D/TXZ     ( 5597): [ReportManager][7066/7122]connect: start
07-13 16:44:24.866 D/TXZ     ( 5597): [TXZWebSocketClient][7066/24701]onError: ex=java.net.UnknownHostException: websocket.txzing.com
07-13 16:44:24.866 D/TXZ     ( 5597): [ReportManager][7066/24701]java.net.UnknownHostException: websocket.txzing.com
07-13 16:44:24.866 D/TXZ     ( 5597): [ReportManager][7066/24701]onClose() called with: code = -1, reason = websocket.txzing.com, remote = false
07-13 16:44:24.866 D/TXZ     ( 5597): [ReportManager][7066/7122]connect: finish
07-13 16:44:24.866 D/TXZ     ( 5597): [ReportManager][7066/7122]initWebSocket: url=wss://websocket.txzing.com/junsun/index?app_id=6a3643cb81c6e92137ccc63f536df874&tm=1752439464866&data=Y9PYtfct4gZb5d3UhVwWpI8nVe0OzBbrqwUNXzwPRM0%3D&platform=car
07-13 16:44:24.867 D/TXZ     ( 5597): [ReportManager][7066/7122]connect: start
07-13 16:44:24.868 D/TXZ     ( 5597): [TXZWebSocketClient][7066/24702]onError: ex=java.net.UnknownHostException: websocket.txzing.com
07-13 16:44:24.868 D/TXZ     ( 5597): [ReportManager][7066/24702]java.net.UnknownHostException: websocket.txzing.com
07-13 16:44:24.868 D/TXZ     ( 5597): [ReportManager][7066/24702]onClose() called with: code = -1, reason = websocket.txzing.com, remote = false
07-13 16:44:24.868 D/TXZ     ( 5597): [ReportManager][7066/7122]connect: finish
07-13 16:44:24.870 D/TXZ     ( 5597): [ReportManager][7066/7122]initWebSocket: url=wss://websocket.txzing.com/junsun/index?app_id=6a3643cb81c6e92137ccc63f536df874&tm=1752439464870&data=1AgR8YOQTJhIqu6yzLRRD%2B5ooKCL1QC0iBZner9gbNA%3D&platform=car
07-13 16:44:24.870 D/TXZ     ( 5597): [ReportManager][7066/7122]connect: start
07-13 16:44:24.872 D/TXZ     ( 5597): [TXZWebSocketClient][7066/24703]onError: ex=java.net.UnknownHostException: websocket.txzing.com
07-13 16:44:24.872 D/TXZ     ( 5597): [ReportManager][7066/24703]java.net.UnknownHostException: websocket.txzing.com
07-13 16:44:24.872 D/TXZ     ( 5597): [ReportManager][7066/24703]onClose() called with: code = -1, reason = websocket.txzing.com, remote = false
07-13 16:44:24.872 D/TXZ     ( 5597): [ReportManager][7066/7122]connect: finish
07-13 16:44:24.873 D/TXZ     ( 5597): [ReportManager][7066/7122]initWebSocket: url=wss://websocket.txzing.com/junsun/index?app_id=6a3643cb81c6e92137ccc63f536df874&tm=1752439464873&data=w8dP3JCtd140J0iN4DYOF0P1wBjZgQXHIkSE232fzSI%3D&platform=car
07-13 16:44:24.873 D/TXZ     ( 5597): [ReportManager][7066/7122]connect: start
07-13 16:44:24.874 D/TXZ     ( 5597): [TXZWebSocketClient][7066/24704]onError: ex=java.net.UnknownHostException: websocket.txzing.com
07-13 16:44:24.874 D/TXZ     ( 5597): [ReportManager][7066/24704]java.net.UnknownHostException: websocket.txzing.com
07-13 16:44:24.874 D/TXZ     ( 5597): [ReportManager][7066/24704]onClose() called with: code = -1, reason = websocket.txzing.com, remote = false
07-13 16:44:24.875 D/TXZ     ( 5597): [ReportManager][7066/7122]connect: finish
07-13 16:44:24.875 D/TXZ     ( 5597): [ReportManager][7066/7122]initWebSocket: url=wss://websocket.txzing.com/junsun/index?app_id=6a3643cb81c6e92137ccc63f536df874&tm=1752439464874&data=jRHHEyJWzOsSdZDX0fDPVWBpXeSHUDa1RiFzgvDnEAE%3D&platform=car
07-13 16:44:24.875 D/TXZ     ( 5597): [ReportManager][7066/7122]connect: start
07-13 16:44:24.876 D/TXZ     ( 5597): [TXZWebSocketClient][7066/24705]onError: ex=java.net.UnknownHostException: websocket.txzing.com
07-13 16:44:24.876 D/TXZ     ( 5597): [ReportManager][7066/24705]java.net.UnknownHostException: websocket.txzing.com
07-13 16:44:24.876 D/TXZ     ( 5597): [ReportManager][7066/24705]onClose() called with: code = -1, reason = websocket.txzing.com, remote = false
07-13 16:44:24.876 D/TXZ     ( 5597): [ReportManager][7066/7122]connect: finish
07-13 16:44:24.877 D/TXZ     ( 5597): [ReportManager][7066/7122]initWebSocket: url=wss://websocket.txzing.com/junsun/index?app_id=6a3643cb81c6e92137ccc63f536df874&tm=1752439464877&data=r7RYgERWH4vQh45WcDzg0puAGAaLG7ST1%2F81Ozzj1FY%3D&platform=car
07-13 16:44:24.877 D/AudioAttributes(12329): setInternalLegacyStreamType(), streamType=7, pid=12329, package_name=com.serenegiant.usbcameratest8
07-13 16:44:24.878 D/TXZ     ( 5597): [ReportManager][7066/7122]connect: start
07-13 16:44:24.879 W/SoundPool(12329): Use of stream types is deprecated for operations other than volume control
07-13 16:44:24.879 W/SoundPool(12329): See the documentation of SoundPool() for what to use instead with android.media.AudioAttributes to qualify your playback use case
07-13 16:44:24.880 D/TXZ     ( 5597): [TXZWebSocketClient][7066/24707]onError: ex=java.net.UnknownHostException: websocket.txzing.com
07-13 16:44:24.880 D/TXZ     ( 5597): [ReportManager][7066/24707]java.net.UnknownHostException: websocket.txzing.com
07-13 16:44:24.880 V/CameraThread(12329): getHandler:
07-13 16:44:24.880 D/TXZ     ( 5597): [ReportManager][7066/24707]onClose() called with: code = -1, reason = websocket.txzing.com, remote = false
07-13 16:44:24.880 D/TXZ     ( 5597): [ReportManager][7066/7122]connect: finish
07-13 16:44:24.880 D/TXZ     ( 5597): [ReportManager][7066/7122]initWebSocket: url=wss://websocket.txzing.com/junsun/index?app_id=6a3643cb81c6e92137ccc63f536df874&tm=1752439464880&data=dZHdGi0broRXax7kofRFgscP7wXys8gg61U%2BcMbhdrg%3D&platform=car
07-13 16:44:24.883 D/TXZ     ( 5597): [ReportManager][7066/7122]connect: start
07-13 16:44:24.883 D/TXZ     ( 5597): [TXZWebSocketClient][7066/24711]onError: ex=java.net.UnknownHostException: websocket.txzing.com
07-13 16:44:24.884 D/TXZ     ( 5597): [ReportManager][7066/24711]java.net.UnknownHostException: websocket.txzing.com
07-13 16:44:24.884 D/TXZ     ( 5597): [ReportManager][7066/24711]onClose() called with: code = -1, reason = websocket.txzing.com, remote = false
07-13 16:44:24.884 D/TXZ     ( 5597): [ReportManager][7066/7122]connect: finish
07-13 16:44:24.884 D/TXZ     ( 5597): [ReportManager][7066/7122]initWebSocket: url=wss://websocket.txzing.com/junsun/index?app_id=6a3643cb81c6e92137ccc63f536df874&tm=1752439464882&data=v4Su8s2l10M7Caz4iUwwRExuWeliCtHjIfDP1P5fqv8%3D&platform=car
07-13 16:44:24.884 D/TXZ     ( 5597): [ReportManager][7066/7122]connect: start
07-13 16:44:24.884 D/TXZ     ( 5597): [TXZWebSocketClient][7066/24712]onError: ex=java.net.UnknownHostException: websocket.txzing.com
07-13 16:44:24.885 D/DRM_DrmOmaPlugIn( 3630): onInitialize : 7291
07-13 16:44:24.885 D/TXZ     ( 5597): [ReportManager][7066/24712]java.net.UnknownHostException: websocket.txzing.com
07-13 16:44:24.885 D/DRM_DrmOmaPlugIn( 3630): onSetOnInfoListener : 7291
07-13 16:44:24.885 D/TXZ     ( 5597): [ReportManager][7066/24712]onClose() called with: code = -1, reason = websocket.txzing.com, remote = false
07-13 16:44:24.885 D/DRM_DrmOmaPlugIn( 3630): (7291)onOpenDecryptSession : offset:2091260, length:4851, fd:8
07-13 16:44:24.885 D/DRM_DcfParser( 3630): parse (null), fd: 9
07-13 16:44:24.885 D/TXZ     ( 5597): [ReportManager][7066/7122]connect: finish
07-13 16:44:24.885 D/DRM_DcfParser( 3630): parse (null), version: 80
07-13 16:44:24.885 E/DRM_DcfParser( 3630): parse error, only dcf v1 is supported, 80
07-13 16:44:24.885 E/DRM_DrmOmaPlugIn( 3630): onOpenDecryptSession , dcf parse error
07-13 16:44:24.886 V/MainActivity(12329): onStart:
07-13 16:44:24.886 D/DRM_DrmOmaPlugIn( 3630): onTerminate : 7291
07-13 16:44:24.887 D/TXZ     ( 5597): [ReportManager][7066/7122]initWebSocket: url=wss://websocket.txzing.com/junsun/index?app_id=6a3643cb81c6e92137ccc63f536df874&tm=1752439464886&data=P6lLoS8ztJulOZQpWnIMzKFW3gaCuckBqYEsg3eftAU%3D&platform=car
07-13 16:44:24.887 D/TXZ     ( 5597): [ReportManager][7066/7122]connect: start
07-13 16:44:24.888 V/UVCCameraTextureView(12329): onResume:
07-13 16:44:24.888 D/TXZ     ( 5597): [TXZWebSocketClient][7066/24713]onError: ex=java.net.UnknownHostException: websocket.txzing.com
07-13 16:44:24.888 D/TXZ     ( 5597): [ReportManager][7066/24713]java.net.UnknownHostException: websocket.txzing.com
07-13 16:44:24.888 D/TXZ     ( 5597): [ReportManager][7066/24713]onClose() called with: code = -1, reason = websocket.txzing.com, remote = false
07-13 16:44:24.889 D/TXZ     ( 5597): [ReportManager][7066/7122]connect: finish
07-13 16:44:24.889 D/TXZ     ( 5597): [ReportManager][7066/7122]initWebSocket: url=wss://websocket.txzing.com/junsun/index?app_id=6a3643cb81c6e92137ccc63f536df874&tm=1752439464888&data=k6mgQD9ulJqFyQv6Mb0JrNrKv%2F7U5xfQbW49wDXJIY4%3D&platform=car
07-13 16:44:24.889 D/TXZ     ( 5597): [ReportManager][7066/7122]connect: start
07-13 16:44:24.890 D/TXZ     ( 5597): [TXZWebSocketClient][7066/24714]onError: ex=java.net.UnknownHostException: websocket.txzing.com
07-13 16:44:24.890 D/TXZ     ( 5597): [ReportManager][7066/24714]java.net.UnknownHostException: websocket.txzing.com
07-13 16:44:24.890 D/MediaCodec(12329): app proc_name: com.serenegiant.usbcameratest8 mime: audio/vorbis
07-13 16:44:24.890 I/MediaCodecList(12329): findMatchingCodecs called by com.serenegiant.usbcameratest8, mime: audio/vorbis, encoder: 0
07-13 16:44:24.891 D/CCodec  (12329): allocate(c2.android.vorbis.decoder)
07-13 16:44:24.892 D/TXZ     ( 5597): [ReportManager][7066/24714]onClose() called with: code = -1, reason = websocket.txzing.com, remote = false
07-13 16:44:24.892 V/C2Store ( 3772): in init
07-13 16:44:24.892 V/C2Store ( 3772): loading dll
07-13 16:44:24.892 D/TXZ     ( 5597): [ReportManager][7066/7122]connect: finish
07-13 16:44:24.892 D/TXZ     ( 5597): [ReportManager][7066/7122]initWebSocket: url=wss://websocket.txzing.com/junsun/index?app_id=6a3643cb81c6e92137ccc63f536df874&tm=1752439464891&data=fADx7RhfU7%2FRLLLFmt%2BjSNZiRvHDmJGO3OLaf%2BP0vUk%3D&platform=car
07-13 16:44:24.892 D/TXZ     ( 5597): [ReportManager][7066/7122]connect: start
07-13 16:44:24.892 I/ActivityThread(12329): performResumeActivity - pkgName: com.serenegiant.usbcameratest8 - className: com.serenegiant.usbcameratest8.MainActivity
07-13 16:44:24.893 D/TXZ     ( 5597): [TXZWebSocketClient][7066/24716]onError: ex=java.net.UnknownHostException: websocket.txzing.com
07-13 16:44:24.893 D/TXZ     ( 5597): [ReportManager][7066/24716]java.net.UnknownHostException: websocket.txzing.com
07-13 16:44:24.893 D/TXZ     ( 5597): [ReportManager][7066/24716]onClose() called with: code = -1, reason = websocket.txzing.com, remote = false
07-13 16:44:24.893 D/TXZ     ( 5597): [ReportManager][7066/7122]connect: finish
07-13 16:44:24.893 D/TXZ     ( 5597): [ReportManager][7066/7122]initWebSocket: url=wss://websocket.txzing.com/junsun/index?app_id=6a3643cb81c6e92137ccc63f536df874&tm=1752439464893&data=VBj5Fhcd23ejG%2BkpxhPu%2F%2F8a0RwbMDaS%2FNEjp6ePqE0%3D&platform=car
07-13 16:44:24.894 I/ActivityThread(12329): smart_link is  not supported!!!
07-13 16:44:24.894 D/TXZ     ( 5597): [ReportManager][7066/7122]connect: start
07-13 16:44:24.894 I/xxb     (12329): thread[main, 2] (WindowManagerImpl.java:98): topname = com.serenegiant.usbcameratest8---Window = com.serenegiant.usbcameratest8
07-13 16:44:24.894 I/CCodec  (12329): Created component [c2.android.vorbis.decoder]
07-13 16:44:24.895 D/CCodecConfig(12329): read media type: audio/vorbis
07-13 16:44:24.895 D/TXZ     ( 5597): [TXZWebSocketClient][7066/24717]onError: ex=java.net.UnknownHostException: websocket.txzing.com
07-13 16:44:24.895 D/TXZ     ( 5597): [ReportManager][7066/24717]java.net.UnknownHostException: websocket.txzing.com
07-13 16:44:24.895 D/TXZ     ( 5597): [ReportManager][7066/24717]onClose() called with: code = -1, reason = websocket.txzing.com, remote = false
07-13 16:44:24.895 D/TXZ     ( 5597): [ReportManager][7066/7122]connect: finish
07-13 16:44:24.896 D/ReflectedParamUpdater(12329): extent() != 1 for single value type: algo.buffers.max-count.values
07-13 16:44:24.896 D/TXZ     ( 5597): [ReportManager][7066/7122]initWebSocket: url=wss://websocket.txzing.com/junsun/index?app_id=6a3643cb81c6e92137ccc63f536df874&tm=1752439464896&data=lshQi%2Bl5v5qAJbH084i3pTOZkxyULnYSmXyJVM6oxsU%3D&platform=car
07-13 16:44:24.897 D/ReflectedParamUpdater(12329): extent() != 1 for single value type: output.subscribed-indices.values
07-13 16:44:24.897 D/ReflectedParamUpdater(12329): extent() != 1 for single value type: input.buffers.allocator-ids.values
07-13 16:44:24.897 D/TXZ     ( 5597): [ReportManager][7066/7122]connect: start
07-13 16:44:24.897 D/ReflectedParamUpdater(12329): extent() != 1 for single value type: output.buffers.allocator-ids.values
07-13 16:44:24.897 D/ReflectedParamUpdater(12329): extent() != 1 for single value type: algo.buffers.allocator-ids.values
07-13 16:44:24.897 D/ReflectedParamUpdater(12329): extent() != 1 for single value type: output.buffers.pool-ids.values
07-13 16:44:24.897 D/ReflectedParamUpdater(12329): extent() != 1 for single value type: algo.buffers.pool-ids.values
07-13 16:44:24.898 I/CCodecConfig(12329): query failed after returning 7 values (BAD_INDEX)
07-13 16:44:24.898 D/CCodecConfig(12329): c2 config is Dict {
07-13 16:44:24.898 D/CCodecConfig(12329):   c2::u32 coded.bitrate.value = 64000
07-13 16:44:24.898 D/CCodecConfig(12329):   c2::u32 input.buffers.max-size.value = 32768
07-13 16:44:24.898 D/CCodecConfig(12329):   c2::u32 input.delay.value = 0
07-13 16:44:24.898 D/CCodecConfig(12329):   string input.media-type.value = "audio/vorbis"
07-13 16:44:24.898 D/CCodecConfig(12329):   string output.media-type.value = "audio/raw"
07-13 16:44:24.898 D/CCodecConfig(12329):   c2::u32 raw.channel-count.value = 1
07-13 16:44:24.898 D/CCodecConfig(12329):   c2::u32 raw.sample-rate.value = 48000
07-13 16:44:24.898 D/CCodecConfig(12329): }
07-13 16:44:24.898 D/TXZ     ( 5597): [TXZWebSocketClient][7066/24719]onError: ex=java.net.UnknownHostException: websocket.txzing.com
07-13 16:44:24.898 D/TXZ     ( 5597): [ReportManager][7066/24719]java.net.UnknownHostException: websocket.txzing.com
07-13 16:44:24.898 D/TXZ     ( 5597): [ReportManager][7066/24719]onClose() called with: code = -1, reason = websocket.txzing.com, remote = false
07-13 16:44:24.898 D/TXZ     ( 5597): [ReportManager][7066/7122]connect: finish
07-13 16:44:24.898 D/CCodecConfig(12329): no c2 equivalents for durationUs
07-13 16:44:24.898 D/CCodecConfig(12329): no c2 equivalents for csd-1
07-13 16:44:24.898 D/TXZ     ( 5597): [ReportManager][7066/7122]initWebSocket: url=wss://websocket.txzing.com/junsun/index?app_id=6a3643cb81c6e92137ccc63f536df874&tm=1752439464898&data=afWK3nwmEvHfATor7OQspFCU7dKoJoBCO8zLeAAdZK4%3D&platform=car
07-13 16:44:24.898 D/CCodecConfig(12329): no c2 equivalents for track-id
07-13 16:44:24.898 D/CCodecConfig(12329): no c2 equivalents for channel-mask
07-13 16:44:24.899 D/DeviceStorageMonitorService( 4123): updateStateEx oldLevel = 0, newLevel = 0
07-13 16:44:24.899 D/CCodecConfig(12329): c2 config is Dict {
07-13 16:44:24.899 D/CCodecConfig(12329):   c2::u32 coded.bitrate.value = 64000
07-13 16:44:24.899 D/CCodecConfig(12329):   c2::u32 input.buffers.max-size.value = 32768
07-13 16:44:24.899 D/CCodecConfig(12329):   c2::u32 input.delay.value = 0
07-13 16:44:24.899 D/CCodecConfig(12329):   string input.media-type.value = "audio/vorbis"
07-13 16:44:24.899 D/CCodecConfig(12329):   string output.media-type.value = "audio/raw"
07-13 16:44:24.899 D/CCodecConfig(12329):   c2::u32 raw.channel-count.value = 1
07-13 16:44:24.899 D/CCodecConfig(12329):   c2::u32 raw.sample-rate.value = 44100
07-13 16:44:24.899 D/CCodecConfig(12329): }
07-13 16:44:24.899 W/Codec2Client(12329): query -- param skipped: index = 1107298332.
07-13 16:44:24.899 D/CCodec  (12329): setup formats input: AMessage(what = 0x00000000) = {
07-13 16:44:24.899 D/CCodec  (12329):   int32_t channel-count = 1
07-13 16:44:24.899 D/CCodec  (12329):   int32_t max-input-size = 32768
07-13 16:44:24.899 D/CCodec  (12329):   string mime = "audio/vorbis"
07-13 16:44:24.899 D/CCodec  (12329):   int32_t sample-rate = 44100
07-13 16:44:24.899 D/CCodec  (12329): } and output: AMessage(what = 0x00000000) = {
07-13 16:44:24.899 D/CCodec  (12329):   int32_t channel-count = 1
07-13 16:44:24.899 D/CCodec  (12329):   string mime = "audio/raw"
07-13 16:44:24.899 D/CCodec  (12329):   int32_t sample-rate = 44100
07-13 16:44:24.899 D/CCodec  (12329):   int32_t channel-mask = 1
07-13 16:44:24.899 D/CCodec  (12329): }
07-13 16:44:24.899 W/Codec2Client(12329): query -- param skipped: index = 1342179345.
07-13 16:44:24.899 W/Codec2Client(12329): query -- param skipped: index = 2415921170.
07-13 16:44:24.900 D/TXZ     ( 5597): [ReportManager][7066/7122]connect: start
07-13 16:44:24.900 D/TXZ     ( 5597): [TXZWebSocketClient][7066/24720]onError: ex=java.net.UnknownHostException: websocket.txzing.com
07-13 16:44:24.900 D/TXZ     ( 5597): [ReportManager][7066/24720]java.net.UnknownHostException: websocket.txzing.com
07-13 16:44:24.900 D/TXZ     ( 5597): [ReportManager][7066/24720]onClose() called with: code = -1, reason = websocket.txzing.com, remote = false
07-13 16:44:24.901 D/CCodecBufferChannel(12329): [c2.android.vorbis.decoder#573] Created input block pool with allocatorID 16 => poolID 18 - OK (0)
07-13 16:44:24.901 D/BufferPoolAccessor( 3772): bufferpool2 0x3477196c30 : 0(0 size) total buffers - 0(0 size) used buffers - 19/22 (recycle/alloc) - 3/21 (fetch/transfer)
07-13 16:44:24.901 D/BufferPoolAccessor( 3772): Destruction - bufferpool2 0x3477196c30 cached: 0/0M, 0/0% in use; allocs: 22, 86% recycled; transfers: 21, 86% unfetced
07-13 16:44:24.901 D/TXZ     ( 5597): [ReportManager][7066/7122]connect: finish
07-13 16:44:24.901 D/TXZ     ( 5597): [ReportManager][7066/7122]initWebSocket: url=wss://websocket.txzing.com/junsun/index?app_id=6a3643cb81c6e92137ccc63f536df874&tm=1752439464901&data=ROCB31upcGk64WEizoI7uEmYmCWqxKTvzcMXf3HgBeE%3D&platform=car
07-13 16:44:24.901 D/TXZ     ( 5597): [ReportManager][7066/7122]connect: start
07-13 16:44:24.901 D/BufferPoolAccessor(12329): bufferpool2 0x735209e020 : 0(0 size) total buffers - 0(0 size) used buffers - 3/9 (recycle/alloc) - 6/48 (fetch/transfer)
07-13 16:44:24.902 D/BufferPoolAccessor(12329): Destruction - bufferpool2 0x735209e020 cached: 0/0M, 0/0% in use; allocs: 9, 33% recycled; transfers: 48, 88% unfetced
07-13 16:44:24.902 I/CCodecBufferChannel(12329): [c2.android.vorbis.decoder#573] Created output block pool with allocatorID 16 => poolID 43 - OK
07-13 16:44:24.902 D/CCodecBufferChannel(12329): [c2.android.vorbis.decoder#573] Configured output block pool ids 43 => OK
07-13 16:44:24.903 D/TXZ     ( 5597): [TXZWebSocketClient][7066/24721]onError: ex=java.net.UnknownHostException: websocket.txzing.com
07-13 16:44:24.903 D/TXZ     ( 5597): [ReportManager][7066/24721]java.net.UnknownHostException: websocket.txzing.com
07-13 16:44:24.904 D/TXZ     ( 5597): [ReportManager][7066/24721]onClose() called with: code = -1, reason = websocket.txzing.com, remote = false
07-13 16:44:24.905 D/TXZ     ( 5597): [ReportManager][7066/7122]connect: finish
07-13 16:44:24.905 D/TXZ     ( 5597): [ReportManager][7066/7122]initWebSocket: url=wss://websocket.txzing.com/junsun/index?app_id=6a3643cb81c6e92137ccc63f536df874&tm=1752439464903&data=XlpikawzX1%2BiqNpKX9wQc3Q2eF5vxGy%2BU0uDT2LEpDw%3D&platform=car
07-13 16:44:24.905 D/TXZ     ( 5597): [ReportManager][7066/7122]connect: start
07-13 16:44:24.905 D/SimpleC2Component( 3772): Using output block pool with poolID 43 => got 43 - 0
07-13 16:44:24.907 D/TXZ     ( 5597): [TXZWebSocketClient][7066/24722]onError: ex=java.net.UnknownHostException: websocket.txzing.com
07-13 16:44:24.907 D/TXZ     ( 5597): [ReportManager][7066/24722]java.net.UnknownHostException: websocket.txzing.com
07-13 16:44:24.907 D/TXZ     ( 5597): [ReportManager][7066/24722]onClose() called with: code = -1, reason = websocket.txzing.com, remote = false
07-13 16:44:24.907 D/TXZ     ( 5597): [ReportManager][7066/7122]connect: finish
07-13 16:44:24.908 I/RecentTasks( 4123): getRecentTasksImpl - maxNum: 48
07-13 16:44:24.909 D/TXZ     ( 5597): [ReportManager][7066/7122]initWebSocket: url=wss://websocket.txzing.com/junsun/index?app_id=6a3643cb81c6e92137ccc63f536df874&tm=1752439464906&data=%2BGrfBw6RR7XfY6RG7a4Zf07LccZ0j%2FSq5S4rNN8mBps%3D&platform=car
07-13 16:44:24.910 D/TXZ     ( 5597): [ReportManager][7066/7122]connect: start
07-13 16:44:24.912 D/TXZ     ( 5597): [TXZWebSocketClient][7066/24723]onError: ex=java.net.UnknownHostException: websocket.txzing.com
07-13 16:44:24.912 D/TXZ     ( 5597): [ReportManager][7066/24723]java.net.UnknownHostException: websocket.txzing.com
07-13 16:44:24.912 D/TXZ     ( 5597): [ReportManager][7066/24723]onClose() called with: code = -1, reason = websocket.txzing.com, remote = false
07-13 16:44:24.912 D/TXZ     ( 5597): [ReportManager][7066/7122]connect: finish
07-13 16:44:24.914 D/TXZ     ( 5597): [ReportManager][7066/7122]initWebSocket: url=wss://websocket.txzing.com/junsun/index?app_id=6a3643cb81c6e92137ccc63f536df874&tm=1752439464911&data=py3vtABQiY4zbFg8Y02TTtqWihpE2bq3%2FDgVhxL5HUk%3D&platform=car
07-13 16:44:24.914 D/TXZ     ( 5597): [ReportManager][7066/7122]connect: start
07-13 16:44:24.914 D/TXZ     ( 5597): [TXZWebSocketClient][7066/24724]onError: ex=java.net.UnknownHostException: websocket.txzing.com
07-13 16:44:24.914 D/TXZ     ( 5597): [ReportManager][7066/24724]java.net.UnknownHostException: websocket.txzing.com
07-13 16:44:24.914 D/TXZ     ( 5597): [ReportManager][7066/24724]onClose() called with: code = -1, reason = websocket.txzing.com, remote = false
07-13 16:44:24.914 D/TXZ     ( 5597): [ReportManager][7066/7122]connect: finish
07-13 16:44:24.914 D/TXZ     ( 5597): [ReportManager][7066/7122]initWebSocket: url=wss://websocket.txzing.com/junsun/index?app_id=6a3643cb81c6e92137ccc63f536df874&tm=1752439464913&data=8fXZkkvNCuBs6RZGUF%2BQaZslKELyrHGNez%2BKSgBkUrw%3D&platform=car
07-13 16:44:24.914 D/TXZ     ( 5597): [ReportManager][7066/7122]connect: start
07-13 16:44:24.916 D/TXZ     ( 5597): [TXZWebSocketClient][7066/24725]onError: ex=java.net.UnknownHostException: websocket.txzing.com
07-13 16:44:24.916 D/TXZ     ( 5597): [ReportManager][7066/24725]java.net.UnknownHostException: websocket.txzing.com
07-13 16:44:24.916 D/TXZ     ( 5597): [ReportManager][7066/24725]onClose() called with: code = -1, reason = websocket.txzing.com, remote = false
07-13 16:44:24.916 D/TXZ     ( 5597): [ReportManager][7066/7122]connect: finish
07-13 16:44:24.916 D/TXZ     ( 5597): [ReportManager][7066/7122]initWebSocket: url=wss://websocket.txzing.com/junsun/index?app_id=6a3643cb81c6e92137ccc63f536df874&tm=1752439464916&data=vy4In8qzmuQkXaRnlSbYDHjd3SXAz8o7SllmbbMs0kQ%3D&platform=car
07-13 16:44:24.917 D/TXZ     ( 5597): [ReportManager][7066/7122]connect: start
07-13 16:44:24.918 D/TXZ     ( 5597): [TXZWebSocketClient][7066/24726]onError: ex=java.net.UnknownHostException: websocket.txzing.com
07-13 16:44:24.918 D/TXZ     ( 5597): [ReportManager][7066/24726]java.net.UnknownHostException: websocket.txzing.com
07-13 16:44:24.918 D/TXZ     ( 5597): [ReportManager][7066/24726]onClose() called with: code = -1, reason = websocket.txzing.com, remote = false
07-13 16:44:24.918 D/TXZ     ( 5597): [ReportManager][7066/7122]connect: finish
07-13 16:44:24.918 D/TXZ     ( 5597): [ReportManager][7066/7122]initWebSocket: url=wss://websocket.txzing.com/junsun/index?app_id=6a3643cb81c6e92137ccc63f536df874&tm=1752439464918&data=i3uZA%2FtMrnMHY8HvES2Lyg2oW1pssNXQDKT398%2Bvddc%3D&platform=car
07-13 16:44:24.918 D/TXZ     ( 5597): [ReportManager][7066/7122]connect: start
07-13 16:44:24.920 D/TXZ     ( 5597): [TXZWebSocketClient][7066/24727]onError: ex=java.net.UnknownHostException: websocket.txzing.com
07-13 16:44:24.920 D/TXZ     ( 5597): [ReportManager][7066/24727]java.net.UnknownHostException: websocket.txzing.com
07-13 16:44:24.920 D/TXZ     ( 5597): [ReportManager][7066/24727]onClose() called with: code = -1, reason = websocket.txzing.com, remote = false
07-13 16:44:24.920 D/TXZ     ( 5597): [ReportManager][7066/7122]connect: finish
07-13 16:44:24.920 D/TXZ     ( 5597): [ReportManager][7066/7122]initWebSocket: url=wss://websocket.txzing.com/junsun/index?app_id=6a3643cb81c6e92137ccc63f536df874&tm=1752439464920&data=6H1%2Bry%2Bik50Yd1iJlWXT%2BLUGw3OYYXUwdgx4z%2BXQHLs%3D&platform=car
07-13 16:44:24.920 D/TXZ     ( 5597): [ReportManager][7066/7122]connect: start
07-13 16:44:24.922 D/TXZ     ( 5597): [TXZWebSocketClient][7066/24728]onError: ex=java.net.UnknownHostException: websocket.txzing.com
07-13 16:44:24.922 D/TXZ     ( 5597): [ReportManager][7066/24728]java.net.UnknownHostException: websocket.txzing.com
07-13 16:44:24.922 D/TXZ     ( 5597): [ReportManager][7066/24728]onClose() called with: code = -1, reason = websocket.txzing.com, remote = false
07-13 16:44:24.922 D/TXZ     ( 5597): [ReportManager][7066/7122]connect: finish
07-13 16:44:24.923 I/BarController( 4123): setBarShowingLw - win: 15df344 StatusBar - show: true
07-13 16:44:24.924 D/TXZ     ( 5597): [ReportManager][7066/7122]initWebSocket: url=wss://websocket.txzing.com/junsun/index?app_id=6a3643cb81c6e92137ccc63f536df874&tm=1752439464924&data=VUDMB8UfUznc1nD43U4T9xNmqQ4RJ%2Fa5xcrP0gX2lz8%3D&platform=car
07-13 16:44:24.925 D/TXZ     ( 5597): [ReportManager][7066/7122]connect: start
07-13 16:44:24.927 D/SSense  ( 4123): windowsChanged
07-13 16:44:24.927 D/TXZ     ( 5597): [TXZWebSocketClient][7066/24729]onError: ex=java.net.UnknownHostException: websocket.txzing.com
07-13 16:44:24.928 D/TXZ     ( 5597): [ReportManager][7066/24729]java.net.UnknownHostException: websocket.txzing.com
07-13 16:44:24.928 D/TXZ     ( 5597): [ReportManager][7066/24729]onClose() called with: code = -1, reason = websocket.txzing.com, remote = false
07-13 16:44:24.928 D/TXZ     ( 5597): [ReportManager][7066/7122]connect: finish
07-13 16:44:24.928 D/TXZ     ( 5597): [ReportManager][7066/7122]initWebSocket: url=wss://websocket.txzing.com/junsun/index?app_id=6a3643cb81c6e92137ccc63f536df874&tm=1752439464926&data=X4ezeo1o2YCglBaYHlbK%2FoMffIpO%2BfYnbzpptI5KOzE%3D&platform=car
07-13 16:44:24.928 D/TXZ     ( 5597): [ReportManager][7066/7122]connect: start
07-13 16:44:24.929 D/TXZ     ( 5597): [TXZWebSocketClient][7066/24730]onError: ex=java.net.UnknownHostException: websocket.txzing.com
07-13 16:44:24.929 D/TXZ     ( 5597): [ReportManager][7066/24730]java.net.UnknownHostException: websocket.txzing.com
07-13 16:44:24.929 D/TXZ     ( 5597): [ReportManager][7066/24730]onClose() called with: code = -1, reason = websocket.txzing.com, remote = false
07-13 16:44:24.929 D/TXZ     ( 5597): [ReportManager][7066/7122]connect: finish
07-13 16:44:24.930 D/mali_winsys(12329): EGLint new_window_surface(egl_winsys_display *, void *, EGLSurface, EGLConfig, egl_winsys_surface **, EGLBoolean) returns 0x3000
07-13 16:44:24.934 I/gralloc ( 3497): gralloc=>alloc, share_fd=9, share_attr_fd=10, magic=51647890, format=1, internal_format=300000001, byte_stride=5120, flags=4, usage=0x20000b00, size=3744768, width=1280, height=720, internalWidth=1280, internalHeight=720, stride=1280, ADP_VSTRIDE=720,base=0x709720d000, cpu_read=0, cpu_write=0, attr_base=0xffffffffffffffff, yuv_info=0, fd=-1, buf_idx=0, offset=0, min_pgsz=4096, phyaddr=0
07-13 16:44:24.934 I/gralloc ( 3497): gralloc_unregister_buffer hnd=0x709982c200, share_fd=9, share_attr_fd=10, magic=51647890, format=1, internal_format=300000001, byte_stride=5120, flags=4, usage=0x20000b00, size=3744768, width=1280, height=720, internalWidth=1280, internalHeight=720, stride=1280, base=0x709720d000, cpu_read=0,cpu_write=0, attr_base=0xffffffffffffffff, yuv_info=0, fd=-1, buf_idx=0, offset=0, min_pgsz=4096, phyaddr=0
07-13 16:44:24.934 I/gralloc ( 3497): gralloc=>free hnd=0x709982c200, share_fd=9, share_attr_fd=10, magic=51647890, format=1, internal_format=300000001, byte_stride=5120, flags=4, usage=0x20000b00, size=3744768, width=1280, height=720, internalWidth=1280, internalHeight=720, stride=1280, base=0x709720d000, cpu_read=0,cpu_write=0, attr_base=0xffffffffffffffff, yuv_info=0, fd=-1, buf_idx=0, offset=0, min_pgsz=4096, phyaddr=0
07-13 16:44:24.934 I/gralloc ( 3580): gralloc_register_buffer hnd=0x7f66041b00, share_fd=108, share_attr_fd=136, magic=51647890, format=1, internal_format=300000001, byte_stride=5120, flags=4, usage=0x20000b00, size=3744768, width=1280, height=720, internalWidth=1280, internalHeight=720, stride=1280, base=0x7f4a8fe000, cpu_read=0,cpu_write=0, attr_base=0xffffffffffffffff, yuv_info=0, fd=-1, buf_idx=0, offset=0, min_pgsz=4096, phyaddr=0
07-13 16:44:24.935 D/TXZ     ( 5597): [ReportManager][7066/7122]initWebSocket: url=wss://websocket.txzing.com/junsun/index?app_id=6a3643cb81c6e92137ccc63f536df874&tm=1752439464929&data=O0n%2Fsu1y8UVIKexPKh%2FQLGz2A%2FTe3lmFzuv%2FD%2F9IdYI%3D&platform=car
07-13 16:44:24.935 D/TXZ     ( 5597): [ReportManager][7066/7122]connect: start
07-13 16:44:24.935 D/TXZ     ( 5597): [TXZWebSocketClient][7066/24731]onError: ex=java.net.UnknownHostException: websocket.txzing.com
07-13 16:44:24.935 D/TXZ     ( 5597): [ReportManager][7066/24731]java.net.UnknownHostException: websocket.txzing.com
07-13 16:44:24.935 D/TXZ     ( 5597): [ReportManager][7066/24731]onClose() called with: code = -1, reason = websocket.txzing.com, remote = false
07-13 16:44:24.935 D/TXZ     ( 5597): [ReportManager][7066/7122]connect: finish
07-13 16:44:24.935 D/TXZ     ( 5597): [ReportManager][7066/7122]initWebSocket: url=wss://websocket.txzing.com/junsun/index?app_id=6a3643cb81c6e92137ccc63f536df874&tm=1752439464933&data=SAzVDDHW0Blld99Bor1CZqpegbmV1nNgzKiv4K0CIUs%3D&platform=car
07-13 16:44:24.935 D/TXZ     ( 5597): [ReportManager][7066/7122]connect: start
07-13 16:44:24.935 D/TXZ     ( 5597): [TXZWebSocketClient][7066/24732]onError: ex=java.net.UnknownHostException: websocket.txzing.com
07-13 16:44:24.935 D/TXZ     ( 5597): [ReportManager][7066/24732]java.net.UnknownHostException: websocket.txzing.com
07-13 16:44:24.935 D/TXZ     ( 5597): [ReportManager][7066/24732]onClose() called with: code = -1, reason = websocket.txzing.com, remote = false
07-13 16:44:24.935 D/TXZ     ( 5597): [ReportManager][7066/7122]connect: finish
07-13 16:44:24.935 D/TXZ     ( 5597): [ReportManager][7066/7122]initWebSocket: url=wss://websocket.txzing.com/junsun/index?app_id=6a3643cb81c6e92137ccc63f536df874&tm=1752439464935&data=MiymotdZ3oeMasYgGhgzkajtVBfZo14VNxQmhMJkABk%3D&platform=car
07-13 16:44:24.936 D/TXZ     ( 5597): [ReportManager][7066/7122]connect: start
07-13 16:44:24.937 I/gralloc ( 3497): gralloc=>alloc, share_fd=9, share_attr_fd=10, magic=51647890, format=1, internal_format=300000001, byte_stride=5120, flags=4, usage=0x20000b00, size=3744768, width=1280, height=720, internalWidth=1280, internalHeight=720, stride=1280, ADP_VSTRIDE=720,base=0x709720d000, cpu_read=0, cpu_write=0, attr_base=0xffffffffffffffff, yuv_info=0, fd=-1, buf_idx=0, offset=0, min_pgsz=4096, phyaddr=0
07-13 16:44:24.937 I/gralloc ( 3497): gralloc_unregister_buffer hnd=0x709982c200, share_fd=9, share_attr_fd=10, magic=51647890, format=1, internal_format=300000001, byte_stride=5120, flags=4, usage=0x20000b00, size=3744768, width=1280, height=720, internalWidth=1280, internalHeight=720, stride=1280, base=0x709720d000, cpu_read=0,cpu_write=0, attr_base=0xffffffffffffffff, yuv_info=0, fd=-1, buf_idx=0, offset=0, min_pgsz=4096, phyaddr=0
07-13 16:44:24.937 I/gralloc ( 3497): gralloc=>free hnd=0x709982c200, share_fd=9, share_attr_fd=10, magic=51647890, format=1, internal_format=300000001, byte_stride=5120, flags=4, usage=0x20000b00, size=3744768, width=1280, height=720, internalWidth=1280, internalHeight=720, stride=1280, base=0x709720d000, cpu_read=0,cpu_write=0, attr_base=0xffffffffffffffff, yuv_info=0, fd=-1, buf_idx=0, offset=0, min_pgsz=4096, phyaddr=0
07-13 16:44:24.938 D/TXZ     ( 5597): [TXZWebSocketClient][7066/24733]onError: ex=java.net.UnknownHostException: websocket.txzing.com
07-13 16:44:24.938 I/gralloc ( 3580): gralloc_register_buffer hnd=0x7f66044100, share_fd=139, share_attr_fd=140, magic=51647890, format=1, internal_format=300000001, byte_stride=5120, flags=4, usage=0x20000b00, size=3744768, width=1280, height=720, internalWidth=1280, internalHeight=720, stride=1280, base=0x7f4a56b000, cpu_read=0,cpu_write=0, attr_base=0xffffffffffffffff, yuv_info=0, fd=-1, buf_idx=0, offset=0, min_pgsz=4096, phyaddr=0
07-13 16:44:24.938 D/TXZ     ( 5597): [ReportManager][7066/24733]java.net.UnknownHostException: websocket.txzing.com
07-13 16:44:24.938 D/TXZ     ( 5597): [ReportManager][7066/24733]onClose() called with: code = -1, reason = websocket.txzing.com, remote = false
07-13 16:44:24.938 D/TXZ     ( 5597): [ReportManager][7066/7122]connect: finish
07-13 16:44:24.938 D/TxzAccessibilityService( 5597): onAccessibilityEvent: event=EventType: TYPE_WINDOW_STATE_CHANGED; EventTime: 8005504; PackageName: com.serenegiant.usbcameratest8; MovementGranularity: 0; Action: 0; ContentChangeTypes: []; WindowChangeTypes: [] [ ClassName: com.serenegiant.usbcameratest8.MainActivity; Text: [usbCameraTest8]; ContentDescription: null; ItemCount: -1; CurrentItemIndex: -1; Enabled: true; Password: false; Checked: false; FullScreen: true; Scrollable: false; BeforeText: null; FromIndex: -1; ToIndex: -1; ScrollX: -1; ScrollY: -1; MaxScrollX: -1; MaxScrollY: -1; AddedCount: -1; RemovedCount: -1; ParcelableData: null ]; recordCount: 0
07-13 16:44:24.938 D/TXZ     ( 5597): [ReportManager][7066/7122]initWebSocket: url=wss://websocket.txzing.com/junsun/index?app_id=6a3643cb81c6e92137ccc63f536df874&tm=1752439464937&data=Rn1tBgjwicrn6RIe2ZqHT227Tu6%2FrwlScDpnKVmGDbY%3D&platform=car
07-13 16:44:24.938 D/TXZ     ( 5597): [ReportManager][7066/7122]connect: start
07-13 16:44:24.939 V/UVCCameraTextureView(12329): onSurfaceTextureAvailable:android.graphics.SurfaceTexture@720e17d
07-13 16:44:24.940 D/TXZ     ( 5597): [TXZWebSocketClient][7066/24734]onError: ex=java.net.UnknownHostException: websocket.txzing.com
07-13 16:44:24.940 D/TXZ     ( 5597): [ReportManager][7066/24734]java.net.UnknownHostException: websocket.txzing.com
07-13 16:44:24.940 D/TXZ     ( 5597): [ReportManager][7066/24734]onClose() called with: code = -1, reason = websocket.txzing.com, remote = false
07-13 16:44:24.941 D/TXZ     ( 5597): [ReportManager][7066/7122]connect: finish
07-13 16:44:24.941 V/UVCCameraTextureView(12329): RenderThread#getHandler:
07-13 16:44:24.941 D/UVCCameraTextureView(12329): RenderThread started
07-13 16:44:24.941 V/UVCCameraTextureView(12329): RenderThread#init:
07-13 16:44:24.942 I/gralloc ( 3497): gralloc=>alloc, share_fd=9, share_attr_fd=10, magic=51647890, format=1, internal_format=300000001, byte_stride=5120, flags=4, usage=0x20000b00, size=3744768, width=1280, height=720, internalWidth=1280, internalHeight=720, stride=1280, ADP_VSTRIDE=720,base=0x709720d000, cpu_read=0, cpu_write=0, attr_base=0xffffffffffffffff, yuv_info=0, fd=-1, buf_idx=0, offset=0, min_pgsz=4096, phyaddr=0
07-13 16:44:24.942 I/gralloc ( 3497): gralloc_unregister_buffer hnd=0x709982c200, share_fd=9, share_attr_fd=10, magic=51647890, format=1, internal_format=300000001, byte_stride=5120, flags=4, usage=0x20000b00, size=3744768, width=1280, height=720, internalWidth=1280, internalHeight=720, stride=1280, base=0x709720d000, cpu_read=0,cpu_write=0, attr_base=0xffffffffffffffff, yuv_info=0, fd=-1, buf_idx=0, offset=0, min_pgsz=4096, phyaddr=0
07-13 16:44:24.942 I/gralloc ( 3497): gralloc=>free hnd=0x709982c200, share_fd=9, share_attr_fd=10, magic=51647890, format=1, internal_format=300000001, byte_stride=5120, flags=4, usage=0x20000b00, size=3744768, width=1280, height=720, internalWidth=1280, internalHeight=720, stride=1280, base=0x709720d000, cpu_read=0,cpu_write=0, attr_base=0xffffffffffffffff, yuv_info=0, fd=-1, buf_idx=0, offset=0, min_pgsz=4096, phyaddr=0
07-13 16:44:24.942 I/gralloc ( 3580): gralloc_register_buffer hnd=0x7f66044200, share_fd=141, share_attr_fd=142, magic=51647890, format=1, internal_format=300000001, byte_stride=5120, flags=4, usage=0x20000b00, size=3744768, width=1280, height=720, internalWidth=1280, internalHeight=720, stride=1280, base=0x7f4a1d8000, cpu_read=0,cpu_write=0, attr_base=0xffffffffffffffff, yuv_info=0, fd=-1, buf_idx=0, offset=0, min_pgsz=4096, phyaddr=0
07-13 16:44:24.942 D/TXZ     ( 5597): [ReportManager][7066/7122]initWebSocket: url=wss://websocket.txzing.com/junsun/index?app_id=6a3643cb81c6e92137ccc63f536df874&tm=1752439464941&data=i6eMUrs8UwmXO7jXCCxZ%2BihcRIxVjn2YLS2rSpkuS8I%3D&platform=car
07-13 16:44:24.942 D/TXZ     ( 5597): [ReportManager][7066/7122]connect: start
07-13 16:44:24.942 D/com.txznet.smartwakeup.module.accessibility.TxzAccessibilityService@onAccessibilityEvent( 5597): current packageName android
07-13 16:44:24.943 D/EGLBase14(12329): EGLContext created, client version 3
07-13 16:44:24.943 D/mali_winsys(12329): EGLint new_window_surface(egl_winsys_display *, void *, EGLSurface, EGLConfig, egl_winsys_surface **, EGLBoolean) returns 0x3000
07-13 16:44:24.944 D/TXZ     ( 5597): [TXZWebSocketClient][7066/24736]onError: ex=java.net.UnknownHostException: websocket.txzing.com
07-13 16:44:24.944 D/TXZ     ( 5597): [ReportManager][7066/24736]java.net.UnknownHostException: websocket.txzing.com
07-13 16:44:24.944 D/TXZ     ( 5597): [ReportManager][7066/24736]onClose() called with: code = -1, reason = websocket.txzing.com, remote = false
07-13 16:44:24.944 D/TXZ     ( 5597): [ReportManager][7066/7122]connect: finish
07-13 16:44:24.945 D/TXZ     ( 5597): [ReportManager][7066/7122]initWebSocket: url=wss://websocket.txzing.com/junsun/index?app_id=6a3643cb81c6e92137ccc63f536df874&tm=1752439464943&data=Mob0XSKdl%2FM1qDf1AUTatbKr4Zbq%2B%2BQhj9g36WW5%2Bsw%3D&platform=car
07-13 16:44:24.945 D/TXZ     ( 5597): [ReportManager][7066/7122]connect: start
07-13 16:44:24.946 D/TXZ     ( 5597): [TXZWebSocketClient][7066/24737]onError: ex=java.net.UnknownHostException: websocket.txzing.com
07-13 16:44:24.946 D/TXZ     ( 5597): [ReportManager][7066/24737]java.net.UnknownHostException: websocket.txzing.com
07-13 16:44:24.946 D/TXZ     ( 5597): [ReportManager][7066/24737]onClose() called with: code = -1, reason = websocket.txzing.com, remote = false
07-13 16:44:24.946 D/TXZ     ( 5597): [ReportManager][7066/7122]connect: finish
07-13 16:44:24.947 D/TXZ     ( 5597): [ReportManager][7066/7122]initWebSocket: url=wss://websocket.txzing.com/junsun/index?app_id=6a3643cb81c6e92137ccc63f536df874&tm=1752439464946&data=EUUgWPCHaQdEh5Mx1Luz%2Bo81GjLbi1blVqt5w4KJivQ%3D&platform=car
07-13 16:44:24.947 D/TXZ     ( 5597): [ReportManager][7066/7122]connect: start
07-13 16:44:24.948 I/gralloc ( 3580): gralloc_unregister_buffer hnd=0x7f66044200, share_fd=141, share_attr_fd=142, magic=51647890, format=1, internal_format=300000001, byte_stride=5120, flags=4, usage=0x20000b00, size=3744768, width=1280, height=720, internalWidth=1280, internalHeight=720, stride=1280, base=0x7f4a1d8000, cpu_read=0,cpu_write=0, attr_base=0xffffffffffffffff, yuv_info=0, fd=-1, buf_idx=0, offset=0, min_pgsz=4096, phyaddr=0
07-13 16:44:24.949 D/TXZ     ( 5597): [TXZWebSocketClient][7066/24739]onError: ex=java.net.UnknownHostException: websocket.txzing.com
07-13 16:44:24.949 D/TXZ     ( 5597): [ReportManager][7066/24739]java.net.UnknownHostException: websocket.txzing.com
07-13 16:44:24.949 D/TXZ     ( 5597): [ReportManager][7066/24739]onClose() called with: code = -1, reason = websocket.txzing.com, remote = false
07-13 16:44:24.950 I/gralloc ( 3497): gralloc=>alloc, share_fd=9, share_attr_fd=10, magic=51647890, format=1, internal_format=300000001, byte_stride=2880, flags=4, usage=0x20000b00, size=3744768, width=720, height=1280, internalWidth=720, internalHeight=1280, stride=720, ADP_VSTRIDE=1280,base=0x709720d000, cpu_read=0, cpu_write=0, attr_base=0xffffffffffffffff, yuv_info=0, fd=-1, buf_idx=0, offset=0, min_pgsz=4096, phyaddr=0
07-13 16:44:24.951 I/gralloc ( 3580): gralloc_register_buffer hnd=0x7f66044200, share_fd=141, share_attr_fd=142, magic=51647890, format=1, internal_format=300000001, byte_stride=2880, flags=4, usage=0x20000b00, size=3744768, width=720, height=1280, internalWidth=720, internalHeight=1280, stride=720, base=0x7f4a1d8000, cpu_read=0,cpu_write=0, attr_base=0xffffffffffffffff, yuv_info=0, fd=-1, buf_idx=0, offset=0, min_pgsz=4096, phyaddr=0
07-13 16:44:24.951 I/gralloc ( 3497): gralloc_unregister_buffer hnd=0x709982c200, share_fd=9, share_attr_fd=10, magic=51647890, format=1, internal_format=300000001, byte_stride=2880, flags=4, usage=0x20000b00, size=3744768, width=720, height=1280, internalWidth=720, internalHeight=1280, stride=720, base=0x709720d000, cpu_read=0,cpu_write=0, attr_base=0xffffffffffffffff, yuv_info=0, fd=-1, buf_idx=0, offset=0, min_pgsz=4096, phyaddr=0
07-13 16:44:24.951 I/gralloc ( 3497): gralloc=>free hnd=0x709982c200, share_fd=9, share_attr_fd=10, magic=51647890, format=1, internal_format=300000001, byte_stride=2880, flags=4, usage=0x20000b00, size=3744768, width=720, height=1280, internalWidth=720, internalHeight=1280, stride=720, base=0x709720d000, cpu_read=0,cpu_write=0, attr_base=0xffffffffffffffff, yuv_info=0, fd=-1, buf_idx=0, offset=0, min_pgsz=4096, phyaddr=0
07-13 16:44:24.951 I/gralloc (12329): gralloc_register_buffer hnd=0x734bc71000, share_fd=74, share_attr_fd=75, magic=51647890, format=1, internal_format=300000001, byte_stride=2880, flags=4, usage=0x20000b00, size=3744768, width=720, height=1280, internalWidth=720, internalHeight=1280, stride=720, base=0x734d928000, cpu_read=0,cpu_write=0, attr_base=0xffffffffffffffff, yuv_info=0, fd=-1, buf_idx=0, offset=0, min_pgsz=4096, phyaddr=0
07-13 16:44:24.952 V/C2Store ( 3772): in ~ComponentModule
07-13 16:44:24.952 V/C2Store ( 3772): unloading dll
07-13 16:44:24.954 D/TXZ     ( 5597): [ReportManager][7066/7122]connect: finish
07-13 16:44:24.954 D/TXZ     ( 5597): [ReportManager][7066/7122]initWebSocket: url=wss://websocket.txzing.com/junsun/index?app_id=6a3643cb81c6e92137ccc63f536df874&tm=1752439464950&data=MWJhq9JRqZjJ2QEWZSjlx5B1lEqGQz%2FRqbfgZijwnQY%3D&platform=car
07-13 16:44:24.954 D/TXZ     ( 5597): [ReportManager][7066/7122]connect: start
07-13 16:44:24.957 I/BarController( 4123): setBarShowingLw - win: 15df344 StatusBar - show: true
07-13 16:44:24.958 D/TXZ     ( 5597): [TXZWebSocketClient][7066/24740]onError: ex=java.net.UnknownHostException: websocket.txzing.com
07-13 16:44:24.959 D/TXZ     ( 5597): [ReportManager][7066/24740]java.net.UnknownHostException: websocket.txzing.com
07-13 16:44:24.959 D/TXZ     ( 5597): [ReportManager][7066/24740]onClose() called with: code = -1, reason = websocket.txzing.com, remote = false
07-13 16:44:24.959 D/TXZ     ( 5597): [ReportManager][7066/7122]connect: finish
07-13 16:44:24.959 D/TXZ     ( 5597): [ReportManager][7066/7122]initWebSocket: url=wss://websocket.txzing.com/junsun/index?app_id=6a3643cb81c6e92137ccc63f536df874&tm=1752439464956&data=eu1r1tI1E1ZmQZvNiYqMRB9uTqC4GQZnTRF70n7GJ8w%3D&platform=car
07-13 16:44:24.959 D/TXZ     ( 5597): [ReportManager][7066/7122]connect: start
07-13 16:44:24.959 D/TXZ     ( 5597): [TXZWebSocketClient][7066/24741]onError: ex=java.net.UnknownHostException: websocket.txzing.com
07-13 16:44:24.959 D/TXZ     ( 5597): [ReportManager][7066/24741]java.net.UnknownHostException: websocket.txzing.com
07-13 16:44:24.959 D/TXZ     ( 5597): [ReportManager][7066/24741]onClose() called with: code = -1, reason = websocket.txzing.com, remote = false
07-13 16:44:24.959 D/TXZ     ( 5597): [ReportManager][7066/7122]connect: finish
07-13 16:44:24.959 D/TXZ     ( 5597): [ReportManager][7066/7122]initWebSocket: url=wss://websocket.txzing.com/junsun/index?app_id=6a3643cb81c6e92137ccc63f536df874&tm=1752439464958&data=YHSd%2Fq6XBK4%2FFlfmyrtNIX4XNrwMTBVfQSioOipdNik%3D&platform=car
07-13 16:44:24.959 D/TXZ     ( 5597): [ReportManager][7066/7122]connect: start
07-13 16:44:24.960 I/BarController( 4123): setBarShowingLw - win: 15df344 StatusBar - show: true
07-13 16:44:24.961 D/TXZ     ( 5597): [TXZWebSocketClient][7066/24742]onError: ex=java.net.UnknownHostException: websocket.txzing.com
07-13 16:44:24.961 D/TXZ     ( 5597): [ReportManager][7066/24742]java.net.UnknownHostException: websocket.txzing.com
07-13 16:44:24.961 D/TXZ     ( 5597): [ReportManager][7066/24742]onClose() called with: code = -1, reason = websocket.txzing.com, remote = false
07-13 16:44:24.961 D/TXZ     ( 5597): [ReportManager][7066/7122]connect: finish
07-13 16:44:24.962 I/ActivityTaskManager( 4123): Displayed com.serenegiant.usbcameratest8/.MainActivity: +199ms
07-13 16:44:24.962 D/Surface ( 4123): release Surface,mNativeObject=494652014592, this Surface(name=null)/@0x9b106bc, caller: android.view.ViewRootImpl.destroySurface:1646 android.view.ViewRootImpl.dispatchDetachedFromWindow:4211 android.view.ViewRootImpl.doDie:7199 android.view.ViewRootImpl$ViewRootHandler.handleMessage:4583 android.os.Handler.dispatchMessage:107 android.os.Looper.loop:214 
07-13 16:44:24.963 I/gralloc ( 4123): gralloc_unregister_buffer hnd=0x732b6c6400, share_fd=383, share_attr_fd=384, magic=51647890, format=1, internal_format=1, byte_stride=5120, flags=4, usage=0x966, size=3686400, width=1280, height=720, internalWidth=1280, internalHeight=720, stride=1280, base=0x72908fa000, cpu_read=0,cpu_write=0, attr_base=0xffffffffffffffff, yuv_info=0, fd=-1, buf_idx=0, offset=0, min_pgsz=4096, phyaddr=0
07-13 16:44:24.964 I/gralloc ( 3580): gralloc_unregister_buffer hnd=0x7f66044100, share_fd=139, share_attr_fd=140, magic=51647890, format=1, internal_format=300000001, byte_stride=5120, flags=4, usage=0x20000b00, size=3744768, width=1280, height=720, internalWidth=1280, internalHeight=720, stride=1280, base=0x7f4a56b000, cpu_read=0,cpu_write=0, attr_base=0xffffffffffffffff, yuv_info=0, fd=-1, buf_idx=0, offset=0, min_pgsz=4096, phyaddr=0
07-13 16:44:24.965 I/BarController( 4123): setBarShowingLw - win: 15df344 StatusBar - show: true
07-13 16:44:24.967 I/gralloc ( 3497): gralloc=>alloc, share_fd=9, share_attr_fd=10, magic=51647890, format=1, internal_format=300000001, byte_stride=2880, flags=4, usage=0x20000b00, size=3744768, width=720, height=1280, internalWidth=720, internalHeight=1280, stride=720, ADP_VSTRIDE=1280,base=0x709720d000, cpu_read=0, cpu_write=0, attr_base=0xffffffffffffffff, yuv_info=0, fd=-1, buf_idx=0, offset=0, min_pgsz=4096, phyaddr=0
07-13 16:44:24.967 I/gralloc ( 3497): gralloc_unregister_buffer hnd=0x709982c200, share_fd=9, share_attr_fd=10, magic=51647890, format=1, internal_format=300000001, byte_stride=2880, flags=4, usage=0x20000b00, size=3744768, width=720, height=1280, internalWidth=720, internalHeight=1280, stride=720, base=0x709720d000, cpu_read=0,cpu_write=0, attr_base=0xffffffffffffffff, yuv_info=0, fd=-1, buf_idx=0, offset=0, min_pgsz=4096, phyaddr=0
07-13 16:44:24.967 I/gralloc ( 3497): gralloc=>free hnd=0x709982c200, share_fd=9, share_attr_fd=10, magic=51647890, format=1, internal_format=300000001, byte_stride=2880, flags=4, usage=0x20000b00, size=3744768, width=720, height=1280, internalWidth=720, internalHeight=1280, stride=720, base=0x709720d000, cpu_read=0,cpu_write=0, attr_base=0xffffffffffffffff, yuv_info=0, fd=-1, buf_idx=0, offset=0, min_pgsz=4096, phyaddr=0
07-13 16:44:24.967 I/gralloc ( 3580): gralloc_register_buffer hnd=0x7f66044100, share_fd=85, share_attr_fd=99, magic=51647890, format=1, internal_format=300000001, byte_stride=2880, flags=4, usage=0x20000b00, size=3744768, width=720, height=1280, internalWidth=720, internalHeight=1280, stride=720, base=0x7f4a56b000, cpu_read=0,cpu_write=0, attr_base=0xffffffffffffffff, yuv_info=0, fd=-1, buf_idx=0, offset=0, min_pgsz=4096, phyaddr=0
