07-13 17:31:37.952 D/PowerController.RecogA( 4123): packageName:com.android.launcher.gradient.black mFgEvent:SYSTEM_INTERACTION mLastTimeFgEventChanged:10838479 mLastLaunchTime:10823382 mProcState:PROCESS_STATE_CACHED_EMPTY mLastTimeProcStateChanged:0 mNotificationState:0 mLastTimeNotificationStateChanged:0 mAudioState:0 mLastTimeAudioStateChanged:0 mRequestGps:true mAvoidConstraintGps:false mBehaviorType:0 mScreenOn:true mLastTimeScreenStateChanged:0 mLastBgTime:10837151 mFgDuration:5820916 mAudioDuration:0 mBgAudioDuration:0 mHasNoClearNotificationWhenNavi:false
07-13 17:31:37.952 D/PowerController.BgClean( 4123): judgeAppLaunchAllowed : com.google.android.gms(uid:10106), callingPackage = com.google.android.gms(uid:10106), reason = start-service
07-13 17:31:37.952 D/PowerController.BgClean( 4123): judgeAppLaunchAllowed : intent action:Intent { act=com.google.android.gms.common.broadcast.DELIVER_BROADCAST cat=[targeted_intent_op_prefix:.common.broadcast.BackgroundBroadcastReceiverSupport$PersistentReceiverIntentOperation] cmp=com.google.android.gms/.chimera.PersistentIntentOperationService (has extras) }
07-13 17:31:37.954 I/xxb     ( 4123): thread[android.ui, 20] (WindowManagerImpl.java:98): topname = com.android.launcher.gradient.black---Window = android
07-13 17:31:37.954 D/Launcher3( 7438): Launcher, (Launcher)onResume: mRestoring = false, mOnResumeNeedsLoad = false,mOrientationChanged = false,mPagesAreRecreated = false, this = com.android.launcher3.Launcher@b426e16
07-13 17:31:37.954 I/CustomRadioWidget( 7438): setHasFocus - hasFocus: false
07-13 17:31:37.956 I/Launcher( 7438): setStatusBarFullTransparent - uiMode: 17 - preUiMode: 16 - tempUiMode: 16 - mUiModeChanged: false
07-13 17:31:37.957 D/WindowManager( 4123): Input focus has changed to Window{9f86ee9 u0 Application Error: com.serenegiant.usbcameratest8}
07-13 17:31:37.957 D/PowerController.RecogA( 4123): packageName:com.android.launcher.gradient.black mFgEvent:MOVE_TO_FOREGROUND mLastTimeFgEventChanged:10838485 mLastLaunchTime:10838485 mProcState:PROCESS_STATE_CACHED_EMPTY mLastTimeProcStateChanged:0 mNotificationState:0 mLastTimeNotificationStateChanged:0 mAudioState:0 mLastTimeAudioStateChanged:0 mRequestGps:true mAvoidConstraintGps:false mBehaviorType:0 mScreenOn:true mLastTimeScreenStateChanged:0 mLastBgTime:10837151 mFgDuration:5820916 mAudioDuration:0 mBgAudioDuration:0 mHasNoClearNotificationWhenNavi:false
07-13 17:31:37.957 D/SceneRecognizer( 4123): notifySceneStatusChanged: notify 1 receivers
07-13 17:31:37.957 V/AlarmManager( 4123): set(PendingIntent{4e61221: PendingIntentRecord{601f646 com.google.android.gms startService}}) : type=3 listener=null listenerTag=null triggerAtTime=315370838485 win=236520000000 tElapsed=315370838485 maxElapsed=551890838485 interval=0 flags=0x0
07-13 17:31:37.957 E/PowerHintCallback( 4123): sceneId: 0 is invalid
07-13 17:31:37.957 D/AppSceneRecognizer( 4123): ###handle app Event: Exit
07-13 17:31:37.958 I/ActivityThread( 7438): performResumeActivity - pkgName: com.android.launcher.gradient.black - className: com.android.launcher3.Launcher
07-13 17:31:37.958 D/TxzAccessibilityService( 5597): onAccessibilityEvent: event=EventType: TYPE_WINDOWS_CHANGED; EventTime: 10838485; PackageName: null; MovementGranularity: 0; Action: 0; ContentChangeTypes: []; WindowChangeTypes: [WINDOWS_CHANGE_ACTIVE, WINDOWS_CHANGE_FOCUSED] [ ClassName: null; Text: []; ContentDescription: null; ItemCount: -1; CurrentItemIndex: -1; Enabled: false; Password: false; Checked: false; FullScreen: false; Scrollable: false; BeforeText: null; FromIndex: -1; ToIndex: -1; ScrollX: -1; ScrollY: -1; MaxScrollX: -1; MaxScrollY: -1; AddedCount: -1; RemovedCount: -1; ParcelableData: null ]; recordCount: 0
07-13 17:31:37.958 D/TxzAccessibilityService( 5597): skip null
07-13 17:31:37.959 D/TXZ     ( 5597): [ReportManager][7066/7122]initWebSocket: url=wss://websocket.txzing.com/junsun/index?app_id=6a3643cb81c6e92137ccc63f536df874&tm=1752442297958&data=xH0GBBbuia18ac27fZISGVBucaY84BRetqsIgAtuyIc%3D&platform=car
07-13 17:31:37.959 D/AlarmManagerService( 4123): set alarm to kernel: 10850.685000000, type=3 
07-13 17:31:37.959 D/AlarmManagerService( 4123): AlarmImpl::set, type=3
07-13 17:31:37.959 D/TXZ     ( 5597): [ReportManager][7066/7122]connect: start
07-13 17:31:37.961 I/ActivityThread( 7438): smart_link is  not supported!!!
07-13 17:31:37.961 D/TXZ     ( 5597): [TXZWebSocketClient][7066/9016]onError: ex=java.net.UnknownHostException: websocket.txzing.com
07-13 17:31:37.961 D/TXZ     ( 5597): [ReportManager][7066/9016]java.net.UnknownHostException: websocket.txzing.com
07-13 17:31:37.962 D/TXZ     ( 5597): [ReportManager][7066/9016]onClose() called with: code = -1, reason = websocket.txzing.com, remote = false
07-13 17:31:37.963 D/TxzAccessibilityService( 5597): onAccessibilityEvent: event=EventType: TYPE_WINDOW_CONTENT_CHANGED; EventTime: 10838488; PackageName: com.android.launcher.gradient.black; MovementGranularity: 0; Action: 0; ContentChangeTypes: [CONTENT_CHANGE_TYPE_SUBTREE]; WindowChangeTypes: [] [ ClassName: android.widget.FrameLayout; Text: []; ContentDescription: null; ItemCount: -1; CurrentItemIndex: -1; Enabled: true; Password: false; Checked: false; FullScreen: false; Scrollable: false; BeforeText: null; FromIndex: -1; ToIndex: -1; ScrollX: -1; ScrollY: -1; MaxScrollX: -1; MaxScrollY: -1; AddedCount: -1; RemovedCount: -1; ParcelableData: null ]; recordCount: 0
07-13 17:31:37.963 D/TXZ     ( 5597): [ReportManager][7066/7122]connect: finish
07-13 17:31:37.963 D/TXZ     ( 5597): [ReportManager][7066/7122]initWebSocket: url=wss://websocket.txzing.com/junsun/index?app_id=6a3643cb81c6e92137ccc63f536df874&tm=1752442297963&data=mQo0lGUb1qilpj7pBNDLR0s67nelDWSYX9clRGBUOw8%3D&platform=car
07-13 17:31:37.964 D/PowerController.RecogA( 4123): packageName:com.txznet.weather mFgEvent:SYSTEM_INTERACTION mLastTimeFgEventChanged:1565237 mLastLaunchTime:0 mProcState:PROCESS_STATE_BOUND_TOP mLastTimeProcStateChanged:10838491 mNotificationState:0 mLastTimeNotificationStateChanged:0 mAudioState:0 mLastTimeAudioStateChanged:0 mRequestGps:true mAvoidConstraintGps:false mBehaviorType:0 mScreenOn:true mLastTimeScreenStateChanged:0 mLastBgTime:0 mFgDuration:0 mAudioDuration:0 mBgAudioDuration:0 mHasNoClearNotificationWhenNavi:false
07-13 17:31:37.964 D/TXZ     ( 5597): [ReportManager][7066/7122]connect: start
07-13 17:31:37.965 D/PowerController.BgClean( 4123): judgeAppLaunchAllowed : com.google.android.gms(uid:10106), callingPackage = com.google.android.gms(uid:10106), reason = start-service
07-13 17:31:37.965 D/PowerController.BgClean( 4123): judgeAppLaunchAllowed : intent action:Intent { act=com.google.android.gms.stats.ACTION_UPLOAD_DROPBOX_ENTRIES pkg=com.google.android.gms (has extras) }
07-13 17:31:37.966 I/BarController( 4123): setBarShowingLw - win: 15df344 StatusBar - show: true
07-13 17:31:37.966 D/TXZ     ( 5597): [TXZWebSocketClient][7066/9017]onError: ex=java.net.UnknownHostException: websocket.txzing.com
07-13 17:31:37.966 D/TXZ     ( 5597): [ReportManager][7066/9017]java.net.UnknownHostException: websocket.txzing.com
07-13 17:31:37.966 D/TXZ     ( 5597): [ReportManager][7066/9017]onClose() called with: code = -1, reason = websocket.txzing.com, remote = false
07-13 17:31:37.966 D/TXZ     ( 5597): [ReportManager][7066/7122]connect: finish
07-13 17:31:37.968 D/TXZ     ( 5597): [ReportManager][7066/7122]initWebSocket: url=wss://websocket.txzing.com/junsun/index?app_id=6a3643cb81c6e92137ccc63f536df874&tm=1752442297967&data=tYIs6u7trQqzzHHX9tYE1pCo3nfqSQUbY%2BIIj4hREwQ%3D&platform=car
07-13 17:31:37.968 I/searchSkipFileFilter( 5470): ---USBService---true   /storage/emulated/0/txz/log/text_all_9
07-13 17:31:37.968 I/MultiFileObserver( 5470): onEvent path: text_all_9,newPath:/storage/emulated/0/txz/log/text_all_9,mPath:/storage/emulated/0/txz/log,flag:true
07-13 17:31:37.969 I/searchSkipFileFilter( 5470): ---USBService---true   /storage/emulated/0/txz/log/text_all_8
07-13 17:31:37.969 I/MultiFileObserver( 5470): onEvent path: text_all_8,newPath:/storage/emulated/0/txz/log/text_all_8,mPath:/storage/emulated/0/txz/log,flag:true
07-13 17:31:37.969 D/SSense  ( 4123): windowsChanged
07-13 17:31:37.969 D/TxzAccessibilityService( 5597): onAccessibilityEvent: event=EventType: TYPE_WINDOW_CONTENT_CHANGED; EventTime: 10838496; PackageName: android; MovementGranularity: 0; Action: 0; ContentChangeTypes: [CONTENT_CHANGE_TYPE_SUBTREE]; WindowChangeTypes: [] [ ClassName: android.widget.FrameLayout; Text: []; ContentDescription: null; ItemCount: -1; CurrentItemIndex: -1; Enabled: true; Password: false; Checked: false; FullScreen: false; Scrollable: false; BeforeText: null; FromIndex: -1; ToIndex: -1; ScrollX: -1; ScrollY: -1; MaxScrollX: -1; MaxScrollY: -1; AddedCount: -1; RemovedCount: -1; ParcelableData: null ]; recordCount: 0
07-13 17:31:37.969 I/searchSkipFileFilter( 5470): ---USBService---true   /storage/emulated/0/txz/log/text_all_9
07-13 17:31:37.969 I/MultiFileObserver( 5470): onEvent path: text_all_9,newPath:/storage/emulated/0/txz/log/text_all_9,mPath:/storage/emulated/0/txz/log,flag:true
07-13 17:31:37.970 I/BarController( 4123): setBarShowingLw - win: 15df344 StatusBar - show: true
07-13 17:31:37.970 I/searchSkipFileFilter( 5470): ---USBService---true   /storage/emulated/0/txz/log/text_all_7
07-13 17:31:37.970 I/MultiFileObserver( 5470): onEvent path: text_all_7,newPath:/storage/emulated/0/txz/log/text_all_7,mPath:/storage/emulated/0/txz/log,flag:true
07-13 17:31:37.971 I/searchSkipFileFilter( 5470): ---USBService---true   /storage/emulated/0/txz/log/text_all_8
07-13 17:31:37.971 I/MultiFileObserver( 5470): onEvent path: text_all_8,newPath:/storage/emulated/0/txz/log/text_all_8,mPath:/storage/emulated/0/txz/log,flag:true
07-13 17:31:37.971 I/searchSkipFileFilter( 5470): ---USBService---true   /storage/emulated/0/txz/log/text_all_6
07-13 17:31:37.971 I/MultiFileObserver( 5470): onEvent path: text_all_6,newPath:/storage/emulated/0/txz/log/text_all_6,mPath:/storage/emulated/0/txz/log,flag:true
07-13 17:31:37.971 I/searchSkipFileFilter( 5470): ---USBService---true   /storage/emulated/0/txz/log/text_all_7
07-13 17:31:37.971 I/MultiFileObserver( 5470): onEvent path: text_all_7,newPath:/storage/emulated/0/txz/log/text_all_7,mPath:/storage/emulated/0/txz/log,flag:true
07-13 17:31:37.972 I/searchSkipFileFilter( 5470): ---USBService---true   /storage/emulated/0/txz/log/text_all_5
07-13 17:31:37.972 I/MultiFileObserver( 5470): onEvent path: text_all_5,newPath:/storage/emulated/0/txz/log/text_all_5,mPath:/storage/emulated/0/txz/log,flag:true
07-13 17:31:37.972 I/searchSkipFileFilter( 5470): ---USBService---true   /storage/emulated/0/txz/log/text_all_6
07-13 17:31:37.972 I/MultiFileObserver( 5470): onEvent path: text_all_6,newPath:/storage/emulated/0/txz/log/text_all_6,mPath:/storage/emulated/0/txz/log,flag:true
07-13 17:31:37.972 I/searchSkipFileFilter( 5470): ---USBService---true   /storage/emulated/0/txz/log/text_all_4
07-13 17:31:37.972 I/MultiFileObserver( 5470): onEvent path: text_all_4,newPath:/storage/emulated/0/txz/log/text_all_4,mPath:/storage/emulated/0/txz/log,flag:true
07-13 17:31:37.972 D/mali_winsys( 4123): EGLint new_window_surface(egl_winsys_display *, void *, EGLSurface, EGLConfig, egl_winsys_surface **, EGLBoolean) returns 0x3000
07-13 17:31:37.972 I/searchSkipFileFilter( 5470): ---USBService---true   /storage/emulated/0/txz/log/text_all_5
07-13 17:31:37.972 I/MultiFileObserver( 5470): onEvent path: text_all_5,newPath:/storage/emulated/0/txz/log/text_all_5,mPath:/storage/emulated/0/txz/log,flag:true
07-13 17:31:37.973 I/searchSkipFileFilter( 5470): ---USBService---true   /storage/emulated/0/txz/log/text_all_3
07-13 17:31:37.973 I/MultiFileObserver( 5470): onEvent path: text_all_3,newPath:/storage/emulated/0/txz/log/text_all_3,mPath:/storage/emulated/0/txz/log,flag:true
07-13 17:31:37.973 I/searchSkipFileFilter( 5470): ---USBService---true   /storage/emulated/0/txz/log/text_all_4
07-13 17:31:37.973 I/MultiFileObserver( 5470): onEvent path: text_all_4,newPath:/storage/emulated/0/txz/log/text_all_4,mPath:/storage/emulated/0/txz/log,flag:true
07-13 17:31:37.973 I/searchSkipFileFilter( 5470): ---USBService---true   /storage/emulated/0/txz/log/text_all_2
07-13 17:31:37.973 I/MultiFileObserver( 5470): onEvent path: text_all_2,newPath:/storage/emulated/0/txz/log/text_all_2,mPath:/storage/emulated/0/txz/log,flag:true
07-13 17:31:37.974 I/searchSkipFileFilter( 5470): ---USBService---true   /storage/emulated/0/txz/log/text_all_3
07-13 17:31:37.974 I/MultiFileObserver( 5470): onEvent path: text_all_3,newPath:/storage/emulated/0/txz/log/text_all_3,mPath:/storage/emulated/0/txz/log,flag:true
07-13 17:31:37.974 I/searchSkipFileFilter( 5470): ---USBService---true   /storage/emulated/0/txz/log/text_all_1
07-13 17:31:37.974 I/MultiFileObserver( 5470): onEvent path: text_all_1,newPath:/storage/emulated/0/txz/log/text_all_1,mPath:/storage/emulated/0/txz/log,flag:true
07-13 17:31:37.974 I/gralloc ( 3497): gralloc=>alloc, share_fd=9, share_attr_fd=10, magic=51647890, format=1, internal_format=300000001, byte_stride=2304, flags=4, usage=0x20000b00, size=487424, width=576, height=205, internalWidth=576, internalHeight=208, stride=576, ADP_VSTRIDE=208,base=0x709b789000, cpu_read=0, cpu_write=0, attr_base=0xffffffffffffffff, yuv_info=0, fd=-1, buf_idx=0, offset=0, min_pgsz=4096, phyaddr=0
07-13 17:31:37.974 I/gralloc ( 3497): gralloc_unregister_buffer hnd=0x709982c600, share_fd=9, share_attr_fd=10, magic=51647890, format=1, internal_format=300000001, byte_stride=2304, flags=4, usage=0x20000b00, size=487424, width=576, height=205, internalWidth=576, internalHeight=208, stride=576, base=0x709b789000, cpu_read=0,cpu_write=0, attr_base=0xffffffffffffffff, yuv_info=0, fd=-1, buf_idx=0, offset=0, min_pgsz=4096, phyaddr=0
07-13 17:31:37.974 I/gralloc ( 3497): gralloc=>free hnd=0x709982c600, share_fd=9, share_attr_fd=10, magic=51647890, format=1, internal_format=300000001, byte_stride=2304, flags=4, usage=0x20000b00, size=487424, width=576, height=205, internalWidth=576, internalHeight=208, stride=576, base=0x709b789000, cpu_read=0,cpu_write=0, attr_base=0xffffffffffffffff, yuv_info=0, fd=-1, buf_idx=0, offset=0, min_pgsz=4096, phyaddr=0
07-13 17:31:37.974 I/gralloc ( 3580): gralloc_register_buffer hnd=0x7f69bc9e00, share_fd=122, share_attr_fd=125, magic=51647890, format=1, internal_format=300000001, byte_stride=2304, flags=4, usage=0x20000b00, size=487424, width=576, height=205, internalWidth=576, internalHeight=208, stride=576, base=0x7f4e0ee000, cpu_read=0,cpu_write=0, attr_base=0xffffffffffffffff, yuv_info=0, fd=-1, buf_idx=0, offset=0, min_pgsz=4096, phyaddr=0
07-13 17:31:37.975 D/TxzAccessibilityService( 5597): skip android
07-13 17:31:37.975 I/searchSkipFileFilter( 5470): ---USBService---true   /storage/emulated/0/txz/log/text_all_2
07-13 17:31:37.975 I/MultiFileObserver( 5470): onEvent path: text_all_2,newPath:/storage/emulated/0/txz/log/text_all_2,mPath:/storage/emulated/0/txz/log,flag:true
07-13 17:31:37.975 D/TXZ     ( 5597): [ReportManager][7066/7122]connect: start
07-13 17:31:37.975 I/gralloc ( 3580): gralloc_unregister_buffer hnd=0x7f69bc9e00, share_fd=122, share_attr_fd=125, magic=51647890, format=1, internal_format=300000001, byte_stride=2304, flags=4, usage=0x20000b00, size=487424, width=576, height=205, internalWidth=576, internalHeight=208, stride=576, base=0x7f4e0ee000, cpu_read=0,cpu_write=0, attr_base=0xffffffffffffffff, yuv_info=0, fd=-1, buf_idx=0, offset=0, min_pgsz=4096, phyaddr=0
07-13 17:31:37.975 D/TXZ     ( 5597): [TXZWebSocketClient][7066/9018]onError: ex=java.net.UnknownHostException: websocket.txzing.com
07-13 17:31:37.975 D/TxzAccessibilityService( 5597): onAccessibilityEvent: event=EventType: TYPE_WINDOW_CONTENT_CHANGED; EventTime: 10838496; PackageName: android; MovementGranularity: 0; Action: 0; ContentChangeTypes: [CONTENT_CHANGE_TYPE_SUBTREE]; WindowChangeTypes: [] [ ClassName: android.widget.FrameLayout; Text: []; ContentDescription: null; ItemCount: -1; CurrentItemIndex: -1; Enabled: true; Password: false; Checked: false; FullScreen: false; Scrollable: false; BeforeText: null; FromIndex: -1; ToIndex: -1; ScrollX: -1; ScrollY: -1; MaxScrollX: -1; MaxScrollY: -1; AddedCount: -1; RemovedCount: -1; ParcelableData: null ]; recordCount: 0
07-13 17:31:37.975 D/TXZ     ( 5597): [ReportManager][7066/9018]java.net.UnknownHostException: websocket.txzing.com
07-13 17:31:37.975 D/TxzAccessibilityService( 5597): skip android
07-13 17:31:37.975 D/TXZ     ( 5597): [ReportManager][7066/9018]onClose() called with: code = -1, reason = websocket.txzing.com, remote = false
07-13 17:31:37.975 D/TXZ     ( 5597): [ReportManager][7066/7122]connect: finish
07-13 17:31:37.975 D/TxzAccessibilityService( 5597): onAccessibilityEvent: event=EventType: TYPE_WINDOW_STATE_CHANGED; EventTime: 10838496; PackageName: android; MovementGranularity: 0; Action: 0; ContentChangeTypes: []; WindowChangeTypes: [] [ ClassName: com.android.server.am.AppErrorDialog; Text: [usbCameraTest8 keeps stopping, App info, Close app]; ContentDescription: null; ItemCount: -1; CurrentItemIndex: -1; Enabled: true; Password: false; Checked: false; FullScreen: false; Scrollable: false; BeforeText: null; FromIndex: -1; ToIndex: -1; ScrollX: -1; ScrollY: -1; MaxScrollX: -1; MaxScrollY: -1; AddedCount: -1; RemovedCount: -1; ParcelableData: null ]; recordCount: 0
07-13 17:31:37.975 D/TxzAccessibilityService( 5597): skip android
07-13 17:31:37.975 I/searchSkipFileFilter( 5470): ---USBService---true   /storage/emulated/0/txz/log/text_all
07-13 17:31:37.975 D/TXZ     ( 5597): [ReportManager][7066/7122]initWebSocket: url=wss://websocket.txzing.com/junsun/index?app_id=6a3643cb81c6e92137ccc63f536df874&tm=1752442297970&data=MKte%2F4rLXQjtS9ItmfSTdY%2BhV3ot9KJVDDew2YNRO6w%3D&platform=car
07-13 17:31:37.975 I/MultiFileObserver( 5470): onEvent path: text_all,newPath:/storage/emulated/0/txz/log/text_all,mPath:/storage/emulated/0/txz/log,flag:true
07-13 17:31:37.975 D/TXZ     ( 5597): [ReportManager][7066/7122]connect: start
07-13 17:31:37.975 D/TxzAccessibilityService( 5597): onAccessibilityEvent: event=EventType: TYPE_WINDOWS_CHANGED; EventTime: 10838497; PackageName: null; MovementGranularity: 0; Action: 0; ContentChangeTypes: []; WindowChangeTypes: [WINDOWS_CHANGE_REMOVED] [ ClassName: null; Text: []; ContentDescription: null; ItemCount: -1; CurrentItemIndex: -1; Enabled: false; Password: false; Checked: false; FullScreen: false; Scrollable: false; BeforeText: null; FromIndex: -1; ToIndex: -1; ScrollX: -1; ScrollY: -1; MaxScrollX: -1; MaxScrollY: -1; AddedCount: -1; RemovedCount: -1; ParcelableData: null ]; recordCount: 0
07-13 17:31:37.975 D/TxzAccessibilityService( 5597): skip null
07-13 17:31:37.975 D/TXZ     ( 5597): [TXZWebSocketClient][7066/9019]onError: ex=java.net.UnknownHostException: websocket.txzing.com
07-13 17:31:37.975 D/TXZ     ( 5597): [ReportManager][7066/9019]java.net.UnknownHostException: websocket.txzing.com
07-13 17:31:37.975 D/TxzAccessibilityService( 5597): onAccessibilityEvent: event=EventType: TYPE_WINDOWS_CHANGED; EventTime: 10838497; PackageName: null; MovementGranularity: 0; Action: 0; ContentChangeTypes: []; WindowChangeTypes: [WINDOWS_CHANGE_ADDED] [ ClassName: null; Text: []; ContentDescription: null; ItemCount: -1; CurrentItemIndex: -1; Enabled: false; Password: false; Checked: false; FullScreen: false; Scrollable: false; BeforeText: null; FromIndex: -1; ToIndex: -1; ScrollX: -1; ScrollY: -1; MaxScrollX: -1; MaxScrollY: -1; AddedCount: -1; RemovedCount: -1; ParcelableData: null ]; recordCount: 0
07-13 17:31:37.975 D/TxzAccessibilityService( 5597): skip null
07-13 17:31:37.975 D/TXZ     ( 5597): [ReportManager][7066/9019]onClose() called with: code = -1, reason = websocket.txzing.com, remote = false
07-13 17:31:37.976 I/gralloc ( 3497): gralloc=>alloc, share_fd=9, share_attr_fd=10, magic=51647890, format=1, internal_format=300000001, byte_stride=2304, flags=4, usage=0x20000b00, size=487424, width=576, height=205, internalWidth=576, internalHeight=208, stride=576, ADP_VSTRIDE=208,base=0x709b789000, cpu_read=0, cpu_write=0, attr_base=0xffffffffffffffff, yuv_info=0, fd=-1, buf_idx=0, offset=0, min_pgsz=4096, phyaddr=0
07-13 17:31:37.976 D/TXZ     ( 5597): [ReportManager][7066/7122]connect: finish
07-13 17:31:37.976 I/searchSkipFileFilter( 5470): ---USBService---true   /storage/emulated/0/txz/log/text_all_1
07-13 17:31:37.976 I/MultiFileObserver( 5470): onEvent path: text_all_1,newPath:/storage/emulated/0/txz/log/text_all_1,mPath:/storage/emulated/0/txz/log,flag:true
07-13 17:31:37.976 D/TXZ     ( 5597): [ReportManager][7066/7122]initWebSocket: url=wss://websocket.txzing.com/junsun/index?app_id=6a3643cb81c6e92137ccc63f536df874&tm=1752442297973&data=kT0DxpuSq1nK3dxGTDBXnRkzrjJ9RNH4ic3ZcuT5uUU%3D&platform=car
07-13 17:31:37.976 I/gralloc ( 3497): gralloc_unregister_buffer hnd=0x709982c600, share_fd=9, share_attr_fd=10, magic=51647890, format=1, internal_format=300000001, byte_stride=2304, flags=4, usage=0x20000b00, size=487424, width=576, height=205, internalWidth=576, internalHeight=208, stride=576, base=0x709b789000, cpu_read=0,cpu_write=0, attr_base=0xffffffffffffffff, yuv_info=0, fd=-1, buf_idx=0, offset=0, min_pgsz=4096, phyaddr=0
07-13 17:31:37.976 I/gralloc ( 3497): gralloc=>free hnd=0x709982c600, share_fd=9, share_attr_fd=10, magic=51647890, format=1, internal_format=300000001, byte_stride=2304, flags=4, usage=0x20000b00, size=487424, width=576, height=205, internalWidth=576, internalHeight=208, stride=576, base=0x709b789000, cpu_read=0,cpu_write=0, attr_base=0xffffffffffffffff, yuv_info=0, fd=-1, buf_idx=0, offset=0, min_pgsz=4096, phyaddr=0
07-13 17:31:37.976 D/TXZ     ( 5597): [ReportManager][7066/7122]connect: start
07-13 17:31:37.976 I/gralloc ( 3580): gralloc_register_buffer hnd=0x7f528fa200, share_fd=122, share_attr_fd=125, magic=51647890, format=1, internal_format=300000001, byte_stride=2304, flags=4, usage=0x20000b00, size=487424, width=576, height=205, internalWidth=576, internalHeight=208, stride=576, base=0x7f4e0ee000, cpu_read=0,cpu_write=0, attr_base=0xffffffffffffffff, yuv_info=0, fd=-1, buf_idx=0, offset=0, min_pgsz=4096, phyaddr=0
07-13 17:31:37.976 I/searchSkipFileFilter( 5470): ---USBService---true   /storage/emulated/0/txz/log/text_all
07-13 17:31:37.976 I/MultiFileObserver( 5470): onEvent path: text_all,newPath:/storage/emulated/0/txz/log/text_all,mPath:/storage/emulated/0/txz/log,flag:true
07-13 17:31:37.976 I/gralloc ( 3497): gralloc=>alloc, share_fd=11, share_attr_fd=10, magic=51647890, format=1, internal_format=300000001, byte_stride=832, flags=4, usage=0x20000b00, size=487424, width=205, height=576, internalWidth=208, internalHeight=576, stride=208, ADP_VSTRIDE=576,base=0x7097529000, cpu_read=0, cpu_write=0, attr_base=0xffffffffffffffff, yuv_info=0, fd=-1, buf_idx=0, offset=0, min_pgsz=4096, phyaddr=0
07-13 17:31:37.976 D/TxzAccessibilityService( 5597): onAccessibilityEvent: event=EventType: TYPE_WINDOW_CONTENT_CHANGED; EventTime: 10838502; PackageName: com.android.launcher.gradient.black; MovementGranularity: 0; Action: 0; ContentChangeTypes: []; WindowChangeTypes: [] [ ClassName: android.widget.FrameLayout; Text: []; ContentDescription: null; ItemCount: -1; CurrentItemIndex: -1; Enabled: true; Password: false; Checked: false; FullScreen: false; Scrollable: false; BeforeText: null; FromIndex: -1; ToIndex: -1; ScrollX: -1; ScrollY: -1; MaxScrollX: -1; MaxScrollY: -1; AddedCount: -1; RemovedCount: -1; ParcelableData: null ]; recordCount: 0
07-13 17:31:37.977 I/gralloc ( 3497): gralloc_unregister_buffer hnd=0x709bc26200, share_fd=11, share_attr_fd=10, magic=51647890, format=1, internal_format=300000001, byte_stride=832, flags=4, usage=0x20000b00, size=487424, width=205, height=576, internalWidth=208, internalHeight=576, stride=208, base=0x7097529000, cpu_read=0,cpu_write=0, attr_base=0xffffffffffffffff, yuv_info=0, fd=-1, buf_idx=0, offset=0, min_pgsz=4096, phyaddr=0
07-13 17:31:37.977 I/gralloc ( 3497): gralloc=>free hnd=0x709bc26200, share_fd=11, share_attr_fd=10, magic=51647890, format=1, internal_format=300000001, byte_stride=832, flags=4, usage=0x20000b00, size=487424, width=205, height=576, internalWidth=208, internalHeight=576, stride=208, base=0x7097529000, cpu_read=0,cpu_write=0, attr_base=0xffffffffffffffff, yuv_info=0, fd=-1, buf_idx=0, offset=0, min_pgsz=4096, phyaddr=0
07-13 17:31:37.977 I/gralloc ( 3580): gralloc_register_buffer hnd=0x7f69bc9e00, share_fd=127, share_attr_fd=133, magic=51647890, format=1, internal_format=300000001, byte_stride=832, flags=4, usage=0x20000b00, size=487424, width=205, height=576, internalWidth=208, internalHeight=576, stride=208, base=0x7f4e077000, cpu_read=0,cpu_write=0, attr_base=0xffffffffffffffff, yuv_info=0, fd=-1, buf_idx=0, offset=0, min_pgsz=4096, phyaddr=0
07-13 17:31:37.977 D/TXZ     ( 5597): [TXZWebSocketClient][7066/9020]onError: ex=java.net.UnknownHostException: websocket.txzing.com
07-13 17:31:37.977 I/gralloc ( 3497): gralloc=>alloc, share_fd=9, share_attr_fd=12, magic=51647890, format=1, internal_format=300000001, byte_stride=2304, flags=4, usage=0x20000b00, size=487424, width=576, height=205, internalWidth=576, internalHeight=208, stride=576, ADP_VSTRIDE=208,base=0x709b789000, cpu_read=0, cpu_write=0, attr_base=0xffffffffffffffff, yuv_info=0, fd=-1, buf_idx=0, offset=0, min_pgsz=4096, phyaddr=0
07-13 17:31:37.977 I/gralloc ( 3497): gralloc_unregister_buffer hnd=0x709982c600, share_fd=9, share_attr_fd=12, magic=51647890, format=1, internal_format=300000001, byte_stride=2304, flags=4, usage=0x20000b00, size=487424, width=576, height=205, internalWidth=576, internalHeight=208, stride=576, base=0x709b789000, cpu_read=0,cpu_write=0, attr_base=0xffffffffffffffff, yuv_info=0, fd=-1, buf_idx=0, offset=0, min_pgsz=4096, phyaddr=0
07-13 17:31:37.977 I/gralloc ( 3497): gralloc=>free hnd=0x709982c600, share_fd=9, share_attr_fd=12, magic=51647890, format=1, internal_format=300000001, byte_stride=2304, flags=4, usage=0x20000b00, size=487424, width=576, height=205, internalWidth=576, internalHeight=208, stride=576, base=0x709b789000, cpu_read=0,cpu_write=0, attr_base=0xffffffffffffffff, yuv_info=0, fd=-1, buf_idx=0, offset=0, min_pgsz=4096, phyaddr=0
07-13 17:31:37.978 I/gralloc ( 4123): gralloc_register_buffer hnd=0x72dafc5f00, share_fd=372, share_attr_fd=374, magic=51647890, format=1, internal_format=300000001, byte_stride=832, flags=4, usage=0x20000b00, size=487424, width=205, height=576, internalWidth=208, internalHeight=576, stride=208, base=0x731348e000, cpu_read=0,cpu_write=0, attr_base=0xffffffffffffffff, yuv_info=0, fd=-1, buf_idx=0, offset=0, min_pgsz=4096, phyaddr=0
07-13 17:31:37.978 I/gralloc ( 3580): gralloc_register_buffer hnd=0x7f69bc9500, share_fd=136, share_attr_fd=137, magic=51647890, format=1, internal_format=300000001, byte_stride=2304, flags=4, usage=0x20000b00, size=487424, width=576, height=205, internalWidth=576, internalHeight=208, stride=576, base=0x7f4e000000, cpu_read=0,cpu_write=0, attr_base=0xffffffffffffffff, yuv_info=0, fd=-1, buf_idx=0, offset=0, min_pgsz=4096, phyaddr=0
07-13 17:31:37.979 D/TXZ     ( 5597): [ReportManager][7066/9020]java.net.UnknownHostException: websocket.txzing.com
07-13 17:31:37.979 D/TxzAccessibilityService( 5597): onAccessibilityEvent: event=EventType: TYPE_WINDOW_STATE_CHANGED; EventTime: 10838503; PackageName: com.android.launcher.gradient.black; MovementGranularity: 0; Action: 0; ContentChangeTypes: []; WindowChangeTypes: [] [ ClassName: com.android.launcher3.Launcher; Text: [Home]; ContentDescription: null; ItemCount: -1; CurrentItemIndex: -1; Enabled: true; Password: false; Checked: false; FullScreen: true; Scrollable: false; BeforeText: null; FromIndex: -1; ToIndex: -1; ScrollX: -1; ScrollY: -1; MaxScrollX: -1; MaxScrollY: -1; AddedCount: -1; RemovedCount: -1; ParcelableData: null ]; recordCount: 0
07-13 17:31:37.979 D/TXZ     ( 5597): [ReportManager][7066/9020]onClose() called with: code = -1, reason = websocket.txzing.com, remote = false
07-13 17:31:37.979 D/TXZ     ( 5597): [ReportManager][7066/7122]connect: finish
07-13 17:31:37.979 D/TXZ     ( 5597): [ReportManager][7066/7122]initWebSocket: url=wss://websocket.txzing.com/junsun/index?app_id=6a3643cb81c6e92137ccc63f536df874&tm=1752442297977&data=4%2B1OlplrgT%2FbtNpnjZIFmpp4nUerhP1VHRXSYZGLGPE%3D&platform=car
07-13 17:31:37.979 D/mali_winsys( 7438): EGLint new_window_surface(egl_winsys_display *, void *, EGLSurface, EGLConfig, egl_winsys_surface **, EGLBoolean) returns 0x3000
07-13 17:31:37.979 D/TXZ     ( 5597): [ReportManager][7066/7122]connect: start
07-13 17:31:37.981 I/gralloc ( 3497): gralloc=>alloc, share_fd=9, share_attr_fd=10, magic=51647890, format=1, internal_format=300000001, byte_stride=5120, flags=4, usage=0x20000b00, size=3744768, width=1280, height=720, internalWidth=1280, internalHeight=720, stride=1280, ADP_VSTRIDE=720,base=0x709720d000, cpu_read=0, cpu_write=0, attr_base=0xffffffffffffffff, yuv_info=0, fd=-1, buf_idx=0, offset=0, min_pgsz=4096, phyaddr=0
07-13 17:31:37.982 I/gralloc ( 3497): gralloc_unregister_buffer hnd=0x709982c600, share_fd=9, share_attr_fd=10, magic=51647890, format=1, internal_format=300000001, byte_stride=5120, flags=4, usage=0x20000b00, size=3744768, width=1280, height=720, internalWidth=1280, internalHeight=720, stride=1280, base=0x709720d000, cpu_read=0,cpu_write=0, attr_base=0xffffffffffffffff, yuv_info=0, fd=-1, buf_idx=0, offset=0, min_pgsz=4096, phyaddr=0
07-13 17:31:37.982 I/gralloc ( 3497): gralloc=>free hnd=0x709982c600, share_fd=9, share_attr_fd=10, magic=51647890, format=1, internal_format=300000001, byte_stride=5120, flags=4, usage=0x20000b00, size=3744768, width=1280, height=720, internalWidth=1280, internalHeight=720, stride=1280, base=0x709720d000, cpu_read=0,cpu_write=0, attr_base=0xffffffffffffffff, yuv_info=0, fd=-1, buf_idx=0, offset=0, min_pgsz=4096, phyaddr=0
07-13 17:31:37.982 D/PowerController.BgClean( 4123): judgeAppLaunchAllowed : com.google.android.gms(uid:10106), callingPackage = com.google.android.gms(uid:10106), reason = bind-service
07-13 17:31:37.982 D/TXZ     ( 5597): [TXZWebSocketClient][7066/9021]onError: ex=java.net.UnknownHostException: websocket.txzing.com
07-13 17:31:37.983 D/PowerController.BgClean( 4123): judgeAppLaunchAllowed : intent action:Intent { act=com.google.android.chimera.BoundService.START dat=chimera-action:com.google.android.gms.clearcut.service.START cmp=com.google.android.gms/.chimera.PersistentDirectBootAwareApiService }
07-13 17:31:37.983 D/TXZ     ( 5597): [ReportManager][7066/9021]java.net.UnknownHostException: websocket.txzing.com
07-13 17:31:37.983 D/TXZ     ( 5597): [ReportManager][7066/9021]onClose() called with: code = -1, reason = websocket.txzing.com, remote = false
07-13 17:31:37.983 I/gralloc ( 3580): gralloc_register_buffer hnd=0x7f66044000, share_fd=134, share_attr_fd=135, magic=51647890, format=1, internal_format=300000001, byte_stride=5120, flags=4, usage=0x20000b00, size=3744768, width=1280, height=720, internalWidth=1280, internalHeight=720, stride=1280, base=0x7f4cfcd000, cpu_read=0,cpu_write=0, attr_base=0xffffffffffffffff, yuv_info=0, fd=-1, buf_idx=0, offset=0, min_pgsz=4096, phyaddr=0
07-13 17:31:37.983 D/TXZ     ( 5597): [ReportManager][7066/7122]connect: finish
07-13 17:31:37.983 D/TXZ     ( 5597): [ReportManager][7066/7122]initWebSocket: url=wss://websocket.txzing.com/junsun/index?app_id=6a3643cb81c6e92137ccc63f536df874&tm=1752442297981&data=B%2FHj7UtYF1p1zLF9eNOGQMDY5aVS5BR7gpJvuxJ8LKE%3D&platform=car
07-13 17:31:37.983 D/TXZ     ( 5597): [ReportManager][7066/7122]connect: start
07-13 17:31:37.984 I/gralloc ( 3497): gralloc=>alloc, share_fd=9, share_attr_fd=10, magic=51647890, format=1, internal_format=300000001, byte_stride=5120, flags=4, usage=0x20000b00, size=3744768, width=1280, height=720, internalWidth=1280, internalHeight=720, stride=1280, ADP_VSTRIDE=720,base=0x709720d000, cpu_read=0, cpu_write=0, attr_base=0xffffffffffffffff, yuv_info=0, fd=-1, buf_idx=0, offset=0, min_pgsz=4096, phyaddr=0
07-13 17:31:37.985 I/gralloc ( 3497): gralloc_unregister_buffer hnd=0x709982c600, share_fd=9, share_attr_fd=10, magic=51647890, format=1, internal_format=300000001, byte_stride=5120, flags=4, usage=0x20000b00, size=3744768, width=1280, height=720, internalWidth=1280, internalHeight=720, stride=1280, base=0x709720d000, cpu_read=0,cpu_write=0, attr_base=0xffffffffffffffff, yuv_info=0, fd=-1, buf_idx=0, offset=0, min_pgsz=4096, phyaddr=0
07-13 17:31:37.985 I/gralloc ( 3497): gralloc=>free hnd=0x709982c600, share_fd=9, share_attr_fd=10, magic=51647890, format=1, internal_format=300000001, byte_stride=5120, flags=4, usage=0x20000b00, size=3744768, width=1280, height=720, internalWidth=1280, internalHeight=720, stride=1280, base=0x709720d000, cpu_read=0,cpu_write=0, attr_base=0xffffffffffffffff, yuv_info=0, fd=-1, buf_idx=0, offset=0, min_pgsz=4096, phyaddr=0
07-13 17:31:37.985 I/BarController( 4123): setBarShowingLw - win: 15df344 StatusBar - show: true
07-13 17:31:37.985 I/gralloc ( 3580): gralloc_register_buffer hnd=0x7f66044200, share_fd=69, share_attr_fd=108, magic=51647890, format=1, internal_format=300000001, byte_stride=5120, flags=4, usage=0x20000b00, size=3744768, width=1280, height=720, internalWidth=1280, internalHeight=720, stride=1280, base=0x7f4a56b000, cpu_read=0,cpu_write=0, attr_base=0xffffffffffffffff, yuv_info=0, fd=-1, buf_idx=0, offset=0, min_pgsz=4096, phyaddr=0
07-13 17:31:37.987 I/gralloc ( 3497): gralloc=>alloc, share_fd=9, share_attr_fd=10, magic=51647890, format=1, internal_format=300000001, byte_stride=5120, flags=4, usage=0x20000b00, size=3744768, width=1280, height=720, internalWidth=1280, internalHeight=720, stride=1280, ADP_VSTRIDE=720,base=0x709720d000, cpu_read=0, cpu_write=0, attr_base=0xffffffffffffffff, yuv_info=0, fd=-1, buf_idx=0, offset=0, min_pgsz=4096, phyaddr=0
07-13 17:31:37.987 I/gralloc ( 3497): gralloc_unregister_buffer hnd=0x709982c600, share_fd=9, share_attr_fd=10, magic=51647890, format=1, internal_format=300000001, byte_stride=5120, flags=4, usage=0x20000b00, size=3744768, width=1280, height=720, internalWidth=1280, internalHeight=720, stride=1280, base=0x709720d000, cpu_read=0,cpu_write=0, attr_base=0xffffffffffffffff, yuv_info=0, fd=-1, buf_idx=0, offset=0, min_pgsz=4096, phyaddr=0
07-13 17:31:37.987 I/gralloc ( 3497): gralloc=>free hnd=0x709982c600, share_fd=9, share_attr_fd=10, magic=51647890, format=1, internal_format=300000001, byte_stride=5120, flags=4, usage=0x20000b00, size=3744768, width=1280, height=720, internalWidth=1280, internalHeight=720, stride=1280, base=0x709720d000, cpu_read=0,cpu_write=0, attr_base=0xffffffffffffffff, yuv_info=0, fd=-1, buf_idx=0, offset=0, min_pgsz=4096, phyaddr=0
07-13 17:31:37.987 I/gralloc ( 3580): gralloc_register_buffer hnd=0x7f66044400, share_fd=95, share_attr_fd=138, magic=51647890, format=1, internal_format=300000001, byte_stride=5120, flags=4, usage=0x20000b00, size=3744768, width=1280, height=720, internalWidth=1280, internalHeight=720, stride=1280, base=0x7f4a1d8000, cpu_read=0,cpu_write=0, attr_base=0xffffffffffffffff, yuv_info=0, fd=-1, buf_idx=0, offset=0, min_pgsz=4096, phyaddr=0
07-13 17:31:37.987 I/gralloc ( 3580): gralloc_unregister_buffer hnd=0x7f66044400, share_fd=95, share_attr_fd=138, magic=51647890, format=1, internal_format=300000001, byte_stride=5120, flags=4, usage=0x20000b00, size=3744768, width=1280, height=720, internalWidth=1280, internalHeight=720, stride=1280, base=0x7f4a1d8000, cpu_read=0,cpu_write=0, attr_base=0xffffffffffffffff, yuv_info=0, fd=-1, buf_idx=0, offset=0, min_pgsz=4096, phyaddr=0
07-13 17:31:37.989 D/TXZ     ( 5597): [TXZWebSocketClient][7066/9023]onError: ex=java.net.UnknownHostException: websocket.txzing.com
07-13 17:31:37.989 D/TXZ     ( 5597): [ReportManager][7066/9023]java.net.UnknownHostException: websocket.txzing.com
07-13 17:31:37.989 D/TXZ     ( 5597): [ReportManager][7066/9023]onClose() called with: code = -1, reason = websocket.txzing.com, remote = false
07-13 17:31:37.989 D/TXZ     ( 5597): [ReportManager][7066/7122]connect: finish
07-13 17:31:37.989 D/TXZ     ( 5597): [ReportManager][7066/7122]initWebSocket: url=wss://websocket.txzing.com/junsun/index?app_id=6a3643cb81c6e92137ccc63f536df874&tm=1752442297988&data=5juNFSrbDEpvkg5OuHnsJC3UYAYmAcaINUaCDOXbTho%3D&platform=car
07-13 17:31:37.989 D/TXZ     ( 5597): [ReportManager][7066/7122]connect: start
07-13 17:31:37.990 I/gralloc ( 3497): gralloc=>alloc, share_fd=9, share_attr_fd=10, magic=51647890, format=1, internal_format=300000001, byte_stride=2880, flags=4, usage=0x20000b00, size=3744768, width=720, height=1280, internalWidth=720, internalHeight=1280, stride=720, ADP_VSTRIDE=1280,base=0x709720d000, cpu_read=0, cpu_write=0, attr_base=0xffffffffffffffff, yuv_info=0, fd=-1, buf_idx=0, offset=0, min_pgsz=4096, phyaddr=0
07-13 17:31:37.990 I/gralloc ( 3497): gralloc_unregister_buffer hnd=0x709982c600, share_fd=9, share_attr_fd=10, magic=51647890, format=1, internal_format=300000001, byte_stride=2880, flags=4, usage=0x20000b00, size=3744768, width=720, height=1280, internalWidth=720, internalHeight=1280, stride=720, base=0x709720d000, cpu_read=0,cpu_write=0, attr_base=0xffffffffffffffff, yuv_info=0, fd=-1, buf_idx=0, offset=0, min_pgsz=4096, phyaddr=0
07-13 17:31:37.990 I/gralloc ( 3497): gralloc=>free hnd=0x709982c600, share_fd=9, share_attr_fd=10, magic=51647890, format=1, internal_format=300000001, byte_stride=2880, flags=4, usage=0x20000b00, size=3744768, width=720, height=1280, internalWidth=720, internalHeight=1280, stride=720, base=0x709720d000, cpu_read=0,cpu_write=0, attr_base=0xffffffffffffffff, yuv_info=0, fd=-1, buf_idx=0, offset=0, min_pgsz=4096, phyaddr=0
07-13 17:31:37.990 I/gralloc ( 3580): gralloc_register_buffer hnd=0x7f66044400, share_fd=142, share_attr_fd=143, magic=51647890, format=1, internal_format=300000001, byte_stride=2880, flags=4, usage=0x20000b00, size=3744768, width=720, height=1280, internalWidth=720, internalHeight=1280, stride=720, base=0x7f4a1d8000, cpu_read=0,cpu_write=0, attr_base=0xffffffffffffffff, yuv_info=0, fd=-1, buf_idx=0, offset=0, min_pgsz=4096, phyaddr=0
07-13 17:31:37.991 I/gralloc ( 7438): gralloc_register_buffer hnd=0x734e59e600, share_fd=88, share_attr_fd=89, magic=51647890, format=1, internal_format=300000001, byte_stride=2880, flags=4, usage=0x20000b00, size=3744768, width=720, height=1280, internalWidth=720, internalHeight=1280, stride=720, base=0x73aa1c9000, cpu_read=0,cpu_write=0, attr_base=0xffffffffffffffff, yuv_info=0, fd=-1, buf_idx=0, offset=0, min_pgsz=4096, phyaddr=0
07-13 17:31:37.991 I/BarController( 4123): setBarShowingLw - win: 15df344 StatusBar - show: true
07-13 17:31:37.991 D/TXZ     ( 5597): [TXZWebSocketClient][7066/9025]onError: ex=java.net.UnknownHostException: websocket.txzing.com
07-13 17:31:37.992 D/TXZ     ( 5597): [ReportManager][7066/9025]java.net.UnknownHostException: websocket.txzing.com
07-13 17:31:37.993 I/gralloc ( 3580): gralloc_unregister_buffer hnd=0x7f69bc9500, share_fd=136, share_attr_fd=137, magic=51647890, format=1, internal_format=300000001, byte_stride=2304, flags=4, usage=0x20000b00, size=487424, width=576, height=205, internalWidth=576, internalHeight=208, stride=576, base=0x7f4e000000, cpu_read=0,cpu_write=0, attr_base=0xffffffffffffffff, yuv_info=0, fd=-1, buf_idx=0, offset=0, min_pgsz=4096, phyaddr=0
07-13 17:31:37.994 D/TXZ     ( 5597): [ReportManager][7066/9025]onClose() called with: code = -1, reason = websocket.txzing.com, remote = false
07-13 17:31:37.994 D/TXZ     ( 5597): [ReportManager][7066/7122]connect: finish
07-13 17:31:37.994 D/TXZ     ( 5597): [ReportManager][7066/7122]initWebSocket: url=wss://websocket.txzing.com/junsun/index?app_id=6a3643cb81c6e92137ccc63f536df874&tm=1752442297991&data=jViTZD1W3EOfuerGYgp1YmWsIIGpjL%2BLpC%2FAS2xwojk%3D&platform=car
07-13 17:31:37.994 D/TXZ     ( 5597): [ReportManager][7066/7122]connect: start
07-13 17:31:37.994 D/TXZ     ( 5597): [TXZWebSocketClient][7066/9026]onError: ex=java.net.UnknownHostException: websocket.txzing.com
07-13 17:31:37.994 D/TXZ     ( 5597): [ReportManager][7066/9026]java.net.UnknownHostException: websocket.txzing.com
07-13 17:31:37.994 D/TXZ     ( 5597): [ReportManager][7066/9026]onClose() called with: code = -1, reason = websocket.txzing.com, remote = false
07-13 17:31:37.994 D/TXZ     ( 5597): [ReportManager][7066/7122]connect: finish
07-13 17:31:37.994 D/TXZ     ( 5597): [ReportManager][7066/7122]initWebSocket: url=wss://websocket.txzing.com/junsun/index?app_id=6a3643cb81c6e92137ccc63f536df874&tm=1752442297994&data=ngF%2FdkJgKZmPJ5sRUyv9cpSdmLvL0dD8O3dm80jGAYE%3D&platform=car
07-13 17:31:37.995 D/TXZ     ( 5597): [ReportManager][7066/7122]connect: start
07-13 17:31:37.995 I/gralloc ( 3497): gralloc=>alloc, share_fd=9, share_attr_fd=10, magic=51647890, format=1, internal_format=300000001, byte_stride=832, flags=4, usage=0x20000b00, size=487424, width=205, height=576, internalWidth=208, internalHeight=576, stride=208, ADP_VSTRIDE=576,base=0x709b789000, cpu_read=0, cpu_write=0, attr_base=0xffffffffffffffff, yuv_info=0, fd=-1, buf_idx=0, offset=0, min_pgsz=4096, phyaddr=0
07-13 17:31:37.995 I/gralloc ( 3497): gralloc_unregister_buffer hnd=0x709982c600, share_fd=9, share_attr_fd=10, magic=51647890, format=1, internal_format=300000001, byte_stride=832, flags=4, usage=0x20000b00, size=487424, width=205, height=576, internalWidth=208, internalHeight=576, stride=208, base=0x709b789000, cpu_read=0,cpu_write=0, attr_base=0xffffffffffffffff, yuv_info=0, fd=-1, buf_idx=0, offset=0, min_pgsz=4096, phyaddr=0
07-13 17:31:37.995 I/gralloc ( 3497): gralloc=>free hnd=0x709982c600, share_fd=9, share_attr_fd=10, magic=51647890, format=1, internal_format=300000001, byte_stride=832, flags=4, usage=0x20000b00, size=487424, width=205, height=576, internalWidth=208, internalHeight=576, stride=208, base=0x709b789000, cpu_read=0,cpu_write=0, attr_base=0xffffffffffffffff, yuv_info=0, fd=-1, buf_idx=0, offset=0, min_pgsz=4096, phyaddr=0
07-13 17:31:37.996 I/gralloc ( 3580): gralloc_register_buffer hnd=0x7f69bc9500, share_fd=136, share_attr_fd=137, magic=51647890, format=1, internal_format=300000001, byte_stride=832, flags=4, usage=0x20000b00, size=487424, width=205, height=576, internalWidth=208, internalHeight=576, stride=208, base=0x7f4e000000, cpu_read=0,cpu_write=0, attr_base=0xffffffffffffffff, yuv_info=0, fd=-1, buf_idx=0, offset=0, min_pgsz=4096, phyaddr=0
07-13 17:31:37.996 I/gralloc ( 4123): gralloc_register_buffer hnd=0x732b7c0d00, share_fd=375, share_attr_fd=376, magic=51647890, format=1, internal_format=300000001, byte_stride=832, flags=4, usage=0x20000b00, size=487424, width=205, height=576, internalWidth=208, internalHeight=576, stride=208, base=0x72eb353000, cpu_read=0,cpu_write=0, attr_base=0xffffffffffffffff, yuv_info=0, fd=-1, buf_idx=0, offset=0, min_pgsz=4096, phyaddr=0
07-13 17:31:37.997 D/TXZ     ( 5597): [TXZWebSocketClient][7066/9028]onError: ex=java.net.UnknownHostException: websocket.txzing.com
07-13 17:31:37.998 D/TXZ     ( 5597): [ReportManager][7066/9028]java.net.UnknownHostException: websocket.txzing.com
07-13 17:31:37.998 D/TXZ     ( 5597): [ReportManager][7066/9028]onClose() called with: code = -1, reason = websocket.txzing.com, remote = false
07-13 17:31:37.998 D/TXZ     ( 5597): [ReportManager][7066/7122]connect: finish
07-13 17:31:37.999 I/BarController( 4123): setBarShowingLw - win: 15df344 StatusBar - show: true
07-13 17:31:38.001 I/DisplayContent( 4123): computeSizeRangesAndScreenLayout - screenHeightDp: 648 - screenWidthDp: 1280 - appWidth: 1280 - appHeight: 720 - smallestScreenWidthDp: 720
07-13 17:31:38.003 I/gralloc ( 3497): mali_gralloc_select_format CPU R/W do not support AFBC
07-13 17:31:38.003 I/gralloc ( 3497): gralloc=>alloc, share_fd=9, share_attr_fd=10, magic=51647890, format=1, internal_format=1, byte_stride=5120, flags=4, usage=0x366, size=3686400, width=1280, height=720, internalWidth=1280, internalHeight=720, stride=1280, ADP_VSTRIDE=720,base=0x709721c000, cpu_read=0, cpu_write=0, attr_base=0xffffffffffffffff, yuv_info=0, fd=-1, buf_idx=0, offset=0, min_pgsz=4096, phyaddr=0
07-13 17:31:38.003 I/gralloc ( 3497): gralloc_unregister_buffer hnd=0x709982c600, share_fd=9, share_attr_fd=10, magic=51647890, format=1, internal_format=1, byte_stride=5120, flags=4, usage=0x366, size=3686400, width=1280, height=720, internalWidth=1280, internalHeight=720, stride=1280, base=0x709721c000, cpu_read=0,cpu_write=0, attr_base=0xffffffffffffffff, yuv_info=0, fd=-1, buf_idx=0, offset=0, min_pgsz=4096, phyaddr=0
07-13 17:31:38.004 I/gralloc ( 3497): gralloc=>free hnd=0x709982c600, share_fd=9, share_attr_fd=10, magic=51647890, format=1, internal_format=1, byte_stride=5120, flags=4, usage=0x366, size=3686400, width=1280, height=720, internalWidth=1280, internalHeight=720, stride=1280, base=0x709721c000, cpu_read=0,cpu_write=0, attr_base=0xffffffffffffffff, yuv_info=0, fd=-1, buf_idx=0, offset=0, min_pgsz=4096, phyaddr=0
07-13 17:31:38.004 I/gralloc ( 3580): gralloc_register_buffer hnd=0x7f69bc9900, share_fd=145, share_attr_fd=146, magic=51647890, format=1, internal_format=1, byte_stride=5120, flags=4, usage=0x366, size=3686400, width=1280, height=720, internalWidth=1280, internalHeight=720, stride=1280, base=0x7f4ac91000, cpu_read=0,cpu_write=0, attr_base=0xffffffffffffffff, yuv_info=0, fd=-1, buf_idx=0, offset=0, min_pgsz=4096, phyaddr=0
07-13 17:31:38.006 D/GnssHAL_V_GnssUtil( 3771): convertToGnssLocation_2_0: enter
07-13 17:31:38.006 D/GnssHAL_V_GnssUtil( 3771): convertToGnssLocation_2_0: latitudeDegrees:40.652482, longitudeDegrees: -73.757018, elapsedRealtime.flags:0, elapsedRealtime.timestampNs: 0, elapsedRealtime.timeUncertaintyNs: 0
07-13 17:31:38.008 I/gralloc ( 3580): gralloc_unregister_buffer hnd=0x7f528fa200, share_fd=122, share_attr_fd=125, magic=51647890, format=1, internal_format=300000001, byte_stride=2304, flags=4, usage=0x20000b00, size=487424, width=576, height=205, internalWidth=576, internalHeight=208, stride=576, base=0x7f4e0ee000, cpu_read=0,cpu_write=0, attr_base=0xffffffffffffffff, yuv_info=0, fd=-1, buf_idx=0, offset=0, min_pgsz=4096, phyaddr=0
07-13 17:31:38.008 I/gralloc ( 4123): gralloc_register_buffer hnd=0x732b6c7f00, share_fd=377, share_attr_fd=378, magic=51647890, format=1, internal_format=1, byte_stride=5120, flags=4, usage=0x366, size=3686400, width=1280, height=720, internalWidth=1280, internalHeight=720, stride=1280, base=0x72a39fd000, cpu_read=0,cpu_write=0, attr_base=0xffffffffffffffff, yuv_info=0, fd=-1, buf_idx=0, offset=0, min_pgsz=4096, phyaddr=0
07-13 17:31:38.008 I/gralloc ( 4123): mali_gralloc_select_format CPU R/W do not support AFBC
07-13 17:31:38.008 I/LocationManagerService( 4123): incoming location: Location[gps 41******  -74******  hAcc=4 t=1752442298000 et=+3h0m38s534ms alt=-15.082 vel=0.13831173 bear=150.222 vAcc=14 sAcc=0 bAcc=61 {Bundle[{satellites=15, maxCn0=48, meanCn0=38}]}]
07-13 17:31:38.009 I/gralloc ( 3580): gralloc_unregister_buffer hnd=0x7f69bc9900, share_fd=145, share_attr_fd=146, magic=51647890, format=1, internal_format=1, byte_stride=5120, flags=4, usage=0x366, size=3686400, width=1280, height=720, internalWidth=1280, internalHeight=720, stride=1280, base=0x7f4ac91000, cpu_read=0,cpu_write=0, attr_base=0xffffffffffffffff, yuv_info=0, fd=-1, buf_idx=0, offset=0, min_pgsz=4096, phyaddr=0
07-13 17:31:38.009 I/LocationManagerService( 4123): incoming location: Location[gps 41******  -74******  hAcc=4 t=1752442298000 et=+3h0m38s534ms alt=-15.082 vel=0.13831173 bear=150.222 vAcc=14 sAcc=0 bAcc=61 {Bundle[{satellites=15, maxCn0=48, meanCn0=38}]}]
07-13 17:31:38.010 I/gralloc ( 3497): gralloc=>alloc, share_fd=9, share_attr_fd=10, magic=51647890, format=1, internal_format=300000001, byte_stride=832, flags=4, usage=0x20000b00, size=487424, width=205, height=576, internalWidth=208, internalHeight=576, stride=208, ADP_VSTRIDE=576,base=0x709b789000, cpu_read=0, cpu_write=0, attr_base=0xffffffffffffffff, yuv_info=0, fd=-1, buf_idx=0, offset=0, min_pgsz=4096, phyaddr=0
07-13 17:31:38.010 I/gralloc ( 3497): gralloc_unregister_buffer hnd=0x709982c600, share_fd=9, share_attr_fd=10, magic=51647890, format=1, internal_format=300000001, byte_stride=832, flags=4, usage=0x20000b00, size=487424, width=205, height=576, internalWidth=208, internalHeight=576, stride=208, base=0x709b789000, cpu_read=0,cpu_write=0, attr_base=0xffffffffffffffff, yuv_info=0, fd=-1, buf_idx=0, offset=0, min_pgsz=4096, phyaddr=0
07-13 17:31:38.010 I/gralloc ( 3497): gralloc=>free hnd=0x709982c600, share_fd=9, share_attr_fd=10, magic=51647890, format=1, internal_format=300000001, byte_stride=832, flags=4, usage=0x20000b00, size=487424, width=205, height=576, internalWidth=208, internalHeight=576, stride=208, base=0x709b789000, cpu_read=0,cpu_write=0, attr_base=0xffffffffffffffff, yuv_info=0, fd=-1, buf_idx=0, offset=0, min_pgsz=4096, phyaddr=0
07-13 17:31:38.010 I/BarController( 4123): setBarShowingLw - win: 15df344 StatusBar - show: true
07-13 17:31:38.012 I/gralloc ( 3580): gralloc_unregister_buffer hnd=0x7f69bc9b00, share_fd=112, share_attr_fd=124, magic=51647890, format=1, internal_format=300000001, byte_stride=2880, flags=4, usage=0x20000b00, size=3744768, width=720, height=1280, internalWidth=720, internalHeight=1280, stride=720, base=0x7f4cc3a000, cpu_read=0,cpu_write=0, attr_base=0xffffffffffffffff, yuv_info=0, fd=-1, buf_idx=0, offset=0, min_pgsz=4096, phyaddr=0
07-13 17:31:38.013 I/gralloc ( 3580): gralloc_unregister_buffer hnd=0x7f66041f00, share_fd=126, share_attr_fd=131, magic=51647890, format=1, internal_format=300000001, byte_stride=2880, flags=4, usage=0x20000b00, size=3744768, width=720, height=1280, internalWidth=720, internalHeight=1280, stride=720, base=0x7f4a8fe000, cpu_read=0,cpu_write=0, attr_base=0xffffffffffffffff, yuv_info=0, fd=-1, buf_idx=0, offset=0, min_pgsz=4096, phyaddr=0
07-13 17:31:38.013 I/FusedLocation( 5145): (REDACTED) location delivery to %s blocked - too fast
