--------- beginning of main
07-13 17:31:24.995 D/Netd    ( 3473): app_netid:0x65 app_mark:0x65 dns_netid:0x65 dns_mark:0xf0065 uid:10127
07-13 17:31:24.998 I/chatty  ( 5597): uid=10127(com.txznet.txz) expire 3 lines
07-13 17:31:25.035 D/GnssHAL_V_GnssUtil( 3771): convertToGnssLocation_2_0: enter
07-13 17:31:25.035 D/GnssHAL_V_GnssUtil( 3771): convertToGnssLocation_2_0: latitudeDegrees:40.652482, longitudeDegrees: -73.757018, elapsedRealtime.flags:0, elapsedRealtime.timestampNs: 0, elapsedRealtime.timeUncertaintyNs: 0
07-13 17:31:25.039 I/chatty  ( 5597): uid=10127(com.txznet.txz) udpReceive expire 109 lines
07-13 17:31:25.040 I/LocationManagerService( 4123): incoming location: Location[gps 41******  -74******  hAcc=4 t=1752442285000 et=+3h0m25s558ms alt=-15.082 vel=0.0 bear=150.222 vAcc=9 sAcc=0 bAcc=8 {Bundle[{satellites=12, maxCn0=48, meanCn0=41}]}]
07-13 17:31:25.045 I/LocationManagerService( 4123): incoming location: Location[gps 41******  -74******  hAcc=4 t=1752442285000 et=+3h0m25s558ms alt=-15.082 vel=0.0 bear=150.222 vAcc=9 sAcc=0 bAcc=8 {Bundle[{satellites=12, maxCn0=48, meanCn0=41}]}]
07-13 17:31:25.048 I/FusedLocation( 5145): (REDACTED) location delivery to %s blocked - too fast
07-13 17:31:25.049 I/LocationManagerService( 4123): incoming location: Location[fused 41******  -74******  hAcc=3 t=1752442285036 et=+3h0m25s558ms alt=-15.082 vel=3.7958494E-6 vAcc=9 sAcc=0 bAcc=??? {Bundle[mParcelledData.dataSize=848]}]
07-13 17:31:25.049 I/LocationManagerService( 4123): incoming location: Location[fused 41******  -74******  hAcc=3 t=1752442285036 et=+3h0m25s558ms alt=-15.082 vel=3.7958494E-6 vAcc=9 sAcc=0 bAcc=??? {Bundle[{noGPSLocation=Location[fused 41******  -74******  hAcc=21 t=1752441423317 et=+2h46m3s894ms alt=-25.399999618530273 vAcc=3 sAcc=??? bAcc=??? {Bundle[mParcelledData.dataSize=652]}]}]}]
07-13 17:31:25.121 I/adbd    ( 5248): Tianyuan Current sh name:ps
07-13 17:31:25.520 I/QFApi   ( 6445): getCustomPlatform - customPlatform: 7862
--------- beginning of system
07-13 17:31:25.574 I/mcu_services( 5451): readInBuf:[ff fe fd 03 01 29 81 a9 ff ]
07-13 17:31:25.574 E/mcu_services( 5451): MCU2APP : [ff fe fd 03 01 29 81 a9 ff ]
07-13 17:31:25.574 D/mcu_services( 5451): processResponse - length: 3 - type: 1 - control: 29
07-13 17:31:25.575 D/mcu_services( 5451): dispatchToClients - cmdId: 41 - data : [29 81 ]
07-13 17:31:25.575 D/callback( 5451): callMcuInfoChanged: 29 81 
07-13 17:31:25.578 W/ContextImpl( 6445): Calling a method in the system process without a qualified user: android.app.ContextImpl.sendBroadcast:1045 android.content.ContextWrapper.sendBroadcast:448 com.qf.carsettings.service.CarSettingService$4.onMcuInfoChanged:670 android.qf.mcu.McuManager$ListenerTransport._handleMessage:106 android.qf.mcu.McuManager$ListenerTransport.access$700:72 
07-13 17:31:25.575 D/callback( 5451): callMcuInfoChanged: 29 81 
07-13 17:31:25.584 I/chatty  ( 5597): uid=10127(com.txznet.txz) expire 2 lines
07-13 17:31:25.719 D/Netd    ( 3473): app_netid:0x65 app_mark:0x65 dns_netid:0x65 dns_mark:0xf0065 uid:10121
07-13 17:31:25.742 D/sd      ( 4594): uart send:3 byte/s
07-13 17:31:25.742 D/sd      ( 4594): uart recv:5 byte/s
07-13 17:31:25.868 I/chatty  ( 5597): uid=10127(com.txznet.txz) udpReceive expire 503 lines
07-13 17:31:25.994 D/GnssHAL_V_GnssUtil( 3771): convertToGnssLocation_2_0: enter
07-13 17:31:25.994 D/GnssHAL_V_GnssUtil( 3771): convertToGnssLocation_2_0: latitudeDegrees:40.652482, longitudeDegrees: -73.757018, elapsedRealtime.flags:0, elapsedRealtime.timestampNs: 0, elapsedRealtime.timeUncertaintyNs: 0
07-13 17:31:25.999 I/LocationManagerService( 4123): incoming location: Location[gps 41******  -74******  hAcc=4 t=1752442286000 et=+3h0m26s516ms alt=-15.082 vel=0.0 bear=150.222 vAcc=9 sAcc=0 bAcc=8 {Bundle[{satellites=12, maxCn0=48, meanCn0=41}]}]
07-13 17:31:26.003 I/LocationManagerService( 4123): incoming location: Location[gps 41******  -74******  hAcc=4 t=1752442286000 et=+3h0m26s516ms alt=-15.082 vel=0.0 bear=150.222 vAcc=9 sAcc=0 bAcc=8 {Bundle[{satellites=12, maxCn0=48, meanCn0=41}]}]
07-13 17:31:26.007 I/LocationManagerService( 4123): incoming location: Location[fused 41******  -74******  hAcc=3 t=1752442285994 et=+3h0m26s516ms alt=-15.082 vel=4.0354254E-7 vAcc=9 sAcc=0 bAcc=??? {Bundle[mParcelledData.dataSize=848]}]
07-13 17:31:26.007 I/FusedLocation( 5145): (REDACTED) location delivery to %s blocked - too fast
07-13 17:31:26.007 I/LocationManagerService( 4123): incoming location: Location[fused 41******  -74******  hAcc=3 t=1752442285994 et=+3h0m26s516ms alt=-15.082 vel=4.0354254E-7 vAcc=9 sAcc=0 bAcc=??? {Bundle[{noGPSLocation=Location[fused 41******  -74******  hAcc=21 t=1752441423317 et=+2h46m3s894ms alt=-25.399999618530273 vAcc=3 sAcc=??? bAcc=??? {Bundle[mParcelledData.dataSize=652]}]}]}]
07-13 17:31:26.432 W/System.err( 8823): java.net.BindException: bind failed: EADDRINUSE (Address already in use)
07-13 17:31:26.433 W/System.err( 8823): 	at libcore.io.IoBridge.bind(IoBridge.java:109)
07-13 17:31:26.433 W/System.err( 8823): 	at java.net.PlainDatagramSocketImpl.bind0(PlainDatagramSocketImpl.java:104)
07-13 17:31:26.433 W/System.err( 8823): 	at java.net.AbstractPlainDatagramSocketImpl.bind(AbstractPlainDatagramSocketImpl.java:112)
07-13 17:31:26.433 W/System.err( 8823): 	at java.net.DatagramSocket.bind(DatagramSocket.java:412)
07-13 17:31:26.433 W/System.err( 8823): 	at java.net.DatagramSocket.<init>(DatagramSocket.java:262)
07-13 17:31:26.433 W/System.err( 8823): 	at java.net.DatagramSocket.<init>(DatagramSocket.java:319)
07-13 17:31:26.433 W/System.err( 8823): 	at com.txznet.util.UdpServer.a(UdpServer.java:59)
07-13 17:31:26.433 W/System.err( 8823): 	at com.txznet.util.UdpServer.a(UdpServer.java:12)
07-13 17:31:26.433 W/System.err( 8823): 	at com.txznet.util.UdpServer$1.handleMessage(UdpServer.java:33)
07-13 17:31:26.433 W/System.err( 8823): 	at android.os.Handler.dispatchMessage(Handler.java:107)
07-13 17:31:26.433 W/System.err( 8823): 	at android.os.Looper.loop(Looper.java:214)
07-13 17:31:26.433 W/System.err( 8823): 	at android.os.HandlerThread.run(HandlerThread.java:67)
07-13 17:31:26.433 W/System.err( 8823): Caused by: android.system.ErrnoException: bind failed: EADDRINUSE (Address already in use)
07-13 17:31:26.433 W/System.err( 8823): 	at libcore.io.Linux.bind(Native Method)
07-13 17:31:26.433 W/System.err( 8823): 	at libcore.io.ForwardingOs.bind(ForwardingOs.java:75)
07-13 17:31:26.433 W/System.err( 8823): 	at libcore.io.ForwardingOs.bind(ForwardingOs.java:75)
07-13 17:31:26.433 W/System.err( 8823): 	at libcore.io.IoBridge.bind(IoBridge.java:105)
07-13 17:31:26.433 W/System.err( 8823): 	... 11 more
07-13 17:31:26.524 I/QFApi   ( 6445): getCustomPlatform - customPlatform: 7862
07-13 17:31:26.804 D/btopt   ( 3755): zlink wake_up_apk_server: cmd = 'export PATH=$PATH:/system/bin/;am broadcast -a "zjinnova.android.intent.action.START_DAEMON_SERVICE" --include-stopped-packages "com.zjinnova.zlink"&'
07-13 17:31:26.858 V/ActivityManagerShellCommand( 4123): Received onCommand broadcast callUid=0 callpid=8286
07-13 17:31:26.859 V/ActivityManagerShellCommand( 4123): runSendBroadcast start and waiting ---Intent { act=zjinnova.android.intent.action.START_DAEMON_SERVICE flg=0x400020 pkg=com.zjinnova.zlink }
07-13 17:31:26.860 D/PowerController.BgClean( 4123): judgeAppLaunchAllowed : com.zjinnova.zlink(uid:10087), callingPackage = null(uid:0), reason = send-broadcast
07-13 17:31:26.860 D/PowerController.BgClean( 4123): judgeAppLaunchAllowed : intent action:Intent { act=zjinnova.android.intent.action.START_DAEMON_SERVICE flg=0x400030 pkg=com.zjinnova.zlink }
07-13 17:31:26.860 W/BroadcastQueue( 4123):  enable com.zjinnova.zlink to start process!
07-13 17:31:26.865 D/zj      (21989): message received Intent { act=zjinnova.android.intent.action.START_DAEMON_SERVICE flg=0x400030 pkg=com.zjinnova.zlink cmp=com.zjinnova.zlink/com.zjinnova.android.zlink.features.service.StartupBroadcastReceiver }
07-13 17:31:26.865 D/PowerController.BgClean( 4123): judgeAppLaunchAllowed : com.zjinnova.zlink(uid:10087), callingPackage = com.zjinnova.zlink(uid:10087), reason = start-service
07-13 17:31:26.865 D/PowerController.BgClean( 4123): judgeAppLaunchAllowed : intent action:Intent { cmp=com.zjinnova.zlink/com.zjinnova.android.zlink.features.service.DaemonService }
07-13 17:31:26.866 W/ActivityManager( 4123): u0 Starting a service in packagecom.zjinnova.zlink requires a permissions review
07-13 17:31:26.867 V/ActivityManagerShellCommand( 4123): runSendBroadcast end ---Intent { act=zjinnova.android.intent.action.START_DAEMON_SERVICE flg=0x400020 pkg=com.zjinnova.zlink }
07-13 17:31:26.994 I/chatty  ( 5597): uid=10127(com.txznet.txz) AppSlow expire 1 line
07-13 17:31:27.022 D/GnssHAL_V_GnssUtil( 3771): convertToGnssLocation_2_0: enter
07-13 17:31:27.023 D/GnssHAL_V_GnssUtil( 3771): convertToGnssLocation_2_0: latitudeDegrees:40.652482, longitudeDegrees: -73.757018, elapsedRealtime.flags:0, elapsedRealtime.timestampNs: 0, elapsedRealtime.timeUncertaintyNs: 0
07-13 17:31:27.029 I/LocationManagerService( 4123): incoming location: Location[gps 41******  -74******  hAcc=4 t=1752442287000 et=+3h0m27s545ms alt=-15.082 vel=0.0 bear=150.222 vAcc=8 sAcc=0 bAcc=8 {Bundle[{satellites=12, maxCn0=48, meanCn0=41}]}]
07-13 17:31:27.031 I/LocationManagerService( 4123): incoming location: Location[gps 41******  -74******  hAcc=4 t=1752442287000 et=+3h0m27s545ms alt=-15.082 vel=0.0 bear=150.222 vAcc=8 sAcc=0 bAcc=8 {Bundle[{satellites=12, maxCn0=48, meanCn0=41}]}]
07-13 17:31:27.034 I/FusedLocation( 5145): (REDACTED) location delivery to %s blocked - too fast
07-13 17:31:27.034 I/LocationManagerService( 4123): incoming location: Location[fused 41******  -74******  hAcc=4 t=1752442287023 et=+3h0m27s545ms alt=-15.082 vel=1.0474E-8 vAcc=8 sAcc=0 bAcc=??? {Bundle[mParcelledData.dataSize=848]}]
07-13 17:31:27.035 I/LocationManagerService( 4123): incoming location: Location[fused 41******  -74******  hAcc=4 t=1752442287023 et=+3h0m27s545ms alt=-15.082 vel=1.0474E-8 vAcc=8 sAcc=0 bAcc=??? {Bundle[{noGPSLocation=Location[fused 41******  -74******  hAcc=21 t=1752441423317 et=+2h46m3s894ms alt=-25.399999618530273 vAcc=3 sAcc=??? bAcc=??? {Bundle[mParcelledData.dataSize=652]}]}]}]
07-13 17:31:27.398 I/Tpms3   (10574): mDataCheckTimer startDataTime:-1;datTime:1752442287
07-13 17:31:27.529 I/QFApi   ( 6445): getCustomPlatform - customPlatform: 7862
07-13 17:31:27.558 I/mcu_services( 5451): readInBuf:[ff fe fd 03 01 29 81 a9 ff ]
07-13 17:31:27.559 E/mcu_services( 5451): MCU2APP : [ff fe fd 03 01 29 81 a9 ff ]
07-13 17:31:27.559 D/mcu_services( 5451): processResponse - length: 3 - type: 1 - control: 29
07-13 17:31:27.559 D/mcu_services( 5451): dispatchToClients - cmdId: 41 - data : [29 81 ]
07-13 17:31:27.559 D/callback( 5451): callMcuInfoChanged: 29 81 
07-13 17:31:27.562 W/ContextImpl( 6445): Calling a method in the system process without a qualified user: android.app.ContextImpl.sendBroadcast:1045 android.content.ContextWrapper.sendBroadcast:448 com.qf.carsettings.service.CarSettingService$4.onMcuInfoChanged:670 android.qf.mcu.McuManager$ListenerTransport._handleMessage:106 android.qf.mcu.McuManager$ListenerTransport.access$700:72 
07-13 17:31:27.560 D/callback( 5451): callMcuInfoChanged: 29 81 
07-13 17:31:27.567 I/chatty  ( 5597): uid=10127(com.txznet.txz) expire 4 lines
07-13 17:31:27.626 D/WCND    ( 3798): is_cp2_alive_ok: open polling interface: /proc/mdbg/loopcheck, fd = 13
07-13 17:31:27.727 D/WCND    ( 3798): is_cp2_alive_ok: loop: /proc/mdbg/loopcheck is OK
07-13 17:31:27.730 D/Netd    ( 3473): app_netid:0x65 app_mark:0x65 dns_netid:0x65 dns_mark:0xf0065 uid:10121
07-13 17:31:27.747 I/adbd    ( 5248): Tianyuan Current sh name:export ANDROID_LOG_TAGS=''; exec logcat '-c'
07-13 17:31:28.006 D/GnssHAL_V_GnssUtil( 3771): convertToGnssLocation_2_0: enter
07-13 17:31:28.006 D/GnssHAL_V_GnssUtil( 3771): convertToGnssLocation_2_0: latitudeDegrees:40.652482, longitudeDegrees: -73.757018, elapsedRealtime.flags:0, elapsedRealtime.timestampNs: 0, elapsedRealtime.timeUncertaintyNs: 0
07-13 17:31:28.010 I/LocationManagerService( 4123): incoming location: Location[gps 41******  -74******  hAcc=4 t=1752442288000 et=+3h0m28s528ms alt=-15.082 vel=0.0 bear=150.222 vAcc=8 sAcc=0 bAcc=8 {Bundle[{satellites=13, maxCn0=48, meanCn0=39}]}]
07-13 17:31:28.013 I/LocationManagerService( 4123): incoming location: Location[gps 41******  -74******  hAcc=4 t=1752442288000 et=+3h0m28s528ms alt=-15.082 vel=0.0 bear=150.222 vAcc=8 sAcc=0 bAcc=8 {Bundle[{satellites=13, maxCn0=48, meanCn0=39}]}]
07-13 17:31:28.016 I/FusedLocation( 5145): (REDACTED) location delivery to %s blocked - too fast
07-13 17:31:28.016 I/LocationManagerService( 4123): incoming location: Location[fused 41******  -74******  hAcc=4 t=1752442288006 et=+3h0m28s528ms alt=-15.082 vel=4.9792265E-10 vAcc=8 sAcc=0 bAcc=??? {Bundle[mParcelledData.dataSize=848]}]
07-13 17:31:28.016 I/LocationManagerService( 4123): incoming location: Location[fused 41******  -74******  hAcc=4 t=1752442288006 et=+3h0m28s528ms alt=-15.082 vel=4.9792265E-10 vAcc=8 sAcc=0 bAcc=??? {Bundle[{noGPSLocation=Location[fused 41******  -74******  hAcc=21 t=1752441423317 et=+2h46m3s894ms alt=-25.399999618530273 vAcc=3 sAcc=??? bAcc=??? {Bundle[mParcelledData.dataSize=652]}]}]}]
07-13 17:31:28.137 I/chatty  ( 5597): uid=10127(com.txznet.txz) udpReceive expire 461 lines
07-13 17:31:28.533 I/QFApi   ( 6445): getCustomPlatform - customPlatform: 7862
07-13 17:31:28.911 D/btopt   ( 3755): zlink wake_up_apk_server: cmd = 'export PATH=$PATH:/system/bin/;am broadcast -a "zjinnova.android.intent.action.START_DAEMON_SERVICE" --include-stopped-packages "com.zjinnova.zlink"&'
07-13 17:31:28.961 V/ActivityManagerShellCommand( 4123): Received onCommand broadcast callUid=0 callpid=8395
07-13 17:31:28.991 D/DeviceStorageMonitorService( 4123): updateStateEx oldLevel = 0, newLevel = 0
07-13 17:31:29.018 D/GnssHAL_V_GnssUtil( 3771): convertToGnssLocation_2_0: enter
07-13 17:31:29.019 D/GnssHAL_V_GnssUtil( 3771): convertToGnssLocation_2_0: latitudeDegrees:40.652482, longitudeDegrees: -73.757018, elapsedRealtime.flags:0, elapsedRealtime.timestampNs: 0, elapsedRealtime.timeUncertaintyNs: 0
07-13 17:31:29.022 I/LocationManagerService( 4123): incoming location: Location[gps 41******  -74******  hAcc=4 t=1752442289000 et=+3h0m29s541ms alt=-15.082 vel=0.0 bear=150.222 vAcc=8 sAcc=0 bAcc=8 {Bundle[{satellites=13, maxCn0=48, meanCn0=39}]}]
07-13 17:31:29.026 I/LocationManagerService( 4123): incoming location: Location[gps 41******  -74******  hAcc=4 t=1752442289000 et=+3h0m29s541ms alt=-15.082 vel=0.0 bear=150.222 vAcc=8 sAcc=0 bAcc=8 {Bundle[{satellites=13, maxCn0=48, meanCn0=39}]}]
07-13 17:31:29.029 I/LocationManagerService( 4123): incoming location: Location[fused 41******  -74******  hAcc=4 t=1752442289019 et=+3h0m29s541ms alt=-15.082 vel=1.3279772E-10 vAcc=8 sAcc=0 bAcc=??? {Bundle[mParcelledData.dataSize=848]}]
07-13 17:31:29.029 I/FusedLocation( 5145): (REDACTED) location delivery to %s blocked - too fast
07-13 17:31:29.030 I/LocationManagerService( 4123): incoming location: Location[fused 41******  -74******  hAcc=4 t=1752442289019 et=+3h0m29s541ms alt=-15.082 vel=1.3279772E-10 vAcc=8 sAcc=0 bAcc=??? {Bundle[{noGPSLocation=Location[fused 41******  -74******  hAcc=21 t=1752441423317 et=+2h46m3s894ms alt=-25.399999618530273 vAcc=3 sAcc=??? bAcc=??? {Bundle[mParcelledData.dataSize=652]}]}]}]
07-13 17:31:29.438 W/System.err( 8823): java.net.BindException: bind failed: EADDRINUSE (Address already in use)
07-13 17:31:29.439 W/System.err( 8823): 	at libcore.io.IoBridge.bind(IoBridge.java:109)
07-13 17:31:29.439 W/System.err( 8823): 	at java.net.PlainDatagramSocketImpl.bind0(PlainDatagramSocketImpl.java:104)
07-13 17:31:29.439 W/System.err( 8823): 	at java.net.AbstractPlainDatagramSocketImpl.bind(AbstractPlainDatagramSocketImpl.java:112)
07-13 17:31:29.439 W/System.err( 8823): 	at java.net.DatagramSocket.bind(DatagramSocket.java:412)
07-13 17:31:29.439 W/System.err( 8823): 	at java.net.DatagramSocket.<init>(DatagramSocket.java:262)
07-13 17:31:29.439 W/System.err( 8823): 	at java.net.DatagramSocket.<init>(DatagramSocket.java:319)
07-13 17:31:29.439 W/System.err( 8823): 	at com.txznet.util.UdpServer.a(UdpServer.java:59)
07-13 17:31:29.439 W/System.err( 8823): 	at com.txznet.util.UdpServer.a(UdpServer.java:12)
07-13 17:31:29.439 W/System.err( 8823): 	at com.txznet.util.UdpServer$1.handleMessage(UdpServer.java:33)
07-13 17:31:29.439 W/System.err( 8823): 	at android.os.Handler.dispatchMessage(Handler.java:107)
07-13 17:31:29.439 W/System.err( 8823): 	at android.os.Looper.loop(Looper.java:214)
07-13 17:31:29.439 W/System.err( 8823): 	at android.os.HandlerThread.run(HandlerThread.java:67)
07-13 17:31:29.440 W/System.err( 8823): Caused by: android.system.ErrnoException: bind failed: EADDRINUSE (Address already in use)
07-13 17:31:29.440 W/System.err( 8823): 	at libcore.io.Linux.bind(Native Method)
07-13 17:31:29.440 W/System.err( 8823): 	at libcore.io.ForwardingOs.bind(ForwardingOs.java:75)
07-13 17:31:29.440 W/System.err( 8823): 	at libcore.io.ForwardingOs.bind(ForwardingOs.java:75)
07-13 17:31:29.440 W/System.err( 8823): 	at libcore.io.IoBridge.bind(IoBridge.java:105)
07-13 17:31:29.440 W/System.err( 8823): 	... 11 more
07-13 17:31:29.535 I/QFApi   ( 6445): getCustomPlatform - customPlatform: 7862
07-13 17:31:29.543 I/mcu_services( 5451): readInBuf:[ff fe fd 03 01 29 81 a9 ff ]
07-13 17:31:29.544 E/mcu_services( 5451): MCU2APP : [ff fe fd 03 01 29 81 a9 ff ]
07-13 17:31:29.544 D/mcu_services( 5451): processResponse - length: 3 - type: 1 - control: 29
07-13 17:31:29.544 D/mcu_services( 5451): dispatchToClients - cmdId: 41 - data : [29 81 ]
07-13 17:31:29.544 D/callback( 5451): callMcuInfoChanged: 29 81 
07-13 17:31:29.546 W/ContextImpl( 6445): Calling a method in the system process without a qualified user: android.app.ContextImpl.sendBroadcast:1045 android.content.ContextWrapper.sendBroadcast:448 com.qf.carsettings.service.CarSettingService$4.onMcuInfoChanged:670 android.qf.mcu.McuManager$ListenerTransport._handleMessage:106 android.qf.mcu.McuManager$ListenerTransport.access$700:72 
07-13 17:31:29.545 D/callback( 5451): callMcuInfoChanged: 29 81 
07-13 17:31:29.740 D/Netd    ( 3473): app_netid:0x65 app_mark:0x65 dns_netid:0x65 dns_mark:0xf0065 uid:10121
07-13 17:31:29.763 I/chatty  ( 5597): uid=10127(com.txznet.txz) AppBack expire 5 lines
07-13 17:31:29.802 D/AlarmManagerService( 4123): set alarm to kernel: 10840.657000000, type=3 
07-13 17:31:29.802 D/AlarmManagerService( 4123): AlarmImpl::set, type=3
07-13 17:31:29.940 D/StatusBarSignalPolicy( 4656): updateWifiIconWithState state : WifiIconState(resId=2131231542, visible=true)
07-13 17:31:29.959 W/Process ( 4123): android_os_Process_getTotalMemory, product_name= jitu2, use_fake_memory=1
07-13 17:31:29.960 D/Process ( 4123): read_count=256
07-13 17:31:29.960 D/Process ( 4123): MemTotal number * 1024 = 8165515264
07-13 17:31:29.960 W/Process ( 4123): android_os_Process_getTotalMemory, true memory = 8165515264, fake memory=8165515264
07-13 17:31:29.974 D/PowerController.BgClean( 4123): judgeAppLaunchAllowed : com.google.android.gms(uid:10106), callingPackage = com.google.android.googlequicksearchbox(uid:10108), reason = bind-service
07-13 17:31:29.975 D/PowerController.BgClean( 4123): judgeAppLaunchAllowed : intent action:Intent { act=com.google.android.gms.clearcut.service.START pkg=com.google.android.gms }
07-13 17:31:29.994 D/GnssHAL_V_GnssUtil( 3771): convertToGnssLocation_2_0: enter
07-13 17:31:29.995 D/GnssHAL_V_GnssUtil( 3771): convertToGnssLocation_2_0: latitudeDegrees:40.652482, longitudeDegrees: -73.757018, elapsedRealtime.flags:0, elapsedRealtime.timestampNs: 0, elapsedRealtime.timeUncertaintyNs: 0
07-13 17:31:30.002 I/LocationManagerService( 4123): incoming location: Location[gps 41******  -74******  hAcc=4 t=1752442290000 et=+3h0m30s517ms alt=-15.082 vel=0.0 bear=150.222 vAcc=12 sAcc=0 bAcc=8 {Bundle[{satellites=13, maxCn0=48, meanCn0=40}]}]
07-13 17:31:30.002 I/LocationManagerService( 4123): incoming location: Location[gps 41******  -74******  hAcc=4 t=1752442290000 et=+3h0m30s517ms alt=-15.082 vel=0.0 bear=150.222 vAcc=12 sAcc=0 bAcc=8 {Bundle[{satellites=13, maxCn0=48, meanCn0=40}]}]
07-13 17:31:30.003 D/Netd    ( 3473): app_netid:0x65 app_mark:0x65 dns_netid:0x65 dns_mark:0xf0065 uid:10127
07-13 17:31:30.006 I/FusedLocation( 5145): (REDACTED) location delivery to %s blocked - too fast
07-13 17:31:30.006 I/LocationManagerService( 4123): incoming location: Location[fused 41******  -74******  hAcc=4 t=1752442289995 et=+3h0m30s517ms alt=-15.082 vel=3.8188508E-11 vAcc=12 sAcc=0 bAcc=??? {Bundle[mParcelledData.dataSize=848]}]
07-13 17:31:30.006 I/LocationManagerService( 4123): incoming location: Location[fused 41******  -74******  hAcc=4 t=1752442289995 et=+3h0m30s517ms alt=-15.082 vel=3.8188508E-11 vAcc=12 sAcc=0 bAcc=??? {Bundle[{noGPSLocation=Location[fused 41******  -74******  hAcc=21 t=1752441423317 et=+2h46m3s894ms alt=-25.399999618530273 vAcc=3 sAcc=??? bAcc=??? {Bundle[mParcelledData.dataSize=652]}]}]}]
07-13 17:31:30.007 I/chatty  ( 5597): uid=10127(com.txznet.txz) expire 3 lines
07-13 17:31:30.007 V/ClearcutMetricXmitter( 5333): Transmission is done.
07-13 17:31:30.044 I/chatty  ( 5597): uid=10127(com.txznet.txz) expire 2 lines
07-13 17:31:30.149 I/LocationManagerService( 4123): request a90ef0 network Request[POWER_LOW network requested=+10s0ms fastest=+10s0ms] from com.txznet.weather(10065 foreground)
07-13 17:31:30.149 I/LocationManagerService( 4123): applyRequirementsLocked to network prvider.
07-13 17:31:30.152 D/AlarmManagerService( 4123): set alarm to kernel: 10860.544000000, type=3 
07-13 17:31:30.152 D/AlarmManagerService( 4123): AlarmImpl::set, type=3
07-13 17:31:30.158 V/AlarmManager( 4123): set(PendingIntent{ab4bb54: PendingIntentRecord{6ff8afd com.google.android.gms broadcastIntent}}) : type=3 listener=null listenerTag=null triggerAtTime=10830672 win=0 tElapsed=10835679 maxElapsed=10835679 interval=0 flags=0x1
07-13 17:31:30.158 D/AlarmManagerService( 4123): set alarm to kernel: 10835.679000000, type=3 
07-13 17:31:30.158 D/AlarmManagerService( 4123): AlarmImpl::set, type=3
07-13 17:31:30.162 D/AlarmManagerService( 4123): set alarm to kernel: 10860.544000000, type=3 
07-13 17:31:30.162 D/AlarmManagerService( 4123): AlarmImpl::set, type=3
07-13 17:31:30.167 V/AlarmManager( 4123): set(PendingIntent{fc2dd3e: PendingIntentRecord{155479f com.google.android.gms broadcastIntent}}) : type=3 listener=null listenerTag=null triggerAtTime=10850685 win=0 tElapsed=10850685 maxElapsed=10850685 interval=0 flags=0x1
07-13 17:31:30.167 D/AlarmManagerService( 4123): set alarm to kernel: 10850.685000000, type=3 
07-13 17:31:30.168 D/AlarmManagerService( 4123): AlarmImpl::set, type=3
07-13 17:31:30.169 I/LocationManagerService( 4123): incoming location: Location[network 41******  -74******  hAcc=100 t=1752442290164 et=+3h0m30s685ms alt=-25.399999618530273 vAcc=100 sAcc=??? bAcc=??? {Bundle[mParcelledData.dataSize=300]}]
07-13 17:31:30.170 I/LocationManagerService( 4123): incoming location: Location[network 41******  -74******  hAcc=100 t=1752442290164 et=+3h0m30s685ms alt=-25.399999618530273 vAcc=100 sAcc=??? bAcc=??? {Bundle[{noGPSLocation=Location[network 41******  -74******  hAcc=100 t=1752442290164 et=+3h0m30s685ms alt=-25.399999618530273 vAcc=100 sAcc=??? bAcc=??? {Bundle[mParcelledData.dataSize=52]}], verticalAccuracy=2.775364}]}]
07-13 17:31:30.171 D/GPS_HAL ( 3771): gps_injectLocation entry  latitude = 40.6524,longitude= -73.7572 accuracy =100.000000
07-13 17:31:30.171 D/LocationClientOfAndroid( 7691): get new location: 40.652354,-73.757166,network
07-13 17:31:30.172 D/LocationManager( 7691): update location:[-73.7571655,40.6523535]
07-13 17:31:30.402 I/Tpms3   (10574): mDataCheckTimer startDataTime:-1;datTime:1752442290
07-13 17:31:30.537 I/QFApi   ( 6445): getCustomPlatform - customPlatform: 7862
07-13 17:31:30.622 I/chatty  ( 5597): uid=10127(com.txznet.txz) AppSlow expire 3 lines
07-13 17:31:30.754 D/sd      ( 4594): uart send:3 byte/s
07-13 17:31:30.754 D/sd      ( 4594): uart recv:5 byte/s
07-13 17:31:30.779 I/chatty  ( 5597): uid=10127(com.txznet.txz) udpReceive expire 220 lines
07-13 17:31:30.869 D/Netd    ( 3473): app_netid:0x65 app_mark:0x65 dns_netid:0x65 dns_mark:0xf0065 uid:10274
07-13 17:31:31.020 D/btopt   ( 3755): zlink wake_up_apk_server: cmd = 'export PATH=$PATH:/system/bin/;am broadcast -a "zjinnova.android.intent.action.START_DAEMON_SERVICE" --include-stopped-packages "com.zjinnova.zlink"&'
07-13 17:31:31.033 D/GnssHAL_V_GnssUtil( 3771): convertToGnssLocation_2_0: enter
07-13 17:31:31.033 D/GnssHAL_V_GnssUtil( 3771): convertToGnssLocation_2_0: latitudeDegrees:40.652482, longitudeDegrees: -73.757018, elapsedRealtime.flags:0, elapsedRealtime.timestampNs: 0, elapsedRealtime.timeUncertaintyNs: 0
07-13 17:31:31.037 I/LocationManagerService( 4123): incoming location: Location[gps 41******  -74******  hAcc=4 t=1752442291000 et=+3h0m31s556ms alt=-15.082 vel=0.0 bear=150.222 vAcc=12 sAcc=0 bAcc=8 {Bundle[{satellites=13, maxCn0=48, meanCn0=40}]}]
07-13 17:31:31.041 I/LocationManagerService( 4123): incoming location: Location[gps 41******  -74******  hAcc=4 t=1752442291000 et=+3h0m31s556ms alt=-15.082 vel=0.0 bear=150.222 vAcc=12 sAcc=0 bAcc=8 {Bundle[{satellites=13, maxCn0=48, meanCn0=40}]}]
07-13 17:31:31.044 I/FusedLocation( 5145): (REDACTED) location delivery to %s blocked - too fast
07-13 17:31:31.044 I/LocationManagerService( 4123): incoming location: Location[fused 41******  -74******  hAcc=4 t=1752442291034 et=+3h0m31s556ms alt=-15.082 vel=2.4627902E-11 vAcc=12 sAcc=0 bAcc=??? {Bundle[mParcelledData.dataSize=848]}]
07-13 17:31:31.044 I/LocationManagerService( 4123): incoming location: Location[fused 41******  -74******  hAcc=4 t=1752442291034 et=+3h0m31s556ms alt=-15.082 vel=2.4627902E-11 vAcc=12 sAcc=0 bAcc=??? {Bundle[{noGPSLocation=Location[fused 41******  -74******  hAcc=21 t=1752441423317 et=+2h46m3s894ms alt=-25.399999618530273 vAcc=3 sAcc=??? bAcc=??? {Bundle[mParcelledData.dataSize=652]}]}]}]
07-13 17:31:31.073 V/ActivityManagerShellCommand( 4123): Received onCommand broadcast callUid=0 callpid=8536
07-13 17:31:31.073 V/ActivityManagerShellCommand( 4123): runSendBroadcast start and waiting ---Intent { act=zjinnova.android.intent.action.START_DAEMON_SERVICE flg=0x400020 pkg=com.zjinnova.zlink }
07-13 17:31:31.074 D/PowerController.BgClean( 4123): judgeAppLaunchAllowed : com.zjinnova.zlink(uid:10087), callingPackage = null(uid:0), reason = send-broadcast
07-13 17:31:31.074 D/PowerController.BgClean( 4123): judgeAppLaunchAllowed : intent action:Intent { act=zjinnova.android.intent.action.START_DAEMON_SERVICE flg=0x400030 pkg=com.zjinnova.zlink }
07-13 17:31:31.075 W/BroadcastQueue( 4123):  enable com.zjinnova.zlink to start process!
07-13 17:31:31.079 D/zj      (21989): message received Intent { act=zjinnova.android.intent.action.START_DAEMON_SERVICE flg=0x400030 pkg=com.zjinnova.zlink cmp=com.zjinnova.zlink/com.zjinnova.android.zlink.features.service.StartupBroadcastReceiver }
07-13 17:31:31.079 D/PowerController.BgClean( 4123): judgeAppLaunchAllowed : com.zjinnova.zlink(uid:10087), callingPackage = com.zjinnova.zlink(uid:10087), reason = start-service
07-13 17:31:31.079 D/PowerController.BgClean( 4123): judgeAppLaunchAllowed : intent action:Intent { cmp=com.zjinnova.zlink/com.zjinnova.android.zlink.features.service.DaemonService }
07-13 17:31:31.079 W/ActivityManager( 4123): u0 Starting a service in packagecom.zjinnova.zlink requires a permissions review
07-13 17:31:31.080 V/ActivityManagerShellCommand( 4123): runSendBroadcast end ---Intent { act=zjinnova.android.intent.action.START_DAEMON_SERVICE flg=0x400020 pkg=com.zjinnova.zlink }
07-13 17:31:31.123 D/BoundBrokerSvc( 5852): onUnbind: Intent { act=com.google.android.gms.feedback.internal.IFeedbackService dat=chimera-action: cmp=com.google.android.gms/.chimera.GmsBoundBrokerService }
07-13 17:31:31.283 I/chatty  ( 5597): uid=10127(com.txznet.txz) expire 8 lines
07-13 17:31:31.528 I/mcu_services( 5451): readInBuf:[ff fe fd 03 01 29 81 a9 ff ]
07-13 17:31:31.529 E/mcu_services( 5451): MCU2APP : [ff fe fd 03 01 29 81 a9 ff ]
07-13 17:31:31.529 D/mcu_services( 5451): processResponse - length: 3 - type: 1 - control: 29
07-13 17:31:31.529 D/mcu_services( 5451): dispatchToClients - cmdId: 41 - data : [29 81 ]
07-13 17:31:31.529 D/callback( 5451): callMcuInfoChanged: 29 81 
07-13 17:31:31.533 W/ContextImpl( 6445): Calling a method in the system process without a qualified user: android.app.ContextImpl.sendBroadcast:1045 android.content.ContextWrapper.sendBroadcast:448 com.qf.carsettings.service.CarSettingService$4.onMcuInfoChanged:670 android.qf.mcu.McuManager$ListenerTransport._handleMessage:106 android.qf.mcu.McuManager$ListenerTransport.access$700:72 
07-13 17:31:31.530 D/callback( 5451): callMcuInfoChanged: 29 81 
07-13 17:31:31.541 I/QFApi   ( 6445): getCustomPlatform - customPlatform: 7862
07-13 17:31:31.750 D/Netd    ( 3473): app_netid:0x65 app_mark:0x65 dns_netid:0x65 dns_mark:0xf0065 uid:10121
07-13 17:31:31.812 I/chatty  ( 5597): uid=10127(com.txznet.txz) udpReceive expire 414 lines
07-13 17:31:31.997 D/GnssHAL_V_GnssUtil( 3771): convertToGnssLocation_2_0: enter
07-13 17:31:31.997 D/GnssHAL_V_GnssUtil( 3771): convertToGnssLocation_2_0: latitudeDegrees:40.652482, longitudeDegrees: -73.757018, elapsedRealtime.flags:0, elapsedRealtime.timestampNs: 0, elapsedRealtime.timeUncertaintyNs: 0
07-13 17:31:32.002 I/LocationManagerService( 4123): incoming location: Location[gps 41******  -74******  hAcc=4 t=1752442292000 et=+3h0m32s519ms alt=-15.082 vel=0.0 bear=150.222 vAcc=11 sAcc=0 bAcc=8 {Bundle[{satellites=14, maxCn0=48, meanCn0=39}]}]
07-13 17:31:32.003 I/LocationManagerService( 4123): incoming location: Location[gps 41******  -74******  hAcc=4 t=1752442292000 et=+3h0m32s519ms alt=-15.082 vel=0.0 bear=150.222 vAcc=11 sAcc=0 bAcc=8 {Bundle[{satellites=14, maxCn0=48, meanCn0=39}]}]
07-13 17:31:32.005 D/AlarmManagerService( 4123): Setting time of day to sec=1752442292
07-13 17:31:32.000 D/AlarmManager( 4123): waitForAlarm result:65536currentTime=1752442292000, elapsedRealtime=10832527
07-13 17:31:32.001 I/FusedLocation( 5145): (REDACTED) location delivery to %s blocked - too fast
07-13 17:31:32.001 I/LocationManagerService( 4123): incoming location: Location[fused 41******  -74******  hAcc=4 t=1752442291998 et=+3h0m32s519ms alt=-15.082 vel=7.282554E-12 vAcc=11 sAcc=0 bAcc=??? {Bundle[mParcelledData.dataSize=848]}]
07-13 17:31:32.002 I/LocationManagerService( 4123): incoming location: Location[fused 41******  -74******  hAcc=4 t=1752442291998 et=+3h0m32s519ms alt=-15.082 vel=7.282554E-12 vAcc=11 sAcc=0 bAcc=??? {Bundle[{noGPSLocation=Location[fused 41******  -74******  hAcc=21 t=1752441423317 et=+2h46m3s894ms alt=-25.399999618530273 vAcc=3 sAcc=??? bAcc=??? {Bundle[mParcelledData.dataSize=652]}]}]}]
07-13 17:31:32.019 D/AlarmManagerService( 4123): AlarmImplTimerFd::setTime, drm_ntp, _delta: -61242365, delta_alarm: 0, tv->tv_sec: 1752442292, old_time.tv_sec: 1752442292.
07-13 17:31:32.132 I/ActivityManager( 4123): Killing 6787:com.clearchannel.iheartradio.controller/u0a141 (adj 985): empty #17
07-13 17:31:32.169 D/AlarmManagerService( 4123): set alarm to kernel: 10850.685000000, type=3 
07-13 17:31:32.169 D/AlarmManagerService( 4123): AlarmImpl::set, type=3
07-13 17:31:32.215 D/ConnectivityService( 4123): ConnectivityService NetworkRequestInfo binderDied(NetworkRequest [ TRACK_DEFAULT id=494, [ Capabilities: INTERNET&NOT_RESTRICTED&TRUSTED Uid: 10141] ], android.os.BinderProxy@30ccf31)
07-13 17:31:32.215 V/ActivityManager( 4123): Clean up application record for ProcessRecord{16371d8 6787:com.clearchannel.iheartradio.controller/u0a141} restarting=false allowRestart=true index=-1 replacingPid=false
07-13 17:31:32.215 D/ConnectivityService( 4123): releasing NetworkRequest [ TRACK_DEFAULT id=494, [ Capabilities: INTERNET&NOT_RESTRICTED&TRUSTED Uid: 10141] ] (release request)
07-13 17:31:32.216 D/ConnectivityService( 4123):  Removing from current network NetworkAgentInfo [WIFI () - 101], leaving 67 requests.
07-13 17:31:32.216 I/Zygote  ( 3474): Process 6787 exited due to signal 9 (Killed)
07-13 17:31:32.252 I/libprocessgroup( 4123): Successfully killed process cgroup uid 10141 pid 6787 in 119ms
07-13 17:31:32.357 D/ip_monitor-3641( 8613): fe80::747f:dfff:fe19:ec15 dev wlan0 lladdr 76:7f:df:1c:ef:18 router STALE
07-13 17:31:32.439 W/System.err( 8823): java.net.BindException: bind failed: EADDRINUSE (Address already in use)
07-13 17:31:32.439 W/System.err( 8823): 	at libcore.io.IoBridge.bind(IoBridge.java:109)
07-13 17:31:32.439 W/System.err( 8823): 	at java.net.PlainDatagramSocketImpl.bind0(PlainDatagramSocketImpl.java:104)
07-13 17:31:32.439 W/System.err( 8823): 	at java.net.AbstractPlainDatagramSocketImpl.bind(AbstractPlainDatagramSocketImpl.java:112)
07-13 17:31:32.439 W/System.err( 8823): 	at java.net.DatagramSocket.bind(DatagramSocket.java:412)
07-13 17:31:32.439 W/System.err( 8823): 	at java.net.DatagramSocket.<init>(DatagramSocket.java:262)
07-13 17:31:32.439 W/System.err( 8823): 	at java.net.DatagramSocket.<init>(DatagramSocket.java:319)
07-13 17:31:32.439 W/System.err( 8823): 	at com.txznet.util.UdpServer.a(UdpServer.java:59)
07-13 17:31:32.439 W/System.err( 8823): 	at com.txznet.util.UdpServer.a(UdpServer.java:12)
07-13 17:31:32.439 W/System.err( 8823): 	at com.txznet.util.UdpServer$1.handleMessage(UdpServer.java:33)
07-13 17:31:32.439 W/System.err( 8823): 	at android.os.Handler.dispatchMessage(Handler.java:107)
07-13 17:31:32.439 W/System.err( 8823): 	at android.os.Looper.loop(Looper.java:214)
07-13 17:31:32.440 W/System.err( 8823): 	at android.os.HandlerThread.run(HandlerThread.java:67)
07-13 17:31:32.440 W/System.err( 8823): Caused by: android.system.ErrnoException: bind failed: EADDRINUSE (Address already in use)
07-13 17:31:32.440 W/System.err( 8823): 	at libcore.io.Linux.bind(Native Method)
07-13 17:31:32.440 W/System.err( 8823): 	at libcore.io.ForwardingOs.bind(ForwardingOs.java:75)
07-13 17:31:32.440 W/System.err( 8823): 	at libcore.io.ForwardingOs.bind(ForwardingOs.java:75)
07-13 17:31:32.440 W/System.err( 8823): 	at libcore.io.IoBridge.bind(IoBridge.java:105)
07-13 17:31:32.440 W/System.err( 8823): 	... 11 more
07-13 17:31:32.539 I/QFApi   ( 6445): getCustomPlatform - customPlatform: 7862
07-13 17:31:32.725 D/WCND    ( 3798): is_cp2_alive_ok: open polling interface: /proc/mdbg/loopcheck, fd = 13
07-13 17:31:32.825 D/WCND    ( 3798): is_cp2_alive_ok: loop: /proc/mdbg/loopcheck is OK
07-13 17:31:32.915 D/SSense  ( 4123): onTouchRateChanged: rate:0.0
07-13 17:31:33.035 D/GnssHAL_V_GnssUtil( 3771): convertToGnssLocation_2_0: enter
07-13 17:31:33.035 D/GnssHAL_V_GnssUtil( 3771): convertToGnssLocation_2_0: latitudeDegrees:40.652482, longitudeDegrees: -73.757018, elapsedRealtime.flags:0, elapsedRealtime.timestampNs: 0, elapsedRealtime.timeUncertaintyNs: 0
07-13 17:31:33.039 I/LocationManagerService( 4123): incoming location: Location[gps 41******  -74******  hAcc=4 t=1752442293000 et=+3h0m33s563ms alt=-15.082 vel=0.0 bear=150.222 vAcc=11 sAcc=0 bAcc=8 {Bundle[{satellites=14, maxCn0=48, meanCn0=39}]}]
07-13 17:31:33.043 I/chatty  ( 5597): uid=10127(com.txznet.txz) AppSlow expire 3 lines
07-13 17:31:33.044 I/LocationManagerService( 4123): incoming location: Location[gps 41******  -74******  hAcc=4 t=1752442293000 et=+3h0m33s563ms alt=-15.082 vel=0.0 bear=150.222 vAcc=11 sAcc=0 bAcc=8 {Bundle[{satellites=14, maxCn0=48, meanCn0=39}]}]
07-13 17:31:33.048 I/FusedLocation( 5145): (REDACTED) location delivery to %s blocked - too fast
07-13 17:31:33.048 I/LocationManagerService( 4123): incoming location: Location[fused 41******  -74******  hAcc=4 t=1752442293036 et=+3h0m33s563ms alt=-15.082 vel=1.3275869E-12 vAcc=11 sAcc=0 bAcc=??? {Bundle[mParcelledData.dataSize=848]}]
07-13 17:31:33.048 I/LocationManagerService( 4123): incoming location: Location[fused 41******  -74******  hAcc=4 t=1752442293036 et=+3h0m33s563ms alt=-15.082 vel=1.3275869E-12 vAcc=11 sAcc=0 bAcc=??? {Bundle[{noGPSLocation=Location[fused 41******  -74******  hAcc=21 t=1752441423317 et=+2h46m3s894ms alt=-25.399999618530273 vAcc=3 sAcc=??? bAcc=??? {Bundle[mParcelledData.dataSize=652]}]}]}]
07-13 17:31:33.120 D/btopt   ( 3755): zlink wake_up_apk_server: cmd = 'export PATH=$PATH:/system/bin/;am broadcast -a "zjinnova.android.intent.action.START_DAEMON_SERVICE" --include-stopped-packages "com.zjinnova.zlink"&'
07-13 17:31:33.174 V/ActivityManagerShellCommand( 4123): Received onCommand broadcast callUid=0 callpid=8680
07-13 17:31:33.397 I/Tpms3   (10574): mDataCheckTimer startDataTime:-1;datTime:1752442293
07-13 17:31:33.446 D/BtMainService( 5515): call acquireBTBattery(), hfp = false
07-13 17:31:33.508 I/mcu_services( 5451): readInBuf:[ff fe fd 03 01 29 81 a9 ff ]
07-13 17:31:33.508 E/mcu_services( 5451): MCU2APP : [ff fe fd 03 01 29 81 a9 ff ]
07-13 17:31:33.508 D/mcu_services( 5451): processResponse - length: 3 - type: 1 - control: 29
07-13 17:31:33.509 D/mcu_services( 5451): dispatchToClients - cmdId: 41 - data : [29 81 ]
07-13 17:31:33.509 D/callback( 5451): callMcuInfoChanged: 29 81 
07-13 17:31:33.512 W/ContextImpl( 6445): Calling a method in the system process without a qualified user: android.app.ContextImpl.sendBroadcast:1045 android.content.ContextWrapper.sendBroadcast:448 com.qf.carsettings.service.CarSettingService$4.onMcuInfoChanged:670 android.qf.mcu.McuManager$ListenerTransport._handleMessage:106 android.qf.mcu.McuManager$ListenerTransport.access$700:72 
07-13 17:31:33.509 D/callback( 5451): callMcuInfoChanged: 29 81 
07-13 17:31:33.517 I/chatty  ( 5597): uid=10127(com.txznet.txz) expire 8 lines
07-13 17:31:33.541 I/QFApi   ( 6445): getCustomPlatform - customPlatform: 7862
07-13 17:31:33.754 D/Netd    ( 3473): app_netid:0x65 app_mark:0x65 dns_netid:0x65 dns_mark:0xf0065 uid:10121
07-13 17:31:33.838 D/TXZ     ( 5597): [ReportManager][7066/7122]initWebSocket: url=wss://websocket.txzing.com/junsun/index?app_id=6a3643cb81c6e92137ccc63f536df874&tm=1752442293837&data=W0K5PzY20Zk3OUVOVAU9OxlOzG1X562zuyYQmMVE5nE%3D&platform=car
07-13 17:31:33.839 D/TXZ     ( 5597): [ReportManager][7066/7122]connect: start
07-13 17:31:33.840 D/TXZ     ( 5597): [TXZWebSocketClient][7066/8701]onError: ex=java.net.UnknownHostException: websocket.txzing.com
07-13 17:31:33.841 D/TXZ     ( 5597): [ReportManager][7066/8701]java.net.UnknownHostException: websocket.txzing.com
07-13 17:31:33.841 D/TXZ     ( 5597): [ReportManager][7066/8701]onClose() called with: code = -1, reason = websocket.txzing.com, remote = false
07-13 17:31:33.841 D/TXZ     ( 5597): [ReportManager][7066/7122]connect: finish
07-13 17:31:33.841 D/TXZ     ( 5597): [ReportManager][7066/7122]initWebSocket: url=wss://websocket.txzing.com/junsun/index?app_id=6a3643cb81c6e92137ccc63f536df874&tm=1752442293840&data=evx3SJYtEp1pAMWDw8yZmdHFoHBzgkI2J3qeA4T4aTY%3D&platform=car
07-13 17:31:33.842 D/TXZ     ( 5597): [ReportManager][7066/7122]connect: start
07-13 17:31:33.843 D/TXZ     ( 5597): [TXZWebSocketClient][7066/8702]onError: ex=java.net.UnknownHostException: websocket.txzing.com
07-13 17:31:33.844 D/TXZ     ( 5597): [ReportManager][7066/8702]java.net.UnknownHostException: websocket.txzing.com
07-13 17:31:33.844 D/TXZ     ( 5597): [ReportManager][7066/8702]onClose() called with: code = -1, reason = websocket.txzing.com, remote = false
07-13 17:31:33.844 D/TXZ     ( 5597): [ReportManager][7066/7122]connect: finish
07-13 17:31:33.858 D/TXZ     ( 5597): [ReportManager][7066/7122]initWebSocket: url=wss://websocket.txzing.com/junsun/index?app_id=6a3643cb81c6e92137ccc63f536df874&tm=1752442293857&data=X4zSoCEYUWwJw%2F2pgio0BWWcYL9k9pA%2FWdvS0vhpgzs%3D&platform=car
07-13 17:31:33.858 D/TXZ     ( 5597): [ReportManager][7066/7122]connect: start
07-13 17:31:33.860 D/TXZ     ( 5597): [TXZWebSocketClient][7066/8703]onError: ex=java.net.UnknownHostException: websocket.txzing.com
07-13 17:31:33.860 D/TXZ     ( 5597): [ReportManager][7066/8703]java.net.UnknownHostException: websocket.txzing.com
07-13 17:31:33.860 D/TXZ     ( 5597): [ReportManager][7066/8703]onClose() called with: code = -1, reason = websocket.txzing.com, remote = false
07-13 17:31:33.860 D/TXZ     ( 5597): [ReportManager][7066/7122]connect: finish
07-13 17:31:33.860 D/TXZ     ( 5597): [ReportManager][7066/7122]initWebSocket: url=wss://websocket.txzing.com/junsun/index?app_id=6a3643cb81c6e92137ccc63f536df874&tm=1752442293859&data=TXpA4HyVPZYKNVdyKRU3seFdLVW7eqKwWREfboHzuFQ%3D&platform=car
07-13 17:31:33.860 D/TXZ     ( 5597): [ReportManager][7066/7122]connect: start
07-13 17:31:33.861 D/TXZ     ( 5597): [TXZWebSocketClient][7066/8704]onError: ex=java.net.UnknownHostException: websocket.txzing.com
07-13 17:31:33.862 D/TXZ     ( 5597): [ReportManager][7066/8704]java.net.UnknownHostException: websocket.txzing.com
07-13 17:31:33.862 D/TXZ     ( 5597): [ReportManager][7066/8704]onClose() called with: code = -1, reason = websocket.txzing.com, remote = false
07-13 17:31:33.862 D/TXZ     ( 5597): [ReportManager][7066/7122]connect: finish
07-13 17:31:33.863 D/TXZ     ( 5597): [ReportManager][7066/7122]initWebSocket: url=wss://websocket.txzing.com/junsun/index?app_id=6a3643cb81c6e92137ccc63f536df874&tm=1752442293862&data=Ql1Ut94tiR2AUehmlrvHxv1zeACqZ1bHariK2%2F9fdoI%3D&platform=car
07-13 17:31:33.863 D/TXZ     ( 5597): [ReportManager][7066/7122]connect: start
07-13 17:31:33.864 D/TXZ     ( 5597): [TXZWebSocketClient][7066/8705]onError: ex=java.net.UnknownHostException: websocket.txzing.com
07-13 17:31:33.864 D/TXZ     ( 5597): [ReportManager][7066/8705]java.net.UnknownHostException: websocket.txzing.com
07-13 17:31:33.864 D/TXZ     ( 5597): [ReportManager][7066/8705]onClose() called with: code = -1, reason = websocket.txzing.com, remote = false
07-13 17:31:33.865 D/TXZ     ( 5597): [ReportManager][7066/7122]connect: finish
07-13 17:31:33.882 D/TXZ     ( 5597): [ReportManager][7066/7122]initWebSocket: url=wss://websocket.txzing.com/junsun/index?app_id=6a3643cb81c6e92137ccc63f536df874&tm=1752442293881&data=b96gq6P6D4NIT3mElO0SGMTx9WvpsVq0o8zAsRmcEJI%3D&platform=car
07-13 17:31:33.882 D/TXZ     ( 5597): [ReportManager][7066/7122]connect: start
07-13 17:31:33.883 D/TXZ     ( 5597): [TXZWebSocketClient][7066/8706]onError: ex=java.net.UnknownHostException: websocket.txzing.com
07-13 17:31:33.883 D/TXZ     ( 5597): [ReportManager][7066/8706]java.net.UnknownHostException: websocket.txzing.com
07-13 17:31:33.883 D/TXZ     ( 5597): [ReportManager][7066/8706]onClose() called with: code = -1, reason = websocket.txzing.com, remote = false
07-13 17:31:33.884 D/TXZ     ( 5597): [ReportManager][7066/7122]connect: finish
07-13 17:31:33.884 D/TXZ     ( 5597): [ReportManager][7066/7122]initWebSocket: url=wss://websocket.txzing.com/junsun/index?app_id=6a3643cb81c6e92137ccc63f536df874&tm=1752442293883&data=QuWpCPxFIoWSq2jwy3oYEMJB9WarsKkPUOD%2BBBNbP4A%3D&platform=car
07-13 17:31:33.884 D/TXZ     ( 5597): [ReportManager][7066/7122]connect: start
07-13 17:31:33.885 D/TXZ     ( 5597): [TXZWebSocketClient][7066/8708]onError: ex=java.net.UnknownHostException: websocket.txzing.com
07-13 17:31:33.886 D/TXZ     ( 5597): [ReportManager][7066/8708]java.net.UnknownHostException: websocket.txzing.com
07-13 17:31:33.886 D/TXZ     ( 5597): [ReportManager][7066/8708]onClose() called with: code = -1, reason = websocket.txzing.com, remote = false
07-13 17:31:33.886 D/TXZ     ( 5597): [ReportManager][7066/7122]connect: finish
07-13 17:31:33.898 D/TXZ     ( 5597): [ReportManager][7066/7122]initWebSocket: url=wss://websocket.txzing.com/junsun/index?app_id=6a3643cb81c6e92137ccc63f536df874&tm=1752442293898&data=6XMqMKZTfF%2FeC3YTrbfc20X3pSfKTEorxLUIaZPgke0%3D&platform=car
07-13 17:31:33.899 D/TXZ     ( 5597): [ReportManager][7066/7122]connect: start
07-13 17:31:33.900 D/TXZ     ( 5597): [TXZWebSocketClient][7066/8709]onError: ex=java.net.UnknownHostException: websocket.txzing.com
07-13 17:31:33.900 D/TXZ     ( 5597): [ReportManager][7066/8709]java.net.UnknownHostException: websocket.txzing.com
07-13 17:31:33.902 D/TXZ     ( 5597): [ReportManager][7066/8709]onClose() called with: code = -1, reason = websocket.txzing.com, remote = false
07-13 17:31:33.902 D/TXZ     ( 5597): [ReportManager][7066/7122]connect: finish
07-13 17:31:33.924 D/TXZ     ( 5597): [ReportManager][7066/7122]initWebSocket: url=wss://websocket.txzing.com/junsun/index?app_id=6a3643cb81c6e92137ccc63f536df874&tm=1752442293922&data=UOOuOyWAcxPmEcU%2BfWMqMPxMOIn%2BDav69MoSrpJ0QDw%3D&platform=car
07-13 17:31:33.924 D/TXZ     ( 5597): [ReportManager][7066/7122]connect: start
07-13 17:31:33.926 D/TXZ     ( 5597): [TXZWebSocketClient][7066/8711]onError: ex=java.net.UnknownHostException: websocket.txzing.com
07-13 17:31:33.926 D/TXZ     ( 5597): [ReportManager][7066/8711]java.net.UnknownHostException: websocket.txzing.com
07-13 17:31:33.926 D/TXZ     ( 5597): [ReportManager][7066/8711]onClose() called with: code = -1, reason = websocket.txzing.com, remote = false
07-13 17:31:33.927 D/TXZ     ( 5597): [ReportManager][7066/7122]connect: finish
07-13 17:31:33.927 D/TXZ     ( 5597): [ReportManager][7066/7122]initWebSocket: url=wss://websocket.txzing.com/junsun/index?app_id=6a3643cb81c6e92137ccc63f536df874&tm=1752442293926&data=KBct0%2BXM9YJCMTx8Mkj2p5S%2BUPW7NJPiT4Y51KMeu%2Bw%3D&platform=car
07-13 17:31:33.927 D/TXZ     ( 5597): [ReportManager][7066/7122]connect: start
07-13 17:31:33.929 D/TXZ     ( 5597): [TXZWebSocketClient][7066/8712]onError: ex=java.net.UnknownHostException: websocket.txzing.com
07-13 17:31:33.929 D/TXZ     ( 5597): [ReportManager][7066/8712]java.net.UnknownHostException: websocket.txzing.com
07-13 17:31:33.930 D/TXZ     ( 5597): [ReportManager][7066/8712]onClose() called with: code = -1, reason = websocket.txzing.com, remote = false
07-13 17:31:33.930 D/TXZ     ( 5597): [ReportManager][7066/7122]connect: finish
07-13 17:31:33.930 D/TXZ     ( 5597): [ReportManager][7066/7122]initWebSocket: url=wss://websocket.txzing.com/junsun/index?app_id=6a3643cb81c6e92137ccc63f536df874&tm=1752442293929&data=rp%2Bu0inqXu%2B1APN3arolL%2F2hksqZILfqHGqeuEPoa7w%3D&platform=car
07-13 17:31:33.930 D/TXZ     ( 5597): [ReportManager][7066/7122]connect: start
07-13 17:31:33.932 D/TXZ     ( 5597): [TXZWebSocketClient][7066/8713]onError: ex=java.net.UnknownHostException: websocket.txzing.com
07-13 17:31:33.932 D/TXZ     ( 5597): [ReportManager][7066/8713]java.net.UnknownHostException: websocket.txzing.com
07-13 17:31:33.932 D/TXZ     ( 5597): [ReportManager][7066/8713]onClose() called with: code = -1, reason = websocket.txzing.com, remote = false
07-13 17:31:33.932 D/TXZ     ( 5597): [ReportManager][7066/7122]connect: finish
07-13 17:31:33.948 D/TXZ     ( 5597): [ReportManager][7066/7122]initWebSocket: url=wss://websocket.txzing.com/junsun/index?app_id=6a3643cb81c6e92137ccc63f536df874&tm=1752442293947&data=eD3TdNqAjSchRKNKx4kKmdjTf5p4VVLxTTvhPiLUvEs%3D&platform=car
07-13 17:31:33.948 D/TXZ     ( 5597): [ReportManager][7066/7122]connect: start
07-13 17:31:33.950 D/TXZ     ( 5597): [TXZWebSocketClient][7066/8714]onError: ex=java.net.UnknownHostException: websocket.txzing.com
07-13 17:31:33.950 D/TXZ     ( 5597): [ReportManager][7066/8714]java.net.UnknownHostException: websocket.txzing.com
07-13 17:31:33.951 D/TXZ     ( 5597): [ReportManager][7066/8714]onClose() called with: code = -1, reason = websocket.txzing.com, remote = false
07-13 17:31:33.951 D/TXZ     ( 5597): [ReportManager][7066/7122]connect: finish
07-13 17:31:33.951 D/TXZ     ( 5597): [ReportManager][7066/7122]initWebSocket: url=wss://websocket.txzing.com/junsun/index?app_id=6a3643cb81c6e92137ccc63f536df874&tm=1752442293950&data=qWTBs3XqqNIJkQ0OmKnFFlUC8hYpyObeTO8vuazQKrk%3D&platform=car
07-13 17:31:33.951 D/TXZ     ( 5597): [ReportManager][7066/7122]connect: start
07-13 17:31:33.953 D/TXZ     ( 5597): [TXZWebSocketClient][7066/8715]onError: ex=java.net.UnknownHostException: websocket.txzing.com
07-13 17:31:33.953 D/TXZ     ( 5597): [ReportManager][7066/8715]java.net.UnknownHostException: websocket.txzing.com
07-13 17:31:33.953 D/TXZ     ( 5597): [ReportManager][7066/8715]onClose() called with: code = -1, reason = websocket.txzing.com, remote = false
07-13 17:31:33.953 D/TXZ     ( 5597): [ReportManager][7066/7122]connect: finish
07-13 17:31:33.953 D/TXZ     ( 5597): [ReportManager][7066/7122]initWebSocket: url=wss://websocket.txzing.com/junsun/index?app_id=6a3643cb81c6e92137ccc63f536df874&tm=1752442293953&data=%2BmdHodG6NtlaHhF5y5u6aP2NyFdajxaFJ7kO0l0PIZc%3D&platform=car
07-13 17:31:33.954 D/TXZ     ( 5597): [ReportManager][7066/7122]connect: start
07-13 17:31:33.956 D/TXZ     ( 5597): [TXZWebSocketClient][7066/8717]onError: ex=java.net.UnknownHostException: websocket.txzing.com
07-13 17:31:33.956 D/TXZ     ( 5597): [ReportManager][7066/8717]java.net.UnknownHostException: websocket.txzing.com
07-13 17:31:33.956 D/TXZ     ( 5597): [ReportManager][7066/8717]onClose() called with: code = -1, reason = websocket.txzing.com, remote = false
07-13 17:31:33.956 D/TXZ     ( 5597): [ReportManager][7066/7122]connect: finish
07-13 17:31:33.956 D/TXZ     ( 5597): [ReportManager][7066/7122]initWebSocket: url=wss://websocket.txzing.com/junsun/index?app_id=6a3643cb81c6e92137ccc63f536df874&tm=1752442293956&data=00KvJ5J8%2FieDBIILe%2BWI%2Bs5D4eTFCLUbhP334E3%2BHa0%3D&platform=car
07-13 17:31:33.957 D/TXZ     ( 5597): [ReportManager][7066/7122]connect: start
07-13 17:31:33.958 D/TXZ     ( 5597): [TXZWebSocketClient][7066/8718]onError: ex=java.net.UnknownHostException: websocket.txzing.com
07-13 17:31:33.959 D/TXZ     ( 5597): [ReportManager][7066/8718]java.net.UnknownHostException: websocket.txzing.com
07-13 17:31:33.962 D/TXZ     ( 5597): [ReportManager][7066/8718]onClose() called with: code = -1, reason = websocket.txzing.com, remote = false
07-13 17:31:33.962 D/TXZ     ( 5597): [ReportManager][7066/7122]connect: finish
