07-13 17:31:42.789 D/TXZ     ( 5597): [ReportManager][7066/7122]connect: finish
07-13 17:31:42.789 D/TXZ     ( 5597): [ReportManager][7066/7122]initWebSocket: url=wss://websocket.txzing.com/junsun/index?app_id=6a3643cb81c6e92137ccc63f536df874&tm=1752442302788&data=x%2FoPx0kPmsaDNxUr3f9tC5ryiNxPUyb3VGJLOj3ahcE%3D&platform=car
07-13 17:31:42.789 D/TXZ     ( 5597): [ReportManager][7066/7122]connect: start
07-13 17:31:42.791 D/TXZ     ( 5597): [TXZWebSocketClient][7066/9251]onError: ex=java.net.UnknownHostException: websocket.txzing.com
07-13 17:31:42.793 D/TXZ     ( 5597): [ReportManager][7066/9251]java.net.UnknownHostException: websocket.txzing.com
07-13 17:31:42.793 D/TXZ     ( 5597): [ReportManager][7066/9251]onClose() called with: code = -1, reason = websocket.txzing.com, remote = false
07-13 17:31:42.793 D/TXZ     ( 5597): [ReportManager][7066/7122]connect: finish
07-13 17:31:42.793 D/TXZ     ( 5597): [ReportManager][7066/7122]initWebSocket: url=wss://websocket.txzing.com/junsun/index?app_id=6a3643cb81c6e92137ccc63f536df874&tm=1752442302791&data=hFf5zNzY8yzCw77lL7HtAe2Cc9XwgASjbbpRYDW5zas%3D&platform=car
07-13 17:31:42.793 D/TXZ     ( 5597): [ReportManager][7066/7122]connect: start
07-13 17:31:42.794 D/TXZ     ( 5597): [TXZWebSocketClient][7066/9252]onError: ex=java.net.UnknownHostException: websocket.txzing.com
07-13 17:31:42.794 D/TXZ     ( 5597): [ReportManager][7066/9252]java.net.UnknownHostException: websocket.txzing.com
07-13 17:31:42.794 D/TXZ     ( 5597): [ReportManager][7066/9252]onClose() called with: code = -1, reason = websocket.txzing.com, remote = false
07-13 17:31:42.794 D/TXZ     ( 5597): [ReportManager][7066/7122]connect: finish
07-13 17:31:42.797 D/TXZ     ( 5597): [ReportManager][7066/7122]initWebSocket: url=wss://websocket.txzing.com/junsun/index?app_id=6a3643cb81c6e92137ccc63f536df874&tm=1752442302796&data=usvodCfaSAXzmu%2F85fBKQwAFdTEUlgx6vcSh9DtKyTU%3D&platform=car
07-13 17:31:42.797 D/TXZ     ( 5597): [ReportManager][7066/7122]connect: start
07-13 17:31:42.799 D/TXZ     ( 5597): [TXZWebSocketClient][7066/9253]onError: ex=java.net.UnknownHostException: websocket.txzing.com
07-13 17:31:42.799 D/TXZ     ( 5597): [ReportManager][7066/9253]java.net.UnknownHostException: websocket.txzing.com
07-13 17:31:42.799 D/TXZ     ( 5597): [ReportManager][7066/9253]onClose() called with: code = -1, reason = websocket.txzing.com, remote = false
07-13 17:31:42.799 D/TXZ     ( 5597): [ReportManager][7066/7122]connect: finish
07-13 17:31:42.799 D/TXZ     ( 5597): [ReportManager][7066/7122]initWebSocket: url=wss://websocket.txzing.com/junsun/index?app_id=6a3643cb81c6e92137ccc63f536df874&tm=1752442302799&data=NY7f3DjgRs8EXHDaBb9rpcIyh3es0sHBE%2B7smkeUcmE%3D&platform=car
07-13 17:31:42.800 D/TXZ     ( 5597): [ReportManager][7066/7122]connect: start
07-13 17:31:42.802 D/TXZ     ( 5597): [TXZWebSocketClient][7066/9254]onError: ex=java.net.UnknownHostException: websocket.txzing.com
07-13 17:31:42.802 D/TXZ     ( 5597): [ReportManager][7066/9254]java.net.UnknownHostException: websocket.txzing.com
07-13 17:31:42.802 D/TXZ     ( 5597): [ReportManager][7066/9254]onClose() called with: code = -1, reason = websocket.txzing.com, remote = false
07-13 17:31:42.802 D/TXZ     ( 5597): [ReportManager][7066/7122]connect: finish
07-13 17:31:42.820 D/TXZ     ( 5597): [ReportManager][7066/7122]initWebSocket: url=wss://websocket.txzing.com/junsun/index?app_id=6a3643cb81c6e92137ccc63f536df874&tm=1752442302819&data=6dIUGPa9bN2%2FNKfmy6AwaZNnskC90YjAhBdBiOtECok%3D&platform=car
07-13 17:31:42.820 D/TXZ     ( 5597): [ReportManager][7066/7122]connect: start
07-13 17:31:42.822 D/TXZ     ( 5597): [TXZWebSocketClient][7066/9255]onError: ex=java.net.UnknownHostException: websocket.txzing.com
07-13 17:31:42.822 D/TXZ     ( 5597): [ReportManager][7066/9255]java.net.UnknownHostException: websocket.txzing.com
07-13 17:31:42.822 D/TXZ     ( 5597): [ReportManager][7066/9255]onClose() called with: code = -1, reason = websocket.txzing.com, remote = false
07-13 17:31:42.823 D/TXZ     ( 5597): [ReportManager][7066/7122]connect: finish
07-13 17:31:42.823 D/TXZ     ( 5597): [ReportManager][7066/7122]initWebSocket: url=wss://websocket.txzing.com/junsun/index?app_id=6a3643cb81c6e92137ccc63f536df874&tm=1752442302822&data=oz44FMpwu%2FrK%2FrVKjOEW2IHqv656p5z9c6ENe%2FGioDA%3D&platform=car
07-13 17:31:42.823 D/TXZ     ( 5597): [ReportManager][7066/7122]connect: start
07-13 17:31:42.825 D/TXZ     ( 5597): [TXZWebSocketClient][7066/9257]onError: ex=java.net.UnknownHostException: websocket.txzing.com
07-13 17:31:42.826 D/TXZ     ( 5597): [ReportManager][7066/9257]java.net.UnknownHostException: websocket.txzing.com
07-13 17:31:42.826 D/TXZ     ( 5597): [ReportManager][7066/9257]onClose() called with: code = -1, reason = websocket.txzing.com, remote = false
07-13 17:31:42.826 D/TXZ     ( 5597): [ReportManager][7066/7122]connect: finish
07-13 17:31:42.851 D/TXZ     ( 5597): [ReportManager][7066/7122]initWebSocket: url=wss://websocket.txzing.com/junsun/index?app_id=6a3643cb81c6e92137ccc63f536df874&tm=1752442302850&data=lu59fscGSD8hWQrGlIuXGsnTHZ9p8NmFiYCFOvGLLZo%3D&platform=car
07-13 17:31:42.852 D/TXZ     ( 5597): [ReportManager][7066/7122]connect: start
07-13 17:31:42.854 D/TXZ     ( 5597): [TXZWebSocketClient][7066/9258]onError: ex=java.net.UnknownHostException: websocket.txzing.com
07-13 17:31:42.854 D/TXZ     ( 5597): [ReportManager][7066/9258]java.net.UnknownHostException: websocket.txzing.com
07-13 17:31:42.854 D/TXZ     ( 5597): [ReportManager][7066/9258]onClose() called with: code = -1, reason = websocket.txzing.com, remote = false
07-13 17:31:42.854 D/TXZ     ( 5597): [ReportManager][7066/7122]connect: finish
07-13 17:31:42.854 D/TXZ     ( 5597): [ReportManager][7066/7122]initWebSocket: url=wss://websocket.txzing.com/junsun/index?app_id=6a3643cb81c6e92137ccc63f536df874&tm=1752442302853&data=%2B9kXwsAsikmcRHhNPWQEvuVvB94J34v6h5flFPiRpz8%3D&platform=car
07-13 17:31:42.854 D/TXZ     ( 5597): [ReportManager][7066/7122]connect: start
07-13 17:31:42.856 D/TXZ     ( 5597): [TXZWebSocketClient][7066/9259]onError: ex=java.net.UnknownHostException: websocket.txzing.com
07-13 17:31:42.857 D/TXZ     ( 5597): [ReportManager][7066/9259]java.net.UnknownHostException: websocket.txzing.com
07-13 17:31:42.857 D/TXZ     ( 5597): [ReportManager][7066/9259]onClose() called with: code = -1, reason = websocket.txzing.com, remote = false
07-13 17:31:42.857 D/TXZ     ( 5597): [ReportManager][7066/7122]connect: finish
07-13 17:31:42.870 D/TXZ     ( 5597): [ReportManager][7066/7122]initWebSocket: url=wss://websocket.txzing.com/junsun/index?app_id=6a3643cb81c6e92137ccc63f536df874&tm=1752442302869&data=dovId2TA%2FSw8tX5Y0yWr%2FToWsRKAU4Mv9WmeMxf%2FO5c%3D&platform=car
07-13 17:31:42.870 D/TXZ     ( 5597): [ReportManager][7066/7122]connect: start
07-13 17:31:42.872 D/TXZ     ( 5597): [TXZWebSocketClient][7066/9260]onError: ex=java.net.UnknownHostException: websocket.txzing.com
07-13 17:31:42.872 D/TXZ     ( 5597): [ReportManager][7066/9260]java.net.UnknownHostException: websocket.txzing.com
07-13 17:31:42.873 D/TXZ     ( 5597): [ReportManager][7066/9260]onClose() called with: code = -1, reason = websocket.txzing.com, remote = false
07-13 17:31:42.873 D/TXZ     ( 5597): [ReportManager][7066/7122]connect: finish
07-13 17:31:42.873 D/TXZ     ( 5597): [ReportManager][7066/7122]initWebSocket: url=wss://websocket.txzing.com/junsun/index?app_id=6a3643cb81c6e92137ccc63f536df874&tm=1752442302872&data=l2a5CNd%2BQC9E01lvpyNvXH2DwBlbZy9kehO8gWuBTb0%3D&platform=car
07-13 17:31:42.873 D/TXZ     ( 5597): [ReportManager][7066/7122]connect: start
07-13 17:31:42.875 D/TXZ     ( 5597): [TXZWebSocketClient][7066/9261]onError: ex=java.net.UnknownHostException: websocket.txzing.com
07-13 17:31:42.875 D/TXZ     ( 5597): [ReportManager][7066/9261]java.net.UnknownHostException: websocket.txzing.com
07-13 17:31:42.875 D/TXZ     ( 5597): [ReportManager][7066/9261]onClose() called with: code = -1, reason = websocket.txzing.com, remote = false
07-13 17:31:42.875 D/TXZ     ( 5597): [ReportManager][7066/7122]connect: finish
07-13 17:31:42.875 D/TXZ     ( 5597): [ReportManager][7066/7122]initWebSocket: url=wss://websocket.txzing.com/junsun/index?app_id=6a3643cb81c6e92137ccc63f536df874&tm=1752442302875&data=xRaGs9o9IyzJHAaXplqKzxgLBM36UX9tdP6PC%2BFyg0U%3D&platform=car
07-13 17:31:42.876 D/TXZ     ( 5597): [ReportManager][7066/7122]connect: start
07-13 17:31:42.877 D/TXZ     ( 5597): [TXZWebSocketClient][7066/9262]onError: ex=java.net.UnknownHostException: websocket.txzing.com
07-13 17:31:42.877 D/TXZ     ( 5597): [ReportManager][7066/9262]java.net.UnknownHostException: websocket.txzing.com
07-13 17:31:42.878 D/TXZ     ( 5597): [ReportManager][7066/9262]onClose() called with: code = -1, reason = websocket.txzing.com, remote = false
07-13 17:31:42.878 D/TXZ     ( 5597): [ReportManager][7066/7122]connect: finish
07-13 17:31:42.894 D/TXZ     ( 5597): [ReportManager][7066/7122]initWebSocket: url=wss://websocket.txzing.com/junsun/index?app_id=6a3643cb81c6e92137ccc63f536df874&tm=1752442302893&data=W0X%2BsNSj%2FtH33kWIhRuIw4Yn8a5Cjsyd0yU9jtqNBBE%3D&platform=car
07-13 17:31:42.895 D/TXZ     ( 5597): [ReportManager][7066/7122]connect: start
07-13 17:31:42.897 D/TXZ     ( 5597): [TXZWebSocketClient][7066/9263]onError: ex=java.net.UnknownHostException: websocket.txzing.com
07-13 17:31:42.897 D/TXZ     ( 5597): [ReportManager][7066/9263]java.net.UnknownHostException: websocket.txzing.com
07-13 17:31:42.897 D/TXZ     ( 5597): [ReportManager][7066/9263]onClose() called with: code = -1, reason = websocket.txzing.com, remote = false
07-13 17:31:42.897 D/TXZ     ( 5597): [ReportManager][7066/7122]connect: finish
07-13 17:31:42.899 D/TXZ     ( 5597): [ReportManager][7066/7122]initWebSocket: url=wss://websocket.txzing.com/junsun/index?app_id=6a3643cb81c6e92137ccc63f536df874&tm=1752442302899&data=eH033xIjJhiu%2FMND4YsaezC8Ji%2FzKnGEIfW35gcrDD8%3D&platform=car
07-13 17:31:42.900 D/TXZ     ( 5597): [ReportManager][7066/7122]connect: start
07-13 17:31:42.902 D/TXZ     ( 5597): [TXZWebSocketClient][7066/9264]onError: ex=java.net.UnknownHostException: websocket.txzing.com
07-13 17:31:42.902 D/TXZ     ( 5597): [ReportManager][7066/9264]java.net.UnknownHostException: websocket.txzing.com
07-13 17:31:42.902 D/TXZ     ( 5597): [ReportManager][7066/9264]onClose() called with: code = -1, reason = websocket.txzing.com, remote = false
07-13 17:31:42.902 D/TXZ     ( 5597): [ReportManager][7066/7122]connect: finish
07-13 17:31:42.909 D/TXZ     ( 5597): [ReportManager][7066/7122]initWebSocket: url=wss://websocket.txzing.com/junsun/index?app_id=6a3643cb81c6e92137ccc63f536df874&tm=1752442302908&data=AKLGakbalEJrD4OOTQW6FzyVf1RnpRJJhmzhIeYcgK8%3D&platform=car
07-13 17:31:42.909 D/TXZ     ( 5597): [ReportManager][7066/7122]connect: start
07-13 17:31:42.911 D/TXZ     ( 5597): [TXZWebSocketClient][7066/9265]onError: ex=java.net.UnknownHostException: websocket.txzing.com
07-13 17:31:42.911 D/TXZ     ( 5597): [ReportManager][7066/9265]java.net.UnknownHostException: websocket.txzing.com
07-13 17:31:42.911 D/TXZ     ( 5597): [ReportManager][7066/9265]onClose() called with: code = -1, reason = websocket.txzing.com, remote = false
07-13 17:31:42.911 D/TXZ     ( 5597): [ReportManager][7066/7122]connect: finish
07-13 17:31:42.920 D/WCND    ( 3798): is_cp2_alive_ok: open polling interface: /proc/mdbg/loopcheck, fd = 13
07-13 17:31:42.935 D/TXZ     ( 5597): [ReportManager][7066/7122]initWebSocket: url=wss://websocket.txzing.com/junsun/index?app_id=6a3643cb81c6e92137ccc63f536df874&tm=1752442302934&data=isaTlQ4jvhjtnDt%2B6gH8Gw0ICDix7zRFZmUeWFGzlhc%3D&platform=car
07-13 17:31:42.935 D/TXZ     ( 5597): [ReportManager][7066/7122]connect: start
07-13 17:31:42.937 D/TXZ     ( 5597): [TXZWebSocketClient][7066/9266]onError: ex=java.net.UnknownHostException: websocket.txzing.com
07-13 17:31:42.938 D/TXZ     ( 5597): [ReportManager][7066/9266]java.net.UnknownHostException: websocket.txzing.com
07-13 17:31:42.938 D/TXZ     ( 5597): [ReportManager][7066/9266]onClose() called with: code = -1, reason = websocket.txzing.com, remote = false
07-13 17:31:42.939 D/TXZ     ( 5597): [ReportManager][7066/7122]connect: finish
07-13 17:31:42.939 D/TXZ     ( 5597): [ReportManager][7066/7122]initWebSocket: url=wss://websocket.txzing.com/junsun/index?app_id=6a3643cb81c6e92137ccc63f536df874&tm=1752442302937&data=0siMs0Efkgnn%2FISbFe6qaPuCuhbQB%2B41l5xe46pweh4%3D&platform=car
07-13 17:31:42.939 D/TXZ     ( 5597): [ReportManager][7066/7122]connect: start
07-13 17:31:42.940 D/TXZ     ( 5597): [TXZWebSocketClient][7066/9267]onError: ex=java.net.UnknownHostException: websocket.txzing.com
07-13 17:31:42.940 D/TXZ     ( 5597): [ReportManager][7066/9267]java.net.UnknownHostException: websocket.txzing.com
07-13 17:31:42.940 D/TXZ     ( 5597): [ReportManager][7066/9267]onClose() called with: code = -1, reason = websocket.txzing.com, remote = false
07-13 17:31:42.940 D/TXZ     ( 5597): [ReportManager][7066/7122]connect: finish
07-13 17:31:42.941 D/TXZ     ( 5597): [ReportManager][7066/7122]initWebSocket: url=wss://websocket.txzing.com/junsun/index?app_id=6a3643cb81c6e92137ccc63f536df874&tm=1752442302940&data=MHE%2BJ9l1muaWCZylJaDbUW792PM%2FYAqiwKJfFxJ%2F%2BiE%3D&platform=car
07-13 17:31:42.941 D/TXZ     ( 5597): [ReportManager][7066/7122]connect: start
07-13 17:31:42.943 D/TXZ     ( 5597): [TXZWebSocketClient][7066/9268]onError: ex=java.net.UnknownHostException: websocket.txzing.com
07-13 17:31:42.943 D/TXZ     ( 5597): [ReportManager][7066/9268]java.net.UnknownHostException: websocket.txzing.com
07-13 17:31:42.943 D/TXZ     ( 5597): [ReportManager][7066/9268]onClose() called with: code = -1, reason = websocket.txzing.com, remote = false
07-13 17:31:42.943 D/TXZ     ( 5597): [ReportManager][7066/7122]connect: finish
07-13 17:31:42.961 D/TXZ     ( 5597): [ReportManager][7066/7122]initWebSocket: url=wss://websocket.txzing.com/junsun/index?app_id=6a3643cb81c6e92137ccc63f536df874&tm=1752442302960&data=GfotW70%2Be0bT3ll4DH%2BlE6HXspG3Yt0uHG%2BIfa64A4U%3D&platform=car
07-13 17:31:42.961 D/TXZ     ( 5597): [ReportManager][7066/7122]connect: start
07-13 17:31:42.963 D/TXZ     ( 5597): [TXZWebSocketClient][7066/9269]onError: ex=java.net.UnknownHostException: websocket.txzing.com
07-13 17:31:42.963 D/TXZ     ( 5597): [ReportManager][7066/9269]java.net.UnknownHostException: websocket.txzing.com
07-13 17:31:42.963 D/TXZ     ( 5597): [ReportManager][7066/9269]onClose() called with: code = -1, reason = websocket.txzing.com, remote = false
07-13 17:31:42.963 D/TXZ     ( 5597): [ReportManager][7066/7122]connect: finish
07-13 17:31:42.967 D/TXZ     ( 5597): [ReportManager][7066/7122]initWebSocket: url=wss://websocket.txzing.com/junsun/index?app_id=6a3643cb81c6e92137ccc63f536df874&tm=1752442302966&data=tenyrCOvcSS7CqUI%2FSis9tOktjKke4pWAgO1WG3gTS4%3D&platform=car
07-13 17:31:42.967 D/TXZ     ( 5597): [ReportManager][7066/7122]connect: start
07-13 17:31:42.969 D/TXZ     ( 5597): [TXZWebSocketClient][7066/9270]onError: ex=java.net.UnknownHostException: websocket.txzing.com
07-13 17:31:42.969 D/TXZ     ( 5597): [ReportManager][7066/9270]java.net.UnknownHostException: websocket.txzing.com
07-13 17:31:42.969 D/TXZ     ( 5597): [ReportManager][7066/9270]onClose() called with: code = -1, reason = websocket.txzing.com, remote = false
07-13 17:31:42.970 D/TXZ     ( 5597): [ReportManager][7066/7122]connect: finish
07-13 17:31:42.970 D/TXZ     ( 5597): [ReportManager][7066/7122]initWebSocket: url=wss://websocket.txzing.com/junsun/index?app_id=6a3643cb81c6e92137ccc63f536df874&tm=1752442302969&data=f6UbklkKzjNnTK0WJohCO%2Fex4ND08q0vN9JJv25T48I%3D&platform=car
07-13 17:31:42.970 D/TXZ     ( 5597): [ReportManager][7066/7122]connect: start
07-13 17:31:42.972 D/TXZ     ( 5597): [TXZWebSocketClient][7066/9271]onError: ex=java.net.UnknownHostException: websocket.txzing.com
07-13 17:31:42.972 D/TXZ     ( 5597): [ReportManager][7066/9271]java.net.UnknownHostException: websocket.txzing.com
07-13 17:31:42.972 D/TXZ     ( 5597): [ReportManager][7066/9271]onClose() called with: code = -1, reason = websocket.txzing.com, remote = false
07-13 17:31:42.972 D/TXZ     ( 5597): [ReportManager][7066/7122]connect: finish
07-13 17:31:42.972 D/TXZ     ( 5597): [ReportManager][7066/7122]initWebSocket: url=wss://websocket.txzing.com/junsun/index?app_id=6a3643cb81c6e92137ccc63f536df874&tm=1752442302971&data=gvEqXndfe0USkSmo5H0fd%2BFtijTeD2oimw7KwpCOhGc%3D&platform=car
07-13 17:31:42.972 D/TXZ     ( 5597): [ReportManager][7066/7122]connect: start
07-13 17:31:42.974 D/TXZ     ( 5597): [TXZWebSocketClient][7066/9272]onError: ex=java.net.UnknownHostException: websocket.txzing.com
07-13 17:31:42.974 D/TXZ     ( 5597): [ReportManager][7066/9272]java.net.UnknownHostException: websocket.txzing.com
07-13 17:31:42.974 D/TXZ     ( 5597): [ReportManager][7066/9272]onClose() called with: code = -1, reason = websocket.txzing.com, remote = false
07-13 17:31:42.974 D/TXZ     ( 5597): [ReportManager][7066/7122]connect: finish
07-13 17:31:42.977 D/TXZ     ( 5597): [ReportManager][7066/7122]initWebSocket: url=wss://websocket.txzing.com/junsun/index?app_id=6a3643cb81c6e92137ccc63f536df874&tm=1752442302977&data=uAWDPlKv4qPPCSLGdKDdNeZV7Yo80G4aNHDx9ElPDDg%3D&platform=car
07-13 17:31:42.978 D/TXZ     ( 5597): [ReportManager][7066/7122]connect: start
07-13 17:31:42.979 D/TXZ     ( 5597): [TXZWebSocketClient][7066/9273]onError: ex=java.net.UnknownHostException: websocket.txzing.com
07-13 17:31:42.980 D/TXZ     ( 5597): [ReportManager][7066/9273]java.net.UnknownHostException: websocket.txzing.com
07-13 17:31:42.980 D/TXZ     ( 5597): [ReportManager][7066/9273]onClose() called with: code = -1, reason = websocket.txzing.com, remote = false
07-13 17:31:42.980 D/TXZ     ( 5597): [ReportManager][7066/7122]connect: finish
07-13 17:31:42.980 D/TXZ     ( 5597): [ReportManager][7066/7122]initWebSocket: url=wss://websocket.txzing.com/junsun/index?app_id=6a3643cb81c6e92137ccc63f536df874&tm=1752442302979&data=FhfHrVDRuLG%2FO5A1uJg%2Fny9MWXTmTIoK9KlKb4ropWg%3D&platform=car
07-13 17:31:42.980 D/TXZ     ( 5597): [ReportManager][7066/7122]connect: start
07-13 17:31:42.982 D/TXZ     ( 5597): [TXZWebSocketClient][7066/9274]onError: ex=java.net.UnknownHostException: websocket.txzing.com
07-13 17:31:42.982 D/TXZ     ( 5597): [ReportManager][7066/9274]java.net.UnknownHostException: websocket.txzing.com
07-13 17:31:42.982 D/TXZ     ( 5597): [ReportManager][7066/9274]onClose() called with: code = -1, reason = websocket.txzing.com, remote = false
07-13 17:31:42.982 D/TXZ     ( 5597): [ReportManager][7066/7122]connect: finish
07-13 17:31:42.986 D/TXZ     ( 5597): [ReportManager][7066/7122]initWebSocket: url=wss://websocket.txzing.com/junsun/index?app_id=6a3643cb81c6e92137ccc63f536df874&tm=1752442302986&data=F2Dk%2FL5A0GDKh16NfHJoXIP8qvmZYDKGPk4Mvz7aEro%3D&platform=car
07-13 17:31:42.987 D/TXZ     ( 5597): [ReportManager][7066/7122]connect: start
07-13 17:31:42.989 D/TXZ     ( 5597): [TXZWebSocketClient][7066/9275]onError: ex=java.net.UnknownHostException: websocket.txzing.com
07-13 17:31:42.989 D/TXZ     ( 5597): [ReportManager][7066/9275]java.net.UnknownHostException: websocket.txzing.com
07-13 17:31:42.989 D/TXZ     ( 5597): [ReportManager][7066/9275]onClose() called with: code = -1, reason = websocket.txzing.com, remote = false
07-13 17:31:42.989 D/TXZ     ( 5597): [ReportManager][7066/7122]connect: finish
07-13 17:31:42.990 D/TXZ     ( 5597): [ReportManager][7066/7122]initWebSocket: url=wss://websocket.txzing.com/junsun/index?app_id=6a3643cb81c6e92137ccc63f536df874&tm=1752442302989&data=h22NyrG2QcyP2a03JVrdHdn0p1K9FJNGzJ9U4kAZEfE%3D&platform=car
07-13 17:31:42.990 D/TXZ     ( 5597): [ReportManager][7066/7122]connect: start
07-13 17:31:42.991 D/TXZ     ( 5597): [TXZWebSocketClient][7066/9276]onError: ex=java.net.UnknownHostException: websocket.txzing.com
07-13 17:31:42.992 D/TXZ     ( 5597): [ReportManager][7066/9276]java.net.UnknownHostException: websocket.txzing.com
07-13 17:31:42.992 D/TXZ     ( 5597): [ReportManager][7066/9276]onClose() called with: code = -1, reason = websocket.txzing.com, remote = false
07-13 17:31:42.992 D/TXZ     ( 5597): [ReportManager][7066/7122]connect: finish
07-13 17:31:42.992 D/TXZ     ( 5597): [ReportManager][7066/7122]initWebSocket: url=wss://websocket.txzing.com/junsun/index?app_id=6a3643cb81c6e92137ccc63f536df874&tm=1752442302991&data=S1k%2FYDZWG%2FDtbu99j8zNRWFNZRnhH2O5b%2BtE55NKm0k%3D&platform=car
07-13 17:31:42.994 D/TXZ     ( 5597): [ReportManager][7066/7122]connect: start
07-13 17:31:42.995 D/TXZ     ( 5597): [TXZWebSocketClient][7066/9277]onError: ex=java.net.UnknownHostException: websocket.txzing.com
07-13 17:31:42.995 D/TXZ     ( 5597): [ReportManager][7066/9277]java.net.UnknownHostException: websocket.txzing.com
07-13 17:31:42.995 D/TXZ     ( 5597): [ReportManager][7066/9277]onClose() called with: code = -1, reason = websocket.txzing.com, remote = false
07-13 17:31:42.995 D/TXZ     ( 5597): [ReportManager][7066/7122]connect: finish
07-13 17:31:42.995 D/TXZ     ( 5597): [ReportManager][7066/7122]initWebSocket: url=wss://websocket.txzing.com/junsun/index?app_id=6a3643cb81c6e92137ccc63f536df874&tm=1752442302994&data=cnhGkzqD4zX2%2Fk0KWxVvedU0POtKavPXHmqiEMbhWMo%3D&platform=car
07-13 17:31:42.996 D/TXZ     ( 5597): [ReportManager][7066/7122]connect: start
07-13 17:31:42.998 D/TXZ     ( 5597): [TXZWebSocketClient][7066/9278]onError: ex=java.net.UnknownHostException: websocket.txzing.com
07-13 17:31:42.998 D/TXZ     ( 5597): [ReportManager][7066/9278]java.net.UnknownHostException: websocket.txzing.com
07-13 17:31:42.998 D/TXZ     ( 5597): [ReportManager][7066/9278]onClose() called with: code = -1, reason = websocket.txzing.com, remote = false
07-13 17:31:42.998 D/TXZ     ( 5597): [ReportManager][7066/7122]connect: finish
07-13 17:31:43.009 D/GnssHAL_V_GnssUtil( 3771): convertToGnssLocation_2_0: enter
07-13 17:31:43.009 D/GnssHAL_V_GnssUtil( 3771): convertToGnssLocation_2_0: latitudeDegrees:40.652482, longitudeDegrees: -73.757018, elapsedRealtime.flags:0, elapsedRealtime.timestampNs: 0, elapsedRealtime.timeUncertaintyNs: 0
07-13 17:31:43.017 I/LocationManagerService( 4123): incoming location: Location[gps 41******  -74******  hAcc=4 t=1752442303000 et=+3h0m43s550ms alt=-15.082 vel=0.0 bear=150.222 vAcc=8 sAcc=0 bAcc=60 {Bundle[{satellites=13, maxCn0=48, meanCn0=39}]}]
07-13 17:31:43.018 I/LocationManagerService( 4123): incoming location: Location[gps 41******  -74******  hAcc=4 t=1752442303000 et=+3h0m43s550ms alt=-15.082 vel=0.0 bear=150.222 vAcc=8 sAcc=0 bAcc=60 {Bundle[{satellites=13, maxCn0=48, meanCn0=39}]}]
07-13 17:31:43.020 D/WCND    ( 3798): is_cp2_alive_ok: loop: /proc/mdbg/loopcheck is OK
07-13 17:31:43.021 I/LocationManagerService( 4123): incoming location: Location[fused 41******  -74******  hAcc=4 t=1752442303010 et=+3h0m43s550ms alt=-15.082 vel=0.008402468 vAcc=8 sAcc=0 bAcc=??? {Bundle[mParcelledData.dataSize=848]}]
07-13 17:31:43.021 I/FusedLocation( 5145): (REDACTED) location delivery to %s blocked - too fast
07-13 17:31:43.022 I/LocationManagerService( 4123): incoming location: Location[fused 41******  -74******  hAcc=4 t=1752442303010 et=+3h0m43s550ms alt=-15.082 vel=0.008402468 vAcc=8 sAcc=0 bAcc=??? {Bundle[{noGPSLocation=Location[fused 41******  -74******  hAcc=21 t=1752441423317 et=+2h46m3s894ms alt=-25.399999618530273 vAcc=3 sAcc=??? bAcc=??? {Bundle[mParcelledData.dataSize=652]}]}]}]
07-13 17:31:43.074 D/TXZ     ( 5597): [ReportManager][7066/7122]initWebSocket: url=wss://websocket.txzing.com/junsun/index?app_id=6a3643cb81c6e92137ccc63f536df874&tm=1752442303073&data=4lO1M3DU2TEUYtMfEf5vguM38FLQYqdA5VV6sCu8z4k%3D&platform=car
07-13 17:31:43.075 D/TXZ     ( 5597): [ReportManager][7066/7122]connect: start
07-13 17:31:43.077 D/TXZ     ( 5597): [TXZWebSocketClient][7066/9279]onError: ex=java.net.UnknownHostException: websocket.txzing.com
07-13 17:31:43.077 D/TXZ     ( 5597): [ReportManager][7066/9279]java.net.UnknownHostException: websocket.txzing.com
07-13 17:31:43.077 D/TXZ     ( 5597): [ReportManager][7066/9279]onClose() called with: code = -1, reason = websocket.txzing.com, remote = false
07-13 17:31:43.077 D/TXZ     ( 5597): [ReportManager][7066/7122]connect: finish
07-13 17:31:43.161 D/TXZ     ( 5597): [ReportManager][7066/7122]initWebSocket: url=wss://websocket.txzing.com/junsun/index?app_id=6a3643cb81c6e92137ccc63f536df874&tm=1752442303159&data=0ABZXXcAR5mPUhZTwqMZsmGF7mZM%2BHHKTBbNBNO6joM%3D&platform=car
07-13 17:31:43.161 D/TXZ     ( 5597): [ReportManager][7066/7122]connect: start
07-13 17:31:43.163 D/TXZ     ( 5597): [TXZWebSocketClient][7066/9280]onError: ex=java.net.UnknownHostException: websocket.txzing.com
07-13 17:31:43.163 D/TXZ     ( 5597): [ReportManager][7066/9280]java.net.UnknownHostException: websocket.txzing.com
07-13 17:31:43.163 D/TXZ     ( 5597): [ReportManager][7066/9280]onClose() called with: code = -1, reason = websocket.txzing.com, remote = false
07-13 17:31:43.166 D/TXZ     ( 5597): [ReportManager][7066/7122]connect: finish
07-13 17:31:43.271 D/TXZ     ( 5597): [ReportManager][7066/7122]initWebSocket: url=wss://websocket.txzing.com/junsun/index?app_id=6a3643cb81c6e92137ccc63f536df874&tm=1752442303270&data=yuOsj7GwB7J3IhPAxmXcfgH5b74J2lXUHYOnK05Jd5U%3D&platform=car
07-13 17:31:43.271 D/TXZ     ( 5597): [ReportManager][7066/7122]connect: start
07-13 17:31:43.273 D/TXZ     ( 5597): [TXZWebSocketClient][7066/9285]onError: ex=java.net.UnknownHostException: websocket.txzing.com
07-13 17:31:43.273 D/TXZ     ( 5597): [ReportManager][7066/9285]java.net.UnknownHostException: websocket.txzing.com
07-13 17:31:43.274 D/TXZ     ( 5597): [ReportManager][7066/9285]onClose() called with: code = -1, reason = websocket.txzing.com, remote = false
07-13 17:31:43.274 D/TXZ     ( 5597): [ReportManager][7066/7122]connect: finish
07-13 17:31:43.360 D/TXZ     ( 5597): [ReportManager][7066/7122]initWebSocket: url=wss://websocket.txzing.com/junsun/index?app_id=6a3643cb81c6e92137ccc63f536df874&tm=1752442303359&data=XQGZAv4vmIohjexys%2FXVh8ifGar2O13pX2oQlfr%2ByIM%3D&platform=car
07-13 17:31:43.361 D/TXZ     ( 5597): [ReportManager][7066/7122]connect: start
07-13 17:31:43.362 D/TXZ     ( 5597): [TXZWebSocketClient][7066/9287]onError: ex=java.net.UnknownHostException: websocket.txzing.com
07-13 17:31:43.362 D/TXZ     ( 5597): [ReportManager][7066/9287]java.net.UnknownHostException: websocket.txzing.com
07-13 17:31:43.362 D/TXZ     ( 5597): [ReportManager][7066/9287]onClose() called with: code = -1, reason = websocket.txzing.com, remote = false
07-13 17:31:43.362 D/TXZ     ( 5597): [ReportManager][7066/7122]connect: finish
07-13 17:31:43.418 I/mcu_services( 5451): readInBuf:[ff fe fd 03 01 29 81 a9 ff ]
07-13 17:31:43.419 E/mcu_services( 5451): MCU2APP : [ff fe fd 03 01 29 81 a9 ff ]
07-13 17:31:43.419 D/mcu_services( 5451): processResponse - length: 3 - type: 1 - control: 29
07-13 17:31:43.419 D/mcu_services( 5451): dispatchToClients - cmdId: 41 - data : [29 81 ]
07-13 17:31:43.420 D/callback( 5451): callMcuInfoChanged: 29 81 
07-13 17:31:43.423 W/ContextImpl( 6445): Calling a method in the system process without a qualified user: android.app.ContextImpl.sendBroadcast:1045 android.content.ContextWrapper.sendBroadcast:448 com.qf.carsettings.service.CarSettingService$4.onMcuInfoChanged:670 android.qf.mcu.McuManager$ListenerTransport._handleMessage:106 android.qf.mcu.McuManager$ListenerTransport.access$700:72 
07-13 17:31:43.420 D/callback( 5451): callMcuInfoChanged: 29 81 
07-13 17:31:43.427 D/TxzAccessibilityService( 5597): onAccessibilityEvent: event=EventType: TYPE_WINDOW_CONTENT_CHANGED; EventTime: 10843966; PackageName: com.android.systemui; MovementGranularity: 0; Action: 0; ContentChangeTypes: [CONTENT_CHANGE_TYPE_TEXT]; WindowChangeTypes: [] [ ClassName: android.widget.TextView; Text: []; ContentDescription: null; ItemCount: -1; CurrentItemIndex: -1; Enabled: true; Password: false; Checked: false; FullScreen: false; Scrollable: false; BeforeText: null; FromIndex: -1; ToIndex: -1; ScrollX: -1; ScrollY: -1; MaxScrollX: -1; MaxScrollY: -1; AddedCount: -1; RemovedCount: -1; ParcelableData: null ]; recordCount: 1
07-13 17:31:43.428 D/TxzAccessibilityService( 5597): skip com.android.systemui
07-13 17:31:43.482 D/TXZ     ( 5597): [OverseaAdapter][5726/5726]InitManager initVoice
07-13 17:31:43.482 D/TXZ     ( 5597): [OverseaAdapter][5726/5726]device uuid: 1032310111900736
07-13 17:31:43.482 D/TXZ     ( 5597): [BaseWakeupManager][5726/5726]initialize engine 4.1.1_12_0222
07-13 17:31:43.482 D/TXZ     ( 5597): [BaseWakeupManager][5726/5726]already initialized...
07-13 17:31:43.482 D/TXZ     ( 5597): [TXZ][5726/5726]getRemoteAssetsData:model/com.txznet.smartadapter.cfg
07-13 17:31:43.483 D/TXZ     ( 5597): [AssetsUtil][5726/5726]model/com.txznet.smartadapter.cfg not exists
07-13 17:31:43.486 D/TXZ     ( 5597): [AssetsUtil][5726/5726]model/com.txznet.smartadapter.cfg not exists
07-13 17:31:43.565 I/QFApi   ( 6445): getCustomPlatform - customPlatform: 7862
07-13 17:31:43.627 D/btopt   ( 3755): zlink wake_up_apk_server: cmd = 'export PATH=$PATH:/system/bin/;am broadcast -a "zjinnova.android.intent.action.START_DAEMON_SERVICE" --include-stopped-packages "com.zjinnova.zlink"&'
07-13 17:31:43.681 V/ActivityManagerShellCommand( 4123): Received onCommand broadcast callUid=0 callpid=9297
07-13 17:31:43.681 V/ActivityManagerShellCommand( 4123): runSendBroadcast start and waiting ---Intent { act=zjinnova.android.intent.action.START_DAEMON_SERVICE flg=0x400020 pkg=com.zjinnova.zlink }
07-13 17:31:43.682 D/PowerController.BgClean( 4123): judgeAppLaunchAllowed : com.zjinnova.zlink(uid:10087), callingPackage = null(uid:0), reason = send-broadcast
07-13 17:31:43.682 D/PowerController.BgClean( 4123): judgeAppLaunchAllowed : intent action:Intent { act=zjinnova.android.intent.action.START_DAEMON_SERVICE flg=0x400030 pkg=com.zjinnova.zlink }
07-13 17:31:43.682 W/BroadcastQueue( 4123):  enable com.zjinnova.zlink to start process!
07-13 17:31:43.686 D/zj      (21989): message received Intent { act=zjinnova.android.intent.action.START_DAEMON_SERVICE flg=0x400030 pkg=com.zjinnova.zlink cmp=com.zjinnova.zlink/com.zjinnova.android.zlink.features.service.StartupBroadcastReceiver }
07-13 17:31:43.687 D/PowerController.BgClean( 4123): judgeAppLaunchAllowed : com.zjinnova.zlink(uid:10087), callingPackage = com.zjinnova.zlink(uid:10087), reason = start-service
07-13 17:31:43.687 D/PowerController.BgClean( 4123): judgeAppLaunchAllowed : intent action:Intent { cmp=com.zjinnova.zlink/com.zjinnova.android.zlink.features.service.DaemonService }
07-13 17:31:43.687 W/ActivityManager( 4123): u0 Starting a service in packagecom.zjinnova.zlink requires a permissions review
07-13 17:31:43.688 V/ActivityManagerShellCommand( 4123): runSendBroadcast end ---Intent { act=zjinnova.android.intent.action.START_DAEMON_SERVICE flg=0x400020 pkg=com.zjinnova.zlink }
07-13 17:31:43.710 D/TXZ     ( 5597): [ReportManager][7066/7122]initWebSocket: url=wss://websocket.txzing.com/junsun/index?app_id=6a3643cb81c6e92137ccc63f536df874&tm=1752442303709&data=8XxSdwmWpZo%2BMn7IZiscHWWIvOVLGHwLIbXjCy0H78Q%3D&platform=car
07-13 17:31:43.711 D/TXZ     ( 5597): [ReportManager][7066/7122]connect: start
07-13 17:31:43.713 D/TXZ     ( 5597): [TXZWebSocketClient][7066/9300]onError: ex=java.net.UnknownHostException: websocket.txzing.com
07-13 17:31:43.713 D/TXZ     ( 5597): [ReportManager][7066/9300]java.net.UnknownHostException: websocket.txzing.com
07-13 17:31:43.713 D/TXZ     ( 5597): [ReportManager][7066/9300]onClose() called with: code = -1, reason = websocket.txzing.com, remote = false
07-13 17:31:43.713 D/TXZ     ( 5597): [ReportManager][7066/7122]connect: finish
07-13 17:31:43.786 D/TXZ     ( 5597): [ReportManager][7066/7122]initWebSocket: url=wss://websocket.txzing.com/junsun/index?app_id=6a3643cb81c6e92137ccc63f536df874&tm=1752442303785&data=D%2FcqD2tmvCcE%2FOh%2BAIlzvi5k7zu3Ahrcok%2Fg7s6LdkI%3D&platform=car
07-13 17:31:43.786 D/TXZ     ( 5597): [ReportManager][7066/7122]connect: start
07-13 17:31:43.787 D/Netd    ( 3473): app_netid:0x65 app_mark:0x65 dns_netid:0x65 dns_mark:0xf0065 uid:10121
07-13 17:31:43.791 D/TXZ     ( 5597): [TXZWebSocketClient][7066/9301]onError: ex=java.net.UnknownHostException: websocket.txzing.com
07-13 17:31:43.791 D/TXZ     ( 5597): [ReportManager][7066/9301]java.net.UnknownHostException: websocket.txzing.com
07-13 17:31:43.791 D/TXZ     ( 5597): [ReportManager][7066/9301]onClose() called with: code = -1, reason = websocket.txzing.com, remote = false
07-13 17:31:43.791 D/TXZ     ( 5597): [ReportManager][7066/7122]connect: finish
07-13 17:31:43.792 D/TXZ     ( 5597): [ReportManager][7066/7122]initWebSocket: url=wss://websocket.txzing.com/junsun/index?app_id=6a3643cb81c6e92137ccc63f536df874&tm=1752442303791&data=zKasNJ4IuFXmbDJrU2uaDG3xDkqppeIXtBu5c3aFCvs%3D&platform=car
07-13 17:31:43.792 D/TXZ     ( 5597): [ReportManager][7066/7122]connect: start
07-13 17:31:43.793 D/TXZ     ( 5597): [TXZWebSocketClient][7066/9303]onError: ex=java.net.UnknownHostException: websocket.txzing.com
07-13 17:31:43.794 D/TXZ     ( 5597): [ReportManager][7066/9303]java.net.UnknownHostException: websocket.txzing.com
07-13 17:31:43.794 D/TXZ     ( 5597): [ReportManager][7066/9303]onClose() called with: code = -1, reason = websocket.txzing.com, remote = false
07-13 17:31:43.794 D/TXZ     ( 5597): [ReportManager][7066/7122]connect: finish
07-13 17:31:43.794 D/TXZ     ( 5597): [ReportManager][7066/7122]initWebSocket: url=wss://websocket.txzing.com/junsun/index?app_id=6a3643cb81c6e92137ccc63f536df874&tm=1752442303793&data=VLQNHpsDP8VF3Sq4sVB5lU%2B5ziBdrJgUh5eQf3ln4bA%3D&platform=car
07-13 17:31:43.795 D/TXZ     ( 5597): [ReportManager][7066/7122]connect: start
07-13 17:31:43.797 D/TXZ     ( 5597): [TXZWebSocketClient][7066/9304]onError: ex=java.net.UnknownHostException: websocket.txzing.com
07-13 17:31:43.797 D/TXZ     ( 5597): [ReportManager][7066/9304]java.net.UnknownHostException: websocket.txzing.com
07-13 17:31:43.797 D/TXZ     ( 5597): [ReportManager][7066/9304]onClose() called with: code = -1, reason = websocket.txzing.com, remote = false
07-13 17:31:43.797 D/TXZ     ( 5597): [ReportManager][7066/7122]connect: finish
07-13 17:31:43.797 D/TXZ     ( 5597): [ReportManager][7066/7122]initWebSocket: url=wss://websocket.txzing.com/junsun/index?app_id=6a3643cb81c6e92137ccc63f536df874&tm=1752442303796&data=X5EJH9u6c2vD2%2Ba%2BxxfFKT4B3L0jARkc0x3qqUKqNNc%3D&platform=car
07-13 17:31:43.797 D/TXZ     ( 5597): [ReportManager][7066/7122]connect: start
07-13 17:31:43.799 D/TXZ     ( 5597): [TXZWebSocketClient][7066/9305]onError: ex=java.net.UnknownHostException: websocket.txzing.com
07-13 17:31:43.799 D/TXZ     ( 5597): [ReportManager][7066/9305]java.net.UnknownHostException: websocket.txzing.com
07-13 17:31:43.800 D/TXZ     ( 5597): [ReportManager][7066/9305]onClose() called with: code = -1, reason = websocket.txzing.com, remote = false
07-13 17:31:43.800 D/TXZ     ( 5597): [ReportManager][7066/7122]connect: finish
07-13 17:31:43.800 D/TXZ     ( 5597): [ReportManager][7066/7122]initWebSocket: url=wss://websocket.txzing.com/junsun/index?app_id=6a3643cb81c6e92137ccc63f536df874&tm=1752442303799&data=zSZ5EbBi9dbJZlQGrV7Mg4sf5TCmwtjmxgrT4yok%2BU8%3D&platform=car
07-13 17:31:43.800 D/TXZ     ( 5597): [ReportManager][7066/7122]connect: start
07-13 17:31:43.802 D/TXZ     ( 5597): [TXZWebSocketClient][7066/9306]onError: ex=java.net.UnknownHostException: websocket.txzing.com
07-13 17:31:43.802 D/TXZ     ( 5597): [ReportManager][7066/9306]java.net.UnknownHostException: websocket.txzing.com
07-13 17:31:43.802 D/TXZ     ( 5597): [ReportManager][7066/9306]onClose() called with: code = -1, reason = websocket.txzing.com, remote = false
07-13 17:31:43.802 D/TXZ     ( 5597): [ReportManager][7066/7122]connect: finish
07-13 17:31:43.802 D/TXZ     ( 5597): [ReportManager][7066/7122]initWebSocket: url=wss://websocket.txzing.com/junsun/index?app_id=6a3643cb81c6e92137ccc63f536df874&tm=1752442303802&data=hh9WxT6jH9yOv%2B3ni89uKTGcQVCm47v21o2qx0Tl65Y%3D&platform=car
07-13 17:31:43.803 D/TXZ     ( 5597): [ReportManager][7066/7122]connect: start
07-13 17:31:43.805 D/TXZ     ( 5597): [TXZWebSocketClient][7066/9307]onError: ex=java.net.UnknownHostException: websocket.txzing.com
07-13 17:31:43.805 D/TXZ     ( 5597): [ReportManager][7066/9307]java.net.UnknownHostException: websocket.txzing.com
07-13 17:31:43.805 D/TXZ     ( 5597): [ReportManager][7066/9307]onClose() called with: code = -1, reason = websocket.txzing.com, remote = false
07-13 17:31:43.808 D/TXZ     ( 5597): [ReportManager][7066/7122]connect: finish
07-13 17:31:43.823 D/TXZ     ( 5597): [ReportManager][7066/7122]initWebSocket: url=wss://websocket.txzing.com/junsun/index?app_id=6a3643cb81c6e92137ccc63f536df874&tm=1752442303822&data=wmlaEHKirKp%2FVWvprNvZgY5qDOySIVMbBvf0mM12h1A%3D&platform=car
07-13 17:31:43.823 D/TXZ     ( 5597): [ReportManager][7066/7122]connect: start
07-13 17:31:43.825 D/TXZ     ( 5597): [TXZWebSocketClient][7066/9308]onError: ex=java.net.UnknownHostException: websocket.txzing.com
07-13 17:31:43.825 D/TXZ     ( 5597): [ReportManager][7066/9308]java.net.UnknownHostException: websocket.txzing.com
07-13 17:31:43.826 D/TXZ     ( 5597): [ReportManager][7066/9308]onClose() called with: code = -1, reason = websocket.txzing.com, remote = false
07-13 17:31:43.826 D/TXZ     ( 5597): [ReportManager][7066/7122]connect: finish
07-13 17:31:43.826 D/TXZ     ( 5597): [ReportManager][7066/7122]initWebSocket: url=wss://websocket.txzing.com/junsun/index?app_id=6a3643cb81c6e92137ccc63f536df874&tm=1752442303825&data=bUMsdRxuC3yu1hD1VQsENqkVbjUiAXguL9epqX51PPw%3D&platform=car
07-13 17:31:43.826 D/TXZ     ( 5597): [ReportManager][7066/7122]connect: start
07-13 17:31:43.828 D/TXZ     ( 5597): [TXZWebSocketClient][7066/9309]onError: ex=java.net.UnknownHostException: websocket.txzing.com
07-13 17:31:43.828 D/TXZ     ( 5597): [ReportManager][7066/9309]java.net.UnknownHostException: websocket.txzing.com
07-13 17:31:43.828 D/TXZ     ( 5597): [ReportManager][7066/9309]onClose() called with: code = -1, reason = websocket.txzing.com, remote = false
07-13 17:31:43.828 D/TXZ     ( 5597): [ReportManager][7066/7122]connect: finish
07-13 17:31:43.854 D/TXZ     ( 5597): [ReportManager][7066/7122]initWebSocket: url=wss://websocket.txzing.com/junsun/index?app_id=6a3643cb81c6e92137ccc63f536df874&tm=1752442303853&data=kG3C3KrZCDSPrgWTe6cxHxYB6gVaNXSavewofeuzSJE%3D&platform=car
07-13 17:31:43.854 D/TXZ     ( 5597): [ReportManager][7066/7122]connect: start
07-13 17:31:43.857 D/TXZ     ( 5597): [TXZWebSocketClient][7066/9310]onError: ex=java.net.UnknownHostException: websocket.txzing.com
07-13 17:31:43.857 D/TXZ     ( 5597): [ReportManager][7066/9310]java.net.UnknownHostException: websocket.txzing.com
07-13 17:31:43.857 D/TXZ     ( 5597): [ReportManager][7066/9310]onClose() called with: code = -1, reason = websocket.txzing.com, remote = false
07-13 17:31:43.857 D/TXZ     ( 5597): [ReportManager][7066/7122]connect: finish
07-13 17:31:43.857 D/TXZ     ( 5597): [ReportManager][7066/7122]initWebSocket: url=wss://websocket.txzing.com/junsun/index?app_id=6a3643cb81c6e92137ccc63f536df874&tm=1752442303856&data=vlw611D6VWVkFqgwlFcbM8zK%2FmZc0tvVqV8%2Fj7ArptE%3D&platform=car
07-13 17:31:43.857 D/TXZ     ( 5597): [ReportManager][7066/7122]connect: start
07-13 17:31:43.858 D/TXZ     ( 5597): [TXZWebSocketClient][7066/9311]onError: ex=java.net.UnknownHostException: websocket.txzing.com
07-13 17:31:43.860 D/TXZ     ( 5597): [ReportManager][7066/9311]java.net.UnknownHostException: websocket.txzing.com
07-13 17:31:43.860 D/TXZ     ( 5597): [ReportManager][7066/9311]onClose() called with: code = -1, reason = websocket.txzing.com, remote = false
07-13 17:31:43.860 D/TXZ     ( 5597): [ReportManager][7066/7122]connect: finish
07-13 17:31:43.873 D/TXZ     ( 5597): [ReportManager][7066/7122]initWebSocket: url=wss://websocket.txzing.com/junsun/index?app_id=6a3643cb81c6e92137ccc63f536df874&tm=1752442303872&data=1MeyXEOWYx%2BAI3qrxyImBr23NbULO9w382OngAXgMuI%3D&platform=car
07-13 17:31:43.874 D/TXZ     ( 5597): [ReportManager][7066/7122]connect: start
07-13 17:31:43.875 D/TXZ     ( 5597): [TXZWebSocketClient][7066/9312]onError: ex=java.net.UnknownHostException: websocket.txzing.com
07-13 17:31:43.875 D/TXZ     ( 5597): [ReportManager][7066/9312]java.net.UnknownHostException: websocket.txzing.com
07-13 17:31:43.876 D/TXZ     ( 5597): [ReportManager][7066/9312]onClose() called with: code = -1, reason = websocket.txzing.com, remote = false
07-13 17:31:43.876 D/TXZ     ( 5597): [ReportManager][7066/7122]connect: finish
07-13 17:31:43.876 D/TXZ     ( 5597): [ReportManager][7066/7122]initWebSocket: url=wss://websocket.txzing.com/junsun/index?app_id=6a3643cb81c6e92137ccc63f536df874&tm=1752442303875&data=FdBPxZLw3h885xCVc%2BFG8rLRaC9X3AhSAqNmAwDTpJQ%3D&platform=car
07-13 17:31:43.876 D/TXZ     ( 5597): [ReportManager][7066/7122]connect: start
07-13 17:31:43.879 D/TXZ     ( 5597): [TXZWebSocketClient][7066/9313]onError: ex=java.net.UnknownHostException: websocket.txzing.com
07-13 17:31:43.879 D/TXZ     ( 5597): [ReportManager][7066/9313]java.net.UnknownHostException: websocket.txzing.com
07-13 17:31:43.879 D/TXZ     ( 5597): [ReportManager][7066/9313]onClose() called with: code = -1, reason = websocket.txzing.com, remote = false
07-13 17:31:43.880 D/TXZ     ( 5597): [ReportManager][7066/7122]connect: finish
07-13 17:31:43.880 D/TXZ     ( 5597): [ReportManager][7066/7122]initWebSocket: url=wss://websocket.txzing.com/junsun/index?app_id=6a3643cb81c6e92137ccc63f536df874&tm=1752442303879&data=66b5N1rd7SobVtYiPebAWe%2Bl5AFBkGzpras1H0V%2FK6k%3D&platform=car
07-13 17:31:43.880 D/TXZ     ( 5597): [ReportManager][7066/7122]connect: start
07-13 17:31:43.881 D/TXZ     ( 5597): [TXZWebSocketClient][7066/9314]onError: ex=java.net.UnknownHostException: websocket.txzing.com
07-13 17:31:43.882 D/TXZ     ( 5597): [ReportManager][7066/9314]java.net.UnknownHostException: websocket.txzing.com
07-13 17:31:43.882 D/TXZ     ( 5597): [ReportManager][7066/9314]onClose() called with: code = -1, reason = websocket.txzing.com, remote = false
07-13 17:31:43.882 D/TXZ     ( 5597): [ReportManager][7066/7122]connect: finish
07-13 17:31:43.899 D/TXZ     ( 5597): [ReportManager][7066/7122]initWebSocket: url=wss://websocket.txzing.com/junsun/index?app_id=6a3643cb81c6e92137ccc63f536df874&tm=1752442303897&data=Bt1EwtQkmY6B33Q%2Fy8J4vWCCsSc4yCqnhqWA3IXAm%2BM%3D&platform=car
07-13 17:31:43.899 D/TXZ     ( 5597): [ReportManager][7066/7122]connect: start
07-13 17:31:43.901 D/TXZ     ( 5597): [TXZWebSocketClient][7066/9315]onError: ex=java.net.UnknownHostException: websocket.txzing.com
07-13 17:31:43.901 D/TXZ     ( 5597): [ReportManager][7066/9315]java.net.UnknownHostException: websocket.txzing.com
07-13 17:31:43.901 D/TXZ     ( 5597): [ReportManager][7066/9315]onClose() called with: code = -1, reason = websocket.txzing.com, remote = false
07-13 17:31:43.902 D/TXZ     ( 5597): [ReportManager][7066/7122]connect: finish
07-13 17:31:43.902 D/TXZ     ( 5597): [ReportManager][7066/7122]initWebSocket: url=wss://websocket.txzing.com/junsun/index?app_id=6a3643cb81c6e92137ccc63f536df874&tm=1752442303901&data=TbgE5BmpeIKmoxZVqWZFk74xlqUh%2BgcftUo9x4v4k2E%3D&platform=car
07-13 17:31:43.902 D/TXZ     ( 5597): [ReportManager][7066/7122]connect: start
07-13 17:31:43.904 D/TXZ     ( 5597): [TXZWebSocketClient][7066/9316]onError: ex=java.net.UnknownHostException: websocket.txzing.com
07-13 17:31:43.904 D/TXZ     ( 5597): [ReportManager][7066/9316]java.net.UnknownHostException: websocket.txzing.com
07-13 17:31:43.904 D/TXZ     ( 5597): [ReportManager][7066/9316]onClose() called with: code = -1, reason = websocket.txzing.com, remote = false
07-13 17:31:43.904 D/TXZ     ( 5597): [ReportManager][7066/7122]connect: finish
07-13 17:31:43.912 D/TXZ     ( 5597): [ReportManager][7066/7122]initWebSocket: url=wss://websocket.txzing.com/junsun/index?app_id=6a3643cb81c6e92137ccc63f536df874&tm=1752442303911&data=6fbhw3%2FACjnJ0K%2FURUum1exrSLJpkp42wfkhsb6T5dc%3D&platform=car
07-13 17:31:43.913 D/TXZ     ( 5597): [ReportManager][7066/7122]connect: start
07-13 17:31:43.914 D/TXZ     ( 5597): [TXZWebSocketClient][7066/9317]onError: ex=java.net.UnknownHostException: websocket.txzing.com
07-13 17:31:43.914 D/TXZ     ( 5597): [ReportManager][7066/9317]java.net.UnknownHostException: websocket.txzing.com
07-13 17:31:43.914 D/TXZ     ( 5597): [ReportManager][7066/9317]onClose() called with: code = -1, reason = websocket.txzing.com, remote = false
07-13 17:31:43.914 D/TXZ     ( 5597): [ReportManager][7066/7122]connect: finish
07-13 17:31:43.938 D/TXZ     ( 5597): [ReportManager][7066/7122]initWebSocket: url=wss://websocket.txzing.com/junsun/index?app_id=6a3643cb81c6e92137ccc63f536df874&tm=1752442303937&data=uPr272OwLs2YXkEvEcEly56UmSqwFhE%2Blz8B6ABLgOo%3D&platform=car
07-13 17:31:43.938 D/TXZ     ( 5597): [ReportManager][7066/7122]connect: start
07-13 17:31:43.940 D/TXZ     ( 5597): [TXZWebSocketClient][7066/9318]onError: ex=java.net.UnknownHostException: websocket.txzing.com
07-13 17:31:43.940 D/TXZ     ( 5597): [ReportManager][7066/9318]java.net.UnknownHostException: websocket.txzing.com
07-13 17:31:43.941 D/TXZ     ( 5597): [ReportManager][7066/9318]onClose() called with: code = -1, reason = websocket.txzing.com, remote = false
07-13 17:31:43.941 D/TXZ     ( 5597): [ReportManager][7066/7122]connect: finish
07-13 17:31:43.941 D/TXZ     ( 5597): [ReportManager][7066/7122]initWebSocket: url=wss://websocket.txzing.com/junsun/index?app_id=6a3643cb81c6e92137ccc63f536df874&tm=1752442303940&data=fePGrHnwlSwd0qqz4FrjcK74yikNNEqPqAd2O1Xu6a8%3D&platform=car
07-13 17:31:43.941 D/TXZ     ( 5597): [ReportManager][7066/7122]connect: start
07-13 17:31:43.943 D/TXZ     ( 5597): [TXZWebSocketClient][7066/9319]onError: ex=java.net.UnknownHostException: websocket.txzing.com
07-13 17:31:43.943 D/TXZ     ( 5597): [ReportManager][7066/9319]java.net.UnknownHostException: websocket.txzing.com
07-13 17:31:43.943 D/TXZ     ( 5597): [ReportManager][7066/9319]onClose() called with: code = -1, reason = websocket.txzing.com, remote = false
07-13 17:31:43.943 D/TXZ     ( 5597): [ReportManager][7066/7122]connect: finish
07-13 17:31:43.943 D/TXZ     ( 5597): [ReportManager][7066/7122]initWebSocket: url=wss://websocket.txzing.com/junsun/index?app_id=6a3643cb81c6e92137ccc63f536df874&tm=1752442303942&data=mJBeaJSXfAVyV3sCcO01pd1lDqdJf1ehzO4Mvz5Eh84%3D&platform=car
07-13 17:31:43.944 D/TXZ     ( 5597): [ReportManager][7066/7122]connect: start
07-13 17:31:43.945 D/TXZ     ( 5597): [TXZWebSocketClient][7066/9320]onError: ex=java.net.UnknownHostException: websocket.txzing.com
07-13 17:31:43.946 D/TXZ     ( 5597): [ReportManager][7066/9320]java.net.UnknownHostException: websocket.txzing.com
07-13 17:31:43.946 D/TXZ     ( 5597): [ReportManager][7066/9320]onClose() called with: code = -1, reason = websocket.txzing.com, remote = false
07-13 17:31:43.946 D/TXZ     ( 5597): [ReportManager][7066/7122]connect: finish
07-13 17:31:43.964 D/TXZ     ( 5597): [ReportManager][7066/7122]initWebSocket: url=wss://websocket.txzing.com/junsun/index?app_id=6a3643cb81c6e92137ccc63f536df874&tm=1752442303963&data=2YbBFmwOkwJJ8U2SRJaIDwMfqds4VkqH%2BE9KHmwNjvM%3D&platform=car
07-13 17:31:43.965 D/TXZ     ( 5597): [ReportManager][7066/7122]connect: start
07-13 17:31:43.967 D/TXZ     ( 5597): [TXZWebSocketClient][7066/9321]onError: ex=java.net.UnknownHostException: websocket.txzing.com
07-13 17:31:43.967 D/TXZ     ( 5597): [ReportManager][7066/9321]java.net.UnknownHostException: websocket.txzing.com
07-13 17:31:43.967 D/TXZ     ( 5597): [ReportManager][7066/9321]onClose() called with: code = -1, reason = websocket.txzing.com, remote = false
07-13 17:31:43.967 D/TXZ     ( 5597): [ReportManager][7066/7122]connect: finish
07-13 17:31:43.970 D/