07-13 17:31:36.787 I/OutsideTempView( 4656): onDarkChanged - area: Rect(0, 0 - 0, 0) - darkIntensity: 0.09829825 - tint: -168561677
07-13 17:31:36.787 I/VolumeView( 4656): onDarkChanged - area: Rect(0, 0 - 0, 0) - darkIntensity: 0.09829825 - tint: -168561677 - areaTint: 0Xffe8eaff
07-13 17:31:36.787 I/VolumeView( 4656): onDarkChanged - area: Rect(0, 0 - 0, 0) - darkIntensity: 0.09829825 - tint: -168561677 - areaTint: 0Xffe8eaff
07-13 17:31:36.787 I/BatteryPowerView( 4656): onDarkChanged - area: Rect(0, 0 - 0, 0) - darkIntensity: 0.09829825 - tint: -168561677 - areaTint: 0xffe8eaff
07-13 17:31:36.787 I/KeyButtonView( 4656): onDarkChanged - darkIntensity: 0.09829825
07-13 17:31:36.787 I/CustomBatteryWidget( 4656): onDarkChanged - area: Rect(0, 0 - 0, 0) - darkIntensity: 0.09829825 - tint: -168561677
07-13 17:31:36.787 I/BatteryPowerView( 4656): onDarkChanged - area: Rect(0, 0 - 0, 0) - darkIntensity: 0.09829825 - tint: -168561677 - areaTint: 0xffe8eaff
07-13 17:31:36.791 D/TXZ     ( 5597): [ReportManager][7066/7122]initWebSocket: url=wss://websocket.txzing.com/junsun/index?app_id=6a3643cb81c6e92137ccc63f536df874&tm=1752442296790&data=ZIge9nG8P8H278Kjg9Bgy9Rmz4qAZAPejN0FZs9E3eo%3D&platform=car
07-13 17:31:36.792 D/TXZ     ( 5597): [ReportManager][7066/7122]connect: start
07-13 17:31:36.796 D/TXZ     ( 5597): [TXZWebSocketClient][7066/8911]onError: ex=java.net.UnknownHostException: websocket.txzing.com
07-13 17:31:36.797 D/TXZ     ( 5597): [ReportManager][7066/8911]java.net.UnknownHostException: websocket.txzing.com
07-13 17:31:36.797 D/TXZ     ( 5597): [ReportManager][7066/8911]onClose() called with: code = -1, reason = websocket.txzing.com, remote = false
07-13 17:31:36.797 D/TXZ     ( 5597): [ReportManager][7066/7122]connect: finish
07-13 17:31:36.797 D/TXZ     ( 5597): [ReportManager][7066/7122]initWebSocket: url=wss://websocket.txzing.com/junsun/index?app_id=6a3643cb81c6e92137ccc63f536df874&tm=1752442296796&data=%2BK1ZINrhtHvYpF0DWkGpNAebkAZH9p5%2BKJXtwSiGApo%3D&platform=car
07-13 17:31:36.798 D/TXZ     ( 5597): [ReportManager][7066/7122]connect: start
07-13 17:31:36.798 D/TXZ     ( 5597): [TXZWebSocketClient][7066/8912]onError: ex=java.net.UnknownHostException: websocket.txzing.com
07-13 17:31:36.799 D/TXZ     ( 5597): [ReportManager][7066/8912]java.net.UnknownHostException: websocket.txzing.com
07-13 17:31:36.799 D/TXZ     ( 5597): [ReportManager][7066/8912]onClose() called with: code = -1, reason = websocket.txzing.com, remote = false
07-13 17:31:36.799 D/TXZ     ( 5597): [ReportManager][7066/7122]connect: finish
07-13 17:31:36.805 V/MainActivity( 8872): onCreate:
07-13 17:31:36.810 I/OutsideTempView( 4656): onDarkChanged - area: Rect(0, 0 - 0, 0) - darkIntensity: 0.022788703 - tint: -33751812
07-13 17:31:36.811 I/KeyButtonView( 4656): onDarkChanged - darkIntensity: 0.022788703
07-13 17:31:36.811 I/KeyButtonView( 4656): onDarkChanged - darkIntensity: 0.022788703
07-13 17:31:36.811 I/CustomBatteryWidget( 4656): onDarkChanged - area: Rect(0, 0 - 0, 0) - darkIntensity: 0.022788703 - tint: -33751812
07-13 17:31:36.811 I/OutsideTempView( 4656): onDarkChanged - area: Rect(0, 0 - 0, 0) - darkIntensity: 0.022788703 - tint: -33751812
07-13 17:31:36.811 I/VolumeView( 4656): onDarkChanged - area: Rect(0, 0 - 0, 0) - darkIntensity: 0.022788703 - tint: -33751812 - areaTint: 0Xffe8eaff
07-13 17:31:36.811 I/VolumeView( 4656): onDarkChanged - area: Rect(0, 0 - 0, 0) - darkIntensity: 0.022788703 - tint: -33751812 - areaTint: 0Xffe8eaff
07-13 17:31:36.811 I/BatteryPowerView( 4656): onDarkChanged - area: Rect(0, 0 - 0, 0) - darkIntensity: 0.022788703 - tint: -33751812 - areaTint: 0xffe8eaff
07-13 17:31:36.811 I/KeyButtonView( 4656): onDarkChanged - darkIntensity: 0.022788703
07-13 17:31:36.811 I/CustomBatteryWidget( 4656): onDarkChanged - area: Rect(0, 0 - 0, 0) - darkIntensity: 0.022788703 - tint: -33751812
07-13 17:31:36.811 I/BatteryPowerView( 4656): onDarkChanged - area: Rect(0, 0 - 0, 0) - darkIntensity: 0.022788703 - tint: -33751812 - areaTint: 0xffe8eaff
07-13 17:31:36.816 I/PhoneWindow( 8872): requestFeature - pkg: com.serenegiant.usbcameratest8 - naviStr: com.google.android.apps.maps
07-13 17:31:36.817 D/TXZ     ( 5597): [ReportManager][7066/7122]initWebSocket: url=wss://websocket.txzing.com/junsun/index?app_id=6a3643cb81c6e92137ccc63f536df874&tm=1752442296816&data=RKIz4hXTu%2BinI3xVxss1I23m5N4U%2FW7acHyYd0oNVuY%3D&platform=car
07-13 17:31:36.817 D/TXZ     ( 5597): [ReportManager][7066/7122]connect: start
07-13 17:31:36.817 I/PhoneWindow( 8872): requestFeature - pkg: com.serenegiant.usbcameratest8 - naviStr: com.google.android.apps.maps
07-13 17:31:36.818 I/PhoneWindow( 8872): generateLayout - pkg: com.serenegiant.usbcameratest8 - naviStr: com.google.android.apps.maps
07-13 17:31:36.818 I/PhoneWindow( 8872): generateLayout - params.softInputMode: 0
07-13 17:31:36.818 D/TXZ     ( 5597): [TXZWebSocketClient][7066/8914]onError: ex=java.net.UnknownHostException: websocket.txzing.com
07-13 17:31:36.818 D/TXZ     ( 5597): [ReportManager][7066/8914]java.net.UnknownHostException: websocket.txzing.com
07-13 17:31:36.818 D/TXZ     ( 5597): [ReportManager][7066/8914]onClose() called with: code = -1, reason = websocket.txzing.com, remote = false
07-13 17:31:36.818 D/TXZ     ( 5597): [ReportManager][7066/7122]connect: finish
07-13 17:31:36.818 D/TXZ     ( 5597): [ReportManager][7066/7122]initWebSocket: url=wss://websocket.txzing.com/junsun/index?app_id=6a3643cb81c6e92137ccc63f536df874&tm=1752442296818&data=zt43bs7pvF%2BLfUk3DgN8z39xBfU1RxXaBZEyZBPvzQ0%3D&platform=car
07-13 17:31:36.818 D/TXZ     ( 5597): [ReportManager][7066/7122]connect: start
07-13 17:31:36.820 D/TXZ     ( 5597): [TXZWebSocketClient][7066/8915]onError: ex=java.net.UnknownHostException: websocket.txzing.com
07-13 17:31:36.820 D/TXZ     ( 5597): [ReportManager][7066/8915]java.net.UnknownHostException: websocket.txzing.com
07-13 17:31:36.820 D/TXZ     ( 5597): [ReportManager][7066/8915]onClose() called with: code = -1, reason = websocket.txzing.com, remote = false
07-13 17:31:36.820 D/TXZ     ( 5597): [ReportManager][7066/7122]connect: finish
07-13 17:31:36.836 I/OutsideTempView( 4656): onDarkChanged - area: Rect(0, 0 - 0, 0) - darkIntensity: 0.0 - tint: -1
07-13 17:31:36.837 I/KeyButtonView( 4656): onDarkChanged - darkIntensity: 0.0
07-13 17:31:36.837 I/KeyButtonView( 4656): onDarkChanged - darkIntensity: 0.0
07-13 17:31:36.837 I/CustomBatteryWidget( 4656): onDarkChanged - area: Rect(0, 0 - 0, 0) - darkIntensity: 0.0 - tint: -1
07-13 17:31:36.837 I/OutsideTempView( 4656): onDarkChanged - area: Rect(0, 0 - 0, 0) - darkIntensity: 0.0 - tint: -1
07-13 17:31:36.837 I/VolumeView( 4656): onDarkChanged - area: Rect(0, 0 - 0, 0) - darkIntensity: 0.0 - tint: -1 - areaTint: 0Xffe8eaff
07-13 17:31:36.837 I/VolumeView( 4656): onDarkChanged - area: Rect(0, 0 - 0, 0) - darkIntensity: 0.0 - tint: -1 - areaTint: 0Xffe8eaff
07-13 17:31:36.837 I/BatteryPowerView( 4656): onDarkChanged - area: Rect(0, 0 - 0, 0) - darkIntensity: 0.0 - tint: -1 - areaTint: 0xffe8eaff
07-13 17:31:36.837 I/KeyButtonView( 4656): onDarkChanged - darkIntensity: 0.0
07-13 17:31:36.837 I/CustomBatteryWidget( 4656): onDarkChanged - area: Rect(0, 0 - 0, 0) - darkIntensity: 0.0 - tint: -1
07-13 17:31:36.837 I/BatteryPowerView( 4656): onDarkChanged - area: Rect(0, 0 - 0, 0) - darkIntensity: 0.0 - tint: -1 - areaTint: 0xffe8eaff
07-13 17:31:36.847 D/TXZ     ( 5597): [ReportManager][7066/7122]initWebSocket: url=wss://websocket.txzing.com/junsun/index?app_id=6a3643cb81c6e92137ccc63f536df874&tm=1752442296847&data=23850Cw6NMkP9JjnqgexjbRCM6LzAcQ%2Fa67lfQ0c9LE%3D&platform=car
07-13 17:31:36.848 D/TXZ     ( 5597): [ReportManager][7066/7122]connect: start
07-13 17:31:36.849 D/TXZ     ( 5597): [TXZWebSocketClient][7066/8918]onError: ex=java.net.UnknownHostException: websocket.txzing.com
07-13 17:31:36.849 D/TXZ     ( 5597): [ReportManager][7066/8918]java.net.UnknownHostException: websocket.txzing.com
07-13 17:31:36.851 D/TXZ     ( 5597): [ReportManager][7066/8918]onClose() called with: code = -1, reason = websocket.txzing.com, remote = false
07-13 17:31:36.851 D/TXZ     ( 5597): [ReportManager][7066/7122]connect: finish
07-13 17:31:36.851 D/TXZ     ( 5597): [ReportManager][7066/7122]initWebSocket: url=wss://websocket.txzing.com/junsun/index?app_id=6a3643cb81c6e92137ccc63f536df874&tm=1752442296849&data=Oye7eY%2FqTYq7s0R4tLlzsRvs%2BfeUz0Xe%2BGvVyRQ1jrg%3D&platform=car
07-13 17:31:36.851 D/TXZ     ( 5597): [ReportManager][7066/7122]connect: start
07-13 17:31:36.851 D/TXZ     ( 5597): [TXZWebSocketClient][7066/8919]onError: ex=java.net.UnknownHostException: websocket.txzing.com
07-13 17:31:36.851 D/TXZ     ( 5597): [ReportManager][7066/8919]java.net.UnknownHostException: websocket.txzing.com
07-13 17:31:36.851 D/TXZ     ( 5597): [ReportManager][7066/8919]onClose() called with: code = -1, reason = websocket.txzing.com, remote = false
07-13 17:31:36.851 D/TXZ     ( 5597): [ReportManager][7066/7122]connect: finish
07-13 17:31:36.852 W/.usbcameratest( 8872): Accessing hidden method Landroid/view/View;->computeFitSystemWindows(Landroid/graphics/Rect;Landroid/graphics/Rect;)Z (greylist, reflection, allowed)
07-13 17:31:36.853 W/.usbcameratest( 8872): Accessing hidden method Landroid/view/ViewGroup;->makeOptionalFitsSystemWindows()V (greylist, reflection, allowed)
07-13 17:31:36.866 D/TXZ     ( 5597): [ReportManager][7066/7122]initWebSocket: url=wss://websocket.txzing.com/junsun/index?app_id=6a3643cb81c6e92137ccc63f536df874&tm=1752442296866&data=UX1mOqQf7ZyXML6hLZ4vq9Uc16xe0wvabAtR4%2BTLck4%3D&platform=car
07-13 17:31:36.866 D/TXZ     ( 5597): [ReportManager][7066/7122]connect: start
07-13 17:31:36.868 D/TXZ     ( 5597): [TXZWebSocketClient][7066/8920]onError: ex=java.net.UnknownHostException: websocket.txzing.com
07-13 17:31:36.868 D/TXZ     ( 5597): [ReportManager][7066/8920]java.net.UnknownHostException: websocket.txzing.com
07-13 17:31:36.868 D/TXZ     ( 5597): [ReportManager][7066/8920]onClose() called with: code = -1, reason = websocket.txzing.com, remote = false
07-13 17:31:36.868 D/TXZ     ( 5597): [ReportManager][7066/7122]connect: finish
07-13 17:31:36.868 D/TXZ     ( 5597): [ReportManager][7066/7122]initWebSocket: url=wss://websocket.txzing.com/junsun/index?app_id=6a3643cb81c6e92137ccc63f536df874&tm=1752442296867&data=qpnFOuEXj3GKqGJfcU2JSxId0v6gTPoj%2Fx84CFbMcPU%3D&platform=car
07-13 17:31:36.868 D/TXZ     ( 5597): [ReportManager][7066/7122]connect: start
07-13 17:31:36.869 D/TXZ     ( 5597): [TXZWebSocketClient][7066/8921]onError: ex=java.net.UnknownHostException: websocket.txzing.com
07-13 17:31:36.869 D/TXZ     ( 5597): [ReportManager][7066/8921]java.net.UnknownHostException: websocket.txzing.com
07-13 17:31:36.869 D/TXZ     ( 5597): [ReportManager][7066/8921]onClose() called with: code = -1, reason = websocket.txzing.com, remote = false
07-13 17:31:36.869 D/TXZ     ( 5597): [ReportManager][7066/7122]connect: finish
07-13 17:31:36.873 D/TXZ     ( 5597): [ReportManager][7066/7122]initWebSocket: url=wss://websocket.txzing.com/junsun/index?app_id=6a3643cb81c6e92137ccc63f536df874&tm=1752442296872&data=yzw3RUlvW6b%2FFnK%2FTw99XjNW7UrEVvK3OnU6uosKACc%3D&platform=car
07-13 17:31:36.873 D/TXZ     ( 5597): [ReportManager][7066/7122]connect: start
07-13 17:31:36.874 D/TXZ     ( 5597): [TXZWebSocketClient][7066/8922]onError: ex=java.net.UnknownHostException: websocket.txzing.com
07-13 17:31:36.874 D/TXZ     ( 5597): [ReportManager][7066/8922]java.net.UnknownHostException: websocket.txzing.com
07-13 17:31:36.875 D/TXZ     ( 5597): [ReportManager][7066/8922]onClose() called with: code = -1, reason = websocket.txzing.com, remote = false
07-13 17:31:36.875 D/TXZ     ( 5597): [ReportManager][7066/7122]connect: finish
07-13 17:31:36.891 D/TXZ     ( 5597): [ReportManager][7066/7122]initWebSocket: url=wss://websocket.txzing.com/junsun/index?app_id=6a3643cb81c6e92137ccc63f536df874&tm=1752442296890&data=0t6UXtlULEiMKBEyTMjo1AWUubEMZQQ0leq6LzB2SAE%3D&platform=car
07-13 17:31:36.891 D/TXZ     ( 5597): [ReportManager][7066/7122]connect: start
07-13 17:31:36.892 D/TXZ     ( 5597): [TXZWebSocketClient][7066/8923]onError: ex=java.net.UnknownHostException: websocket.txzing.com
07-13 17:31:36.892 D/TXZ     ( 5597): [ReportManager][7066/8923]java.net.UnknownHostException: websocket.txzing.com
07-13 17:31:36.892 D/TXZ     ( 5597): [ReportManager][7066/8923]onClose() called with: code = -1, reason = websocket.txzing.com, remote = false
07-13 17:31:36.893 D/TXZ     ( 5597): [ReportManager][7066/7122]connect: finish
07-13 17:31:36.895 D/TXZ     ( 5597): [ReportManager][7066/7122]initWebSocket: url=wss://websocket.txzing.com/junsun/index?app_id=6a3643cb81c6e92137ccc63f536df874&tm=1752442296894&data=NIJR2xbGUBuwNrpIPLWna9qeD0vgZUWP0Y1n6RDOTgY%3D&platform=car
07-13 17:31:36.895 D/TXZ     ( 5597): [ReportManager][7066/7122]connect: start
07-13 17:31:36.896 W/.usbcameratest( 8872): Accessing hidden field Landroid/media/AudioSystem;->STREAM_SYSTEM_ENFORCED:I (greylist, reflection, allowed)
07-13 17:31:36.896 D/TXZ     ( 5597): [TXZWebSocketClient][7066/8924]onError: ex=java.net.UnknownHostException: websocket.txzing.com
07-13 17:31:36.897 D/TXZ     ( 5597): [ReportManager][7066/8924]java.net.UnknownHostException: websocket.txzing.com
07-13 17:31:36.897 D/TXZ     ( 5597): [ReportManager][7066/8924]onClose() called with: code = -1, reason = websocket.txzing.com, remote = false
07-13 17:31:36.897 D/TXZ     ( 5597): [ReportManager][7066/7122]connect: finish
07-13 17:31:36.903 D/AudioAttributes( 8872): setInternalLegacyStreamType(), streamType=7, pid=8872, package_name=com.serenegiant.usbcameratest8
07-13 17:31:36.904 D/TXZ     ( 5597): [ReportManager][7066/7122]initWebSocket: url=wss://websocket.txzing.com/junsun/index?app_id=6a3643cb81c6e92137ccc63f536df874&tm=1752442296903&data=yII688aGl4htjkhY6QaOFj9MfiXmU%2FwMbtRhPCuSIT0%3D&platform=car
07-13 17:31:36.904 D/TXZ     ( 5597): [ReportManager][7066/7122]connect: start
07-13 17:31:36.906 D/TXZ     ( 5597): [TXZWebSocketClient][7066/8926]onError: ex=java.net.UnknownHostException: websocket.txzing.com
07-13 17:31:36.906 D/TXZ     ( 5597): [ReportManager][7066/8926]java.net.UnknownHostException: websocket.txzing.com
07-13 17:31:36.906 D/TXZ     ( 5597): [ReportManager][7066/8926]onClose() called with: code = -1, reason = websocket.txzing.com, remote = false
07-13 17:31:36.906 D/TXZ     ( 5597): [ReportManager][7066/7122]connect: finish
07-13 17:31:36.907 W/SoundPool( 8872): Use of stream types is deprecated for operations other than volume control
07-13 17:31:36.907 W/SoundPool( 8872): See the documentation of SoundPool() for what to use instead with android.media.AudioAttributes to qualify your playback use case
07-13 17:31:36.908 V/CameraThread( 8872): getHandler:
07-13 17:31:36.913 V/MainActivity( 8872): onStart:
07-13 17:31:36.915 V/UVCCameraTextureView( 8872): onResume:
07-13 17:31:36.915 D/DRM_DrmOmaPlugIn( 3630): onInitialize : 6824
07-13 17:31:36.915 D/DRM_DrmOmaPlugIn( 3630): onSetOnInfoListener : 6824
07-13 17:31:36.916 D/DRM_DrmOmaPlugIn( 3630): (6824)onOpenDecryptSession : offset:2091260, length:4851, fd:8
07-13 17:31:36.917 D/DRM_DcfParser( 3630): parse (null), fd: 9
07-13 17:31:36.917 D/DRM_DcfParser( 3630): parse (null), version: 80
07-13 17:31:36.917 E/DRM_DcfParser( 3630): parse error, only dcf v1 is supported, 80
07-13 17:31:36.917 E/DRM_DrmOmaPlugIn( 3630): onOpenDecryptSession , dcf parse error
07-13 17:31:36.918 I/ActivityThread( 8872): performResumeActivity - pkgName: com.serenegiant.usbcameratest8 - className: com.serenegiant.usbcameratest8.MainActivity
07-13 17:31:36.919 I/ActivityThread( 8872): smart_link is  not supported!!!
07-13 17:31:36.920 D/DRM_DrmOmaPlugIn( 3630): onTerminate : 6824
07-13 17:31:36.920 I/xxb     ( 8872): thread[main, 2] (WindowManagerImpl.java:98): topname = com.serenegiant.usbcameratest8---Window = com.serenegiant.usbcameratest8
07-13 17:31:36.925 D/MediaCodec( 8872): app proc_name: com.serenegiant.usbcameratest8 mime: audio/vorbis
07-13 17:31:36.925 I/MediaCodecList( 8872): findMatchingCodecs called by com.serenegiant.usbcameratest8, mime: audio/vorbis, encoder: 0
07-13 17:31:36.931 D/TXZ     ( 5597): [ReportManager][7066/7122]initWebSocket: url=wss://websocket.txzing.com/junsun/index?app_id=6a3643cb81c6e92137ccc63f536df874&tm=1752442296930&data=HWyn7pY20Nyk6jZ82d8iNxgSCEqRgf6gU511deN8gBw%3D&platform=car
07-13 17:31:36.932 D/TXZ     ( 5597): [ReportManager][7066/7122]connect: start
07-13 17:31:36.933 D/TXZ     ( 5597): [TXZWebSocketClient][7066/8932]onError: ex=java.net.UnknownHostException: websocket.txzing.com
07-13 17:31:36.934 D/TXZ     ( 5597): [ReportManager][7066/8932]java.net.UnknownHostException: websocket.txzing.com
07-13 17:31:36.934 D/TXZ     ( 5597): [ReportManager][7066/8932]onClose() called with: code = -1, reason = websocket.txzing.com, remote = false
07-13 17:31:36.934 D/TXZ     ( 5597): [ReportManager][7066/7122]connect: finish
07-13 17:31:36.935 D/TXZ     ( 5597): [ReportManager][7066/7122]initWebSocket: url=wss://websocket.txzing.com/junsun/index?app_id=6a3643cb81c6e92137ccc63f536df874&tm=1752442296934&data=bjmwq8E9tJCs%2FliLmQvvXgNmdo%2BvYWkRhWK6RfGNWCA%3D&platform=car
07-13 17:31:36.935 D/TXZ     ( 5597): [ReportManager][7066/7122]connect: start
07-13 17:31:36.936 D/TXZ     ( 5597): [TXZWebSocketClient][7066/8933]onError: ex=java.net.UnknownHostException: websocket.txzing.com
07-13 17:31:36.936 D/TXZ     ( 5597): [ReportManager][7066/8933]java.net.UnknownHostException: websocket.txzing.com
07-13 17:31:36.936 D/TXZ     ( 5597): [ReportManager][7066/8933]onClose() called with: code = -1, reason = websocket.txzing.com, remote = false
07-13 17:31:36.936 D/TXZ     ( 5597): [ReportManager][7066/7122]connect: finish
07-13 17:31:36.937 D/TXZ     ( 5597): [ReportManager][7066/7122]initWebSocket: url=wss://websocket.txzing.com/junsun/index?app_id=6a3643cb81c6e92137ccc63f536df874&tm=1752442296937&data=zogTdE0QIjZjMvB51fmr4whIQOZpRaSdMtVZN%2F0u6pI%3D&platform=car
07-13 17:31:36.938 D/TXZ     ( 5597): [ReportManager][7066/7122]connect: start
07-13 17:31:36.939 D/TXZ     ( 5597): [TXZWebSocketClient][7066/8934]onError: ex=java.net.UnknownHostException: websocket.txzing.com
07-13 17:31:36.939 D/TXZ     ( 5597): [ReportManager][7066/8934]java.net.UnknownHostException: websocket.txzing.com
07-13 17:31:36.939 D/TXZ     ( 5597): [ReportManager][7066/8934]onClose() called with: code = -1, reason = websocket.txzing.com, remote = false
07-13 17:31:36.939 D/TXZ     ( 5597): [ReportManager][7066/7122]connect: finish
07-13 17:31:36.956 D/TXZ     ( 5597): [ReportManager][7066/7122]initWebSocket: url=wss://websocket.txzing.com/junsun/index?app_id=6a3643cb81c6e92137ccc63f536df874&tm=1752442296955&data=Hk0CBa2BgS0V1Mbl3N3zVPbNKLECHLrhZB6nPIENYcM%3D&platform=car
07-13 17:31:36.956 D/TXZ     ( 5597): [ReportManager][7066/7122]connect: start
07-13 17:31:36.958 D/CCodec  ( 8872): allocate(c2.android.vorbis.decoder)
07-13 17:31:36.959 D/TXZ     ( 5597): [TXZWebSocketClient][7066/8935]onError: ex=java.net.UnknownHostException: websocket.txzing.com
07-13 17:31:36.959 D/TXZ     ( 5597): [ReportManager][7066/8935]java.net.UnknownHostException: websocket.txzing.com
07-13 17:31:36.959 D/TXZ     ( 5597): [ReportManager][7066/8935]onClose() called with: code = -1, reason = websocket.txzing.com, remote = false
07-13 17:31:36.959 D/TXZ     ( 5597): [ReportManager][7066/7122]connect: finish
07-13 17:31:36.959 D/TXZ     ( 5597): [ReportManager][7066/7122]initWebSocket: url=wss://websocket.txzing.com/junsun/index?app_id=6a3643cb81c6e92137ccc63f536df874&tm=1752442296958&data=%2FpFXXXDCVjErM5M%2Bj%2FL8LAMYwicCmj2o7B%2FpTBPmTp4%3D&platform=car
07-13 17:31:36.960 D/TXZ     ( 5597): [ReportManager][7066/7122]connect: start
07-13 17:31:36.960 I/Codec2Client( 8872): Available Codec2 services: "software"
07-13 17:31:36.960 I/Codec2Client( 8872): Creating a Codec2 client to service "software"
07-13 17:31:36.960 D/TXZ     ( 5597): [TXZWebSocketClient][7066/8937]onError: ex=java.net.UnknownHostException: websocket.txzing.com
07-13 17:31:36.961 D/TXZ     ( 5597): [ReportManager][7066/8937]java.net.UnknownHostException: websocket.txzing.com
07-13 17:31:36.961 D/TXZ     ( 5597): [ReportManager][7066/8937]onClose() called with: code = -1, reason = websocket.txzing.com, remote = false
07-13 17:31:36.961 D/TXZ     ( 5597): [ReportManager][7066/7122]connect: finish
07-13 17:31:36.961 I/Codec2Client( 8872): Client to Codec2 service "software" created
07-13 17:31:36.962 V/C2Store ( 3772): in init
07-13 17:31:36.962 V/C2Store ( 3772): loading dll
07-13 17:31:36.965 D/TXZ     ( 5597): [ReportManager][7066/7122]initWebSocket: url=wss://websocket.txzing.com/junsun/index?app_id=6a3643cb81c6e92137ccc63f536df874&tm=1752442296964&data=2MyR0NSe3JVj%2BKCl4GfcWR0j3%2FgJaFLPgLgDfItf3H8%3D&platform=car
07-13 17:31:36.965 I/CCodec  ( 8872): Created component [c2.android.vorbis.decoder]
07-13 17:31:36.966 D/TXZ     ( 5597): [ReportManager][7066/7122]connect: start
07-13 17:31:36.966 D/CCodecConfig( 8872): read media type: audio/vorbis
07-13 17:31:36.967 D/TXZ     ( 5597): [TXZWebSocketClient][7066/8942]onError: ex=java.net.UnknownHostException: websocket.txzing.com
07-13 17:31:36.967 D/TXZ     ( 5597): [ReportManager][7066/8942]java.net.UnknownHostException: websocket.txzing.com
07-13 17:31:36.967 D/TXZ     ( 5597): [ReportManager][7066/8942]onClose() called with: code = -1, reason = websocket.txzing.com, remote = false
07-13 17:31:36.967 D/TXZ     ( 5597): [ReportManager][7066/7122]connect: finish
07-13 17:31:36.967 D/TXZ     ( 5597): [ReportManager][7066/7122]initWebSocket: url=wss://websocket.txzing.com/junsun/index?app_id=6a3643cb81c6e92137ccc63f536df874&tm=1752442296967&data=XxPxQVSrADbXXqhh3y0Fj3EDnas4KPAbQJPU%2BXwPTCo%3D&platform=car
07-13 17:31:36.968 D/TXZ     ( 5597): [ReportManager][7066/7122]connect: start
07-13 17:31:36.969 D/ReflectedParamUpdater( 8872): extent() != 1 for single value type: algo.buffers.max-count.values
07-13 17:31:36.969 D/ReflectedParamUpdater( 8872): extent() != 1 for single value type: output.subscribed-indices.values
07-13 17:31:36.969 D/ReflectedParamUpdater( 8872): extent() != 1 for single value type: input.buffers.allocator-ids.values
07-13 17:31:36.969 D/ReflectedParamUpdater( 8872): extent() != 1 for single value type: output.buffers.allocator-ids.values
07-13 17:31:36.969 D/ReflectedParamUpdater( 8872): extent() != 1 for single value type: algo.buffers.allocator-ids.values
07-13 17:31:36.970 D/TXZ     ( 5597): [TXZWebSocketClient][7066/8943]onError: ex=java.net.UnknownHostException: websocket.txzing.com
07-13 17:31:36.970 D/ReflectedParamUpdater( 8872): extent() != 1 for single value type: output.buffers.pool-ids.values
07-13 17:31:36.970 D/TXZ     ( 5597): [ReportManager][7066/8943]java.net.UnknownHostException: websocket.txzing.com
07-13 17:31:36.970 D/TXZ     ( 5597): [ReportManager][7066/8943]onClose() called with: code = -1, reason = websocket.txzing.com, remote = false
07-13 17:31:36.970 D/ReflectedParamUpdater( 8872): extent() != 1 for single value type: algo.buffers.pool-ids.values
07-13 17:31:36.970 D/TXZ     ( 5597): [ReportManager][7066/7122]connect: finish
07-13 17:31:36.971 I/CCodecConfig( 8872): query failed after returning 7 values (BAD_INDEX)
07-13 17:31:36.971 D/CCodecConfig( 8872): c2 config is Dict {
07-13 17:31:36.971 D/CCodecConfig( 8872):   c2::u32 coded.bitrate.value = 64000
07-13 17:31:36.971 D/CCodecConfig( 8872):   c2::u32 input.buffers.max-size.value = 32768
07-13 17:31:36.971 D/CCodecConfig( 8872):   c2::u32 input.delay.value = 0
07-13 17:31:36.971 D/CCodecConfig( 8872):   string input.media-type.value = "audio/vorbis"
07-13 17:31:36.971 D/CCodecConfig( 8872):   string output.media-type.value = "audio/raw"
07-13 17:31:36.971 D/CCodecConfig( 8872):   c2::u32 raw.channel-count.value = 1
07-13 17:31:36.971 D/CCodecConfig( 8872):   c2::u32 raw.sample-rate.value = 48000
07-13 17:31:36.971 D/CCodecConfig( 8872): }
07-13 17:31:36.971 D/TXZ     ( 5597): [ReportManager][7066/7122]initWebSocket: url=wss://websocket.txzing.com/junsun/index?app_id=6a3643cb81c6e92137ccc63f536df874&tm=1752442296969&data=VW9WyK%2F2HJXiENH1CqVG2MfEDtS0GZIl8A2CzOZOSD4%3D&platform=car
07-13 17:31:36.972 D/TXZ     ( 5597): [ReportManager][7066/7122]connect: start
07-13 17:31:36.972 D/CCodecConfig( 8872): no c2 equivalents for durationUs
07-13 17:31:36.972 D/CCodecConfig( 8872): no c2 equivalents for csd-1
07-13 17:31:36.972 D/CCodecConfig( 8872): no c2 equivalents for track-id
07-13 17:31:36.972 D/CCodecConfig( 8872): no c2 equivalents for channel-mask
07-13 17:31:36.973 D/CCodecConfig( 8872): c2 config is Dict {
07-13 17:31:36.973 D/CCodecConfig( 8872):   c2::u32 coded.bitrate.value = 64000
07-13 17:31:36.973 D/CCodecConfig( 8872):   c2::u32 input.buffers.max-size.value = 32768
07-13 17:31:36.973 D/CCodecConfig( 8872):   c2::u32 input.delay.value = 0
07-13 17:31:36.973 D/CCodecConfig( 8872):   string input.media-type.value = "audio/vorbis"
07-13 17:31:36.973 D/CCodecConfig( 8872):   string output.media-type.value = "audio/raw"
07-13 17:31:36.973 D/CCodecConfig( 8872):   c2::u32 raw.channel-count.value = 1
07-13 17:31:36.973 D/CCodecConfig( 8872):   c2::u32 raw.sample-rate.value = 44100
07-13 17:31:36.973 D/CCodecConfig( 8872): }
07-13 17:31:36.973 D/TXZ     ( 5597): [TXZWebSocketClient][7066/8944]onError: ex=java.net.UnknownHostException: websocket.txzing.com
07-13 17:31:36.973 W/Codec2Client( 8872): query -- param skipped: index = 1107298332.
07-13 17:31:36.973 D/TXZ     ( 5597): [ReportManager][7066/8944]java.net.UnknownHostException: websocket.txzing.com
07-13 17:31:36.973 D/CCodec  ( 8872): setup formats input: AMessage(what = 0x00000000) = {
07-13 17:31:36.973 D/CCodec  ( 8872):   int32_t channel-count = 1
07-13 17:31:36.973 D/CCodec  ( 8872):   int32_t max-input-size = 32768
07-13 17:31:36.973 D/CCodec  ( 8872):   string mime = "audio/vorbis"
07-13 17:31:36.973 D/CCodec  ( 8872):   int32_t sample-rate = 44100
07-13 17:31:36.973 D/CCodec  ( 8872): } and output: AMessage(what = 0x00000000) = {
07-13 17:31:36.973 D/CCodec  ( 8872):   int32_t channel-count = 1
07-13 17:31:36.973 D/CCodec  ( 8872):   string mime = "audio/raw"
07-13 17:31:36.973 D/CCodec  ( 8872):   int32_t sample-rate = 44100
07-13 17:31:36.973 D/CCodec  ( 8872):   int32_t channel-mask = 1
07-13 17:31:36.973 D/CCodec  ( 8872): }
07-13 17:31:36.973 D/TXZ     ( 5597): [ReportManager][7066/8944]onClose() called with: code = -1, reason = websocket.txzing.com, remote = false
07-13 17:31:36.974 D/TXZ     ( 5597): [ReportManager][7066/7122]connect: finish
07-13 17:31:36.974 D/TXZ     ( 5597): [ReportManager][7066/7122]initWebSocket: url=wss://websocket.txzing.com/junsun/index?app_id=6a3643cb81c6e92137ccc63f536df874&tm=1752442296973&data=QWJlh2JaLVNNVakuKUb0BsvKLLAgJf2c9bKOnA1wmWU%3D&platform=car
07-13 17:31:36.974 D/TXZ     ( 5597): [ReportManager][7066/7122]connect: start
07-13 17:31:36.974 W/Codec2Client( 8872): query -- param skipped: index = 1342179345.
07-13 17:31:36.974 W/Codec2Client( 8872): query -- param skipped: index = 2415921170.
07-13 17:31:36.976 D/CCodecBufferChannel( 8872): [c2.android.vorbis.decoder#402] Created input block pool with allocatorID 16 => poolID 17 - OK (0)
07-13 17:31:36.976 D/TXZ     ( 5597): [TXZWebSocketClient][7066/8945]onError: ex=java.net.UnknownHostException: websocket.txzing.com
07-13 17:31:36.976 D/TXZ     ( 5597): [ReportManager][7066/8945]java.net.UnknownHostException: websocket.txzing.com
07-13 17:31:36.976 D/TXZ     ( 5597): [ReportManager][7066/8945]onClose() called with: code = -1, reason = websocket.txzing.com, remote = false
07-13 17:31:36.976 D/TXZ     ( 5597): [ReportManager][7066/7122]connect: finish
07-13 17:31:36.977 I/CCodecBufferChannel( 8872): [c2.android.vorbis.decoder#402] Created output block pool with allocatorID 16 => poolID 63 - OK
07-13 17:31:36.978 D/TXZ     ( 5597): [ReportManager][7066/7122]initWebSocket: url=wss://websocket.txzing.com/junsun/index?app_id=6a3643cb81c6e92137ccc63f536df874&tm=1752442296977&data=7O%2FttSuNboefRgRoRF84hi0m1qbSBfS%2FYVdB4N6NDGk%3D&platform=car
07-13 17:31:36.979 D/CCodecBufferChannel( 8872): [c2.android.vorbis.decoder#402] Configured output block pool ids 63 => OK
07-13 17:31:36.979 I/BarController( 4123): setBarShowingLw - win: 15df344 StatusBar - show: true
07-13 17:31:36.979 D/TXZ     ( 5597): [ReportManager][7066/7122]connect: start
07-13 17:31:36.979 E/ion     ( 8872): ioctl c0044901 failed with code -1: Not a typewriter
07-13 17:31:36.982 D/TXZ     ( 5597): [TXZWebSocketClient][7066/8946]onError: ex=java.net.UnknownHostException: websocket.txzing.com
07-13 17:31:36.982 D/TXZ     ( 5597): [ReportManager][7066/8946]java.net.UnknownHostException: websocket.txzing.com
07-13 17:31:36.982 D/SimpleC2Component( 3772): Using output block pool with poolID 63 => got 63 - 0
07-13 17:31:36.982 D/TXZ     ( 5597): [ReportManager][7066/8946]onClose() called with: code = -1, reason = websocket.txzing.com, remote = false
07-13 17:31:36.982 D/TXZ     ( 5597): [ReportManager][7066/7122]connect: finish
07-13 17:31:36.982 D/TXZ     ( 5597): [ReportManager][7066/7122]initWebSocket: url=wss://websocket.txzing.com/junsun/index?app_id=6a3643cb81c6e92137ccc63f536df874&tm=1752442296981&data=VPn%2FF3i8S9UUs%2Fd5gvBXWIU1biZWJ%2FYaC5n8u5D1ynw%3D&platform=car
07-13 17:31:36.983 I/BarController( 4123): setBarShowingLw - win: 15df344 StatusBar - show: true
07-13 17:31:36.984 D/TXZ     ( 5597): [ReportManager][7066/7122]connect: start
07-13 17:31:36.986 D/TXZ     ( 5597): [TXZWebSocketClient][7066/8947]onError: ex=java.net.UnknownHostException: websocket.txzing.com
07-13 17:31:36.986 I/BarController( 4123): setBarShowingLw - win: 15df344 StatusBar - show: true
07-13 17:31:36.987 D/TXZ     ( 5597): [ReportManager][7066/8947]java.net.UnknownHostException: websocket.txzing.com
07-13 17:31:36.987 D/TXZ     ( 5597): [ReportManager][7066/8947]onClose() called with: code = -1, reason = websocket.txzing.com, remote = false
07-13 17:31:36.988 D/TXZ     ( 5597): [ReportManager][7066/7122]connect: finish
07-13 17:31:36.988 D/TXZ     ( 5597): [ReportManager][7066/7122]initWebSocket: url=wss://websocket.txzing.com/junsun/index?app_id=6a3643cb81c6e92137ccc63f536df874&tm=1752442296986&data=TbjmXcxI9%2BAnfMYcl5bu1K8NT25xRhM7fuYwVgA8itg%3D&platform=car
07-13 17:31:36.988 D/TXZ     ( 5597): [ReportManager][7066/7122]connect: start
07-13 17:31:36.989 D/TXZ     ( 5597): [TXZWebSocketClient][7066/8948]onError: ex=java.net.UnknownHostException: websocket.txzing.com
07-13 17:31:36.989 D/TXZ     ( 5597): [ReportManager][7066/8948]java.net.UnknownHostException: websocket.txzing.com
07-13 17:31:36.989 D/TXZ     ( 5597): [ReportManager][7066/8948]onClose() called with: code = -1, reason = websocket.txzing.com, remote = false
07-13 17:31:36.989 D/TXZ     ( 5597): [ReportManager][7066/7122]connect: finish
07-13 17:31:36.989 D/TXZ     ( 5597): [ReportManager][7066/7122]initWebSocket: url=wss://websocket.txzing.com/junsun/index?app_id=6a3643cb81c6e92137ccc63f536df874&tm=1752442296989&data=6UNzsu2ONdhn1HdmaIrSPeafEKIeSLibpzzTESHyRm0%3D&platform=car
07-13 17:31:36.989 D/TXZ     ( 5597): [ReportManager][7066/7122]connect: start
07-13 17:31:36.991 D/TXZ     ( 5597): [TXZWebSocketClient][7066/8949]onError: ex=java.net.UnknownHostException: websocket.txzing.com
07-13 17:31:36.991 D/TXZ     ( 5597): [ReportManager][7066/8949]java.net.UnknownHostException: websocket.txzing.com
07-13 17:31:36.991 D/TXZ     ( 5597): [ReportManager][7066/8949]onClose() called with: code = -1, reason = websocket.txzing.com, remote = false
07-13 17:31:36.991 D/TXZ     ( 5597): [ReportManager][7066/7122]connect: finish
07-13 17:31:36.991 D/WindowManager( 4123): Input focus has changed to Window{78f5cae u0 com.serenegiant.usbcameratest8/com.serenegiant.usbcameratest8.MainActivity}
07-13 17:31:36.993 D/SSense  ( 4123): windowsChanged
07-13 17:31:36.994 D/TxzAccessibilityService( 5597): onAccessibilityEvent: event=EventType: TYPE_WINDOWS_CHANGED; EventTime: 10837521; PackageName: null; MovementGranularity: 0; Action: 0; ContentChangeTypes: []; WindowChangeTypes: [WINDOWS_CHANGE_REMOVED] [ ClassName: null; Text: []; ContentDescription: null; ItemCount: -1; CurrentItemIndex: -1; Enabled: false; Password: false; Checked: false; FullScreen: false; Scrollable: false; BeforeText: null; FromIndex: -1; ToIndex: -1; ScrollX: -1; ScrollY: -1; MaxScrollX: -1; MaxScrollY: -1; AddedCount: -1; RemovedCount: -1; ParcelableData: null ]; recordCount: 0
07-13 17:31:36.994 D/TxzAccessibilityService( 5597): skip null
07-13 17:31:36.994 D/TxzAccessibilityService( 5597): onAccessibilityEvent: event=EventType: TYPE_WINDOWS_CHANGED; EventTime: 10837521; PackageName: null; MovementGranularity: 0; Action: 0; ContentChangeTypes: []; WindowChangeTypes: [WINDOWS_CHANGE_ADDED] [ ClassName: null; Text: []; ContentDescription: null; ItemCount: -1; CurrentItemIndex: -1; Enabled: false; Password: false; Checked: false; FullScreen: false; Scrollable: false; BeforeText: null; FromIndex: -1; ToIndex: -1; ScrollX: -1; ScrollY: -1; MaxScrollX: -1; MaxScrollY: -1; AddedCount: -1; RemovedCount: -1; ParcelableData: null ]; recordCount: 0
07-13 17:31:36.994 D/TxzAccessibilityService( 5597): skip null
07-13 17:31:37.004 I/BarController( 4123): setBarShowingLw - win: 15df344 StatusBar - show: true
07-13 17:31:37.006 I/gralloc ( 3580): gralloc_unregister_buffer hnd=0x7f69bc9b00, share_fd=98, share_attr_fd=103, magic=51647890, format=1, internal_format=300000001, byte_stride=5120, flags=4, usage=0x20000b00, size=3744768, width=1280, height=720, internalWidth=1280, internalHeight=720, stride=1280, base=0x7f4d360000, cpu_read=0,cpu_write=0, attr_base=0xffffffffffffffff, yuv_info=0, fd=-1, buf_idx=0, offset=0, min_pgsz=4096, phyaddr=0
07-13 17:31:37.007 I/gralloc ( 3580): gralloc_unregister_buffer hnd=0x7f66044300, share_fd=95, share_attr_fd=112, magic=51647890, format=1, internal_format=300000001, byte_stride=2880, flags=4, usage=0x20000b00, size=3744768, width=720, height=1280, internalWidth=720, internalHeight=1280, stride=720, base=0x7f4cc3a000, cpu_read=0,cpu_write=0, attr_base=0xffffffffffffffff, yuv_info=0, fd=-1, buf_idx=0, offset=0, min_pgsz=4096, phyaddr=0
07-13 17:31:37.008 I/gralloc ( 7438): gralloc_unregister_buffer hnd=0x734e59e600, share_fd=88, share_attr_fd=89, magic=51647890, format=1, internal_format=300000001, byte_stride=2880, flags=4, usage=0x20000b00, size=3744768, width=720, height=1280, internalWidth=720, internalHeight=1280, stride=720, base=0x73aa1c9000, cpu_read=0,cpu_write=0, attr_base=0xffffffffffffffff, yuv_info=0, fd=-1, buf_idx=0, offset=0, min_pgsz=4096, phyaddr=0
07-13 17:31:37.009 I/gralloc ( 7438): gralloc_unregister_buffer hnd=0x7352a2be00, share_fd=91, share_attr_fd=92, magic=51647890, format=1, internal_format=300000001, byte_stride=2880, flags=4, usage=0x20000b00, size=3744768, width=720, height=1280, internalWidth=720, internalHeight=1280, stride=720, base=0x73a9e36000, cpu_read=0,cpu_write=0, attr_base=0xffffffffffffffff, yuv_info=0, fd=-1, buf_idx=0, offset=0, min_pgsz=4096, phyaddr=0
07-13 17:31:37.010 E/BufferQueueProducer( 3580): [com.android.launcher.gradient.black/com.android.launcher3.Launcher#0] disconnect: not connected (req=1)
07-13 17:31:37.010 W/libEGL  ( 7438): EGLNativeWindowType 0x73ae01d110 disconnect failed
07-13 17:31:37.010 D/TxzAccessibilityService( 5597): onAccessibilityEvent: event=EventType: TYPE_WINDOW_CONTENT_CHANGED; EventTime: 10837535; PackageName: com.serenegiant.usbcameratest8; MovementGranularity: 0; Action: 0; ContentChangeTypes: [CONTENT_CHANGE_TYPE_SUBTREE]; WindowChangeTypes: [] [ ClassName: android.widget.FrameLayout; Text: []; ContentDescription: null; ItemCount: -1; CurrentItemIndex: -1; Enabled: true; Password: false; Checked: false; FullScreen: false; Scrollable: false; BeforeText: null; FromIndex: -1; ToIndex: -1; ScrollX: -1; ScrollY: -1; MaxScrollX: -1; MaxScrollY: -1; AddedCount: -1; RemovedCount: -1; ParcelableData: null ]; recordCount: 0
07-13 17:31:37.012 I/BarController( 4123): setBarShowingLw - win: 15df344 StatusBar - show: true
07-13 17:31:37.012 D/TxzAccessibilityService( 5597): onAccessibilityEvent: event=EventType: TYPE_WINDOW_STATE_CHANGED; EventTime: 10837536; PackageName: com.serenegiant.usbcameratest8; MovementGranularity: 0; Action: 0; ContentChangeTypes: []; WindowChangeTypes: [] [ ClassName: com.serenegiant.usbcameratest8.MainActivity; Text: [usbCameraTest8]; ContentDescription: null; ItemCount: -1; CurrentItemIndex: -1; Enabled: true; Password: false; Checked: false; FullScreen: true; Scrollable: false; BeforeText: null; FromIndex: -1; ToIndex: -1; ScrollX: -1; ScrollY: -1; MaxScrollX: -1; MaxScrollY: -1; AddedCount: -1; RemovedCount: -1; ParcelableData: null ]; recordCount: 0
07-13 17:31:37.015 D/Surface ( 7438): release Surface,mNativeObject=496762302464, this Surface(name=null)/@0x4e7e56a, caller: android.view.ViewRootImpl.destroySurface:1646 android.view.ViewRootImpl.relayoutWindow:6988 android.view.ViewRootImpl.performTraversals:2303 android.view.ViewRootImpl.doTraversal:1760 android.view.ViewRootImpl$TraversalRunnable.run:7646 android.view.Choreographer$CallbackRecord.run:966 
07-13 17:31:37.017 D/mali_winsys( 8872): EGLint new_window_surface(egl_winsys_display *, void *, EGLSurface, EGLConfig, egl_winsys_surface **, EGLBoolean) returns 0x3000
07-13 17:31:37.019 I/gralloc ( 3497): gralloc=>alloc, share_fd=9, share_attr_fd=10, magic=51647890, format=1, internal_format=300000001, byte_stride=5120, flags=4, usage=0x20000b00, size=3744768, width=1280, height=720, internalWidth=1280, internalHeight=720, stride=1280, ADP_VSTRIDE=720,base=0x709720d000, cpu_read=0, cpu_write=0, attr_base=0xffffffffffffffff, yuv_info=0, fd=-1, buf_idx=0, offset=0, min_pgsz=4096, phyaddr=0
07-13 17:31:37.019 I/gralloc ( 3497): gralloc_unregister_buffer hnd=0x709982c600, share_fd=9, share_attr_fd=10, magic=51647890, format=1, internal_format=300000001, byte_stride=5120, flags=4, usage=0x20000b00, size=3744768, width=1280, height=720, internalWidth=1280, internalHeight=720, stride=1280, base=0x709720d000, cpu_read=0,cpu_write=0, attr_base=0xffffffffffffffff, yuv_info=0, fd=-1, buf_idx=0, offset=0, min_pgsz=4096, phyaddr=0
07-13 17:31:37.019 I/gralloc ( 3497): gralloc=>free hnd=0x709982c600, share_fd=9, share_attr_fd=10, magic=51647890, format=1, internal_format=300000001, byte_stride=5120, flags=4, usage=0x20000b00, size=3744768, width=1280, height=720, internalWidth=1280, internalHeight=720, stride=1280, base=0x709720d000, cpu_read=0,cpu_write=0, attr_base=0xffffffffffffffff, yuv_info=0, fd=-1, buf_idx=0, offset=0, min_pgsz=4096, phyaddr=0
07-13 17:31:37.019 I/gralloc ( 3580): gralloc_register_buffer hnd=0x7f66044300, share_fd=98, share_attr_fd=103, magic=51647890, format=1, internal_format=300000001, byte_stride=5120, flags=4, usage=0x20000b00, size=3744768, width=1280, height=720, internalWidth=1280, internalHeight=720, stride=1280, base=0x7f4d360000, cpu_read=0,cpu_write=0, attr_base=0xffffffffffffffff, yuv_info=0, fd=-1, buf_idx=0, offset=0, min_pgsz=4096, phyaddr=0
07-13 17:31:37.019 V/UVCCameraTextureView( 8872): onSurfaceTextureAvailable:android.graphics.SurfaceTexture@31301db
07-13 17:31:37.021 V/UVCCameraTextureView( 8872): RenderThread#getHandler:
07-13 17:31:37.021 D/UVCCameraTextureView( 8872): RenderThread started
07-13 17:31:37.021 V/UVCCameraTextureView( 8872): RenderThread#init:
07-13 17:31:37.021 I/gralloc ( 3497): gralloc=>alloc, share_fd=9, share_attr_fd=10, magic=51647890, format=1, internal_format=300000001, byte_stride=5120, flags=4, usage=0x20000b00, size=3744768, width=1280, height=720, internalWidth=1280, internalHeight=720, stride=1280, ADP_VSTRIDE=720,base=0x709720d000, cpu_read=0, cpu_write=0, attr_base=0xffffffffffffffff, yuv_info=0, fd=-1, buf_idx=0, offset=0, min_pgsz=4096, phyaddr=0
07-13 17:31:37.021 I/gralloc ( 3497): gralloc_unregister_buffer hnd=0x709982c600, share_fd=9, share_attr_fd=10, magic=51647890, format=1, internal_format=300000001, byte_stride=5120, flags=4, usage=0x20000b00, size=3744768, width=1280, height=720, internalWidth=1280, internalHeight=720, stride=1280, base=0x709720d000, cpu_read=0,cpu_write=0, attr_base=0xffffffffffffffff, yuv_info=0, fd=-1, buf_idx=0, offset=0, min_pgsz=4096, phyaddr=0
07-13 17:31:37.021 I/gralloc ( 3497): gralloc=>free hnd=0x709982c600, share_fd=9, share_attr_fd=10, magic=51647890, format=1, internal_format=300000001, byte_stride=5120, flags=4, usage=0x20000b00, size=3744768, width=1280, height=720, internalWidth=1280, internalHeight=720, stride=1280, base=0x709720d000, cpu_read=0,cpu_write=0, attr_base=0xffffffffffffffff, yuv_info=0, fd=-1, buf_idx=0, offset=0, min_pgsz=4096, phyaddr=0
07-13 17:31:37.021 I/gralloc ( 3580): gralloc_register_buffer hnd=0x7f69bc9b00, share_fd=112, share_attr_fd=124, magic=51647890, format=1, internal_format=300000001, byte_stride=5120, flags=4, usage=0x20000b00, size=3744768, width=1280, height=720, internalWidth=1280, internalHeight=720, stride=1280, base=0x7f4cc3a000, cpu_read=0,cpu_write=0, attr_base=0xffffffffffffffff, yuv_info=0, fd=-1, buf_idx=0, offset=0, min_pgsz=4096, phyaddr=0
07-13 17:31:37.022 D/GnssHAL_V_GnssUtil( 3771): convertToGnssLocation_2_0: enter
07-13 17:31:37.022 D/GnssHAL_V_GnssUtil( 3771): convertToGnssLocation_2_0: latitudeDegrees:40.652482, longitudeDegrees: -73.757018, elapsedRealtime.flags:0, elapsedRealtime.timestampNs: 0, elapsedRealtime.timeUncertaintyNs: 0
07-13 17:31:37.023 D/EGLBase14( 8872): EGLContext created, client version 3
07-13 17:31:37.023 D/mali_winsys( 8872): EGLint new_window_surface(egl_winsys_display *, void *, EGLSurface, EGLConfig, egl_winsys_surface **, EGLBoolean) returns 0x3000
07-13 17:31:37.024 V/C2Store ( 3772): in ~ComponentModule
07-13 17:31:37.024 V/C2Store ( 3772): unloading dll
07-13 17:31:37.024 I/gralloc ( 3497): gralloc=>alloc, share_fd=9, share_attr_fd=10, magic=51647890, format=1, internal_format=300000001, byte_stride=5120, flags=4, usage=0x20000b00, size=3744768, width=1280, height=720, internalWidth=1280, internalHeight=720, stride=1280, ADP_VSTRIDE=720,base=0x709720d000, cpu_read=0, cpu_write=0, attr_base=0xffffffffffffffff, yuv_info=0, fd=-1, buf_idx=0, offset=0, min_pgsz=4096, phyaddr=0
07-13 17:31:37.024 I/gralloc ( 3497): gralloc_unregister_buffer hnd=0x709982c600, share_fd=9, share_attr_fd=10, magic=51647890, format=1, internal_format=300000001, byte_stride=5120, flags=4, usage=0x20000b00, size=3744768, width=1280, height=720, internalWidth=1280, internalHeight=720, stride=1280, base=0x709720d000, cpu_read=0,cpu_write=0, attr_base=0xffffffffffffffff, yuv_info=0, fd=-1, buf_idx=0, offset=0, min_pgsz=4096, phyaddr=0
07-13 17:31:37.024 I/gralloc ( 3497): gralloc=>free hnd=0x709982c600, share_fd=9, share_attr_fd=10, magic=51647890, format=1, internal_format=300000001, byte_stride=5120, flags=4, usage=0x20000b00, size=3744768, width=1280, height=720, internalWidth=1280, internalHeight=720, stride=1280, base=0x709720d000, cpu_read=0,cpu_write=0, attr_base=0xffffffffffffffff, yuv_info=0, fd=-1, buf_idx=0, offset=0, min_pgsz=4096, phyaddr=0
07-13 17:31:37.024 I/gralloc ( 3580): gralloc_register_buffer hnd=0x7f66041f00, share_fd=126, share_attr_fd=132, magic=51647890, format=1, internal_format=300000001, byte_stride=5120, flags=4, usage=0x20000b00, size=3744768, width=1280, height=720, internalWidth=1280, internalHeight=720, stride=1280, base=0x7f4a8fe000, cpu_read=0,cpu_write=0, attr_base=0xffffffffffffffff, yuv_info=0, fd=-1, buf_idx=0, offset=0, min_pgsz=4096, phyaddr=0
07-13 17:31:37.024 I/LocationManagerService( 4123): incoming location: Location[gps 41******  -74******  hAcc=4 t=1752442297000 et=+3h0m37s550ms alt=-15.082 vel=0.0 bear=150.222 vAcc=14 sAcc=0 bAcc=61 {Bundle[{satellites=15, maxCn0=48, meanCn0=38}]}]
07-13 17:31:37.025 I/LocationManagerService( 4123): incoming location: Location[gps 41******  -74******  hAcc=4 t=1752442297000 et=+3h0m37s550ms alt=-15.082 vel=0.0 bear=150.222 vAcc=14 sAcc=0 bAcc=61 {Bundle[{satellites=15, maxCn0=48, meanCn0=38}]}]
07-13 17:31:37.030 I/BarController( 4123): setBarShowingLw - win: 15df344 StatusBar - show: true
07-13 17:31:37.031 I/FusedLocation( 5145): (REDACTED) location delivery to %s blocked - too fast
07-13 17:31:37.033 I/LocationManagerService( 4123): incoming location: Location[fused 41******  -74******  hAcc=4 t=1752442297023 et=+3h0m37s550ms alt=-15.082 vel=1.9546677E-15 vAcc=14 sAcc=0 bAcc=??? {Bundle[mParcelledData.dataSize=848]}]
07-13 17:31:37.034 I/LocationManagerService( 4123): incoming location: Location[fused 41******  -74******  hAcc=4 t=1752442297023 et=+3h0m37s550ms alt=-15.082 vel=1.9546677E-15 vAcc=14 sAcc=0 bAcc=??? {Bundle[{noGPSLocation=Location[fused 41******  -74******  hAcc=21 t=1752441423317 et=+2h46m3s894ms alt=-25.399999618530273 vAcc=3 sAcc=??? bAcc=??? {Bundle[mParcelledData.dataSize=652]}]}]}]
07-13 17:31:37.053 I/gralloc ( 3580): gralloc_unregister_buffer hnd=0x7f66041f00, share_fd=126, share_attr_fd=132, magic=51647890, format=1, internal_format=300000001, byte_stride=5120, flags=4, usage=0x20000b00, size=3744768, width=1280, height=720, internalWidth=1280, internalHeight=720, stride=1280, base=0x7f4a8fe000, cpu_read=0,cpu_write=0, attr_base=0xffffffffffffffff, yuv_info=0, fd=-1, buf_idx=0, offset=0, min_pgsz=4096, phyaddr=0
07-13 17:31:37.055 I/gralloc ( 3497): gralloc=>alloc, share_fd=9, share_attr_fd=10, magic=51647890, format=1, internal_format=300000001, byte_stride=2880, flags=4, usage=0x20000b00, size=3744768, width=720, height=1280, internalWidth=720, internalHeight=1280, stride=720, ADP_VSTRIDE=1280,base=0x709720d000, cpu_read=0, cpu_write=0, attr_base=0xffffffffffffffff, yuv_info=0, fd=-1, buf_idx=0, offset=0, min_pgsz=4096, phyaddr=0
07-13 17:31:37.055 I/gralloc ( 3497): gralloc_unregister_buffer hnd=0x709982c600, share_fd=9, share_attr_fd=10, magic=51647890, format=1, internal_format=300000001, byte_stride=2880, flags=4, usage=0x20000b00, size=3744768, width=720, height=1280, internalWidth=720, internalHeight=1280, stride=720, base=0x709720d000, cpu_read=0,cpu_write=0, attr_base=0xffffffffffffffff, yuv_info=0, fd=-1, buf_idx=0, offset=0, min_pgsz=4096, phyaddr=0
07-13 17:31:37.055 I/gralloc ( 3497): gralloc=>free hnd=0x709982c600, share_fd=9, share_attr_fd=10, magic=51647890, format=1, internal_format=300000001, byte_stride=2880, flags=4, usage=0x20000b00, size=3744768, width=720, height=1280, internalWidth=720, internalHeight=1280, stride=720, base=0x709720d000, cpu_read=0,cpu_write=0, attr_base=0xffffffffffffffff, yuv_info=0, fd=-1, buf_idx=0, offset=0, min_pgsz=4096, phyaddr=0
07-13 17:31:37.055 I/gralloc ( 3580): gralloc_register_buffer hnd=0x7f66041f00, share_fd=126, share_attr_fd=131, magic=51647890, format=1, internal_format=300000001, byte_stride=2880, flags=4, usage=0x20000b00, size=3744768, width=720, height=1280, internalWidth=720, internalHeight=1280, stride=720, base=0x7f4a8fe000, cpu_read=0,cpu_write=0, attr_base=0xffffffffffffffff, yuv_info=0, fd=-1, buf_idx=0, offset=0, min_pgsz=4096, phyaddr=0
07-13 17:31:37.056 I/hwservicemanager( 3152): getTransport: Cannot find entry android.hardware.graphics.mapper@3.0::IMapper/default in either framework or device manifest.
07-13 17:31:37.056 W/Gralloc3( 8872): mapper 3.x is not supported
07-13 17:31:37.058 I/gralloc ( 8872): gralloc_register_buffer hnd=0x735108b300, share_fd=67, share_attr_fd=68, magic=51647890, format=1, internal_format=300000001, byte_stride=2880, flags=4, usage=0x20000b00, size=3744768, width=720, height=1280, internalWidth=720, internalHeight=1280, stride=720, base=0x733b54e000, cpu_read=0,cpu_write=0, attr_base=0xffffffffffffffff, yuv_info=0, fd=-1, buf_idx=0, offset=0, min_pgsz=4096, phyaddr=0
07-13 17:31:37.058 W/gralloc ( 8872): WARNING: internal format modifier bits not mutually exclusive. AFBC basic bit is always set, so extended AFBC support bits must always be checked.
07-13 17:31:37.069 D/TXZ     ( 5597): [ReportManager][7066/7122]initWebSocket: url=wss://websocket.txzing.com/junsun/index?app_id=6a3643cb81c6e92137ccc63f536df874&tm=1752442297068&data=uIopGzstto8LVksm4asXXqextKC%2B9B6hksWpR54H2DY%3D&platform=car
07-13 17:31:37.069 D/TXZ     ( 5597): [ReportManager][7066/7122]connect: start
07-13 17:31:37.070 D/TXZ     ( 5597): [TXZWebSocketClient][7066/8965]onError: ex=java.net.UnknownHostException: websocket.txzing.com
07-13 17:31:37.070 D/TXZ     ( 5597): [ReportManager][7066/8965]java.net.UnknownHostException: websocket.txzing.com
07-13 17:31:37.070 D/TXZ     ( 5597): [ReportManager][7066/8965]onClose() called with: code = -1, reason = websocket.txzing.com, remote = false
07-13 17:31:37.070 D/TXZ     ( 5597): [ReportManager][7066/7122]connect: finish
07-13 17:31:37.140 I/BarController( 4123): setBarShowingLw - win: 15df344 StatusBar - show: true
07-13 17:31:37.141 I/BarController( 4123): setBarShowingLw - win: 15df344 StatusBar - show: true
07-13 17:31:37.143 D/Surface ( 4123): release Surface,mNativeObject=495288782848, this Surface(name=null)/@0x98c9c61, caller: android.view.ViewRootImpl.destroySurface:1646 android.view.ViewRootImpl.dispatchDetachedFromWindow:4211 android.view.ViewRootImpl.doDie:7199 android.view.ViewRootImpl$ViewRootHandler.handleMessage:4583 android.os.Handler.dispatchMessage:107 android.os.Looper.loop:214 
07-13 17:31:37.144 I/ActivityTaskManager( 4123): Displayed com.serenegiant.usbcameratest8/.MainActivity: +534ms
07-13 17:31:37.144 I/gralloc ( 4123): gralloc_unregister_buffer hnd=0x732b6a8a00, share_fd=367, share_attr_fd=370, magic=51647890, format=1, internal_format=1, byte_stride=5120, flags=4, usage=0x966, size=3686400, width=1280, height=720, internalWidth=1280, internalHeight=720, stride=1280, base=0x72a39fd000, cpu_read=0,cpu_write=0, attr_base=0xffffffffffffffff, yuv_info=0, fd=-1, buf_idx=0, offset=0, min_pgsz=4096, phyaddr=0
07-13 17:31:37.146 I/BarController( 4123): setBarShowingLw - win: 15df344 StatusBar - show: true
07-13 17:31:37.151 I/BarController( 4123): setBarShowingLw - win: 15df344 StatusBar - show: true
