07-13 19:34:00.561  4128  6296 V ActivityManagerShellCommand: runSendBroadcast end ---Intent { act=zjinnova.android.intent.action.START_DAEMON_SERVICE flg=0x400020 pkg=com.zjinnova.zlink }
07-13 19:34:00.810  5553  6280 I mcu_services: readInBuf:[ff fe fd 03 01 29 81 a9 ff ]
07-13 19:34:00.810  5553  6280 E mcu_services: MCU2APP : [ff fe fd 03 01 29 81 a9 ff ]
07-13 19:34:00.810  5553  5838 D mcu_services: processResponse - length: 3 - type: 1 - control: 29
07-13 19:34:00.811  5553  5851 D mcu_services: dispatchToClients - cmdId: 41 - data : [29 81 ]
07-13 19:34:00.811  5553  5851 D callback: callMcuInfoChanged: 29 81 
07-13 19:34:00.814  7287  7287 W ContextImpl: Calling a method in the system process without a qualified user: android.app.ContextImpl.sendBroadcast:1045 android.content.ContextWrapper.sendBroadcast:448 com.qf.carsettings.service.CarSettingService$4.onMcuInfoChanged:670 android.qf.mcu.McuManager$ListenerTransport._handleMessage:106 android.qf.mcu.McuManager$ListenerTransport.access$700:72 
07-13 19:34:00.812  5553  5851 D callback: callMcuInfoChanged: 29 81 
07-13 19:34:00.817  3497  3541 E SPRDHWComposer: SPRD_SR SprdHWComposer2::GET_ACTIVE_CONFIG[466] *outConfig:0
07-13 19:34:00.819  5736  5736 D TxzAccessibilityService: onAccessibilityEvent: event=EventType: TYPE_WINDOW_CONTENT_CHANGED; EventTime: 3624310; PackageName: com.android.systemui; MovementGranularity: 0; Action: 0; ContentChangeTypes: [CONTENT_CHANGE_TYPE_TEXT]; WindowChangeTypes: [] [ ClassName: android.widget.TextView; Text: []; ContentDescription: null; ItemCount: -1; CurrentItemIndex: -1; Enabled: true; Password: false; Checked: false; FullScreen: false; Scrollable: false; BeforeText: null; FromIndex: -1; ToIndex: -1; ScrollX: -1; ScrollY: -1; MaxScrollX: -1; MaxScrollY: -1; AddedCount: -1; RemovedCount: -1; ParcelableData: null ]; recordCount: 1
07-13 19:34:00.819  5736  5736 D TxzAccessibilityService: skip com.android.systemui
07-13 19:34:01.019  3830  5187 D GnssHAL_V_GnssUtil: convertToGnssLocation_2_0: enter
07-13 19:34:01.019  3830  5187 D GnssHAL_V_GnssUtil: convertToGnssLocation_2_0: latitudeDegrees:40.652445, longitudeDegrees: -73.757013, elapsedRealtime.flags:0, elapsedRealtime.timestampNs: 0, elapsedRealtime.timeUncertaintyNs: 0
07-13 19:34:01.023  4128  4153 I LocationManagerService: incoming location: Location[gps 41******  -74******  hAcc=3 t=1752449641000 et=+1h0m24s512ms alt=-22.175 vel=0.0 bear=0.0 vAcc=12 sAcc=0 bAcc=39 {Bundle[{satellites=15, maxCn0=47, meanCn0=39}]}]
07-13 19:34:01.027  4128  4153 I LocationManagerService: incoming location: Location[gps 41******  -74******  hAcc=3 t=1752449641000 et=+1h0m24s512ms alt=-22.175 vel=0.0 bear=0.0 vAcc=12 sAcc=0 bAcc=39 {Bundle[{satellites=15, maxCn0=47, meanCn0=39}]}]
07-13 19:34:01.195  7287  7287 I QFApi   : getCustomPlatform - customPlatform: 7862
07-13 19:34:01.246  4128  4472 D WifiNetworkMonitor: EVENT_WIFI_RSSI_CHANGED
07-13 19:34:01.246  4128  4473 D WifiRssiLinkSpeedAndFrequencyMonitor: EVENT_WIFI_RSSI_LINKSPEED_FREQUENCY_CHANGED
07-13 19:34:01.246  4128  4473 D WifiRssiLinkSpeedAndFrequencyMonitor: Not any Obervers!!!
07-13 19:34:01.246  4128  4472 E WifiNetworkMonitor: Not any Obervers!!!
07-13 19:34:01.800  5736  6124 D TXZ     : [OverseaAdapter][5870/5870]InitManager initVoice
07-13 19:34:01.800  5736  6124 D TXZ     : [OverseaAdapter][5870/5870]device uuid: 1032310111900736
07-13 19:34:01.800  5736  6124 D TXZ     : [BaseWakeupManager][5870/5870]initialize engine 4.1.1_12_0222
07-13 19:34:01.800  5736  6124 D TXZ     : [BaseWakeupManager][5870/5870]already initialized...
07-13 19:34:01.802  5736  6124 D TXZ     : [TXZ][5870/5870]getRemoteAssetsData:model/com.txznet.smartadapter.cfg
07-13 19:34:01.802  5736  6124 D TXZ     : [AssetsUtil][5870/5870]model/com.txznet.smartadapter.cfg not exists
07-13 19:34:01.804  5736  6124 D TXZ     : [AssetsUtil][5870/5870]model/com.txznet.smartadapter.cfg not exists
07-13 19:34:02.011  3830  5187 D GnssHAL_V_GnssUtil: convertToGnssLocation_2_0: enter
07-13 19:34:02.011  3830  5187 D GnssHAL_V_GnssUtil: convertToGnssLocation_2_0: latitudeDegrees:40.652445, longitudeDegrees: -73.757013, elapsedRealtime.flags:0, elapsedRealtime.timestampNs: 0, elapsedRealtime.timeUncertaintyNs: 0
07-13 19:34:02.013  4128  4153 I LocationManagerService: incoming location: Location[gps 41******  -74******  hAcc=3 t=1752449642000 et=+1h0m25s504ms alt=-22.175 vel=0.0 bear=0.0 vAcc=13 sAcc=0 bAcc=39 {Bundle[{satellites=19, maxCn0=47, meanCn0=37}]}]
07-13 19:34:02.016  4128  4153 I LocationManagerService: incoming location: Location[gps 41******  -74******  hAcc=3 t=1752449642000 et=+1h0m25s504ms alt=-22.175 vel=0.0 bear=0.0 vAcc=13 sAcc=0 bAcc=39 {Bundle[{satellites=19, maxCn0=47, meanCn0=37}]}]
07-13 19:34:02.167  5736  6124 D TXZ     : [TXZ][5870/5870]sIsLoadFile = false, sIsLoadRemote = false
07-13 19:34:02.168  5736  6124 D TXZ     : [AppLogicUtil][5870/5870]updateResourceConfig: configuration not changed
07-13 19:34:02.168  5736  6124 D TXZ     : [TXZ][5870/5870]getRemoteAssetsData:model/com.txznet.smartadapter.cfg
07-13 19:34:02.168  5736  6124 D TXZ     : [AssetsUtil][5870/5870]model/com.txznet.smartadapter.cfg not exists
07-13 19:34:02.168  5736  6124 D TXZ     : [AssetsUtil][5870/5870]model/com.txznet.smartadapter.cfg not exists
07-13 19:34:02.199  7287  7287 I QFApi   : getCustomPlatform - customPlatform: 7862
07-13 19:34:02.332  4128  7167 D AlarmManagerService: set alarm to kernel: 3626.313000000, type=3 
07-13 19:34:02.332  4128  7167 D AlarmManagerService: AlarmImpl::set, type=3
07-13 19:34:02.417  8861  9137 W System.err: java.net.BindException: bind failed: EADDRINUSE (Address already in use)
07-13 19:34:02.417  8861  9137 W System.err: 	at libcore.io.IoBridge.bind(IoBridge.java:109)
07-13 19:34:02.417  8861  9137 W System.err: 	at java.net.PlainDatagramSocketImpl.bind0(PlainDatagramSocketImpl.java:104)
07-13 19:34:02.417  8861  9137 W System.err: 	at java.net.AbstractPlainDatagramSocketImpl.bind(AbstractPlainDatagramSocketImpl.java:112)
07-13 19:34:02.417  8861  9137 W System.err: 	at java.net.DatagramSocket.bind(DatagramSocket.java:412)
07-13 19:34:02.417  8861  9137 W System.err: 	at java.net.DatagramSocket.<init>(DatagramSocket.java:262)
07-13 19:34:02.417  8861  9137 W System.err: 	at java.net.DatagramSocket.<init>(DatagramSocket.java:319)
07-13 19:34:02.417  8861  9137 W System.err: 	at com.txznet.util.UdpServer.a(UdpServer.java:59)
07-13 19:34:02.417  8861  9137 W System.err: 	at com.txznet.util.UdpServer.a(UdpServer.java:12)
07-13 19:34:02.417  8861  9137 W System.err: 	at com.txznet.util.UdpServer$1.handleMessage(UdpServer.java:33)
07-13 19:34:02.418  8861  9137 W System.err: 	at android.os.Handler.dispatchMessage(Handler.java:107)
07-13 19:34:02.418  8861  9137 W System.err: 	at android.os.Looper.loop(Looper.java:214)
07-13 19:34:02.418  8861  9137 W System.err: 	at android.os.HandlerThread.run(HandlerThread.java:67)
07-13 19:34:02.418  8861  9137 W System.err: Caused by: android.system.ErrnoException: bind failed: EADDRINUSE (Address already in use)
07-13 19:34:02.418  8861  9137 W System.err: 	at libcore.io.Linux.bind(Native Method)
07-13 19:34:02.418  8861  9137 W System.err: 	at libcore.io.ForwardingOs.bind(ForwardingOs.java:75)
07-13 19:34:02.418  8861  9137 W System.err: 	at libcore.io.ForwardingOs.bind(ForwardingOs.java:75)
07-13 19:34:02.418  8861  9137 W System.err: 	at libcore.io.IoBridge.bind(IoBridge.java:105)
07-13 19:34:02.418  8861  9137 W System.err: 	... 11 more
07-13 19:34:02.510  5736  6124 D TXZ     : [TXZ][5870/5870]sIsLoadFile = false, sIsLoadRemote = false
07-13 19:34:02.510  5736  6124 D TXZ     : [AppLogicUtil][5870/5870]updateResourceConfig: configuration not changed
07-13 19:34:02.575  5736  6057 D TXZ     : sdkFloatViewConfig is null
07-13 19:34:02.607  3774  3894 D btopt   : zlink wake_up_apk_server: cmd = 'export PATH=$PATH:/system/bin/;am broadcast -a "zjinnova.android.intent.action.START_DAEMON_SERVICE" --include-stopped-packages "com.zjinnova.zlink"&'
07-13 19:34:02.665  4128  6296 V ActivityManagerShellCommand: Received onCommand broadcast callUid=0 callpid=24991
07-13 19:34:02.791  8587  8587 I Tpms3   : mDataCheckTimer startDataTime:-1;datTime:1752449642
07-13 19:34:02.795  5553  6280 I mcu_services: readInBuf:[ff fe fd 03 01 29 81 a9 ff ]
07-13 19:34:02.795  5553  6280 E mcu_services: MCU2APP : [ff fe fd 03 01 29 81 a9 ff ]
07-13 19:34:02.795  5553  5838 D mcu_services: processResponse - length: 3 - type: 1 - control: 29
07-13 19:34:02.796  5553  5851 D mcu_services: dispatchToClients - cmdId: 41 - data : [29 81 ]
07-13 19:34:02.796  5553  5851 D callback: callMcuInfoChanged: 29 81 
07-13 19:34:02.799  7287  7287 W ContextImpl: Calling a method in the system process without a qualified user: android.app.ContextImpl.sendBroadcast:1045 android.content.ContextWrapper.sendBroadcast:448 com.qf.carsettings.service.CarSettingService$4.onMcuInfoChanged:670 android.qf.mcu.McuManager$ListenerTransport._handleMessage:106 android.qf.mcu.McuManager$ListenerTransport.access$700:72 
07-13 19:34:02.797  5553  5851 D callback: callMcuInfoChanged: 29 81 
07-13 19:34:02.802  3497  3541 E SPRDHWComposer: SPRD_SR SprdHWComposer2::GET_ACTIVE_CONFIG[466] *outConfig:0
07-13 19:34:02.805  5736  5736 D TxzAccessibilityService: onAccessibilityEvent: event=EventType: TYPE_WINDOW_CONTENT_CHANGED; EventTime: 3626295; PackageName: com.android.systemui; MovementGranularity: 0; Action: 0; ContentChangeTypes: [CONTENT_CHANGE_TYPE_TEXT]; WindowChangeTypes: [] [ ClassName: android.widget.TextView; Text: []; ContentDescription: null; ItemCount: -1; CurrentItemIndex: -1; Enabled: true; Password: false; Checked: false; FullScreen: false; Scrollable: false; BeforeText: null; FromIndex: -1; ToIndex: -1; ScrollX: -1; ScrollY: -1; MaxScrollX: -1; MaxScrollY: -1; AddedCount: -1; RemovedCount: -1; ParcelableData: null ]; recordCount: 1
07-13 19:34:02.805  5736  5736 D TxzAccessibilityService: skip com.android.systemui
07-13 19:34:02.819  4128  4428 D AlarmManager: waitForAlarm result:8currentTime=1752449642819, elapsedRealtime=3626313
07-13 19:34:02.820  4128  4428 D AlarmManager: sending alarm.type = 3, action = null, cn = null, operation = null
07-13 19:34:02.820  4128  4428 D AlarmManagerService: set alarm to kernel: 3637.538000000, type=3 
07-13 19:34:02.820  4128  4428 D AlarmManagerService: AlarmImpl::set, type=3
07-13 19:34:02.824  4128  6296 W AlarmManager: setImpl(), force change type ELAPSED_REALTIME_WAKEUP -> ELAPSED_REALTIME
07-13 19:34:02.824  4873  4873 E wpa_supplicant: Unknown driver cmd: BTCOEXMODE 1
07-13 19:34:02.824  4128  6296 V AlarmManager: set(null) : type=3 listener=android.app.IAlarmListener$Stub$Proxy@713d3d9 listenerTag=IpClient.wlan0.EVENT_DHCPACTION_TIMEOUT triggerAtTime=3662317 win=0 tElapsed=3662317 maxElapsed=3662317 interval=0 flags=0x9
07-13 19:34:02.825  4128  6296 D AlarmManagerService: set alarm to kernel: 3637.538000000, type=3 
07-13 19:34:02.825  4128  6296 D AlarmManagerService: AlarmImpl::set, type=3
07-13 19:34:02.834  4805  5059 D DhcpClient: Unicasting DHCPREQUEST ciaddr=192.168.0.179 request=0.0.0.0 serverid=null to /192.168.0.1:67
07-13 19:34:02.836  4128  6296 W AlarmManager: setImpl(), force change type ELAPSED_REALTIME_WAKEUP -> ELAPSED_REALTIME
07-13 19:34:02.836  4128  6296 V AlarmManager: set(null) : type=3 listener=android.app.IAlarmListener$Stub$Proxy@d3819e listenerTag=DhcpClient.wlan0.KICK triggerAtTime=3628227 win=0 tElapsed=3631329 maxElapsed=3631329 interval=0 flags=0x9
07-13 19:34:02.837  4128  6296 D AlarmManagerService: set alarm to kernel: 3631.329000000, type=3 
07-13 19:34:02.837  4128  6296 D AlarmManagerService: AlarmImpl::set, type=3
07-13 19:34:02.960  4805  6357 D DhcpClient: Received packet: 8a:be:ef:4c:b7:80 ACK: your new IP /192.168.0.179, netmask /255.255.255.0, gateways [/192.168.0.1] DNS servers: /192.168.0.1 , lease time 7200
07-13 19:34:02.961  4805  5059 D DhcpClient: Renewed lease: android.net.networkstack.DhcpResults@e556356 DHCP server /192.168.0.1 Vendor info null lease 7200 seconds MTU 1472 Servername 
07-13 19:34:02.964  4128  6296 D AlarmManagerService: set alarm to kernel: 3637.538000000, type=3 
07-13 19:34:02.964  4128  6296 D AlarmManagerService: AlarmImpl::set, type=3
07-13 19:34:02.968  4128  6296 W AlarmManager: setImpl(), force change type ELAPSED_REALTIME_WAKEUP -> ELAPSED_REALTIME
07-13 19:34:02.968  4128  6296 V AlarmManager: set(null) : type=3 listener=android.app.IAlarmListener$Stub$Proxy@9c0847f listenerTag=DhcpClient.wlan0.RENEW triggerAtTime=7226457 win=0 tElapsed=7226457 maxElapsed=7226457 interval=0 flags=0x9
07-13 19:34:02.968  4128  6296 D AlarmManagerService: set alarm to kernel: 3637.538000000, type=3 
07-13 19:34:02.968  4128  6296 D AlarmManagerService: AlarmImpl::set, type=3
07-13 19:34:02.969  4128  6296 W AlarmManager: setImpl(), force change type ELAPSED_REALTIME_WAKEUP -> ELAPSED_REALTIME
07-13 19:34:02.969  4128  6296 V AlarmManager: set(null) : type=3 listener=android.app.IAlarmListener$Stub$Proxy@8914c4c listenerTag=DhcpClient.wlan0.REBIND triggerAtTime=9926454 win=0 tElapsed=9926454 maxElapsed=9926454 interval=0 flags=0x9
07-13 19:34:02.971  4128  6296 D AlarmManagerService: set alarm to kernel: 3637.538000000, type=3 
07-13 19:34:02.971  4128  6296 D AlarmManagerService: AlarmImpl::set, type=3
07-13 19:34:02.971  4128  6296 D AlarmManagerService: set alarm to kernel: 3637.538000000, type=3 
07-13 19:34:02.971  4128  6296 D AlarmManagerService: AlarmImpl::set, type=3
07-13 19:34:02.972  4128  6296 W AlarmManager: setImpl(), force change type ELAPSED_REALTIME_WAKEUP -> ELAPSED_REALTIME
07-13 19:34:02.972  4128  6296 V AlarmManager: set(null) : type=3 listener=android.app.IAlarmListener$Stub$Proxy@9e4d495 listenerTag=DhcpClient.wlan0.EXPIRY triggerAtTime=10826454 win=0 tElapsed=10826454 maxElapsed=10826454 interval=0 flags=0x9
07-13 19:34:02.974  4128  6296 D AlarmManagerService: set alarm to kernel: 3637.538000000, type=3 
07-13 19:34:02.974  4128  6296 D AlarmManagerService: AlarmImpl::set, type=3
07-13 19:34:02.974  4128  6296 D AlarmManagerService: set alarm to kernel: 3637.538000000, type=3 
07-13 19:34:02.974  4128  6296 D AlarmManagerService: AlarmImpl::set, type=3
07-13 19:34:02.974  4805  5059 D DhcpClient: Scheduling renewal in 3599s
07-13 19:34:02.974  4805  5059 D DhcpClient: Scheduling rebind in 6299s
07-13 19:34:02.974  4805  5059 D DhcpClient: Scheduling expiry in 7199s
07-13 19:34:02.977  4128  6296 D AlarmManagerService: set alarm to kernel: 3637.538000000, type=3 
07-13 19:34:02.977  4128  6296 D AlarmManagerService: AlarmImpl::set, type=3
07-13 19:34:02.979  4873  4873 E wpa_supplicant: Unknown driver cmd: BTCOEXMODE 2
07-13 19:34:02.980  4128  4476 D ConnectivityService: notifyType CALLBACK_CAP_CHANGED for NetworkAgentInfo [WIFI () - 100]
07-13 19:34:02.980  4128  4476 D ConnectivityService:  sending notification for NetworkRequest [ REQUEST id=1, [ Capabilities: INTERNET&NOT_RESTRICTED&TRUSTED&NOT_VPN] ]
07-13 19:34:02.980  4128  4476 D ConnectivityService:  sending notification for NetworkRequest [ LISTEN id=4, [ Capabilities: FOREGROUND] ]
07-13 19:34:02.981  4128  4476 D ConnectivityService: sending notification CALLBACK_CAP_CHANGED for NetworkRequest [ LISTEN id=4, [ Capabilities: FOREGROUND] ]
07-13 19:34:02.981  4128  4476 D ConnectivityService:  sending notification for NetworkRequest [ LISTEN id=5, [ Capabilities: NOT_RESTRICTED&TRUSTED&NOT_VPN&FOREGROUND Uid: 1000] ]
07-13 19:34:02.981  4128  4476 D ConnectivityService: sending notification CALLBACK_CAP_CHANGED for NetworkRequest [ LISTEN id=5, [ Capabilities: NOT_RESTRICTED&TRUSTED&NOT_VPN&FOREGROUND Uid: 1000] ]
07-13 19:34:02.981  4128  4476 D ConnectivityService:  sending notification for NetworkRequest [ LISTEN id=6, [ Transports: WIFI Capabilities: INTERNET&TRUSTED&NOT_VPN&FOREGROUND Uid: 1001] ]
07-13 19:34:02.981  4128  4476 D ConnectivityService: sending notification CALLBACK_CAP_CHANGED for NetworkRequest [ LISTEN id=6, [ Transports: WIFI Capabilities: INTERNET&TRUSTED&NOT_VPN&FOREGROUND Uid: 1001] ]
07-13 19:34:02.981  4128  4476 D ConnectivityService:  sending notification for NetworkRequest [ REQUEST id=7, [ Capabilities: INTERNET&NOT_RESTRICTED&TRUSTED&NOT_VPN] ]
07-13 19:34:02.981  4128  4476 D ConnectivityService: sending notification CALLBACK_CAP_CHANGED for NetworkRequest [ REQUEST id=7, [ Capabilities: INTERNET&NOT_RESTRICTED&TRUSTED&NOT_VPN] ]
07-13 19:34:02.981  4128  4476 D ConnectivityService:  sending notification for NetworkRequest [ LISTEN id=9, [ Capabilities: NOT_RESTRICTED&TRUSTED&NOT_VPN Uid: 1000] ]
07-13 19:34:02.981  4128  4476 D ConnectivityService: sending notification CALLBACK_CAP_CHANGED for NetworkRequest [ LISTEN id=9, [ Capabilities: NOT_RESTRICTED&TRUSTED&NOT_VPN Uid: 1000] ]
07-13 19:34:02.981  4128  4476 D ConnectivityService:  sending notification for NetworkRequest [ LISTEN id=10, [ Transports: WIFI Capabilities: INTERNET&TRUSTED&NOT_VPN Uid: 1001] ]
07-13 19:34:02.981  4128  4476 D ConnectivityService: sending notification CALLBACK_CAP_CHANGED for NetworkRequest [ LISTEN id=10, [ Transports: WIFI Capabilities: INTERNET&TRUSTED&NOT_VPN Uid: 1001] ]
07-13 19:34:02.982  4128  4476 D ConnectivityService:  sending notification for NetworkRequest [ TRACK_DEFAULT id=11, [ Capabilities: INTERNET&NOT_RESTRICTED&TRUSTED Uid: 1000] ]
07-13 19:34:02.982  4713  4713 I NetworkCustomController: action: android.net.wifi.STATE_CHANGE
07-13 19:34:02.982  4128  4476 D ConnectivityService: sending notification CALLBACK_CAP_CHANGED for NetworkRequest [ TRACK_DEFAULT id=11, [ Capabilities: INTERNET&NOT_RESTRICTED&TRUSTED Uid: 1000] ]
07-13 19:34:02.982  4128  4476 D ConnectivityService:  sending notification for NetworkRequest [ LISTEN id=12, [ Transports: WIFI Capabilities: NOT_VPN] ]
07-13 19:34:02.982  4128  4476 D ConnectivityService: sending notification CALLBACK_CAP_CHANGED for NetworkRequest [ LISTEN id=12, [ Transports: WIFI Capabilities: NOT_VPN] ]
07-13 19:34:02.982  4128  4476 D ConnectivityService:  sending notification for NetworkRequest [ TRACK_DEFAULT id=13, [ Capabilities: INTERNET&NOT_RESTRICTED&TRUSTED Uid: 10102] ]
07-13 19:34:02.982  4128  4476 D ConnectivityService: sending notification CALLBACK_CAP_CHANGED for NetworkRequest [ TRACK_DEFAULT id=13, [ Capabilities: INTERNET&NOT_RESTRICTED&TRUSTED Uid: 10102] ]
07-13 19:34:02.982  4128  4476 D ConnectivityService:  sending notification for NetworkRequest [ LISTEN id=15, [] ]
07-13 19:34:02.982  4128  4476 D ConnectivityService: sending notification CALLBACK_CAP_CHANGED for NetworkRequest [ LISTEN id=15, [] ]
07-13 19:34:02.982  4128  4476 D ConnectivityService:  sending notification for NetworkRequest [ LISTEN id=16, [ Capabilities: INTERNET&NOT_RESTRICTED&TRUSTED&VALIDATED Uid: 1000] ]
07-13 19:34:02.982  4128  4476 D ConnectivityService: sending notification CALLBACK_CAP_CHANGED for NetworkRequest [ LISTEN id=16, [ Capabilities: INTERNET&NOT_RESTRICTED&TRUSTED&VALIDATED Uid: 1000] ]
07-13 19:34:02.982  4128  4167 D PowerController.BgClean: judgeAppLaunchAllowed : com.txznet.trace(uid:10121), callingPackage = android(uid:1000), reason = send-broadcast
07-13 19:34:02.983  4128  4476 D ConnectivityService:  sending notification for NetworkRequest [ LISTEN id=17, [ Capabilities: INTERNET&NOT_RESTRICTED&TRUSTED&NOT_VPN&FOREGROUND Uid: 10126] ]
07-13 19:34:02.983  4128  4167 D PowerController.BgClean: judgeAppLaunchAllowed : intent action:Intent { act=android.net.wifi.STATE_CHANGE flg=0x4000010 (has extras) }
07-13 19:34:02.983  4128  4476 D ConnectivityService: sending notification CALLBACK_CAP_CHANGED for NetworkRequest [ LISTEN id=17, [ Capabilities: INTERNET&NOT_RESTRICTED&TRUSTED&NOT_VPN&FOREGROUND Uid: 10126] ]
07-13 19:34:02.983  4128  4476 D ConnectivityService:  sending notification for NetworkRequest [ TRACK_DEFAULT id=18, [ Capabilities: INTERNET&NOT_RESTRICTED&TRUSTED Uid: 10148] ]
07-13 19:34:02.983  4128  4476 D ConnectivityService: sending notification CALLBACK_CAP_CHANGED for NetworkRequest [ TRACK_DEFAULT id=18, [ Capabilities: INTERNET&NOT_RESTRICTED&TRUSTED Uid: 10148] ]
07-13 19:34:02.983  4713  4713 I NetworkCustomController: isConnected:true
07-13 19:34:02.983  4128  4476 D ConnectivityService:  sending notification for NetworkRequest [ LISTEN id=19, [ Capabilities: INTERNET&NOT_RESTRICTED&TRUSTED&FOREGROUND Uid: 10148] ]
07-13 19:34:02.984  4128  4476 D ConnectivityService: sending notification CALLBACK_CAP_CHANGED for NetworkRequest [ LISTEN id=19, [ Capabilities: INTERNET&NOT_RESTRICTED&TRUSTED&FOREGROUND Uid: 10148] ]
07-13 19:34:02.984  4128  4476 D ConnectivityService:  sending notification for NetworkRequest [ LISTEN id=20, [ Capabilities: INTERNET&TRUSTED Uid: 10106] ]
07-13 19:34:02.984  4128  4476 D ConnectivityService: sending notification CALLBACK_CAP_CHANGED for NetworkRequest [ LISTEN id=20, [ Capabilities: INTERNET&TRUSTED Uid: 10106] ]
07-13 19:34:02.984  4128  4476 D ConnectivityService:  sending notification for NetworkRequest [ TRACK_DEFAULT id=21, [ Capabilities: INTERNET&NOT_RESTRICTED&TRUSTED Uid: 10106] ]
07-13 19:34:02.984  4128  4476 D ConnectivityService: sending notification CALLBACK_CAP_CHANGED for NetworkRequest [ TRACK_DEFAULT id=21, [ Capabilities: INTERNET&NOT_RESTRICTED&TRUSTED Uid: 10106] ]
07-13 19:34:02.984  4128  4476 D ConnectivityService:  sending notification for NetworkRequest [ TRACK_DEFAULT id=23, [ Capabilities: INTERNET&NOT_RESTRICTED&TRUSTED Uid: 10108] ]
07-13 19:34:02.985  5736  5736 I TimingUpdater: onNetworkChange:true
07-13 19:34:02.985  4713  4713 I NetworkCustomController: info:SSID: T-Mobile Hotspot_5693_2.4GHz, BSSID: 68:79:12:a4:cc:c9, MAC: 02:00:00:00:00:00, Supplicant state: COMPLETED, RSSI: -22, Link speed: 65Mbps, Tx Link speed: 65Mbps, Rx Link speed: -1Mbps, Noise: 0, Frequency: 2412MHz, Net ID: 0, Metered hint: false, score: 60
07-13 19:34:02.985  4713  4713 I NetworkCustomController: ssid:T-Mobile Hotspot_5693_2.4GHz
07-13 19:34:02.986  4713  4713 I NetworkCustomController: action: android.net.wifi.STATE_CHANGE
07-13 19:34:02.986  4713  4713 I NetworkCustomController: isConnected:true
07-13 19:34:02.986  4128  4476 D ConnectivityService: sending notification CALLBACK_CAP_CHANGED for NetworkRequest [ TRACK_DEFAULT id=23, [ Capabilities: INTERNET&NOT_RESTRICTED&TRUSTED Uid: 10108] ]
07-13 19:34:02.986  4128  4476 D ConnectivityService:  sending notification for NetworkRequest [ TRACK_DEFAULT id=25, [ Capabilities: INTERNET&NOT_RESTRICTED&TRUSTED Uid: 10106] ]
07-13 19:34:02.987  4128  4476 D ConnectivityService: sending notification CALLBACK_CAP_CHANGED for NetworkRequest [ TRACK_DEFAULT id=25, [ Capabilities: INTERNET&NOT_RESTRICTED&TRUSTED Uid: 10106] ]
07-13 19:34:02.987  4713  4713 I NetworkCustomController: info:SSID: T-Mobile Hotspot_5693_2.4GHz, BSSID: 68:79:12:a4:cc:c9, MAC: 02:00:00:00:00:00, Supplicant state: COMPLETED, RSSI: -22, Link speed: 65Mbps, Tx Link speed: 65Mbps, Rx Link speed: -1Mbps, Noise: 0, Frequency: 2412MHz, Net ID: 0, Metered hint: false, score: 60
07-13 19:34:02.987  4128  4476 D ConnectivityService:  sending notification for NetworkRequest [ LISTEN id=26, [ Capabilities: INTERNET&NOT_RESTRICTED&TRUSTED Uid: 10106] ]
07-13 19:34:02.987  4713  4713 I NetworkCustomController: ssid:T-Mobile Hotspot_5693_2.4GHz
07-13 19:34:02.987  4128  4476 D ConnectivityService: sending notification CALLBACK_CAP_CHANGED for NetworkRequest [ LISTEN id=26, [ Capabilities: INTERNET&NOT_RESTRICTED&TRUSTED Uid: 10106] ]
07-13 19:34:02.987  4128  4476 D ConnectivityService:  sending notification for NetworkRequest [ TRACK_DEFAULT id=28, [ Capabilities: INTERNET&NOT_RESTRICTED&TRUSTED Uid: 10100] ]
07-13 19:34:02.987  4128  4476 D ConnectivityService: sending notification CALLBACK_CAP_CHANGED for NetworkRequest [ TRACK_DEFAULT id=28, [ Capabilities: INTERNET&NOT_RESTRICTED&TRUSTED Uid: 10100] ]
07-13 19:34:02.987  4128  4476 D ConnectivityService:  sending notification for NetworkRequest [ LISTEN id=29, [ Capabilities: INTERNET&NOT_RESTRICTED&TRUSTED Uid: 10100] ]
07-13 19:34:02.987  4128  4476 D ConnectivityService: sending notification CALLBACK_CAP_CHANGED for NetworkRequest [ LISTEN id=29, [ Capabilities: INTERNET&NOT_RESTRICTED&TRUSTED Uid: 10100] ]
07-13 19:34:02.987  5272  8054 I FusedLocation: (REDACTED) stationary throttling engaged @%s
07-13 19:34:02.987  4128  4476 D ConnectivityService:  sending notification for NetworkRequest [ LISTEN id=30, [ Transports: CELLULAR|WIFI Capabilities: NOT_RESTRICTED&TRUSTED&NOT_VPN Uid: 10106] ]
07-13 19:34:02.987  4128  4476 D ConnectivityService: sending notification CALLBACK_CAP_CHANGED for NetworkRequest [ LISTEN id=30, [ Transports: CELLULAR|WIFI Capabilities: NOT_RESTRICTED&TRUSTED&NOT_VPN Uid: 10106] ]
07-13 19:34:02.988  4128  4476 D ConnectivityService:  sending notification for NetworkRequest [ LISTEN id=31, [ Transports: WIFI Capabilities: NOT_RESTRICTED&TRUSTED&NOT_VPN Uid: 10106] ]
07-13 19:34:02.988  4128  4476 D ConnectivityService: sending notification CALLBACK_CAP_CHANGED for NetworkRequest [ LISTEN id=31, [ Transports: WIFI Capabilities: NOT_RESTRICTED&TRUSTED&NOT_VPN Uid: 10106] ]
07-13 19:34:02.988  4128  4476 D ConnectivityService:  sending notification for NetworkRequest [ TRACK_DEFAULT id=36, [ Capabilities: INTERNET&NOT_RESTRICTED&TRUSTED Uid: 10108] ]
07-13 19:34:02.988  4128  4476 D ConnectivityService: sending notification CALLBACK_CAP_CHANGED for NetworkRequest [ TRACK_DEFAULT id=36, [ Capabilities: INTERNET&NOT_RESTRICTED&TRUSTED Uid: 10108] ]
07-13 19:34:02.988  4128  4476 D ConnectivityService:  sending notification for NetworkRequest [ TRACK_DEFAULT id=37, [ Capabilities: INTERNET&NOT_RESTRICTED&TRUSTED Uid: 10108] ]
07-13 19:34:02.989  5736  6124 D TXZ     : [WifiReceiver][6754/6754]
07-13 19:34:02.994  4128  5538 D PowerController.BgClean: judgeAppLaunchAllowed : com.google.android.gms(uid:10106), callingPackage = com.google.android.gms(uid:10106), reason = start-service
07-13 19:34:02.994  4128  5538 D PowerController.BgClean: judgeAppLaunchAllowed : intent action:Intent { act=com.google.android.location.internal.GMS_NLP pkg=com.google.android.gms (has extras) }
07-13 19:34:02.995  4128  4476 D ConnectivityService: sending notification CALLBACK_CAP_CHANGED for NetworkRequest [ TRACK_DEFAULT id=37, [ Capabilities: INTERNET&NOT_RESTRICTED&TRUSTED Uid: 10108] ]
07-13 19:34:02.995  4128  4476 D ConnectivityService:  sending notification for NetworkRequest [ LISTEN id=38, [ Capabilities: INTERNET&NOT_RESTRICTED&TRUSTED Uid: 10108] ]
07-13 19:34:02.996  4128  4476 D ConnectivityService: sending notification CALLBACK_CAP_CHANGED for NetworkRequest [ LISTEN id=38, [ Capabilities: INTERNET&NOT_RESTRICTED&TRUSTED Uid: 10108] ]
07-13 19:34:02.996  5736  6124 D TXZ     : [WifiReceiver][6754/6754] "T-Mobile Hotspot_5693_2.4GHz"
07-13 19:34:02.996  5736  6124 D TXZ     : [TXZ][6754/6754]device uuid: 1032310111900736
07-13 19:34:02.996  5736  6124 D TXZ     : [LoginManager][8887/8887] "T-Mobile Hotspot_5693_2.4GHz"
07-13 19:34:02.996  4128  4476 D ConnectivityService:  sending notification for NetworkRequest [ TRACK_DEFAULT id=46, [ Capabilities: INTERNET&NOT_RESTRICTED&TRUSTED Uid: 10106] ]
07-13 19:34:02.997  4128  4476 D ConnectivityService: sending notification CALLBACK_CAP_CHANGED for NetworkRequest [ TRACK_DEFAULT id=46, [ Capabilities: INTERNET&NOT_RESTRICTED&TRUSTED Uid: 10106] ]
07-13 19:34:02.997  4128  4476 D ConnectivityService:  sending notification for NetworkRequest [ LISTEN id=47, [ Transports: WIFI Capabilities: NOT_RESTRICTED&TRUSTED&NOT_VPN Uid: 10106] ]
07-13 19:34:02.997  4128  4476 D ConnectivityService: sending notification CALLBACK_CAP_CHANGED for NetworkRequest [ LISTEN id=47, [ Transports: WIFI Capabilities: NOT_RESTRICTED&TRUSTED&NOT_VPN Uid: 10106] ]
07-13 19:34:02.997  4128  4476 D ConnectivityService:  sending notification for NetworkRequest [ TRACK_DEFAULT id=51, [ Capabilities: INTERNET&NOT_RESTRICTED&TRUSTED Uid: 10106] ]
07-13 19:34:02.997  4128  4476 D ConnectivityService: sending notification CALLBACK_CAP_CHANGED for NetworkRequest [ TRACK_DEFAULT id=51, [ Capabilities: INTERNET&NOT_RESTRICTED&TRUSTED Uid: 10106] ]
07-13 19:34:02.998  4128  4476 D ConnectivityService:  sending notification for NetworkRequest [ LISTEN id=52, [ Capabilities: INTERNET&NOT_RESTRICTED&TRUSTED Uid: 10106] ]
07-13 19:34:02.998  4128  4476 D ConnectivityService: sending notification CALLBACK_CAP_CHANGED for NetworkRequest [ LISTEN id=52, [ Capabilities: INTERNET&NOT_RESTRICTED&TRUSTED Uid: 10106] ]
07-13 19:34:02.998  4128  4476 D ConnectivityService:  sending notification for NetworkRequest [ TRACK_DEFAULT id=74, [ Capabilities: INTERNET&NOT_RESTRICTED&TRUSTED Uid: 10128] ]
07-13 19:34:02.998  4128  4476 D ConnectivityService: sending notification CALLBACK_CAP_CHANGED for NetworkRequest [ TRACK_DEFAULT id=74, [ Capabilities: INTERNET&NOT_RESTRICTED&TRUSTED Uid: 10128] ]
07-13 19:34:02.998  4128  4476 D ConnectivityService:  sending notification for NetworkRequest [ LISTEN id=80, [ Capabilities: INTERNET&NOT_RESTRICTED&TRUSTED&NOT_VPN Uid: 10087] ]
07-13 19:34:02.998  4713  4713 D StatusBarSignalPolicy: updateWifiIconWithState state : WifiIconState(resId=2131231896, visible=true)
07-13 19:34:02.999  4128  4476 D ConnectivityService: sending notification CALLBACK_CAP_CHANGED for NetworkRequest [ LISTEN id=80, [ Capabilities: INTERNET&NOT_RESTRICTED&TRUSTED&NOT_VPN Uid: 10087] ]
07-13 19:34:02.999  4128  4476 D ConnectivityService:  sending notification for NetworkRequest [ TRACK_DEFAULT id=82, [ Capabilities: INTERNET&NOT_RESTRICTED&TRUSTED Uid: 10128] ]
07-13 19:34:02.999  4128  4476 D ConnectivityService: sending notification CALLBACK_CAP_CHANGED for NetworkRequest [ TRACK_DEFAULT id=82, [ Capabilities: INTERNET&NOT_RESTRICTED&TRUSTED Uid: 10128] ]
07-13 19:34:02.999  4713  4713 E StackScroller: Attempting to re-position  view {com.android.systemui.statusbar.notification.row.FooterView{7179b45 V.E...... ......I. 0,0-0,0}}
07-13 19:34:02.999  4713  4713 E StackScroller: Attempting to re-position  view {com.android.systemui.statusbar.EmptyShadeView{2ba529a G.E...... ......I. 0,0-0,0}}
07-13 19:34:02.999  4713  4713 E StackScroller: Attempting to re-position  view {com.android.systemui.statusbar.NotificationShelf{ceac7f7 VFE...C.. ......I. 0,0-0,0}}
07-13 19:34:02.999  4128  4476 D ConnectivityService:  sending notification for NetworkRequest [ LISTEN id=83, [ Capabilities: INTERNET&NOT_RESTRICTED&TRUSTED Uid: 10128] ]
07-13 19:34:03.000  4128  4476 D ConnectivityService: sending notification CALLBACK_CAP_CHANGED for NetworkRequest [ LISTEN id=83, [ Capabilities: INTERNET&NOT_RESTRICTED&TRUSTED Uid: 10128] ]
07-13 19:34:03.000  4128  4476 D ConnectivityService:  sending notification for NetworkRequest [ TRACK_DEFAULT id=124, [ Capabilities: INTERNET&NOT_RESTRICTED&TRUSTED Uid: 10142] ]
07-13 19:34:03.000  4128  4476 D ConnectivityService: sending notification CALLBACK_CAP_CHANGED for NetworkRequest [ TRACK_DEFAULT id=124, [ Capabilities: INTERNET&NOT_RESTRICTED&TRUSTED Uid: 10142] ]
07-13 19:34:03.000  4128  4476 D ConnectivityService:  sending notification for NetworkRequest [ TRACK_DEFAULT id=125, [ Capabilities: INTERNET&NOT_RESTRICTED&TRUSTED Uid: 10141] ]
07-13 19:34:03.000  4128  4476 D ConnectivityService: sending notification CALLBACK_CAP_CHANGED for NetworkRequest [ TRACK_DEFAULT id=125, [ Capabilities: INTERNET&NOT_RESTRICTED&TRUSTED Uid: 10141] ]
07-13 19:34:03.000  4128  4476 D ConnectivityService:  sending notification for NetworkRequest [ TRACK_DEFAULT id=126, [ Capabilities: INTERNET&NOT_RESTRICTED&TRUSTED Uid: 10129] ]
07-13 19:34:03.000  4128  4476 D ConnectivityService: sending notification CALLBACK_CAP_CHANGED for NetworkRequest [ TRACK_DEFAULT id=126, [ Capabilities: INTERNET&NOT_RESTRICTED&TRUSTED Uid: 10129] ]
07-13 19:34:03.000  4128  5529 V AlarmManager: set(PendingIntent{86c014d: PendingIntentRecord{cf03402 com.google.android.gms broadcastIntent}}) : type=3 listener=null listenerTag=null triggerAtTime=4222483 win=0 tElapsed=4222483 maxElapsed=4222483 interval=0 flags=0x1
07-13 19:34:03.000  4128  4476 D ConnectivityService:  sending notification for NetworkRequest [ TRACK_DEFAULT id=127, [ Capabilities: INTERNET&NOT_RESTRICTED&TRUSTED Uid: 10129] ]
07-13 19:34:03.001  4128  4476 D ConnectivityService: sending notification CALLBACK_CAP_CHANGED for NetworkRequest [ TRACK_DEFAULT id=127, [ Capabilities: INTERNET&NOT_RESTRICTED&TRUSTED Uid: 10129] ]
07-13 19:34:03.001  4128  4476 D ConnectivityService:  sending notification for NetworkRequest [ LISTEN id=128, [ Capabilities: INTERNET&NOT_RESTRICTED&TRUSTED&FOREGROUND Uid: 10129] ]
07-13 19:34:03.001  4128  4476 D ConnectivityService: sending notification CALLBACK_CAP_CHANGED for NetworkRequest [ LISTEN id=128, [ Capabilities: INTERNET&NOT_RESTRICTED&TRUSTED&FOREGROUND Uid: 10129] ]
07-13 19:34:03.001  4128  4476 D ConnectivityService:  sending notification for NetworkRequest [ TRACK_DEFAULT id=129, [ Capabilities: INTERNET&NOT_RESTRICTED&TRUSTED Uid: 10129] ]
07-13 19:34:03.001  4128  4476 D ConnectivityService: sending notification CALLBACK_CAP_CHANGED for NetworkRequest [ TRACK_DEFAULT id=129, [ Capabilities: INTERNET&NOT_RESTRICTED&TRUSTED Uid: 10129] ]
07-13 19:34:03.001  4128  4476 D ConnectivityService:  sending notification for NetworkRequest [ TRACK_DEFAULT id=130, [ Capabilities: INTERNET&NOT_RESTRICTED&TRUSTED Uid: 10129] ]
07-13 19:34:03.001  4128  5529 D AlarmManagerService: set alarm to kernel: 3637.538000000, type=3 
07-13 19:34:03.001  4128  5529 D AlarmManagerService: AlarmImpl::set, type=3
07-13 19:34:03.001  4128  4476 D ConnectivityService: sending notification CALLBACK_CAP_CHANGED for NetworkRequest [ TRACK_DEFAULT id=130, [ Capabilities: INTERNET&NOT_RESTRICTED&TRUSTED Uid: 10129] ]
07-13 19:34:03.001  4128  4476 D ConnectivityService:  sending notification for NetworkRequest [ TRACK_DEFAULT id=131, [ Capabilities: INTERNET&NOT_RESTRICTED&TRUSTED Uid: 10140] ]
07-13 19:34:03.002  4128  4476 D ConnectivityService: sending notification CALLBACK_CAP_CHANGED for NetworkRequest [ TRACK_DEFAULT id=131, [ Capabilities: INTERNET&NOT_RESTRICTED&TRUSTED Uid: 10140] ]
07-13 19:34:03.002  4128  4476 D ConnectivityService:  sending notification for NetworkRequest [ LISTEN id=132, [ Capabilities: INTERNET&NOT_RESTRICTED&TRUSTED&NOT_VPN Uid: 10140] ]
07-13 19:34:03.002  4128  4476 D ConnectivityService: sending notification CALLBACK_CAP_CHANGED for NetworkRequest [ LISTEN id=132, [ Capabilities: INTERNET&NOT_RESTRICTED&TRUSTED&NOT_VPN Uid: 10140] ]
07-13 19:34:03.002  4128  4476 D ConnectivityService:  sending notification for NetworkRequest [ LISTEN id=133, [ Transports: CELLULAR|WIFI|BLUETOOTH|ETHERNET|VPN Capabilities: INTERNET&NOT_RESTRICTED&TRUSTED&NOT_VPN Uid: 10140] ]
07-13 19:34:03.002  4128  4476 D ConnectivityService: sending notification CALLBACK_CAP_CHANGED for NetworkRequest [ LISTEN id=133, [ Transports: CELLULAR|WIFI|BLUETOOTH|ETHERNET|VPN Capabilities: INTERNET&NOT_RESTRICTED&TRUSTED&NOT_VPN Uid: 10140] ]
07-13 19:34:03.002  4128  4476 D ConnectivityService:  sending notification for NetworkRequest [ TRACK_DEFAULT id=134, [ Capabilities: INTERNET&NOT_RESTRICTED&TRUSTED Uid: 10135] ]
07-13 19:34:03.002  4128  4476 D ConnectivityService: sending notification CALLBACK_CAP_CHANGED for NetworkRequest [ TRACK_DEFAULT id=134, [ Capabilities: INTERNET&NOT_RESTRICTED&TRUSTED Uid: 10135] ]
07-13 19:34:03.002  4128  4476 D ConnectivityService:  sending notification for NetworkRequest [ TRACK_DEFAULT id=135, [ Capabilities: INTERNET&NOT_RESTRICTED&TRUSTED Uid: 10129] ]
07-13 19:34:03.002  4128  4476 D ConnectivityService: sending notification CALLBACK_CAP_CHANGED for NetworkRequest [ TRACK_DEFAULT id=135, [ Capabilities: INTERNET&NOT_RESTRICTED&TRUSTED Uid: 10129] ]
07-13 19:34:03.003  4128  4476 D ConnectivityService:  sending notification for NetworkRequest [ LISTEN id=141, [ Capabilities: INTERNET&NOT_RESTRICTED&TRUSTED&NOT_VPN&FOREGROUND Uid: 10141] ]
07-13 19:34:03.003  4128  4476 D ConnectivityService: sending notification CALLBACK_CAP_CHANGED for NetworkRequest [ LISTEN id=141, [ Capabilities: INTERNET&NOT_RESTRICTED&TRUSTED&NOT_VPN&FOREGROUND Uid: 10141] ]
07-13 19:34:03.003  4128  4476 D ConnectivityService:  sending notification for NetworkRequest [ LISTEN id=142, [ Transports: WIFI Capabilities: NOT_RESTRICTED&TRUSTED&NOT_VPN Uid: 10106] ]
07-13 19:34:03.003  4128  4476 D ConnectivityService: sending notification CALLBACK_CAP_CHANGED for NetworkRequest [ LISTEN id=142, [ Transports: WIFI Capabilities: NOT_RESTRICTED&TRUSTED&NOT_VPN Uid: 10106] ]
07-13 19:34:03.003  4128  4476 D ConnectivityService:  sending notification for NetworkRequest [ TRACK_DEFAULT id=143, [ Capabilities: INTERNET&NOT_RESTRICTED&TRUSTED Uid: 10100] ]
07-13 19:34:03.003  4128  4476 D ConnectivityService: sending notification CALLBACK_CAP_CHANGED for NetworkRequest [ TRACK_DEFAULT id=143, [ Capabilities: INTERNET&NOT_RESTRICTED&TRUSTED Uid: 10100] ]
07-13 19:34:03.004  4128  4476 D ConnectivityService:  sending notification for NetworkRequest [ TRACK_DEFAULT id=144, [ Capabilities: INTERNET&NOT_RESTRICTED&TRUSTED Uid: 10100] ]
07-13 19:34:03.004  4128  4476 D ConnectivityService: sending notification CALLBACK_CAP_CHANGED for NetworkRequest [ TRACK_DEFAULT id=144, [ Capabilities: INTERNET&NOT_RESTRICTED&TRUSTED Uid: 10100] ]
07-13 19:34:03.004  4128  4476 D ConnectivityService:  sending notification for NetworkRequest [ LISTEN id=145, [ Capabilities: INTERNET&NOT_RESTRICTED&TRUSTED Uid: 10100] ]
07-13 19:34:03.004  4128  4476 D ConnectivityService: sending notification CALLBACK_CAP_CHANGED for NetworkRequest [ LISTEN id=145, [ Capabilities: INTERNET&NOT_RESTRICTED&TRUSTED Uid: 10100] ]
07-13 19:34:03.004  4128  4476 D ConnectivityService: Update of LinkProperties for NetworkAgentInfo [WIFI () - 100]; created=true; everConnected=true
07-13 19:34:03.004  4128  4476 D ConnectivityService: updateMtu: IPv4 mtu = 1472, IPv6 mtu = 0
07-13 19:34:03.004  4128  4476 D ConnectivityService: identical MTU - not setting
07-13 19:34:03.004  5272  6931 I FusedLocation: (REDACTED) location delivery to %s blocked - too fast
07-13 19:34:03.004  4128  7167 W DevicePolicyManager: Package com.txznet.trace (uid=10121, pid=6754) cannot access Device IDs
07-13 19:34:03.005  5272  6931 I FusedLocation: (REDACTED) location delivery to %s blocked - too fast
07-13 19:34:03.005  5272  6931 I FusedLocation: (REDACTED) location delivery to %s blocked - too fast
07-13 19:34:03.005  4622  4649 W TelephonyPermissions: reportAccessDeniedToReadIdentifiers:com.txznet.trace:getDeviceId:isPreinstalled=false:isPrivApp=false
07-13 19:34:03.006  6754  6754 D DeviceInfo: getIMEI device info result: null
07-13 19:34:03.006  4128  4153 I LocationManagerService: incoming location: Location[fused 41******  -74******  hAcc=3 t=1752449639994 et=+1h0m23s488ms alt=-26.100000381469727 vel=0.0 vAcc=2 sAcc=0 bAcc=??? {Bundle[mParcelledData.dataSize=556]}]
07-13 19:34:03.006  4128  4153 I LocationManagerService: incoming location: Location[fused 41******  -74******  hAcc=3 t=1752449639994 et=+1h0m23s488ms alt=-26.100000381469727 vel=0.0 vAcc=2 sAcc=0 bAcc=??? {Bundle[{noGPSLocation=Location[fused 41******  -74******  hAcc=17 t=1752449634338 et=+1h0m17s878ms alt=-26.100000381469727 vAcc=2 sAcc=??? bAcc=??? {Bundle[mParcelledData.dataSize=360]}]}]}]
07-13 19:34:03.007  4128  4153 I LocationManagerService: incoming location: Location[fused 41******  -74******  hAcc=3 t=1752449641019 et=+1h0m24s512ms alt=-26.100000381469727 vel=0.0 vAcc=2 sAcc=0 bAcc=??? {Bundle[mParcelledData.dataSize=556]}]
07-13 19:34:03.007  4128  4153 I LocationManagerService: incoming location: Location[fused 41******  -74******  hAcc=3 t=1752449641019 et=+1h0m24s512ms alt=-26.100000381469727 vel=0.0 vAcc=2 sAcc=0 bAcc=??? {Bundle[{noGPSLocation=Location[fused 41******  -74******  hAcc=17 t=1752449634338 et=+1h0m17s878ms alt=-26.100000381469727 vAcc=2 sAcc=??? bAcc=??? {Bundle[mParcelledData.dataSize=360]}]}]}]
07-13 19:34:03.008  4128  4153 I LocationManagerService: incoming location: Location[fused 41******  -74******  hAcc=3 t=1752449642011 et=+1h0m25s504ms alt=-26.100000381469727 vel=0.0 vAcc=2 sAcc=0 bAcc=??? {Bundle[mParcelledData.dataSize=556]}]
07-13 19:34:03.008  5272  5292 I NullBinder: NullBinder for android.net.action.RECOMMEND_NETWORKS triggering remote TransactionTooLargeException due to Service without Chimera impl, calling uid: 1000, calling pid: 0
07-13 19:34:03.008  4128  4153 I LocationManagerService: incoming location: Location[fused 41******  -74******  hAcc=3 t=1752449642011 et=+1h0m25s504ms alt=-26.100000381469727 vel=0.0 vAcc=2 sAcc=0 bAcc=??? {Bundle[{noGPSLocation=Location[fused 41******  -74******  hAcc=17 t=1752449634338 et=+1h0m17s878ms alt=-26.100000381469727 vAcc=2 sAcc=??? bAcc=??? {Bundle[mParcelledData.dataSize=360]}]}]}]
07-13 19:34:03.009  5272 24898 W DatabaseProcessor: processLocalDevices: failed to get the network info with non-null networkId.
07-13 19:34:03.010  5272  5272 I CastMediaRouteProvider: Published 0 routes
07-13 19:34:03.010  4128  7167 V AlarmManager: set(PendingIntent{cc98b6f: PendingIntentRecord{126607c com.google.android.gms broadcastIntent}}) : type=3 listener=null listenerTag=null triggerAtTime=3626497 win=0 tElapsed=3631503 maxElapsed=3631503 interval=0 flags=0x1
07-13 19:34:03.010  4128  7167 D AlarmManagerService: set alarm to kernel: 3631.503000000, type=3 
07-13 19:34:03.010  6754  6754 D DeviceInfo: getWifiMacAddress device info result: 8A:BE:EF:4C:B7:80
07-13 19:34:03.010  4128  7167 D AlarmManagerService: AlarmImpl::set, type=3
07-13 19:34:03.010  6754  6754 D DeviceInfo: androidId 6b1e27a5815bfed6
07-13 19:34:03.012  4128  7167 D AlarmManagerService: set alarm to kernel: 3626.497000000, type=3 
07-13 19:34:03.012  4128  7167 D AlarmManagerService: AlarmImpl::set, type=3
07-13 19:34:03.013  4128  4428 D AlarmManager: waitForAlarm result:8currentTime=1752449643013, elapsedRealtime=3626506
07-13 19:34:03.014  4128  4428 D AlarmManager: sending alarm.type = 3, action = GmsAlarm:NLPShim:inferred_location_delivery:533, cn = null, operation = PendingIntent{cc98b6f: PendingIntentRecord{126607c com.google.android.gms broadcastIntent}}
07-13 19:34:03.014  4128  4428 D AlarmManagerService: set alarm to kernel: 3637.538000000, type=3 
07-13 19:34:03.014  4128  4428 D AlarmManagerService: AlarmImpl::set, type=3
07-13 19:34:03.016  4128  4150 D PowerController.BgClean: judgeAppLaunchAllowed : com.google.android.gms(uid:10106), callingPackage = com.google.android.gms(uid:10106), reason = start-service
07-13 19:34:03.016  4128  4150 D PowerController.BgClean: judgeAppLaunchAllowed : intent action:Intent { act=com.google.android.location.internal.GMS_NLP pkg=com.google.android.gms (has extras) }
07-13 19:34:03.016  4128  5538 W DevicePolicyManager: Package com.txznet.trace (uid=10121, pid=6754) cannot access Device IDs
07-13 19:34:03.017  4622  4649 W TelephonyPermissions: reportAccessDeniedToReadIdentifiers:com.txznet.trace:getSubscriberId:isPreinstalled=false:isPrivApp=false
07-13 19:34:03.021  4128  7167 V AlarmManager: set(PendingIntent{9cd1926: PendingIntentRecord{3617967 com.google.android.gms broadcastIntent}}) : type=3 listener=null listenerTag=null triggerAtTime=3646512 win=0 tElapsed=3646512 maxElapsed=3646512 interval=0 flags=0x1
07-13 19:34:03.021  4128  7167 D AlarmManagerService: set alarm to kernel: 3637.538000000, type=3 
07-13 19:34:03.021  4128  7167 D AlarmManagerService: AlarmImpl::set, type=3
07-13 19:34:03.023  4128  4153 I LocationManagerService: incoming location: Location[network 41******  -74******  hAcc=29 t=1752449643019 et=+1h0m26s512ms alt=-26.100000381469727 vAcc=5 sAcc=??? bAcc=??? {Bundle[mParcelledData.dataSize=300]}]
07-13 19:34:03.023  4128  7167 D AlarmManagerService: set alarm to kernel: 3642.392000000, type=3 
07-13 19:34:03.023  4128  7167 D AlarmManagerService: AlarmImpl::set, type=3
07-13 19:34:03.023  4128  4153 I LocationManagerService: incoming location: Location[network 41******  -74******  hAcc=29 t=1752449643019 et=+1h0m26s512ms alt=-26.100000381469727 vAcc=5 sAcc=??? bAcc=??? {Bundle[{noGPSLocation=Location[network 41******  -74******  hAcc=29 t=1752449643019 et=+1h0m26s512ms alt=-26.100000381469727 vAcc=5 sAcc=??? bAcc=??? {Bundle[mParcelledData.dataSize=52]}], verticalAccuracy=1.6647903}]}]
07-13 19:34:03.027  6754  6754 D DeviceInfo: wifi ssid = T-Mobile Hotspot_5693_2.4GHz
07-13 19:34:03.028  6754 24994 D TXZ-JNI : doLicense
07-13 19:34:03.028  3830  3830 D GPS_HAL : gps_injectLocation entry  latitude = 40.6524,longitude= -73.7572 accuracy =28.759602
07-13 19:34:03.028  6754 24994 D TXZ-JNI : base64: aZCurLKRqCUD3sFKFpgF/JE1M8b8rixjCWQhGz1y5xKYfMb+vYeR3vQT02pcfLOtHq4pUpuMvA16vwadR/ov1itaY8Qd7qwC6sdSu2OmGc14eKHX3nItz/QS6k6bQVVc3+oImf4nEmjurA7vxMn61kyPA4247iskYoeAhUyYirvbtYPgR0m7zJzmfoI2bsQrO5TvgvC7/CwNq11nW2kFYhOVvd+gE8XXAnhceP1nvtmPmtswJwfXhDtvQsTIrPgBLjYySOS4SXaJn/WSyETawpYYcmeh/oC/4TYhwH4jy24hqZUxjTYZ7sWt295mvHr9MucQMNY7zsqdo7p7jW3seIm51LYo+xjh0wXeif4UBvqliQV4daNGoxwuAuONN50+B+buyZeCupNOp88CxQ5qBXEwpoQjj/TblEjsJF6pND3exNngouCKS41jFyEIx4U2sEiyIDW932yBosNwLeoGsDtHDfPUuQVzR7kSki3WdBxe1FbLkbAyiuRNqiqNaWIwctqixujD7JbcC4GcV3o6/bhPQSETmzX1uBmhyts0Pbl85VrZhAea2BvkqJPgA1NBK5snqUXCjeLOfMVvFGm4Ni98uUNjnBU2DWaH8kobzxs9TiXjcuG7KbATXTAB4gKmoJbhpqWi1n/8h2ACsARdxMAlaWFhhHtqfHPrKfn3csCSMYfGiqRNIlp5HBFbgHqK/dKFFvjE6HZf72BiIlGr68End0pbAjdvb3aiULQCHigxGdgLq/HphI0aOPGhNE6PwSd3SlsCN29vdqJQtAIeKBZfaMDnKDxpMcGPbaRpLRzKmvJAO85j2t5jc5asqQBMlW7fp3W8qLAjFMGjJaWFt1N7rBQ81x7PxcsCCH8WI3sgFIehgGJ/l062QxoEBi2hRMC4RtXbsHNaXYsMQX6cJs5e2X8MMa/sRBWlzTFk9CA8toqCE21KcsXwj7TbniIH/TLOkJ9j+F0ZT5php9I+sctDyDbKODhrQ0e2wMBVFgyOlFPD+hN7AmQ
07-13 19:34:03.028  6754 24994 D TXZ-JNI : padding_value:11/0b  decode_size:1008
07-13 19:34:03.029  6754 24994 D TXZ-JNI : local src.license success
07-13 19:34:03.030  3830  5187 D GnssHAL_V_GnssUtil: convertToGnssLocation_2_0: enter
07-13 19:34:03.030  3830  5187 D GnssHAL_V_GnssUtil: convertToGnssLocation_2_0: latitudeDegrees:40.652445, longitudeDegrees: -73.757013, elapsedRealtime.flags:0, elapsedRealtime.timestampNs: 0, elapsedRealtime.timeUncertaintyNs: 0
07-13 19:34:03.031  4128  4150 W AlarmManager: setImpl(), force change type ELAPSED_REALTIME_WAKEUP -> ELAPSED_REALTIME
07-13 19:34:03.031  4128  4150 V AlarmManager: set(PendingIntent{5b432b9: PendingIntentRecord{94426fe com.google.android.gms broadcastIntent}}) : type=3 listener=null listenerTag=null triggerAtTime=4818709 win=0 tElapsed=4818709 maxElapsed=4818709 interval=0 flags=0x5
07-13 19:34:03.031  4128  4150 D AlarmManagerService: set alarm to kernel: 3642.392000000, type=3 
07-13 19:34:03.031  4128  4150 D AlarmManagerService: AlarmImpl::set, type=3
07-13 19:34:03.034  4128  4153 I LocationManagerService: incoming location: Location[gps 41******  -74******  hAcc=3 t=1752449643000 et=+1h0m26s523ms alt=-22.175 vel=0.0 bear=0.0 vAcc=13 sAcc=0 bAcc=39 {Bundle[{satellites=18, maxCn0=47, meanCn0=38}]}]
07-13 19:34:03.035  4128  4153 I LocationManagerService: incoming location: Location[gps 41******  -74******  hAcc=3 t=1752449643000 et=+1h0m26s523ms alt=-22.175 vel=0.0 bear=0.0 vAcc=13 sAcc=0 bAcc=39 {Bundle[{satellites=18, maxCn0=47, meanCn0=38}]}]
07-13 19:34:03.037  5272  6931 I FusedLocation: (REDACTED) location delivery to %s blocked - too fast
07-13 19:34:03.039  4128  4153 I LocationManagerService: incoming location: Location[fused 41******  -74******  hAcc=3 t=1752449643030 et=+1h0m26s523ms alt=-26.100000381469727 vel=0.0 vAcc=2 sAcc=0 bAcc=??? {Bundle[mParcelledData.dataSize=556]}]
07-13 19:34:03.040  4128  4153 I LocationManagerService: incoming location: Location[fused 41******  -74******  hAcc=3 t=1752449643030 et=+1h0m26s523ms alt=-26.100000381469727 vel=0.0 vAcc=2 sAcc=0 bAcc=??? {Bundle[{noGPSLocation=Location[fused 41******  -74******  hAcc=17 t=1752449634338 et=+1h0m17s878ms alt=-26.100000381469727 vAcc=2 sAcc=??? bAcc=??? {Bundle[mParcelledData.dataSize=360]}]}]}]
07-13 19:34:03.046  6754 24994 D TXZ-JNI : sLastFileContentMd5=fb55d4b5f53a6052f8c461b325a4e232
07-13 19:34:03.046  6754 24994 D TXZ-JNI : sFileContentMd5=fb55d4b5f53a6052f8c461b325a4e232
07-13 19:34:03.046  6754 24994 D TXZ-JNI : sLastFileContent={
07-13 19:34:03.046  6754 24994 D TXZ-JNI :    "data" : "aZCurLKRqCUD3sFKFpgF/JE1M8b8rixjCWQhGz1y5xKYfMb+vYeR3vQT02pcfLOt\nHq4pUpuMvA16vwadR/ov1itaY8Qd7qwC6sdSu2OmGc14eKHX3nItz/QS6k6bQVVc\n3+oImf4nEmjurA7vxMn61kyPA4247iskYoeAhUyYirvbtYPgR0m7zJzmfoI2bsQr\nO5TvgvC7/CwNq11nW2kFYhOVvd+gE8XXAnhceP1nvtmPmtswJwfXhDtvQsTIrPgB\nLjYySOS4SXaJn/WSyETawpYYcmeh/oC/4TYhwH4jy24hqZUxjTYZ7sWt295mvHr9\nMucQMNY7zsqdo7p7jW3seIm51LYo+xjh0wXeif4UBvqliQV4daNGoxwuAuONN50+\nB+buyZeCupNOp88CxQ5qBXEwpoQjj/TblEjsJF6pND3exNngouCKS41jFyEIx4U2\nsEiyIDW932yBosNwLeoGsDtHDfPUuQVzR7kSki3WdBxe1FbLkbAyiuRNqiqNaWIw\nctqixujD7JbcC4GcV3o6/bhPQSETmzX1uBmhyts0Pbl85VrZhAea2BvkqJPgA1NB\nK5snqUXCjeLOfMVvFGm4Ni98uUNjnBU2DWaH8kobzxs9TiXjcuG7KbATXTAB4gKm\noJbhpqWi1n/8h2ACsARdxMAlaWFhhHtqfHPrKfn3csCSMYfGiqRNIlp5HBFbgHqK\n/dKFFvjE6HZf72BiIlGr68End0pbAjdvb3aiULQCHigxGdgLq/HphI0aOPGhNE6P\nwSd3SlsCN29vdqJQtAIeKBZfaMDnKDxpMcGPbaRpLRzKmvJAO85j2t5jc5asqQBM\nlW7fp3W8qLAjFMGjJaWFt1N7rBQ81x7PxcsCCH8WI3sgFIehgGJ/l062QxoEBi2h\nRMC4RtXbsHNaXYsMQX6cJs5e2X8MMa/sRBWlzTFk9CA8toqCE21KcsXwj7TbniIH\n/
07-13 19:34:03.046  6754 24994 D TXZ-JNI : sFileContent={
