07-13 19:33:09.839 11318 11318 D zj      : message received Intent { act=zjinnova.android.intent.action.START_DAEMON_SERVICE flg=0x400030 pkg=com.zjinnova.zlink cmp=com.zjinnova.zlink/com.zjinnova.android.zlink.features.service.StartupBroadcastReceiver }
07-13 19:33:09.840  4128  7167 D PowerController.BgClean: judgeAppLaunchAllowed : com.zjinnova.zlink(uid:10087), callingPackage = com.zjinnova.zlink(uid:10087), reason = start-service
07-13 19:33:09.840  4128  7167 D PowerController.BgClean: judgeAppLaunchAllowed : intent action:Intent { cmp=com.zjinnova.zlink/com.zjinnova.android.zlink.features.service.DaemonService }
07-13 19:33:09.840  4128  7167 W ActivityManager: u0 Starting a service in packagecom.zjinnova.zlink requires a permissions review
07-13 19:33:09.841  4128  4150 V ActivityManagerShellCommand: runSendBroadcast end ---Intent { act=zjinnova.android.intent.action.START_DAEMON_SERVICE flg=0x400020 pkg=com.zjinnova.zlink }
07-13 19:33:10.004  4713  4713 D StatusBarSignalPolicy: updateWifiIconWithState state : WifiIconState(resId=2131231896, visible=true)
07-13 19:33:10.005  3497  3541 E SPRDHWComposer: SPRD_SR SprdHWComposer2::GET_ACTIVE_CONFIG[466] *outConfig:0
07-13 19:33:10.107  5736  5736 D TxzAccessibilityService: onAccessibilityEvent: event=EventType: TYPE_WINDOW_CONTENT_CHANGED; EventTime: 3573618; PackageName: com.android.systemui; MovementGranularity: 0; Action: 0; ContentChangeTypes: [CONTENT_CHANGE_TYPE_SUBTREE]; WindowChangeTypes: [] [ ClassName: android.widget.FrameLayout; Text: []; ContentDescription: null; ItemCount: -1; CurrentItemIndex: -1; Enabled: true; Password: false; Checked: false; FullScreen: false; Scrollable: false; BeforeText: null; FromIndex: -1; ToIndex: -1; ScrollX: -1; ScrollY: -1; MaxScrollX: -1; MaxScrollY: -1; AddedCount: -1; RemovedCount: -1; ParcelableData: null ]; recordCount: 0
07-13 19:33:10.107  5736  5736 D TxzAccessibilityService: skip com.android.systemui
07-13 19:33:10.807  7287  7287 I QFApi   : getCustomPlatform - customPlatform: 7862
07-13 19:33:11.168  5553  6280 I mcu_services: readInBuf:[ff fe fd 03 01 29 81 a9 ff ]
07-13 19:33:11.169  5553  6280 E mcu_services: MCU2APP : [ff fe fd 03 01 29 81 a9 ff ]
07-13 19:33:11.169  5553  5838 D mcu_services: processResponse - length: 3 - type: 1 - control: 29
07-13 19:33:11.170  5553  5851 D mcu_services: dispatchToClients - cmdId: 41 - data : [29 81 ]
07-13 19:33:11.170  5553  5851 D callback: callMcuInfoChanged: 29 81 
07-13 19:33:11.174  7287  7287 W ContextImpl: Calling a method in the system process without a qualified user: android.app.ContextImpl.sendBroadcast:1045 android.content.ContextWrapper.sendBroadcast:448 com.qf.carsettings.service.CarSettingService$4.onMcuInfoChanged:670 android.qf.mcu.McuManager$ListenerTransport._handleMessage:106 android.qf.mcu.McuManager$ListenerTransport.access$700:72 
07-13 19:33:11.171  5553  5851 D callback: callMcuInfoChanged: 29 81 
07-13 19:33:11.177  3497  3541 E SPRDHWComposer: SPRD_SR SprdHWComposer2::GET_ACTIVE_CONFIG[466] *outConfig:0
07-13 19:33:11.180  5736  5736 D TxzAccessibilityService: onAccessibilityEvent: event=EventType: TYPE_WINDOW_CONTENT_CHANGED; EventTime: 3574691; PackageName: com.android.systemui; MovementGranularity: 0; Action: 0; ContentChangeTypes: [CONTENT_CHANGE_TYPE_TEXT]; WindowChangeTypes: [] [ ClassName: android.widget.TextView; Text: []; ContentDescription: null; ItemCount: -1; CurrentItemIndex: -1; Enabled: true; Password: false; Checked: false; FullScreen: false; Scrollable: false; BeforeText: null; FromIndex: -1; ToIndex: -1; ScrollX: -1; ScrollY: -1; MaxScrollX: -1; MaxScrollY: -1; AddedCount: -1; RemovedCount: -1; ParcelableData: null ]; recordCount: 1
07-13 19:33:11.180  5736  5736 D TxzAccessibilityService: skip com.android.systemui
07-13 19:33:11.728  8587  8587 I Tpms3   : mDataCheckTimer startDataTime:-1;datTime:1752449591
07-13 19:33:11.811  7287  7287 I QFApi   : getCustomPlatform - customPlatform: 7862
07-13 19:33:11.848  5736  6124 D TXZ     : [ReportManager][6754/7000]sendString() called with: str = {"client_id":"132469410","request_id":1752449591846,"app":"junsun","cmd":1004}
07-13 19:33:11.887  3774  3894 D btopt   : zlink wake_up_apk_server: cmd = 'export PATH=$PATH:/system/bin/;am broadcast -a "zjinnova.android.intent.action.START_DAEMON_SERVICE" --include-stopped-packages "com.zjinnova.zlink"&'
07-13 19:33:11.945  4128  4150 V ActivityManagerShellCommand: Received onCommand broadcast callUid=0 callpid=24431
07-13 19:33:12.144  5736  6124 D TXZ     : [ReportManager][6754/7013]onMessage() called with: message = {"code":0,"request_id":1752449591846,"msg":"OK","result":null,"cmd":1005}
07-13 19:33:12.651  3880  3927 D WCND    : is_cp2_alive_ok: open polling interface: /proc/mdbg/loopcheck, fd = 13
07-13 19:33:12.752  3880  3927 D WCND    : is_cp2_alive_ok: loop: /proc/mdbg/loopcheck is OK
07-13 19:33:12.815  7287  7287 I QFApi   : getCustomPlatform - customPlatform: 7862
07-13 19:33:13.019  4713  4713 D StatusBarSignalPolicy: updateWifiIconWithState state : WifiIconState(resId=2131231896, visible=true)
07-13 19:33:13.020  3497  3541 E SPRDHWComposer: SPRD_SR SprdHWComposer2::GET_ACTIVE_CONFIG[466] *outConfig:0
07-13 19:33:13.122  5736  5736 D TxzAccessibilityService: onAccessibilityEvent: event=EventType: TYPE_WINDOW_CONTENT_CHANGED; EventTime: 3576633; PackageName: com.android.systemui; MovementGranularity: 0; Action: 0; ContentChangeTypes: [CONTENT_CHANGE_TYPE_SUBTREE]; WindowChangeTypes: [] [ ClassName: android.widget.FrameLayout; Text: []; ContentDescription: null; ItemCount: -1; CurrentItemIndex: -1; Enabled: true; Password: false; Checked: false; FullScreen: false; Scrollable: false; BeforeText: null; FromIndex: -1; ToIndex: -1; ScrollX: -1; ScrollY: -1; MaxScrollX: -1; MaxScrollY: -1; AddedCount: -1; RemovedCount: -1; ParcelableData: null ]; recordCount: 0
07-13 19:33:13.122  5736  5736 D TxzAccessibilityService: skip com.android.systemui
07-13 19:33:13.154  5553  6280 I mcu_services: readInBuf:[ff fe fd 03 01 29 81 a9 ff ]
07-13 19:33:13.154  5553  6280 E mcu_services: MCU2APP : [ff fe fd 03 01 29 81 a9 ff ]
07-13 19:33:13.154  5553  5838 D mcu_services: processResponse - length: 3 - type: 1 - control: 29
07-13 19:33:13.155  5553  5851 D mcu_services: dispatchToClients - cmdId: 41 - data : [29 81 ]
07-13 19:33:13.155  5553  5851 D callback: callMcuInfoChanged: 29 81 
07-13 19:33:13.158  7287  7287 W ContextImpl: Calling a method in the system process without a qualified user: android.app.ContextImpl.sendBroadcast:1045 android.content.ContextWrapper.sendBroadcast:448 com.qf.carsettings.service.CarSettingService$4.onMcuInfoChanged:670 android.qf.mcu.McuManager$ListenerTransport._handleMessage:106 android.qf.mcu.McuManager$ListenerTransport.access$700:72 
07-13 19:33:13.156  5553  5851 D callback: callMcuInfoChanged: 29 81 
07-13 19:33:13.223  5736  5736 D TxzAccessibilityService: onAccessibilityEvent: event=EventType: TYPE_WINDOW_CONTENT_CHANGED; EventTime: 3576734; PackageName: com.android.systemui; MovementGranularity: 0; Action: 0; ContentChangeTypes: [CONTENT_CHANGE_TYPE_TEXT]; WindowChangeTypes: [] [ ClassName: android.widget.TextView; Text: []; ContentDescription: null; ItemCount: -1; CurrentItemIndex: -1; Enabled: true; Password: false; Checked: false; FullScreen: false; Scrollable: false; BeforeText: null; FromIndex: -1; ToIndex: -1; ScrollX: -1; ScrollY: -1; MaxScrollX: -1; MaxScrollY: -1; AddedCount: -1; RemovedCount: -1; ParcelableData: null ]; recordCount: 1
07-13 19:33:13.223  5736  5736 D TxzAccessibilityService: skip com.android.systemui
07-13 19:33:13.509 20581 20581 D DiagnosticService: === PERFORMING DIAGNOSTIC CHECK ===
07-13 19:33:13.510 20581 20581 D DiagnosticService: Total USB devices found: 1
07-13 19:33:13.513 20581 20581 I DiagnosticService: UVC Device found: /dev/bus/usb/001/007 VID:13407 PID:8496
07-13 19:33:13.514  4128  4150 I UsbUserSettingsManager: Camera permission required for USB video class devices
07-13 19:33:13.515 20581 20581 I DiagnosticService: Has permission: false
07-13 19:33:13.517 20581 20581 I DiagnosticService: UVC devices found: 1
07-13 19:33:13.520 20581 20581 D DiagnosticService: Memory - Max: 201326592, Used: 8413992, Free: 18414480
07-13 19:33:13.648  4713  4713 E StackScroller: Attempting to re-position  view {com.android.systemui.statusbar.notification.row.FooterView{7179b45 V.E...... ......I. 0,0-0,0}}
07-13 19:33:13.648  4713  4713 E StackScroller: Attempting to re-position  view {com.android.systemui.statusbar.EmptyShadeView{2ba529a G.E...... ......I. 0,0-0,0}}
07-13 19:33:13.648  4713  4713 E StackScroller: Attempting to re-position  view {com.android.systemui.statusbar.NotificationShelf{ceac7f7 VFE...C.. ......I. 0,0-0,0}}
07-13 19:33:13.650  4713  4713 D NotificationMediaManager: finishUpdateMediaMetaData metaDataChanged =false,allowEnterAnimation =true
07-13 19:33:13.650  4713  4713 D NotificationMediaManager: finishUpdateMediaMetaData need to hide the album art
07-13 19:33:13.763  5736  6124 D TXZ     : [OverseaAdapter][5870/5870]InitManager initVoice
07-13 19:33:13.763  5736  6124 D TXZ     : [OverseaAdapter][5870/5870]device uuid: 1032310111900736
07-13 19:33:13.763  5736  6124 D TXZ     : [BaseWakeupManager][5870/5870]initialize engine 4.1.1_12_0222
07-13 19:33:13.764  5736  6124 D TXZ     : [BaseWakeupManager][5870/5870]already initialized...
07-13 19:33:13.764  5736  6124 D TXZ     : [TXZ][5870/5870]getRemoteAssetsData:model/com.txznet.smartadapter.cfg
07-13 19:33:13.765  5736  6124 D TXZ     : [AssetsUtil][5870/5870]model/com.txznet.smartadapter.cfg not exists
07-13 19:33:13.766  5736  6124 D TXZ     : [AssetsUtil][5870/5870]model/com.txznet.smartadapter.cfg not exists
07-13 19:33:13.819  7287  7287 I QFApi   : getCustomPlatform - customPlatform: 7862
07-13 19:33:13.866  4128  4854 D SSense  : onTouchRateChanged: rate:4.5
07-13 19:33:13.998  3774  3894 D btopt   : zlink wake_up_apk_server: cmd = 'export PATH=$PATH:/system/bin/;am broadcast -a "zjinnova.android.intent.action.START_DAEMON_SERVICE" --include-stopped-packages "com.zjinnova.zlink"&'
07-13 19:33:14.002  4128  4428 D AlarmManager: waitForAlarm result:8currentTime=1752449594002, elapsedRealtime=3577516
07-13 19:33:14.004  4128  4428 D AlarmManager: sending alarm.type = 3, action = GmsAlarm:NetworkLocationLocator:523, cn = null, operation = PendingIntent{8504a6a: PendingIntentRecord{8d82b5b com.google.android.gms broadcastIntent}}
07-13 19:33:14.014  4128  4153 I chatty  : uid=1000(system) android.fg expire 20 lines
07-13 19:33:14.023  4128  4474 W AlarmManager: setImpl(), force change type ELAPSED_REALTIME_WAKEUP -> ELAPSED_REALTIME
07-13 19:33:14.023  4128  4474 V AlarmManager: set(null) : type=3 listener=android.app.AlarmManager$ListenerWrapper@f11ce38 listenerTag=WificondScannerImpl Scan Timeout triggerAtTime=3592536 win=11249 tElapsed=3592536 maxElapsed=3603785 interval=0 flags=0x8
07-13 19:33:14.024  4128  4474 I chatty  : uid=1000(system) WifiScanningSer expire 4 lines
07-13 19:33:14.027  4622  4622 E PhoneInterfaceManager: Exception retrieving CellInfo=com.android.internal.telephony.CommandException: NO_NETWORK_FOUND
07-13 19:33:14.053  4128  4150 V ActivityManagerShellCommand: Received onCommand broadcast callUid=0 callpid=24453
07-13 19:33:14.054  4128  4150 V ActivityManagerShellCommand: runSendBroadcast start and waiting ---Intent { act=zjinnova.android.intent.action.START_DAEMON_SERVICE flg=0x400020 pkg=com.zjinnova.zlink }
07-13 19:33:14.054  4128  4167 D PowerController.BgClean: judgeAppLaunchAllowed : com.zjinnova.zlink(uid:10087), callingPackage = null(uid:0), reason = send-broadcast
07-13 19:33:14.054  4128  4167 D PowerController.BgClean: judgeAppLaunchAllowed : intent action:Intent { act=zjinnova.android.intent.action.START_DAEMON_SERVICE flg=0x400030 pkg=com.zjinnova.zlink }
07-13 19:33:14.055  4128  4167 W BroadcastQueue:  enable com.zjinnova.zlink to start process!
07-13 19:33:14.058 11318 11318 D zj      : message received Intent { act=zjinnova.android.intent.action.START_DAEMON_SERVICE flg=0x400030 pkg=com.zjinnova.zlink cmp=com.zjinnova.zlink/com.zjinnova.android.zlink.features.service.StartupBroadcastReceiver }
07-13 19:33:14.059  4128  7167 D PowerController.BgClean: judgeAppLaunchAllowed : com.zjinnova.zlink(uid:10087), callingPackage = com.zjinnova.zlink(uid:10087), reason = start-service
07-13 19:33:14.059  4128  7167 D PowerController.BgClean: judgeAppLaunchAllowed : intent action:Intent { cmp=com.zjinnova.zlink/com.zjinnova.android.zlink.features.service.DaemonService }
07-13 19:33:14.059  4128  7167 W ActivityManager: u0 Starting a service in packagecom.zjinnova.zlink requires a permissions review
07-13 19:33:14.060  4128  4150 V ActivityManagerShellCommand: runSendBroadcast end ---Intent { act=zjinnova.android.intent.action.START_DAEMON_SERVICE flg=0x400020 pkg=com.zjinnova.zlink }
07-13 19:33:14.127  5736  6124 D TXZ     : [TXZ][5870/5870]sIsLoadFile = false, sIsLoadRemote = false
07-13 19:33:14.127  5736  6124 D TXZ     : [AppLogicUtil][5870/5870]updateResourceConfig: configuration not changed
07-13 19:33:14.127  5736  6124 D TXZ     : [TXZ][5870/5870]getRemoteAssetsData:model/com.txznet.smartadapter.cfg
07-13 19:33:14.127  5736  6124 D TXZ     : [AssetsUtil][5870/5870]model/com.txznet.smartadapter.cfg not exists
07-13 19:33:14.128  5736  6124 D TXZ     : [AssetsUtil][5870/5870]model/com.txznet.smartadapter.cfg not exists
07-13 19:33:14.328  8861  9137 I chatty  : uid=1000(system) udpClient expire 76 lines
07-13 19:33:14.375  4655  4703 D sd      : uart send:3 byte/s
07-13 19:33:14.376  4655  4705 D sd      : uart recv:5 byte/s
07-13 19:33:14.478  5736  6124 D TXZ     : [TXZ][5870/5870]sIsLoadFile = false, sIsLoadRemote = false
07-13 19:33:14.478  5736  6124 D TXZ     : [AppLogicUtil][5870/5870]updateResourceConfig: configuration not changed
07-13 19:33:14.732  8587  8587 I Tpms3   : mDataCheckTimer startDataTime:-1;datTime:1752449594
07-13 19:33:14.824  7287  7287 I QFApi   : getCustomPlatform - customPlatform: 7862
07-13 19:33:15.139  5553  6280 I mcu_services: readInBuf:[ff fe fd 03 01 29 81 a9 ff ]
07-13 19:33:15.139  5553  6280 E mcu_services: MCU2APP : [ff fe fd 03 01 29 81 a9 ff ]
07-13 19:33:15.139  5553  5838 D mcu_services: processResponse - length: 3 - type: 1 - control: 29
07-13 19:33:15.140  5553  5851 D mcu_services: dispatchToClients - cmdId: 41 - data : [29 81 ]
07-13 19:33:15.140  5553  5851 D callback: callMcuInfoChanged: 29 81 
07-13 19:33:15.143  7287  7287 W ContextImpl: Calling a method in the system process without a qualified user: android.app.ContextImpl.sendBroadcast:1045 android.content.ContextWrapper.sendBroadcast:448 com.qf.carsettings.service.CarSettingService$4.onMcuInfoChanged:670 android.qf.mcu.McuManager$ListenerTransport._handleMessage:106 android.qf.mcu.McuManager$ListenerTransport.access$700:72 
07-13 19:33:15.141  5553  5851 D callback: callMcuInfoChanged: 29 81 
07-13 19:33:15.146  3497  3541 E SPRDHWComposer: SPRD_SR SprdHWComposer2::GET_ACTIVE_CONFIG[466] *outConfig:0
07-13 19:33:15.148  5736  5736 D TxzAccessibilityService: onAccessibilityEvent: event=EventType: TYPE_WINDOW_CONTENT_CHANGED; EventTime: 3578660; PackageName: com.android.systemui; MovementGranularity: 0; Action: 0; ContentChangeTypes: [CONTENT_CHANGE_TYPE_TEXT]; WindowChangeTypes: [] [ ClassName: android.widget.TextView; Text: []; ContentDescription: null; ItemCount: -1; CurrentItemIndex: -1; Enabled: true; Password: false; Checked: false; FullScreen: false; Scrollable: false; BeforeText: null; FromIndex: -1; ToIndex: -1; ScrollX: -1; ScrollY: -1; MaxScrollX: -1; MaxScrollY: -1; AddedCount: -1; RemovedCount: -1; ParcelableData: null ]; recordCount: 1
07-13 19:33:15.148  5736  5736 D TxzAccessibilityService: skip com.android.systemui
07-13 19:33:15.251  4128  7167 I chatty  : uid=1000(system) Binder:4128_1D expire 1 line
07-13 19:33:15.273  5272 24186 I FrewleTileCacheManagerV: (REDACTED) Fetched %d AP models from cache
07-13 19:33:15.287  4128  7167 D PowerController.BgClean: judgeAppLaunchAllowed : com.google.android.gms(uid:10106), callingPackage = com.google.android.gms(uid:10106), reason = start-service
07-13 19:33:15.287  4128  7167 D PowerController.BgClean: judgeAppLaunchAllowed : intent action:Intent { act=com.google.android.gms.location.util.nlp.RESULT cat=[targeted_intent_op_prefix:.location.util.nlp.NlpInternalApi$NlpReceiverIntentOperation] cmp=com.google.android.gms/.chimera.PersistentIntentOperationService (has extras) }
07-13 19:33:15.294  4128  7167 D PowerController.BgClean: judgeAppLaunchAllowed : com.google.android.gms(uid:10106), callingPackage = com.google.android.gms(uid:10106), reason = start-service
07-13 19:33:15.294  4128  7167 D PowerController.BgClean: judgeAppLaunchAllowed : intent action:Intent { act=com.google.android.location.internal.action.FLP_FULL_POWER_LOCATION_RESULT pkg=com.google.android.gms cmp=com.google.android.gms/com.google.android.location.internal.PendingIntentCallbackService (has extras) }
07-13 19:33:15.297  4128  4150 V AlarmManager: set(PendingIntent{f642c50: PendingIntentRecord{9076e49 com.google.android.gms startService}}) : type=3 listener=null listenerTag=null triggerAtTime=315363578810 win=236520000000 tElapsed=315363578810 maxElapsed=551883578810 interval=0 flags=0x0
07-13 19:33:15.298  4128  7167 D PowerController.BgClean: judgeAppLaunchAllowed : com.google.android.gms(uid:10106), callingPackage = com.google.android.gms(uid:10106), reason = start-service
07-13 19:33:15.298  4128  7167 D PowerController.BgClean: judgeAppLaunchAllowed : intent action:Intent { act=com.google.android.location.internal.action.FLP_LOW_POWER_LOCATION_RESULT pkg=com.google.android.gms cmp=com.google.android.gms/com.google.android.location.internal.PendingIntentCallbackService (has extras) }
07-13 19:33:15.299  4128  4150 I chatty  : uid=1000(system) Binder:4128_1 expire 2 lines
07-13 19:33:15.304  4713  4713 E StackScroller: Attempting to re-position  view {com.android.systemui.statusbar.notification.row.FooterView{7179b45 V.E...... ......I. 0,0-0,0}}
07-13 19:33:15.304  5736  6124 D TXZ     : [TXZ_LOG][6754/6754]onLocationChanged
07-13 19:33:15.304  4713  4713 E StackScroller: Attempting to re-position  view {com.android.systemui.statusbar.EmptyShadeView{2ba529a G.E...... ......I. 0,0-0,0}}
07-13 19:33:15.304  4713  4713 E StackScroller: Attempting to re-position  view {com.android.systemui.statusbar.NotificationShelf{ceac7f7 VFE...C.. ......I. 0,0-0,0}}
07-13 19:33:15.304  4128  5529 W AlarmManager: setImpl(), force change type ELAPSED_REALTIME_WAKEUP -> ELAPSED_REALTIME
07-13 19:33:15.304  5736  6124 D TXZ     : [TXZ_LOG][6754/6754]lat40.6523797  lng:-73.7571655
07-13 19:33:15.304  5736  6124 D TXZ     : [TXZ_LOG][6754/6754]5km
07-13 19:33:15.304  4128  5529 V AlarmManager: set(PendingIntent{a5d665a: PendingIntentRecord{290308b com.google.android.gms broadcastIntent}}) : type=3 listener=null listenerTag=null triggerAtTime=3597525 win=0 tElapsed=3597525 maxElapsed=3597525 interval=0 flags=0x5
07-13 19:33:15.304  5736  6124 D TXZ     : [TXZ_LOG][6754/6754]
07-13 19:33:15.304  5736  6124 D TXZ     : [TXZ_LOG][6754/6754]
07-13 19:33:15.305  4128  5529 I chatty  : uid=1000(system) Binder:4128_A expire 4 lines
07-13 19:33:15.529  4128  5529 D PowerController.BgClean: judgeAppLaunchAllowed : com.google.android.gms(uid:10106), callingPackage = com.google.android.gms(uid:10106), reason = bind-service
07-13 19:33:15.529  4128  5529 D PowerController.BgClean: judgeAppLaunchAllowed : intent action:Intent { act=com.google.android.chimera.BoundService.START dat=chimera-action:com.google.android.gms.clearcut.service.START cmp=com.google.android.gms/.chimera.PersistentDirectBootAwareApiService }
07-13 19:33:15.829  7287  7287 I QFApi   : getCustomPlatform - customPlatform: 7862
07-13 19:33:15.868  4128  4854 D SSense  : onFpsChanged: fps:3.5333335
07-13 19:33:15.869  4128  4844 I chatty  : uid=1000(system) SRecogCollector expire 4 lines
07-13 19:33:16.029  4713  4713 D StatusBarSignalPolicy: updateWifiIconWithState state : WifiIconState(resId=2131231896, visible=true)
07-13 19:33:16.029  3497  3541 E SPRDHWComposer: SPRD_SR SprdHWComposer2::GET_ACTIVE_CONFIG[466] *outConfig:0
07-13 19:33:16.107  3774  3894 D btopt   : zlink wake_up_apk_server: cmd = 'export PATH=$PATH:/system/bin/;am broadcast -a "zjinnova.android.intent.action.START_DAEMON_SERVICE" --include-stopped-packages "com.zjinnova.zlink"&'
07-13 19:33:16.132  5736  5736 D TxzAccessibilityService: onAccessibilityEvent: event=EventType: TYPE_WINDOW_CONTENT_CHANGED; EventTime: 3579643; PackageName: com.android.systemui; MovementGranularity: 0; Action: 0; ContentChangeTypes: [CONTENT_CHANGE_TYPE_SUBTREE]; WindowChangeTypes: [] [ ClassName: android.widget.FrameLayout; Text: []; ContentDescription: null; ItemCount: -1; CurrentItemIndex: -1; Enabled: true; Password: false; Checked: false; FullScreen: false; Scrollable: false; BeforeText: null; FromIndex: -1; ToIndex: -1; ScrollX: -1; ScrollY: -1; MaxScrollX: -1; MaxScrollY: -1; AddedCount: -1; RemovedCount: -1; ParcelableData: null ]; recordCount: 0
07-13 19:33:16.132  5736  5736 D TxzAccessibilityService: skip com.android.systemui
07-13 19:33:16.165  4128  5529 V ActivityManagerShellCommand: Received onCommand broadcast callUid=0 callpid=24476
07-13 19:33:16.752  4128  4128 W WindowManager: removeWindowToken: Attempted to remove non-existing token: android.os.Binder@8e34892
07-13 19:33:16.834  7287  7287 I QFApi   : getCustomPlatform - customPlatform: 7862
07-13 19:33:17.124  5553  6280 I mcu_services: readInBuf:[ff fe fd 03 01 29 81 a9 ff ]
07-13 19:33:17.124  5553  6280 E mcu_services: MCU2APP : [ff fe fd 03 01 29 81 a9 ff ]
07-13 19:33:17.124  5553  5838 D mcu_services: processResponse - length: 3 - type: 1 - control: 29
07-13 19:33:17.125  5553  5851 D mcu_services: dispatchToClients - cmdId: 41 - data : [29 81 ]
07-13 19:33:17.125  5553  5851 D callback: callMcuInfoChanged: 29 81 
07-13 19:33:17.128  7287  7287 W ContextImpl: Calling a method in the system process without a qualified user: android.app.ContextImpl.sendBroadcast:1045 android.content.ContextWrapper.sendBroadcast:448 com.qf.carsettings.service.CarSettingService$4.onMcuInfoChanged:670 android.qf.mcu.McuManager$ListenerTransport._handleMessage:106 android.qf.mcu.McuManager$ListenerTransport.access$700:72 
07-13 19:33:17.125  5553  5851 D callback: callMcuInfoChanged: 29 81 
07-13 19:33:17.131  3497  3541 E SPRDHWComposer: SPRD_SR SprdHWComposer2::GET_ACTIVE_CONFIG[466] *outConfig:0
07-13 19:33:17.134  5736  5736 D TxzAccessibilityService: onAccessibilityEvent: event=EventType: TYPE_WINDOW_CONTENT_CHANGED; EventTime: 3580645; PackageName: com.android.systemui; MovementGranularity: 0; Action: 0; ContentChangeTypes: [CONTENT_CHANGE_TYPE_TEXT]; WindowChangeTypes: [] [ ClassName: android.widget.TextView; Text: []; ContentDescription: null; ItemCount: -1; CurrentItemIndex: -1; Enabled: true; Password: false; Checked: false; FullScreen: false; Scrollable: false; BeforeText: null; FromIndex: -1; ToIndex: -1; ScrollX: -1; ScrollY: -1; MaxScrollX: -1; MaxScrollY: -1; AddedCount: -1; RemovedCount: -1; ParcelableData: null ]; recordCount: 1
07-13 19:33:17.134  5736  5736 D TxzAccessibilityService: skip com.android.systemui
07-13 19:33:17.735  8587  8587 I Tpms3   : mDataCheckTimer startDataTime:-1;datTime:1752449597
07-13 19:33:17.757  3880  3927 D WCND    : is_cp2_alive_ok: open polling interface: /proc/mdbg/loopcheck, fd = 13
07-13 19:33:17.838  7287  7287 I QFApi   : getCustomPlatform - customPlatform: 7862
07-13 19:33:17.857  3880  3927 D WCND    : is_cp2_alive_ok: loop: /proc/mdbg/loopcheck is OK
07-13 19:33:18.221  3774  3894 D btopt   : zlink wake_up_apk_server: cmd = 'export PATH=$PATH:/system/bin/;am broadcast -a "zjinnova.android.intent.action.START_DAEMON_SERVICE" --include-stopped-packages "com.zjinnova.zlink"&'
07-13 19:33:18.279  4128  5529 V ActivityManagerShellCommand: Received onCommand broadcast callUid=0 callpid=24498
07-13 19:33:18.279  4128  5529 V ActivityManagerShellCommand: runSendBroadcast start and waiting ---Intent { act=zjinnova.android.intent.action.START_DAEMON_SERVICE flg=0x400020 pkg=com.zjinnova.zlink }
07-13 19:33:18.280  4128  4167 D PowerController.BgClean: judgeAppLaunchAllowed : com.zjinnova.zlink(uid:10087), callingPackage = null(uid:0), reason = send-broadcast
07-13 19:33:18.280  4128  4167 D PowerController.BgClean: judgeAppLaunchAllowed : intent action:Intent { act=zjinnova.android.intent.action.START_DAEMON_SERVICE flg=0x400030 pkg=com.zjinnova.zlink }
07-13 19:33:18.280  4128  4167 W BroadcastQueue:  enable com.zjinnova.zlink to start process!
07-13 19:33:18.285 11318 11318 D zj      : message received Intent { act=zjinnova.android.intent.action.START_DAEMON_SERVICE flg=0x400030 pkg=com.zjinnova.zlink cmp=com.zjinnova.zlink/com.zjinnova.android.zlink.features.service.StartupBroadcastReceiver }
07-13 19:33:18.286  4128  5551 D PowerController.BgClean: judgeAppLaunchAllowed : com.zjinnova.zlink(uid:10087), callingPackage = com.zjinnova.zlink(uid:10087), reason = start-service
07-13 19:33:18.286  4128  5551 D PowerController.BgClean: judgeAppLaunchAllowed : intent action:Intent { cmp=com.zjinnova.zlink/com.zjinnova.android.zlink.features.service.DaemonService }
07-13 19:33:18.286  4128  5551 W ActivityManager: u0 Starting a service in packagecom.zjinnova.zlink requires a permissions review
07-13 19:33:18.287  4128  5529 V ActivityManagerShellCommand: runSendBroadcast end ---Intent { act=zjinnova.android.intent.action.START_DAEMON_SERVICE flg=0x400020 pkg=com.zjinnova.zlink }
07-13 19:33:18.532 20581 20581 D DiagnosticService: === PERFORMING DIAGNOSTIC CHECK ===
07-13 19:33:18.533 20581 20581 D DiagnosticService: Total USB devices found: 1
07-13 19:33:18.536 20581 20581 I DiagnosticService: UVC Device found: /dev/bus/usb/001/007 VID:13407 PID:8496
07-13 19:33:18.537  4128  5551 I UsbUserSettingsManager: Camera permission required for USB video class devices
07-13 19:33:18.538 20581 20581 I DiagnosticService: Has permission: false
07-13 19:33:18.541 20581 20581 I DiagnosticService: UVC devices found: 1
07-13 19:33:18.543 20581 20581 D DiagnosticService: Memory - Max: 201326592, Used: 8479624, Free: 18348848
07-13 19:33:18.667  4713  4713 E StackScroller: Attempting to re-position  view {com.android.systemui.statusbar.notification.row.FooterView{7179b45 V.E...... ......I. 0,0-0,0}}
07-13 19:33:18.667  4713  4713 E StackScroller: Attempting to re-position  view {com.android.systemui.statusbar.EmptyShadeView{2ba529a G.E...... ......I. 0,0-0,0}}
07-13 19:33:18.667  4713  4713 E StackScroller: Attempting to re-position  view {com.android.systemui.statusbar.NotificationShelf{ceac7f7 VFE...C.. ......I. 0,0-0,0}}
07-13 19:33:18.668  4713  4713 D NotificationMediaManager: finishUpdateMediaMetaData metaDataChanged =false,allowEnterAnimation =true
07-13 19:33:18.669  4713  4713 D NotificationMediaManager: finishUpdateMediaMetaData need to hide the album art
07-13 19:33:18.843  7287  7287 I QFApi   : getCustomPlatform - customPlatform: 7862
07-13 19:33:19.044  4713  4713 D StatusBarSignalPolicy: updateWifiIconWithState state : WifiIconState(resId=2131231896, visible=true)
07-13 19:33:19.044  3497  3541 E SPRDHWComposer: SPRD_SR SprdHWComposer2::GET_ACTIVE_CONFIG[466] *outConfig:0
07-13 19:33:19.109  5553  6280 I mcu_services: readInBuf:[ff fe fd 03 01 29 81 a9 ff ]
07-13 19:33:19.109  5553  6280 E mcu_services: MCU2APP : [ff fe fd 03 01 29 81 a9 ff ]
07-13 19:33:19.109  5553  5838 D mcu_services: processResponse - length: 3 - type: 1 - control: 29
07-13 19:33:19.110  5553  5851 D mcu_services: dispatchToClients - cmdId: 41 - data : [29 81 ]
07-13 19:33:19.110  5553  5851 D callback: callMcuInfoChanged: 29 81 
07-13 19:33:19.113  7287  7287 W ContextImpl: Calling a method in the system process without a qualified user: android.app.ContextImpl.sendBroadcast:1045 android.content.ContextWrapper.sendBroadcast:448 com.qf.carsettings.service.CarSettingService$4.onMcuInfoChanged:670 android.qf.mcu.McuManager$ListenerTransport._handleMessage:106 android.qf.mcu.McuManager$ListenerTransport.access$700:72 
07-13 19:33:19.110  5553  5851 D callback: callMcuInfoChanged: 29 81 
07-13 19:33:19.147  5736  5736 D TxzAccessibilityService: onAccessibilityEvent: event=EventType: TYPE_WINDOW_CONTENT_CHANGED; EventTime: 3582659; PackageName: com.android.systemui; MovementGranularity: 0; Action: 0; ContentChangeTypes: [CONTENT_CHANGE_TYPE_SUBTREE, CONTENT_CHANGE_TYPE_TEXT]; WindowChangeTypes: [] [ ClassName: android.widget.FrameLayout; Text: []; ContentDescription: null; ItemCount: -1; CurrentItemIndex: -1; Enabled: true; Password: false; Checked: false; FullScreen: false; Scrollable: false; BeforeText: null; FromIndex: -1; ToIndex: -1; ScrollX: -1; ScrollY: -1; MaxScrollX: -1; MaxScrollY: -1; AddedCount: -1; RemovedCount: -1; ParcelableData: null ]; recordCount: 0
07-13 19:33:19.147  5736  5736 D TxzAccessibilityService: skip com.android.systemui
07-13 19:33:19.194 24506 24506 D ip_monitor-3659: fe80::747f:dfff:fe19:ec15 dev wlan0 lladdr 76:7f:df:1c:ef:18 router PROBE
07-13 19:33:19.219 24507 24507 D ip_monitor-3659: fe80::747f:dfff:fe19:ec15 dev wlan0 lladdr 76:7f:df:1c:ef:18 router REACHABLE
07-13 19:33:19.391  4655  4703 D sd      : uart send:3 byte/s
07-13 19:33:19.391  4655  4705 D sd      : uart recv:5 byte/s
07-13 19:33:19.847  7287  7287 I QFApi   : getCustomPlatform - customPlatform: 7862
07-13 19:33:20.080  3830  5187 I chatty  : uid=1000(system) libgps_data expire 10 lines
07-13 19:33:20.087  4128  5551 I chatty  : uid=1000(system) Binder:4128_F expire 6 lines
07-13 19:33:19.000  4128  4428 D AlarmManager: waitForAlarm result:65536currentTime=1752449599000, elapsedRealtime=3583601
07-13 19:33:19.175  4128  4428 V AlarmManager: Time changed notification from kernel; rebatching
07-13 19:33:19.180  4128  4428 V AlarmManager: set(null) : type=3 listener=com.android.server.AlarmManagerService$2@3cd773f listenerTag=TIME_TICK triggerAtTime=3624601 win=0 tElapsed=3624601 maxElapsed=3624601 interval=0 flags=0x1
07-13 19:33:19.181  4128  4428 V AlarmManager: set(PendingIntent{2c8b8f8: PendingIntentRecord{fa281d1 android broadcastIntent}}) : type=1 listener=null listenerTag=null triggerAtTime=1752465600000 win=0 tElapsed=19584601 maxElapsed=19584601 interval=0 flags=0x1
07-13 19:33:19.184  4128  4128 D PowerController: system time is changed!!
07-13 19:33:19.184  4128  4829 D PowerController: system time is changed and update power save mode!!
07-13 19:33:19.184  4128  4128 D DevicePolicyManager: updateSystemUpdateFreezePeriodsRecord
07-13 19:33:19.184  4128  4128 D ConditionProviders.SCP: onReceive android.intent.action.TIME_SET
07-13 19:33:19.184  4713  4713 D KeyguardUpdateMonitor: received broadcast android.intent.action.TIME_SET
07-13 19:33:19.185  4128  4128 D ConditionProviders.SCP: evaluateSubscriptionLocked cal=ScheduleCalendar[mDays={1, 2, 3, 4, 5, 6, 7}, mSchedule=ScheduleInfo{days=[1, 2, 3, 4, 5, 6, 7], startHour=22, startMinute=0, endHour=7, endMinute=0, exitAtAlarm=true, nextAlarm=Wed Dec 31 19:00:00 EST 1969 (0)}], now=Sun Jul 13 19:33:19 EDT 2025 (1752449599184), nextUserAlarmTime=Wed Dec 31 19:00:00 EST 1969 (0)
07-13 19:33:19.185  4713  4713 D KeyguardUpdateMonitor: handleTimeUpdate
07-13 19:33:19.185  4128  4128 D ConditionProviders.SCP: notifyCondition condition://android/schedule?days=1.2.3.4.5.6.7&start=22.0&end=7.0&exitAtAlarm=true STATE_FALSE reason=!meetsSchedule
07-13 19:33:19.185  4128  4167 D PowerController.BgClean: judgeAppLaunchAllowed : com.google.android.gms(uid:10106), callingPackage = android(uid:1000), reason = send-broadcast
07-13 19:33:19.185  4128  4167 D PowerController.BgClean: judgeAppLaunchAllowed : intent action:Intent { act=android.intent.action.TIME_SET flg=0x25200010 }
07-13 19:33:19.186  4713  4713 D KeyguardStatusView: refeshFormat mClockView.getText() = 7:33PM
07-13 19:33:19.186  4128  4128 I chatty  : uid=1000 system_server expire 4 lines
07-13 19:33:19.186  7287  7287 D CarSettingService: CarSettings main (CarSettingService.java:373) onReceive: onReceive : android.intent.action.TIME_SET
07-13 19:33:19.186  4128  4128 D ConditionProviders.SCP: Scheduling evaluate for Sun Jul 13 22:00:00 EDT 2025 (1752458400000), in +2h26m40s816ms, now=Sun Jul 13 19:33:19 EDT 2025 (1752449599184)
07-13 19:33:19.186  4128  4128 W AlarmManager: setImpl(), force change type RTC_WAKEUP -> RTC
07-13 19:33:19.186  4128  4128 V AlarmManager: set(PendingIntent{852527b: PendingIntentRecord{ae8cf8f android broadcastIntent}}) : type=1 listener=null listenerTag=null triggerAtTime=1752458400000 win=0 tElapsed=12384601 maxElapsed=12384601 interval=0 flags=0x9
07-13 19:33:19.188  4713  4713 D KeyguardStatusView: refreshTime mClockView.getText() = 7:33PM
07-13 19:33:19.188  4713  4713 D KeyguardClockSwitch: Updating clock: 7:33PM
07-13 19:33:19.190  4128  5529 W AlarmManager: setImpl(), force change type ELAPSED_REALTIME_WAKEUP -> ELAPSED_REALTIME
07-13 19:33:19.190  4128  5529 V AlarmManager: set(PendingIntent{b13e8f1: PendingIntentRecord{3d9ccd6 com.android.providers.calendar broadcastIntent}}) : type=3 listener=null listenerTag=null triggerAtTime=3588791 win=0 tElapsed=3588791 maxElapsed=3588791 interval=0 flags=0x5
07-13 19:33:19.190  3497  3541 E SPRDHWComposer: SPRD_SR SprdHWComposer2::GET_ACTIVE_CONFIG[466] *outConfig:0
07-13 19:33:19.197  4128  5529 D PowerController.BgClean: judgeAppLaunchAllowed : com.google.android.gms(uid:10106), callingPackage = com.google.android.gms(uid:10106), reason = start-service
07-13 19:33:19.197  4128  5529 D PowerController.BgClean: judgeAppLaunchAllowed : intent action:Intent { act=com.google.android.chimera.container.IntentOperationService.WAKEFUL_INTENT cmp=com.google.android.gms/.chimera.GmsIntentOperationService (has extras) }
07-13 19:33:19.203  4128  5529 D PowerController.BgClean: judgeAppLaunchAllowed : com.google.android.gms(uid:10106), callingPackage = com.google.android.gms(uid:10106), reason = start-service
07-13 19:33:19.203  4128  5529 D PowerController.BgClean: judgeAppLaunchAllowed : intent action:Intent { act=android.intent.action.TIME_SET flg=0x25200010 pkg=com.google.android.gms cmp=com.google.android.gms/.chimera.PersistentIntentOperationService }
07-13 19:33:19.205  4128  5551 D PowerController.BgClean: judgeAppLaunchAllowed : com.google.android.gms(uid:10106), callingPackage = com.google.android.gms(uid:10106), reason = start-service
07-13 19:33:19.205  4128  5551 D PowerController.BgClean: judgeAppLaunchAllowed : intent action:Intent { act=com.google.android.chimera.container.IntentOperationService.KEEPALIVE cmp=com.google.android.gms/.chimera.PersistentIntentOperationService (has extras) }
07-13 19:33:19.207  4128  5808 V AlarmManager: set(PendingIntent{ec295f3: PendingIntentRecord{f7c12b0 com.google.android.gms startService}}) : type=3 listener=null listenerTag=null triggerAtTime=315363583807 win=236519999999 tElapsed=315363583807 maxElapsed=551883583806 interval=0 flags=0x0
07-13 19:33:19.208  4128  5808 I chatty  : uid=1000(system) Binder:4128_14 expire 2 lines
07-13 19:33:19.208  4128  5529 D PowerController.BgClean: judgeAppLaunchAllowed : com.google.android.googlequicksearchbox(uid:10108), callingPackage = android(uid:1000), reason = send-broadcast
07-13 19:33:19.208  4128  5529 D PowerController.BgClean: judgeAppLaunchAllowed : intent action:Intent { act=android.intent.action.TIME_SET flg=0x25200010 }
07-13 19:33:19.208  4128  5529 D PowerController.BgClean: Start Proc : com.google.android.googlequicksearchbox, callingPackage = android, reason = send-broadcast: already started!! (ProcState:PROCESS_STATE_FOREGROUND_SERVICE_LOCATION mState:SYSTEM_INTERACTION)
07-13 19:33:19.210  6564  6564 D WM-RescheduleReceiver: Received intent Intent { act=android.intent.action.TIME_SET flg=0x25200010 cmp=com.google.android.googlequicksearchbox/androidx.work.impl.background.systemalarm.RescheduleReceiver }
07-13 19:33:19.214  4128  4150 D PowerController.BgClean: judgeAppLaunchAllowed : com.google.android.tts(uid:10110), callingPackage = android(uid:1000), reason = send-broadcast
07-13 19:33:19.214  4128  4150 D PowerController.BgClean: judgeAppLaunchAllowed : intent action:Intent { act=android.intent.action.TIME_SET flg=0x25200010 }
07-13 19:33:19.214  4128  4150 D PowerController.BgClean: Start Proc : com.google.android.tts, callingPackage = android, reason = send-broadcast: already started!! (ProcState:PROCESS_STATE_RECEIVER mState:NONE)
07-13 19:33:19.214  5431 24519 I SystemUpdate: [Installation,ReceiverIntentOperation] Received intent: Intent { act=android.intent.action.TIME_SET flg=0x25200010 pkg=com.google.android.gms cmp=com.google.android.gms/.chimera.GmsIntentOperationService$PersistentTrustedReceiver }.
07-13 19:33:19.216  4128  7167 D PowerController.BgClean: judgeAppLaunchAllowed : com.google.android.gms(uid:10106), callingPackage = com.google.android.gms(uid:10106), reason = start-service
07-13 19:33:19.216  4128  7167 D PowerController.BgClean: judgeAppLaunchAllowed : intent action:Intent { act=com.google.android.chimera.container.IntentOperationService.RELEASE_WAKELOCK_ACTION cmp=com.google.android.gms/.chimera.PersistentIntentOperationService (has extras) }
07-13 19:33:19.217  4128  5529 D PowerController.BgClean: judgeAppLaunchAllowed : com.google.android.gms(uid:10106), callingPackage = com.google.android.gms(uid:10106), reason = bind-service
07-13 19:33:19.217  4128  5529 D PowerController.BgClean: judgeAppLaunchAllowed : intent action:Intent { act=com.google.android.chimera.BoundService.START dat=chimera-action:com.google.android.gms.clearcut.bootcount.service.START cmp=com.google.android.gms/.chimera.PersistentBoundBrokerService }
07-13 19:33:19.218  4713  4713 E StackScroller: Attempting to re-position  view {com.android.systemui.statusbar.notification.row.FooterView{7179b45 V.E...... ......I. 0,0-0,0}}
07-13 19:33:19.218  4713  4713 E StackScroller: Attempting to re-position  view {com.android.systemui.statusbar.EmptyShadeView{2ba529a G.E...... ......I. 0,0-0,0}}
07-13 19:33:19.218  4713  4713 E StackScroller: Attempting to re-position  view {com.android.systemui.statusbar.NotificationShelf{ceac7f7 VFE...C.. ......I. 0,0-0,0}}
07-13 19:33:19.219  5272  5272 D BoundBrokerSvc: onRebind: Intent { act=com.google.android.gms.clearcut.bootcount.service.START dat=chimera-action: cmp=com.google.android.gms/.chimera.PersistentBoundBrokerService }
07-13 19:33:19.219  4128  5551 D PowerController.BgClean: judgeAppLaunchAllowed : com.google.android.gms(uid:10106), callingPackage = com.google.android.gms(uid:10106), reason = start-service
07-13 19:33:19.219  4128  5551 D PowerController.BgClean: judgeAppLaunchAllowed : intent action:Intent { act=com.google.android.gms.reminders.notification.ACTION_TIME_REMINDERS_SCHEDULE_IN_RANGE cat=[targeted_intent_op_prefix:.reminders.notification.ScheduleTimeRemindersIntentOperation] cmp=com.google.android.gms/.chimera.GmsIntentOperationService (has extras) }
07-13 19:33:19.220  4128  4484 I chatty  : uid=1000(system) onProviders.ECP expire 4 lines
07-13 19:33:19.220  4128  4484 W AlarmManager: setImpl(), force change type RTC_WAKEUP -> RTC
07-13 19:33:19.220  4128  4484 V AlarmManager: set(PendingIntent{b07a9dc: PendingIntentRecord{a96102d android broadcastIntent}}) : type=1 listener=null listenerTag=null triggerAtTime=1752535999189 win=0 tElapsed=89983790 maxElapsed=89983790 interval=0 flags=0x9
07-13 19:33:19.221  4128  7167 D PowerController.BgClean: judgeAppLaunchAllowed : com.google.android.gms(uid:10106), callingPackage = com.google.android.gms(uid:10106), reason = start-service
07-13 19:33:19.221  4128  7167 D PowerController.BgClean: judgeAppLaunchAllowed : intent action:Intent { act=com.google.android.gms.update.INSTALLATION_EVENT cat=[targeted_intent_op_prefix:.update.execution.InstallationEventIntentOperation] cmp=com.google.android.gms/.chimera.GmsIntentOperationService (has extras) }
07-13 19:33:19.221  5431 23585 I AlarmManager: setExactAndAllowWhileIdle [name: RemindersNSREFRESH_TIME_REMINDERS_ALARM type: 0 triggerAtMillis: 1752465600000]
07-13 19:33:19.221  4128  5551 W AlarmManager: setImpl(), force change type RTC_WAKEUP -> RTC
07-13 19:33:19.222  4128  5529 D PowerController.BgClean: judgeAppLaunchAllowed : app.rvx.android.apps.youtube.music(uid:10169), callingPackage = android(uid:1000), reason = send-broadcast
07-13 19:33:19.222  4128  5529 D PowerController.BgClean: judgeAppLaunchAllowed : intent action:Intent { act=android.intent.action.TIME_SET flg=0x25200010 }
07-13 19:33:19.222  4128  5529 D PowerController.BgClean: in apppowerconfig autolaunch black list: app.rvx.android.apps.youtube.music
07-13 19:33:19.222  4128  5529 D PowerController.BgClean: launchState: 2
07-13 19:33:19.222  4128  5551 V AlarmManager: set(PendingIntent{b6719ba: PendingIntentRecord{8e9b8cb com.google.android.gms startService}}) : type=1 listener=null listenerTag=null triggerAtTime=1752465600000 win=0 tElapsed=19584601 maxElapsed=19584601 interval=0 flags=0x5
07-13 19:33:19.225  4128  4167 D PowerController.BgClean: judgeAppLaunchAllowed : ar.tvplayer.tv(uid:10134), callingPackage = android(uid:1000), reason = send-broadcast
07-13 19:33:19.226  4128  4167 D PowerController.BgClean: judgeAppLaunchAllowed : intent action:Intent { act=android.intent.action.TIME_SET flg=0x25200010 }
07-13 19:33:19.233  4128  5551 D PowerController.BgClean: judgeAppLaunchAllowed : com.amazon.imdb.tv.mobile.app(uid:10142), callingPackage = android(uid:1000), reason = send-broadcast
07-13 19:33:19.233  4128  5551 D PowerController.BgClean: judgeAppLaunchAllowed : intent action:Intent { act=android.intent.action.TIME_SET flg=0x25200010 }
07-13 19:33:19.234 16894 16894 I ...rage.LambortishClock: Broadcast receiver is notified: ChangeTimestampsBroadcastReceiver
07-13 19:33:19.236  5431 23583 I SystemUpdate: [Execution,InstallationEventIntentOperation] Handling event of type 6.
07-13 19:33:19.237  4128  5551 D PowerController.BgClean: judgeAppLaunchAllowed : com.aspiro.tidal(uid:10172), callingPackage = android(uid:1000), reason = send-broadcast
07-13 19:33:19.237  4128  5551 D PowerController.BgClean: judgeAppLaunchAllowed : intent action:Intent { act=android.intent.action.TIME_SET flg=0x25200010 }
07-13 19:33:19.237  4128  5551 D PowerController.BgClean: in apppowerconfig autolaunch black list: com.aspiro.tidal
07-13 19:33:19.237  4128  5551 D PowerController.BgClean: launchState: 2
07-13 19:33:19.238 16894 24524 I ...rage.LambortishClock: Users clock moved. System time is 1752449599238 and timestamp is 1752455977126
07-13 19:33:19.239  4128  4167 D PowerController.BgClean: judgeAppLaunchAllowed : com.clearchannel.iheartradio.controller(uid:10141), callingPackage = android(uid:1000), reason = send-broadcast
07-13 19:33:19.239  4128  4167 D PowerController.BgClean: judgeAppLaunchAllowed : intent action:Intent { act=android.intent.action.TIME_SET flg=0x25200010 }
07-13 19:33:19.241  4128  7153 D PowerController.BgClean: judgeAppLaunchAllowed : com.google.android.gms(uid:10106), callingPackage = com.google.android.gms(uid:10106), reason = start-service
07-13 19:33:19.241  4128  7153 D PowerController.BgClean: judgeAppLaunchAllowed : intent action:Intent { act=com.google.android.gms.update.INSTALL_UPDATE cat=[targeted_intent_op_prefix:.update.execution.InstallationIntentOperation] cmp=com.google.android.gms/.chimera.GmsIntentOperationService (has extras) }
07-13 19:33:19.243  4128  7153 D PowerController.BgClean: judgeAppLaunchAllowed : com.google.android.apps.maps(uid:10128), callingPackage = android(uid:1000), reason = send-broadcast
07-13 19:33:19.243  4128  7153 D PowerController.BgClean: judgeAppLaunchAllowed : intent action:Intent { act=android.intent.action.TIME_SET flg=0x25200010 }
07-13 19:33:19.246  4128  7153 D PowerController.BgClean: judgeAppLaunchAllowed : com.google.android.apps.messaging(uid:10191), callingPackage = android(uid:1000), reason = send-broadcast
07-13 19:33:19.246  4128  7153 D PowerController.BgClean: judgeAppLaunchAllowed : intent action:Intent { act=android.intent.action.TIME_SET flg=0x25200010 }
07-13 19:33:19.246  4128  7153 D PowerController.BgClean: in apppowerconfig autolaunch black list: com.google.android.apps.messaging
07-13 19:33:19.246  4128  7153 D PowerController.BgClean: launchState: 2
07-13 19:33:19.246  5431 23583 I SystemUpdate: [Execution,InstallationIntentOperation] Received intent: Intent { act=com.google.android.gms.update.INSTALL_UPDATE cat=[targeted_intent_op_prefix:.update.execution.InstallationIntentOperation] cmp=com.google.android.gms/.chimera.GmsIntentOperationService (has extras) }.
07-13 19:33:19.247  5431 23583 I SystemUpdate: [Execution,ExecutionManager] Start action execution: finished-execution
07-13 19:33:19.248  5431 23583 I SystemUpdate: [Execution,ExecutionManager] Action finished-execution executed for 0.00 seconds.
07-13 19:33:19.248  4128  4167 D PowerController.BgClean: judgeAppLaunchAllowed : com.google.android.inputmethod.latin(uid:10148), callingPackage = android(uid:1000), reason = send-broadcast
07-13 19:33:19.248  4128  4167 D PowerController.BgClean: judgeAppLaunchAllowed : intent action:Intent { act=android.intent.action.TIME_SET flg=0x25200010 }
07-13 19:33:19.250  3774  3894 D btopt   : zlink wake_up_apk_server: cmd = 'export PATH=$PATH:/system/bin/;am broadcast -a "zjinnova.android.intent.action.START_DAEMON_SERVICE" --include-stopped-packages "com.zjinnova.zlink"&'
07-13 19:33:19.251  4128  5551 D PowerController.BgClean: judgeAppLaunchAllowed : com.google.android.youtube(uid:10129), callingPackage = android(uid:1000), reason = send-broadcast
07-13 19:33:19.251  4128  5551 D PowerController.BgClean: judgeAppLaunchAllowed : intent action:Intent { act=android.intent.action.TIME_SET flg=0x25200010 }
07-13 19:33:19.253  4128  5551 D PowerController.BgClean: judgeAppLaunchAllowed : com.instagram.android(uid:10140), callingPackage = android(uid:1000), reason = send-broadcast
07-13 19:33:19.253  4128  5551 D PowerController.BgClean: judgeAppLaunchAllowed : intent action:Intent { act=android.intent.action.TIME_SET flg=0x25200010 }
07-13 19:33:19.255  4128  7153 D PowerController.BgClean: judgeAppLaunchAllowed : com.pandora.android(uid:10171), callingPackage = android(uid:1000), reason = send-broadcast
07-13 19:33:19.256  4128  7153 D PowerController.BgClean: judgeAppLaunchAllowed : intent action:Intent { act=android.intent.action.TIME_SET flg=0x25200010 }
07-13 19:33:19.256  4128  7153 D PowerController.BgClean: in apppowerconfig autolaunch black list: com.pandora.android
07-13 19:33:19.256  4128  7153 D PowerController.BgClean: launchState: 2
07-13 19:33:19.257  4128  4167 D PowerController.BgClean: judgeAppLaunchAllowed : com.spotify.music(uid:10274), callingPackage = android(uid:1000), reason = send-broadcast
07-13 19:33:19.258  4128  4167 D PowerController.BgClean: judgeAppLaunchAllowed : intent action:Intent { act=android.intent.action.TIME_SET flg=0x25200010 }
07-13 19:33:19.261  4128  7153 D PowerController.BgClean: judgeAppLaunchAllowed : com.whatsapp(uid:10135), callingPackage = android(uid:1000), reason = send-broadcast
07-13 19:33:19.261  4128  7153 D PowerController.BgClean: judgeAppLaunchAllowed : intent action:Intent { act=android.intent.action.TIME_SET flg=0x25200010 }
07-13 19:33:19.262 17659 17659 D WM-RescheduleReceiver: Received intent Intent { act=android.intent.action.TIME_SET flg=0x25200010 cmp=com.whatsapp/androidx.work.impl.background.systemalarm.RescheduleReceiver }
07-13 19:33:19.263  4128  7153 D PowerController.BgClean: judgeAppLaunchAllowed : org.fdroid.fdroid(uid:10164), callingPackage = android(uid:1000), reason = send-broadcast
07-13 19:33:19.263  4128  7153 D PowerController.BgClean: judgeAppLaunchAllowed : intent action:Intent { act=android.intent.action.TIME_SET flg=0x25200010 }
07-13 19:33:19.263  4128  7153 D PowerController.BgClean: in apppowerconfig autolaunch black list: org.fdroid.fdroid
07-13 19:33:19.263  4128  7153 D PowerController.BgClean: launchState: 2
07-13 19:33:19.290  5736  5736 D TxzAccessibilityService: onAccessibilityEvent: event=EventType: TYPE_WINDOW_CONTENT_CHANGED; EventTime: 3583889; PackageName: com.android.systemui; MovementGranularity: 0; Action: 0; ContentChangeTypes: [CONTENT_CHANGE_TYPE_TEXT, CONTENT_CHANGE_TYPE_CONTENT_DESCRIPTION]; WindowChangeTypes: [] [ ClassName: android.widget.FrameLayout; Text: []; ContentDescription: null; ItemCount: -1; CurrentItemIndex: -1; Enabled: true; Password: false; Checked: false; FullScreen: false; Scrollable: false; BeforeText: null; FromIndex: -1; ToIndex: -1; ScrollX: -1; ScrollY: -1; MaxScrollX: -1; MaxScrollY: -1; AddedCount: -1; RemovedCount: -1; ParcelableData: null ]; recordCount: 0
07-13 19:33:19.290  5736  5736 D TxzAccessibilityService: skip com.android.systemui
07-13 19:33:19.291  4128  7153 V ActivityManagerShellCommand: Received onCommand broadcast callUid=0 callpid=24527
07-13 19:33:19.651  8587  8587 I Tpms3   : mDataCheckTimer startDataTime:-1;datTime:1752449599
07-13 19:33:19.764  7287  7287 I QFApi   : getCustomPlatform - customPlatform: 7862
07-13 19:33:19.782  4128  4854 D SSense  : onFpsChanged: fps:0.93333334
07-13 19:33:20.006  5553  6280 I mcu_services: readInBuf:[ff fe fd 03 01 29 81 a9 ff ]
07-13 19:33:20.006  5553  6280 E mcu_services: MCU2APP : [ff fe fd 03 01 29 81 a9 ff ]
07-13 19:33:20.007  5553  5838 D mcu_services: processResponse - length: 3 - type: 1 - control: 29
07-13 19:33:20.007  5553  5851 D mcu_services: dispatchToClients - cmdId: 41 - data : [29 81 ]
07-13 19:33:20.007  5553  5851 D callback: callMcuInfoChanged: 29 81 
