07-13 19:32:55.381  4713  4713 E StackScroller: Attempting to re-position  view {com.android.systemui.statusbar.NotificationShelf{ceac7f7 VFE...C.. ......I. 0,0-0,0}}
07-13 19:32:55.381  4128  6296 W AlarmManager: setImpl(), force change type ELAPSED_REALTIME_WAKEUP -> ELAPSED_REALTIME
07-13 19:32:55.381  4128  6296 V AlarmManager: set(PendingIntent{8504a6a: PendingIntentRecord{8d82b5b com.google.android.gms broadcastIntent}}) : type=3 listener=null listenerTag=null triggerAtTime=3577516 win=0 tElapsed=3577516 maxElapsed=3577516 interval=0 flags=0x5
07-13 19:32:55.381  4128  6296 I chatty  : uid=1000(system) Binder:4128_17 expire 2 lines
07-13 19:32:55.627  4128  4487 D DeviceStorageMonitorService: updateStateEx oldLevel = 0, newLevel = 0
07-13 19:32:55.721  4128  4128 D PowerManagerService: userActivityNoUpdateLocked: Scene not defined, event:0
07-13 19:32:55.721  4713  4713 D ViewGroup: dispatchTouchEvent  - is_acc_on: true - powerOffStatus: 0 - action: 4
07-13 19:32:55.722  4713  4713 D ViewGroup: dispatchTouchEvent  - is_acc_on: true - powerOffStatus: 0 - action: 4
07-13 19:32:55.742  7287  7287 I QFApi   : getCustomPlatform - customPlatform: 7862
07-13 19:32:55.808  3542  3542 D PowerHAL: ###Enter interaction_fling scene bgn###
07-13 19:32:55.808  3542  3542 D PowerHAL: Enter common_set_for_release_when_close: enable:1, duration: 2566, /dev/cluster0_freq_max: 1BC560
07-13 19:32:55.808  3542  3542 D PowerHAL: Enter common_set_for_release_when_close: enable:1, duration: 2566, /dev/cluster0_freq_min: 1BC560
07-13 19:32:55.808  3542  3542 D PowerHAL: ###Enter interaction_fling scene end###
07-13 19:32:56.055  4713  4713 D ViewGroup: dispatchTouchEvent  - is_acc_on: true - powerOffStatus: 0 - action: 4
07-13 19:32:56.056  4713  4713 D ViewGroup: dispatchTouchEvent  - is_acc_on: true - powerOffStatus: 0 - action: 4
07-13 19:32:56.141  3542  3542 D PowerHAL: ###Enter interaction_fling scene bgn###
07-13 19:32:56.141  3542  3542 D PowerHAL: Enter common_set_for_release_when_close: enable:1, duration: 4007, /dev/cluster0_freq_max: 1BC560
07-13 19:32:56.141  3542  3542 D PowerHAL: Enter common_set_for_release_when_close: enable:1, duration: 4007, /dev/cluster0_freq_min: 1BC560
07-13 19:32:56.141  3542  3542 D PowerHAL: ###Enter interaction_fling scene end###
07-13 19:32:56.422  4713  4713 D ViewGroup: dispatchTouchEvent  - is_acc_on: true - powerOffStatus: 0 - action: 4
07-13 19:32:56.423  4713  4713 D ViewGroup: dispatchTouchEvent  - is_acc_on: true - powerOffStatus: 0 - action: 4
07-13 19:32:56.497  3542  3542 D PowerHAL: ###Enter interaction_fling scene bgn###
07-13 19:32:56.497  3542  3542 D PowerHAL: Enter common_set_for_release_when_close: enable:1, duration: 5000, /dev/cluster0_freq_max: 1BC560
07-13 19:32:56.497  3542  3542 D PowerHAL: Enter common_set_for_release_when_close: enable:1, duration: 5000, /dev/cluster0_freq_min: 1BC560
07-13 19:32:56.497  3542  3542 D PowerHAL: ###Enter interaction_fling scene end###
07-13 19:32:56.485  4128  4128 I chatty  : uid=1000 system_server identical 13 lines
07-13 19:32:56.497  4128  4128 D PowerManagerService: userActivityNoUpdateLocked: Scene not defined, event:0
07-13 19:32:56.685  4128  5551 V AlarmManager: set(PendingIntent{29983a4: PendingIntentRecord{651350d com.google.android.gms broadcastIntent}}) : type=3 listener=null listenerTag=null triggerAtTime=3560215 win=0 tElapsed=3565218 maxElapsed=3565218 interval=0 flags=0x1
07-13 19:32:56.691  3830  3830 I chatty  : uid=1000(system) gnss@2.0-servic expire 1 line
07-13 19:32:56.691  8587  8587 I Tpms3   : mDataCheckTimer startDataTime:-1;datTime:1752449576
07-13 19:32:56.692  8887  8963 D LocationClientOfAndroid: get new location: 40.652644,-73.756773,network
07-13 19:32:56.692  8887  8963 D LocationManager: update location:[-73.756773,40.6526441]
07-13 19:32:56.744  7287  7287 I QFApi   : getCustomPlatform - customPlatform: 7862
07-13 19:32:56.756  4128  4128 D PowerManagerService: userActivityNoUpdateLocked: Scene not defined, event:0
07-13 19:32:56.757  4713  4713 D ViewGroup: dispatchTouchEvent  - is_acc_on: true - powerOffStatus: 0 - action: 4
07-13 19:32:56.761  4713  4713 D ViewGroup: dispatchTouchEvent  - is_acc_on: true - powerOffStatus: 0 - action: 4
07-13 19:32:56.764  5567  6042 I searchSkipFileFilter: ---USBService---true   /storage/emulated/0/txz/log/text_all_9
07-13 19:32:56.764  5567  6042 I MultiFileObserver: onEvent path: text_all_9,newPath:/storage/emulated/0/txz/log/text_all_9,mPath:/storage/emulated/0/txz/log,flag:true
07-13 19:32:56.764  5567  6042 I searchSkipFileFilter: ---USBService---true   /storage/emulated/0/txz/log/text_all_8
07-13 19:32:56.764  5567  6042 I MultiFileObserver: onEvent path: text_all_8,newPath:/storage/emulated/0/txz/log/text_all_8,mPath:/storage/emulated/0/txz/log,flag:true
07-13 19:32:56.764  5567  6042 I searchSkipFileFilter: ---USBService---true   /storage/emulated/0/txz/log/text_all_9
07-13 19:32:56.764  5567  6042 I MultiFileObserver: onEvent path: text_all_9,newPath:/storage/emulated/0/txz/log/text_all_9,mPath:/storage/emulated/0/txz/log,flag:true
07-13 19:32:56.765  5567  6042 I searchSkipFileFilter: ---USBService---true   /storage/emulated/0/txz/log/text_all_7
07-13 19:32:56.765  5567  6042 I MultiFileObserver: onEvent path: text_all_7,newPath:/storage/emulated/0/txz/log/text_all_7,mPath:/storage/emulated/0/txz/log,flag:true
07-13 19:32:56.765  5567  6042 I searchSkipFileFilter: ---USBService---true   /storage/emulated/0/txz/log/text_all_8
07-13 19:32:56.765  5567  6042 I MultiFileObserver: onEvent path: text_all_8,newPath:/storage/emulated/0/txz/log/text_all_8,mPath:/storage/emulated/0/txz/log,flag:true
07-13 19:32:56.765  5567  6042 I searchSkipFileFilter: ---USBService---true   /storage/emulated/0/txz/log/text_all_6
07-13 19:32:56.765  5567  6042 I MultiFileObserver: onEvent path: text_all_6,newPath:/storage/emulated/0/txz/log/text_all_6,mPath:/storage/emulated/0/txz/log,flag:true
07-13 19:32:56.766  5567  6042 I searchSkipFileFilter: ---USBService---true   /storage/emulated/0/txz/log/text_all_7
07-13 19:32:56.766  5567  6042 I MultiFileObserver: onEvent path: text_all_7,newPath:/storage/emulated/0/txz/log/text_all_7,mPath:/storage/emulated/0/txz/log,flag:true
07-13 19:32:56.766  5567  6042 I searchSkipFileFilter: ---USBService---true   /storage/emulated/0/txz/log/text_all_5
07-13 19:32:56.766  5567  6042 I MultiFileObserver: onEvent path: text_all_5,newPath:/storage/emulated/0/txz/log/text_all_5,mPath:/storage/emulated/0/txz/log,flag:true
07-13 19:32:56.766  5567  6042 I searchSkipFileFilter: ---USBService---true   /storage/emulated/0/txz/log/text_all_6
07-13 19:32:56.766  5567  6042 I MultiFileObserver: onEvent path: text_all_6,newPath:/storage/emulated/0/txz/log/text_all_6,mPath:/storage/emulated/0/txz/log,flag:true
07-13 19:32:56.766  5567  6042 I searchSkipFileFilter: ---USBService---true   /storage/emulated/0/txz/log/text_all_4
07-13 19:32:56.767  5567  6042 I MultiFileObserver: onEvent path: text_all_4,newPath:/storage/emulated/0/txz/log/text_all_4,mPath:/storage/emulated/0/txz/log,flag:true
07-13 19:32:56.767  5567  6042 I searchSkipFileFilter: ---USBService---true   /storage/emulated/0/txz/log/text_all_5
07-13 19:32:56.767  5567  6042 I MultiFileObserver: onEvent path: text_all_5,newPath:/storage/emulated/0/txz/log/text_all_5,mPath:/storage/emulated/0/txz/log,flag:true
07-13 19:32:56.767  5567  6042 I searchSkipFileFilter: ---USBService---true   /storage/emulated/0/txz/log/text_all_3
07-13 19:32:56.767  5567  6042 I MultiFileObserver: onEvent path: text_all_3,newPath:/storage/emulated/0/txz/log/text_all_3,mPath:/storage/emulated/0/txz/log,flag:true
07-13 19:32:56.767  5567  6042 I searchSkipFileFilter: ---USBService---true   /storage/emulated/0/txz/log/text_all_4
07-13 19:32:56.767  5567  6042 I MultiFileObserver: onEvent path: text_all_4,newPath:/storage/emulated/0/txz/log/text_all_4,mPath:/storage/emulated/0/txz/log,flag:true
07-13 19:32:56.768  5567  6042 I searchSkipFileFilter: ---USBService---true   /storage/emulated/0/txz/log/text_all_2
07-13 19:32:56.768  5567  6042 I MultiFileObserver: onEvent path: text_all_2,newPath:/storage/emulated/0/txz/log/text_all_2,mPath:/storage/emulated/0/txz/log,flag:true
07-13 19:32:56.768  5567  6042 I searchSkipFileFilter: ---USBService---true   /storage/emulated/0/txz/log/text_all_3
07-13 19:32:56.768  5567  6042 I MultiFileObserver: onEvent path: text_all_3,newPath:/storage/emulated/0/txz/log/text_all_3,mPath:/storage/emulated/0/txz/log,flag:true
07-13 19:32:56.768  5567  6042 I searchSkipFileFilter: ---USBService---true   /storage/emulated/0/txz/log/text_all_1
07-13 19:32:56.768  5567  6042 I MultiFileObserver: onEvent path: text_all_1,newPath:/storage/emulated/0/txz/log/text_all_1,mPath:/storage/emulated/0/txz/log,flag:true
07-13 19:32:56.768  5567  6042 I searchSkipFileFilter: ---USBService---true   /storage/emulated/0/txz/log/text_all_2
07-13 19:32:56.768  5567  6042 I MultiFileObserver: onEvent path: text_all_2,newPath:/storage/emulated/0/txz/log/text_all_2,mPath:/storage/emulated/0/txz/log,flag:true
07-13 19:32:56.769  5567  6042 I searchSkipFileFilter: ---USBService---true   /storage/emulated/0/txz/log/text_all
07-13 19:32:56.769  5567  6042 I MultiFileObserver: onEvent path: text_all,newPath:/storage/emulated/0/txz/log/text_all,mPath:/storage/emulated/0/txz/log,flag:true
07-13 19:32:56.769  5567  6042 I searchSkipFileFilter: ---USBService---true   /storage/emulated/0/txz/log/text_all_1
07-13 19:32:56.769  5567  6042 I MultiFileObserver: onEvent path: text_all_1,newPath:/storage/emulated/0/txz/log/text_all_1,mPath:/storage/emulated/0/txz/log,flag:true
07-13 19:32:56.769  5567  6042 I searchSkipFileFilter: ---USBService---true   /storage/emulated/0/txz/log/text_all
07-13 19:32:56.769  5567  6042 I MultiFileObserver: onEvent path: text_all,newPath:/storage/emulated/0/txz/log/text_all,mPath:/storage/emulated/0/txz/log,flag:true
07-13 19:32:56.820  3542  3542 D PowerHAL: ###Enter interaction_fling scene bgn###
07-13 19:32:56.820  3542  3542 D PowerHAL: Enter common_set_for_release_when_close: enable:1, duration: 5000, /dev/cluster0_freq_max: 1BC560
07-13 19:32:56.820  3542  3542 D PowerHAL: Enter common_set_for_release_when_close: enable:1, duration: 5000, /dev/cluster0_freq_min: 1BC560
07-13 19:32:56.820  3542  3542 D PowerHAL: ###Enter interaction_fling scene end###
07-13 19:32:57.112  4713  4713 D ViewGroup: dispatchTouchEvent  - is_acc_on: true - powerOffStatus: 0 - action: 4
07-13 19:32:57.116  4713  4713 D ViewGroup: dispatchTouchEvent  - is_acc_on: true - powerOffStatus: 0 - action: 4
07-13 19:32:57.182  3774  3894 D btopt   : zlink wake_up_apk_server: cmd = 'export PATH=$PATH:/system/bin/;am broadcast -a "zjinnova.android.intent.action.START_DAEMON_SERVICE" --include-stopped-packages "com.zjinnova.zlink"&'
07-13 19:32:57.197  3542  3542 D PowerHAL: ###Enter interaction_fling scene bgn###
07-13 19:32:57.197  3542  3542 D PowerHAL: Enter common_set_for_release_when_close: enable:1, duration: 5000, /dev/cluster0_freq_max: 1BC560
07-13 19:32:57.197  3542  3542 D PowerHAL: Enter common_set_for_release_when_close: enable:1, duration: 5000, /dev/cluster0_freq_min: 1BC560
07-13 19:32:57.197  3542  3542 D PowerHAL: ###Enter interaction_fling scene end###
07-13 19:32:57.185  4128  4128 I chatty  : uid=1000 system_server identical 8 lines
07-13 19:32:57.197  4128  4128 D PowerManagerService: userActivityNoUpdateLocked: Scene not defined, event:0
07-13 19:32:57.223  4128  6296 V ActivityManagerShellCommand: Received onCommand broadcast callUid=0 callpid=24220
07-13 19:32:57.223  4128  6296 V ActivityManagerShellCommand: runSendBroadcast start and waiting ---Intent { act=zjinnova.android.intent.action.START_DAEMON_SERVICE flg=0x400020 pkg=com.zjinnova.zlink }
07-13 19:32:57.224  4128  4167 D PowerController.BgClean: judgeAppLaunchAllowed : com.zjinnova.zlink(uid:10087), callingPackage = null(uid:0), reason = send-broadcast
07-13 19:32:57.224  4128  4167 D PowerController.BgClean: judgeAppLaunchAllowed : intent action:Intent { act=zjinnova.android.intent.action.START_DAEMON_SERVICE flg=0x400030 pkg=com.zjinnova.zlink }
07-13 19:32:57.224  4128  4167 W BroadcastQueue:  enable com.zjinnova.zlink to start process!
07-13 19:32:57.227 11318 11318 D zj      : message received Intent { act=zjinnova.android.intent.action.START_DAEMON_SERVICE flg=0x400030 pkg=com.zjinnova.zlink cmp=com.zjinnova.zlink/com.zjinnova.android.zlink.features.service.StartupBroadcastReceiver }
07-13 19:32:57.227  4128  5551 D PowerController.BgClean: judgeAppLaunchAllowed : com.zjinnova.zlink(uid:10087), callingPackage = com.zjinnova.zlink(uid:10087), reason = start-service
07-13 19:32:57.227  4128  5551 D PowerController.BgClean: judgeAppLaunchAllowed : intent action:Intent { cmp=com.zjinnova.zlink/com.zjinnova.android.zlink.features.service.DaemonService }
07-13 19:32:57.227  4128  5551 W ActivityManager: u0 Starting a service in packagecom.zjinnova.zlink requires a permissions review
07-13 19:32:57.228  4128  6296 V ActivityManagerShellCommand: runSendBroadcast end ---Intent { act=zjinnova.android.intent.action.START_DAEMON_SERVICE flg=0x400020 pkg=com.zjinnova.zlink }
07-13 19:32:57.253  5553  6280 I mcu_services: readInBuf:[ff fe fd 03 01 29 81 a9 ff ]
07-13 19:32:57.254  5553  6280 E mcu_services: MCU2APP : [ff fe fd 03 01 29 81 a9 ff ]
07-13 19:32:57.254  5553  5838 D mcu_services: processResponse - length: 3 - type: 1 - control: 29
07-13 19:32:57.254  5553  5851 D mcu_services: dispatchToClients - cmdId: 41 - data : [29 81 ]
07-13 19:32:57.254  5553  5851 D callback: callMcuInfoChanged: 29 81 
07-13 19:32:57.256  7287  7287 W ContextImpl: Calling a method in the system process without a qualified user: android.app.ContextImpl.sendBroadcast:1045 android.content.ContextWrapper.sendBroadcast:448 com.qf.carsettings.service.CarSettingService$4.onMcuInfoChanged:670 android.qf.mcu.McuManager$ListenerTransport._handleMessage:106 android.qf.mcu.McuManager$ListenerTransport.access$700:72 
07-13 19:32:57.254  5553  5851 D callback: callMcuInfoChanged: 29 81 
07-13 19:32:57.318  3880  3927 D WCND    : is_cp2_alive_ok: open polling interface: /proc/mdbg/loopcheck, fd = 13
07-13 19:32:57.419  3880  3927 D WCND    : is_cp2_alive_ok: loop: /proc/mdbg/loopcheck is OK
07-13 19:32:57.433  4128  4128 D PowerManagerService: userActivityNoUpdateLocked: Scene not defined, event:0
07-13 19:32:57.433  4713  4713 D ViewGroup: dispatchTouchEvent  - is_acc_on: true - powerOffStatus: 0 - action: 4
07-13 19:32:57.434  4713  4713 D ViewGroup: dispatchTouchEvent  - is_acc_on: true - powerOffStatus: 0 - action: 4
07-13 19:32:57.520  3542  3542 D PowerHAL: ###Enter interaction_fling scene bgn###
07-13 19:32:57.520  3542  3542 D PowerHAL: Enter common_set_for_release_when_close: enable:1, duration: 5000, /dev/cluster0_freq_max: 1BC560
07-13 19:32:57.520  3542  3542 D PowerHAL: Enter common_set_for_release_when_close: enable:1, duration: 5000, /dev/cluster0_freq_min: 1BC560
07-13 19:32:57.520  3542  3542 D PowerHAL: ###Enter interaction_fling scene end###
07-13 19:32:57.746  7287  7287 I QFApi   : getCustomPlatform - customPlatform: 7862
07-13 19:32:57.937  4713  4713 D StatusBarSignalPolicy: updateWifiIconWithState state : WifiIconState(resId=2131231896, visible=true)
07-13 19:32:58.101  4713  4713 D ViewGroup: dispatchTouchEvent  - is_acc_on: true - powerOffStatus: 0 - action: 4
07-13 19:32:58.101  4713  4713 D ViewGroup: dispatchTouchEvent  - is_acc_on: true - powerOffStatus: 0 - action: 4
07-13 19:32:58.219  3542  3542 D PowerHAL: ###Enter interaction_fling scene bgn###
07-13 19:32:58.219  3542  3542 D PowerHAL: Enter common_set_for_release_when_close: enable:1, duration: 5000, /dev/cluster0_freq_max: 1BC560
07-13 19:32:58.219  3542  3542 D PowerHAL: Enter common_set_for_release_when_close: enable:1, duration: 5000, /dev/cluster0_freq_min: 1BC560
07-13 19:32:58.219  3542  3542 D PowerHAL: ###Enter interaction_fling scene end###
07-13 19:32:58.427 20581 20581 D DiagnosticService: === PERFORMING DIAGNOSTIC CHECK ===
07-13 19:32:58.429 20581 20581 D DiagnosticService: Total USB devices found: 1
07-13 19:32:58.432 20581 20581 I DiagnosticService: UVC Device found: /dev/bus/usb/001/007 VID:13407 PID:8496
07-13 19:32:58.208  4128  4128 I chatty  : uid=1000 system_server identical 8 lines
07-13 19:32:58.219  4128  4128 D PowerManagerService: userActivityNoUpdateLocked: Scene not defined, event:0
07-13 19:32:58.433  4128  5551 I UsbUserSettingsManager: Camera permission required for USB video class devices
07-13 19:32:58.433 20581 20581 I DiagnosticService: Has permission: false
07-13 19:32:58.436 20581 20581 I DiagnosticService: UVC devices found: 1
07-13 19:32:58.438 20581 20581 D DiagnosticService: Memory - Max: 201326592, Used: 8184328, Free: 18644144
07-13 19:32:58.554  4713  4713 E StackScroller: Attempting to re-position  view {com.android.systemui.statusbar.notification.row.FooterView{7179b45 V.E...... ......I. 0,0-0,0}}
07-13 19:32:58.554  4713  4713 E StackScroller: Attempting to re-position  view {com.android.systemui.statusbar.EmptyShadeView{2ba529a G.E...... ......I. 0,0-0,0}}
07-13 19:32:58.554  4713  4713 E StackScroller: Attempting to re-position  view {com.android.systemui.statusbar.NotificationShelf{ceac7f7 VFE...C.. ......I. 0,0-0,0}}
07-13 19:32:58.556  4713  4713 D NotificationMediaManager: finishUpdateMediaMetaData metaDataChanged =false,allowEnterAnimation =true
07-13 19:32:58.556  4713  4713 D NotificationMediaManager: finishUpdateMediaMetaData need to hide the album art
07-13 19:32:58.748  7287  7287 I QFApi   : getCustomPlatform - customPlatform: 7862
07-13 19:32:58.907  4128  4854 D SSense  : onFpsChanged: fps:36.066666
07-13 19:32:58.941  4128  4128 D PowerManagerService: userActivityNoUpdateLocked: Scene not defined, event:0
07-13 19:32:58.941  4713  4713 D ViewGroup: dispatchTouchEvent  - is_acc_on: true - powerOffStatus: 0 - action: 4
07-13 19:32:58.942  7329  7329 I chatty  : uid=1000(system) com.android.launcher.gradient.black expire 234 lines
07-13 19:32:58.942  4713  4713 D ViewGroup: dispatchTouchEvent  - is_acc_on: true - powerOffStatus: 0 - action: 4
07-13 19:32:58.961  4128  5529 I chatty  : uid=1000(system) Binder:4128_A expire 5 lines
07-13 19:32:59.000  4128  4428 D AlarmManager: waitForAlarm result:65536currentTime=1752449579000, elapsedRealtime=3562494
07-13 19:32:59.011  4128  4128 D PowerManagerService: userActivityNoUpdateLocked: Scene not defined, event:0
07-13 19:32:59.076  3542  3542 D PowerHAL: ###Enter interaction_fling scene bgn###
07-13 19:32:59.076  3542  3542 D PowerHAL: Enter common_set_for_release_when_close: enable:1, duration: 5000, /dev/cluster0_freq_max: 1BC560
07-13 19:32:59.076  3542  3542 D PowerHAL: Enter common_set_for_release_when_close: enable:1, duration: 5000, /dev/cluster0_freq_min: 1BC560
07-13 19:32:59.076  3542  3542 D PowerHAL: ###Enter interaction_fling scene end###
07-13 19:32:59.065  4128  4128 I chatty  : uid=1000 system_server identical 4 lines
07-13 19:32:59.076  4128  4128 D PowerManagerService: userActivityNoUpdateLocked: Scene not defined, event:0
07-13 19:32:59.277  5553  6280 I mcu_services: readInBuf:[ff fe fd 03 01 29 81 a9 ff ]
07-13 19:32:59.277  5553  6280 E mcu_services: MCU2APP : [ff fe fd 03 01 29 81 a9 ff ]
07-13 19:32:59.278  5553  5838 D mcu_services: processResponse - length: 3 - type: 1 - control: 29
07-13 19:32:59.278  5553  5851 D mcu_services: dispatchToClients - cmdId: 41 - data : [29 81 ]
07-13 19:32:59.278  5553  5851 D callback: callMcuInfoChanged: 29 81 
07-13 19:32:59.280  7287  7287 W ContextImpl: Calling a method in the system process without a qualified user: android.app.ContextImpl.sendBroadcast:1045 android.content.ContextWrapper.sendBroadcast:448 com.qf.carsettings.service.CarSettingService$4.onMcuInfoChanged:670 android.qf.mcu.McuManager$ListenerTransport._handleMessage:106 android.qf.mcu.McuManager$ListenerTransport.access$700:72 
07-13 19:32:59.278  5553  5851 D callback: callMcuInfoChanged: 29 81 
07-13 19:32:59.318  3774  3894 D btopt   : zlink wake_up_apk_server: cmd = 'export PATH=$PATH:/system/bin/;am broadcast -a "zjinnova.android.intent.action.START_DAEMON_SERVICE" --include-stopped-packages "com.zjinnova.zlink"&'
07-13 19:32:59.357  4655  4703 D sd      : uart send:3 byte/s
07-13 19:32:59.357  4655  4705 D sd      : uart recv:5 byte/s
07-13 19:32:59.358  4128  4150 V ActivityManagerShellCommand: Received onCommand broadcast callUid=0 callpid=24242
07-13 19:32:59.734  8587  8587 I Tpms3   : mDataCheckTimer startDataTime:-1;datTime:1752449579
07-13 19:32:59.790  7287  7287 I QFApi   : getCustomPlatform - customPlatform: 7862
07-13 19:32:59.904  4128  4854 D SSense  : onTouchRateChanged: rate:21.750002
07-13 19:33:00.011  4128  4153 I chatty  : uid=1000(system) android.fg expire 128 lines
07-13 19:33:00.040  4128  4428 D AlarmManager: waitForAlarm result:8currentTime=1752449580040, elapsedRealtime=3563535
07-13 19:33:00.040  4128  4428 V AlarmManager: Received TIME_TICK alarm; rescheduling
07-13 19:33:00.040  4128  4428 V AlarmManager: set(null) : type=3 listener=com.android.server.AlarmManagerService$2@3cd773f listenerTag=TIME_TICK triggerAtTime=3623495 win=0 tElapsed=3623495 maxElapsed=3623495 interval=0 flags=0x1
07-13 19:33:00.041  4128  4428 D AlarmManager: sending alarm.type = 3, action = null, cn = null, operation = null
07-13 19:33:00.042  4713  4713 D KeyguardUpdateMonitor: received broadcast android.intent.action.TIME_TICK
07-13 19:33:00.042  7287  7287 D CarSettingService: CarSettings main (CarSettingService.java:373) onReceive: onReceive : android.intent.action.TIME_TICK
07-13 19:33:00.043  4713  4713 D KeyguardUpdateMonitor: handleTimeUpdate
07-13 19:33:00.044  4713  4713 D KeyguardStatusView: refeshFormat mClockView.getText() = 7:32PM
07-13 19:33:00.045  4713  4713 D KeyguardStatusView: refreshTime mClockView.getText() = 7:33PM
07-13 19:33:00.045  7287  7287 D Tools   : CarSettings main (Tools.java:1018) startMSService: UsbVideoOutput - CaptureService - isRunning: false
07-13 19:33:00.045  4713  4713 D KeyguardClockSwitch: Updating clock: 7:33PM
07-13 19:33:00.050  7287  7287 D CarSettingService: CarSettings main (CarSettingService.java:802) startup360CameraService: startup360CameraService - running: false
07-13 19:33:00.050  7287  7287 D FileOperationUtils: CarSettings main (FileOperationUtils.java:701) has360CameraModule: has360CameraModule - data: 0
07-13 19:33:00.051  7287  7287 W ContextImpl: Calling a method in the system process without a qualified user: android.app.ContextImpl.sendBroadcast:1045 android.content.ContextWrapper.sendBroadcast:448 com.qf.carsettings.service.CarSettingService$2.onReceive:397 android.app.LoadedApk$ReceiverDispatcher$Args.lambda$getRunnable$0$LoadedApk$ReceiverDispatcher$Args:1583 android.app.-$$Lambda$LoadedApk$ReceiverDispatcher$Args$_BumDX2UKsnxLVrE6UJsJZkotuA.run:2 
07-13 19:33:00.067  4128  4442 I chatty  : uid=1000(system) InputReader expire 15 lines
07-13 19:33:00.067  4128  4128 D PowerManagerService: userActivityNoUpdateLocked: Scene not defined, event:0
07-13 19:33:00.067  4713  4713 D ViewGroup: dispatchTouchEvent  - is_acc_on: true - powerOffStatus: 0 - action: 4
07-13 19:33:00.068  4713  4713 D ViewGroup: dispatchTouchEvent  - is_acc_on: true - powerOffStatus: 0 - action: 4
07-13 19:33:00.196  3542  3542 D PowerHAL: ###Enter interaction_fling scene bgn###
07-13 19:33:00.196  3542  3542 D PowerHAL: Enter common_set_for_release_when_close: enable:1, duration: 5000, /dev/cluster0_freq_max: 1BC560
07-13 19:33:00.196  3542  3542 D PowerHAL: Enter common_set_for_release_when_close: enable:1, duration: 5000, /dev/cluster0_freq_min: 1BC560
07-13 19:33:00.196  3542  3542 D PowerHAL: ###Enter interaction_fling scene end###
07-13 19:33:00.423  4713  4713 E StackScroller: Attempting to re-position  view {com.android.systemui.statusbar.notification.row.FooterView{7179b45 V.E...... ......I. 0,0-0,0}}
07-13 19:33:00.423  4713  4713 E StackScroller: Attempting to re-position  view {com.android.systemui.statusbar.EmptyShadeView{2ba529a G.E...... ......I. 0,0-0,0}}
07-13 19:33:00.423  4713  4713 E StackScroller: Attempting to re-position  view {com.android.systemui.statusbar.NotificationShelf{ceac7f7 VFE...C.. ......I. 0,0-0,0}}
07-13 19:33:00.437  5736  5736 I chatty  : uid=10127(com.txznet.txz) expire 9 lines
07-13 19:33:00.793  7287  7287 I QFApi   : getCustomPlatform - customPlatform: 7862
07-13 19:33:00.986  4713  4713 D StatusBarSignalPolicy: updateWifiIconWithState state : WifiIconState(resId=2131231896, visible=true)
07-13 19:33:01.088  5736  5736 D TxzAccessibilityService: skip com.android.systemui
07-13 19:33:01.154  4713  4713 D ViewGroup: dispatchTouchEvent  - is_acc_on: true - powerOffStatus: 0 - action: 4
07-13 19:33:01.155  4713  4713 D ViewGroup: dispatchTouchEvent  - is_acc_on: true - powerOffStatus: 0 - action: 4
07-13 19:33:01.243  5736  5736 D TxzAccessibilityService: onAccessibilityEvent: event=EventType: TYPE_WINDOW_CONTENT_CHANGED; EventTime: 3564737; PackageName: com.android.launcher.gradient.black; MovementGranularity: 0; Action: 0; ContentChangeTypes: [CONTENT_CHANGE_TYPE_SUBTREE]; WindowChangeTypes: [] [ ClassName: android.view.ViewGroup; Text: []; ContentDescription: null; ItemCount: -1; CurrentItemIndex: -1; Enabled: true; Password: false; Checked: false; FullScreen: false; Scrollable: true; BeforeText: null; FromIndex: -1; ToIndex: -1; ScrollX: -1; ScrollY: -1; MaxScrollX: -1; MaxScrollY: -1; AddedCount: -1; RemovedCount: -1; ParcelableData: null ]; recordCount: 0
07-13 19:33:01.255  5736  5736 D TxzAccessibilityService: subtree: EventType: TYPE_WINDOW_CONTENT_CHANGED; EventTime: 3564737; PackageName: com.android.launcher.gradient.black; MovementGranularity: 0; Action: 0; ContentChangeTypes: [CONTENT_CHANGE_TYPE_SUBTREE]; WindowChangeTypes: [] [ ClassName: android.view.ViewGroup; Text: []; ContentDescription: null; ItemCount: -1; CurrentItemIndex: -1; Enabled: true; Password: false; Checked: false; FullScreen: false; Scrollable: true; BeforeText: null; FromIndex: -1; ToIndex: -1; ScrollX: -1; ScrollY: -1; MaxScrollX: -1; MaxScrollY: -1; AddedCount: -1; RemovedCount: -1; ParcelableData: null ]; recordCount: 0
07-13 19:33:01.239  4128  4128 I chatty  : uid=1000 system_server identical 9 lines
07-13 19:33:01.261  4128  4128 D PowerManagerService: userActivityNoUpdateLocked: Scene not defined, event:0
07-13 19:33:01.262  5553  6280 I mcu_services: readInBuf:[ff fe fd 03 01 29 81 a9 ff ]
07-13 19:33:01.262  5553  6280 E mcu_services: MCU2APP : [ff fe fd 03 01 29 81 a9 ff ]
07-13 19:33:01.262  5553  5838 D mcu_services: processResponse - length: 3 - type: 1 - control: 29
07-13 19:33:01.262  5553  5851 D mcu_services: dispatchToClients - cmdId: 41 - data : [29 81 ]
07-13 19:33:01.262  5553  5851 D callback: callMcuInfoChanged: 29 81 
07-13 19:33:01.264  7287  7287 W ContextImpl: Calling a method in the system process without a qualified user: android.app.ContextImpl.sendBroadcast:1045 android.content.ContextWrapper.sendBroadcast:448 com.qf.carsettings.service.CarSettingService$4.onMcuInfoChanged:670 android.qf.mcu.McuManager$ListenerTransport._handleMessage:106 android.qf.mcu.McuManager$ListenerTransport.access$700:72 
07-13 19:33:01.263  5553  5851 D callback: callMcuInfoChanged: 29 81 
07-13 19:33:01.268  5736  5736 D TxzAccessibilityService: onAccessibilityEvent: event=EventType: TYPE_WINDOW_CONTENT_CHANGED; EventTime: 3564761; PackageName: com.android.systemui; MovementGranularity: 0; Action: 0; ContentChangeTypes: [CONTENT_CHANGE_TYPE_TEXT]; WindowChangeTypes: [] [ ClassName: android.widget.TextView; Text: []; ContentDescription: null; ItemCount: -1; CurrentItemIndex: -1; Enabled: true; Password: false; Checked: false; FullScreen: false; Scrollable: false; BeforeText: null; FromIndex: -1; ToIndex: -1; ScrollX: -1; ScrollY: -1; MaxScrollX: -1; MaxScrollY: -1; AddedCount: -1; RemovedCount: -1; ParcelableData: null ]; recordCount: 1
07-13 19:33:01.268  5736  5736 D TxzAccessibilityService: skip com.android.systemui
07-13 19:33:01.282  4128  4128 D PowerManagerService: userActivityNoUpdateLocked: Scene not defined, event:0
07-13 19:33:01.293  3542  3542 D PowerHAL: ###Enter interaction_fling scene bgn###
07-13 19:33:01.293  3542  3542 D PowerHAL: Enter common_set_for_release_when_close: enable:1, duration: 5000, /dev/cluster0_freq_max: 1BC560
07-13 19:33:01.293  3542  3542 D PowerHAL: Enter common_set_for_release_when_close: enable:1, duration: 5000, /dev/cluster0_freq_min: 1BC560
07-13 19:33:01.294  3542  3542 D PowerHAL: ###Enter interaction_fling scene end###
07-13 19:33:01.295  5736  5736 D TxzAccessibilityService: onAccessibilityEvent: event=EventType: TYPE_WINDOW_CONTENT_CHANGED; EventTime: 3564789; PackageName: com.android.launcher.gradient.black; MovementGranularity: 0; Action: 0; ContentChangeTypes: [CONTENT_CHANGE_TYPE_SUBTREE]; WindowChangeTypes: [] [ ClassName: android.view.ViewGroup; Text: []; ContentDescription: null; ItemCount: -1; CurrentItemIndex: -1; Enabled: true; Password: false; Checked: false; FullScreen: false; Scrollable: true; BeforeText: null; FromIndex: -1; ToIndex: -1; ScrollX: -1; ScrollY: -1; MaxScrollX: -1; MaxScrollY: -1; AddedCount: -1; RemovedCount: -1; ParcelableData: null ]; recordCount: 0
07-13 19:33:01.321  5736  5736 D TxzAccessibilityService: subtree: EventType: TYPE_WINDOW_CONTENT_CHANGED; EventTime: 3564789; PackageName: com.android.launcher.gradient.black; MovementGranularity: 0; Action: 0; ContentChangeTypes: [CONTENT_CHANGE_TYPE_SUBTREE]; WindowChangeTypes: [] [ ClassName: android.view.ViewGroup; Text: []; ContentDescription: null; ItemCount: -1; CurrentItemIndex: -1; Enabled: true; Password: false; Checked: false; FullScreen: false; Scrollable: true; BeforeText: null; FromIndex: -1; ToIndex: -1; ScrollX: -1; ScrollY: -1; MaxScrollX: -1; MaxScrollY: -1; AddedCount: -1; RemovedCount: -1; ParcelableData: null ]; recordCount: 0
07-13 19:33:01.321  5736  5736 D TxzAccessibilityService: onAccessibilityEvent: event=EventType: TYPE_VIEW_SCROLLED; EventTime: 3564789; PackageName: com.android.launcher.gradient.black; MovementGranularity: 0; Action: 8192; ContentChangeTypes: []; WindowChangeTypes: [] [ ClassName: android.view.ViewGroup; Text: []; ContentDescription: null; ItemCount: 12; CurrentItemIndex: -1; Enabled: true; Password: false; Checked: false; FullScreen: false; Scrollable: true; BeforeText: null; FromIndex: 2; ToIndex: 1; ScrollX: -1; ScrollY: -1; MaxScrollX: -1; MaxScrollY: -1; AddedCount: -1; RemovedCount: -1; ParcelableData: null ]; recordCount: 0
07-13 19:33:01.366  5736  5736 D TxzAccessibilityService: onAccessibilityEvent: event=EventType: TYPE_WINDOW_CONTENT_CHANGED; EventTime: 3564859; PackageName: com.android.launcher.gradient.black; MovementGranularity: 0; Action: 0; ContentChangeTypes: [CONTENT_CHANGE_TYPE_SUBTREE, CONTENT_CHANGE_TYPE_CONTENT_DESCRIPTION]; WindowChangeTypes: [] [ ClassName: android.widget.FrameLayout; Text: []; ContentDescription: null; ItemCount: -1; CurrentItemIndex: -1; Enabled: true; Password: false; Checked: false; FullScreen: false; Scrollable: false; BeforeText: null; FromIndex: -1; ToIndex: -1; ScrollX: -1; ScrollY: -1; MaxScrollX: -1; MaxScrollY: -1; AddedCount: -1; RemovedCount: -1; ParcelableData: null ]; recordCount: 0
07-13 19:33:01.394  5736  5736 D TxzAccessibilityService: 5: EventType: TYPE_WINDOW_CONTENT_CHANGED; EventTime: 3564859; PackageName: com.android.launcher.gradient.black; MovementGranularity: 0; Action: 0; ContentChangeTypes: [CONTENT_CHANGE_TYPE_SUBTREE, CONTENT_CHANGE_TYPE_CONTENT_DESCRIPTION]; WindowChangeTypes: [] [ ClassName: android.widget.FrameLayout; Text: []; ContentDescription: null; ItemCount: -1; CurrentItemIndex: -1; Enabled: true; Password: false; Checked: false; FullScreen: false; Scrollable: false; BeforeText: null; FromIndex: -1; ToIndex: -1; ScrollX: -1; ScrollY: -1; MaxScrollX: -1; MaxScrollY: -1; AddedCount: -1; RemovedCount: -1; ParcelableData: null ]; recordCount: 0
07-13 19:33:01.394  5736  5736 D TxzAccessibilityService: onAccessibilityEvent: event=EventType: TYPE_VIEW_SCROLLED; EventTime: 3564860; PackageName: com.android.launcher.gradient.black; MovementGranularity: 0; Action: 0; ContentChangeTypes: []; WindowChangeTypes: [] [ ClassName: android.view.ViewGroup; Text: []; ContentDescription: null; ItemCount: -1; CurrentItemIndex: -1; Enabled: true; Password: false; Checked: false; FullScreen: false; Scrollable: true; BeforeText: null; FromIndex: -1; ToIndex: -1; ScrollX: -1; ScrollY: -1; MaxScrollX: -1; MaxScrollY: -1; AddedCount: -1; RemovedCount: -1; ParcelableData: null ]; recordCount: 0
07-13 19:33:01.409  3774  3894 D btopt   : zlink wake_up_apk_server: cmd = 'export PATH=$PATH:/system/bin/;am broadcast -a "zjinnova.android.intent.action.START_DAEMON_SERVICE" --include-stopped-packages "com.zjinnova.zlink"&'
07-13 19:33:01.293  4128  4128 D PowerManagerService: userActivityNoUpdateLocked: Scene not defined, event:0
07-13 19:33:01.449  4128  4150 V ActivityManagerShellCommand: Received onCommand broadcast callUid=0 callpid=24265
07-13 19:33:01.449  4128  4150 V ActivityManagerShellCommand: runSendBroadcast start and waiting ---Intent { act=zjinnova.android.intent.action.START_DAEMON_SERVICE flg=0x400020 pkg=com.zjinnova.zlink }
07-13 19:33:01.450  4128  4167 D PowerController.BgClean: judgeAppLaunchAllowed : com.zjinnova.zlink(uid:10087), callingPackage = null(uid:0), reason = send-broadcast
07-13 19:33:01.450  4128  4167 D PowerController.BgClean: judgeAppLaunchAllowed : intent action:Intent { act=zjinnova.android.intent.action.START_DAEMON_SERVICE flg=0x400030 pkg=com.zjinnova.zlink }
07-13 19:33:01.450  4128  4167 W BroadcastQueue:  enable com.zjinnova.zlink to start process!
07-13 19:33:01.453 11318 11318 D zj      : message received Intent { act=zjinnova.android.intent.action.START_DAEMON_SERVICE flg=0x400030 pkg=com.zjinnova.zlink cmp=com.zjinnova.zlink/com.zjinnova.android.zlink.features.service.StartupBroadcastReceiver }
07-13 19:33:01.454  4128  7167 D PowerController.BgClean: judgeAppLaunchAllowed : com.zjinnova.zlink(uid:10087), callingPackage = com.zjinnova.zlink(uid:10087), reason = start-service
07-13 19:33:01.454  4128  7167 D PowerController.BgClean: judgeAppLaunchAllowed : intent action:Intent { cmp=com.zjinnova.zlink/com.zjinnova.android.zlink.features.service.DaemonService }
07-13 19:33:01.454  4128  7167 W ActivityManager: u0 Starting a service in packagecom.zjinnova.zlink requires a permissions review
07-13 19:33:01.455  4128  4150 V ActivityManagerShellCommand: runSendBroadcast end ---Intent { act=zjinnova.android.intent.action.START_DAEMON_SERVICE flg=0x400020 pkg=com.zjinnova.zlink }
07-13 19:33:01.485  5736  5736 D TxzAccessibilityService: onAccessibilityEvent: event=EventType: TYPE_WINDOW_CONTENT_CHANGED; EventTime: 3564979; PackageName: com.android.launcher.gradient.black; MovementGranularity: 0; Action: 0; ContentChangeTypes: [CONTENT_CHANGE_TYPE_SUBTREE]; WindowChangeTypes: [] [ ClassName: android.view.ViewGroup; Text: []; ContentDescription: null; ItemCount: -1; CurrentItemIndex: -1; Enabled: true; Password: false; Checked: false; FullScreen: false; Scrollable: true; BeforeText: null; FromIndex: -1; ToIndex: -1; ScrollX: -1; ScrollY: -1; MaxScrollX: -1; MaxScrollY: -1; AddedCount: -1; RemovedCount: -1; ParcelableData: null ]; recordCount: 0
07-13 19:33:01.513  5736  5736 D TxzAccessibilityService: subtree: EventType: TYPE_WINDOW_CONTENT_CHANGED; EventTime: 3564979; PackageName: com.android.launcher.gradient.black; MovementGranularity: 0; Action: 0; ContentChangeTypes: [CONTENT_CHANGE_TYPE_SUBTREE]; WindowChangeTypes: [] [ ClassName: android.view.ViewGroup; Text: []; ContentDescription: null; ItemCount: -1; CurrentItemIndex: -1; Enabled: true; Password: false; Checked: false; FullScreen: false; Scrollable: true; BeforeText: null; FromIndex: -1; ToIndex: -1; ScrollX: -1; ScrollY: -1; MaxScrollX: -1; MaxScrollY: -1; AddedCount: -1; RemovedCount: -1; ParcelableData: null ]; recordCount: 0
07-13 19:33:01.514  5736  5736 D TxzAccessibilityService: onAccessibilityEvent: event=EventType: TYPE_WINDOW_CONTENT_CHANGED; EventTime: 3565003; PackageName: com.android.launcher.gradient.black; MovementGranularity: 0; Action: 0; ContentChangeTypes: [CONTENT_CHANGE_TYPE_SUBTREE]; WindowChangeTypes: [] [ ClassName: android.widget.FrameLayout; Text: []; ContentDescription: null; ItemCount: -1; CurrentItemIndex: -1; Enabled: true; Password: false; Checked: false; FullScreen: false; Scrollable: false; BeforeText: null; FromIndex: -1; ToIndex: -1; ScrollX: -1; ScrollY: -1; MaxScrollX: -1; MaxScrollY: -1; AddedCount: -1; RemovedCount: -1; ParcelableData: null ]; recordCount: 0
07-13 19:33:01.537  5736  5736 D TxzAccessibilityService: subtree: EventType: TYPE_WINDOW_CONTENT_CHANGED; EventTime: 3565003; PackageName: com.android.launcher.gradient.black; MovementGranularity: 0; Action: 0; ContentChangeTypes: [CONTENT_CHANGE_TYPE_SUBTREE]; WindowChangeTypes: [] [ ClassName: android.widget.FrameLayout; Text: []; ContentDescription: null; ItemCount: -1; CurrentItemIndex: -1; Enabled: true; Password: false; Checked: false; FullScreen: false; Scrollable: false; BeforeText: null; FromIndex: -1; ToIndex: -1; ScrollX: -1; ScrollY: -1; MaxScrollX: -1; MaxScrollY: -1; AddedCount: -1; RemovedCount: -1; ParcelableData: null ]; recordCount: 0
07-13 19:33:01.537  5736  5736 D TxzAccessibilityService: onAccessibilityEvent: event=EventType: TYPE_VIEW_SCROLLED; EventTime: 3565003; PackageName: com.android.launcher.gradient.black; MovementGranularity: 0; Action: 0; ContentChangeTypes: []; WindowChangeTypes: [] [ ClassName: android.view.ViewGroup; Text: []; ContentDescription: null; ItemCount: -1; CurrentItemIndex: -1; Enabled: true; Password: false; Checked: false; FullScreen: false; Scrollable: true; BeforeText: null; FromIndex: -1; ToIndex: -1; ScrollX: -1; ScrollY: -1; MaxScrollX: -1; MaxScrollY: -1; AddedCount: -1; RemovedCount: -1; ParcelableData: null ]; recordCount: 0
07-13 19:33:01.629  5736  5736 D TxzAccessibilityService: onAccessibilityEvent: event=EventType: TYPE_WINDOW_CONTENT_CHANGED; EventTime: 3565123; PackageName: com.android.launcher.gradient.black; MovementGranularity: 0; Action: 0; ContentChangeTypes: [CONTENT_CHANGE_TYPE_SUBTREE]; WindowChangeTypes: [] [ ClassName: android.view.ViewGroup; Text: []; ContentDescription: null; ItemCount: -1; CurrentItemIndex: -1; Enabled: true; Password: false; Checked: false; FullScreen: false; Scrollable: true; BeforeText: null; FromIndex: -1; ToIndex: -1; ScrollX: -1; ScrollY: -1; MaxScrollX: -1; MaxScrollY: -1; AddedCount: -1; RemovedCount: -1; ParcelableData: null ]; recordCount: 0
07-13 19:33:01.657  5736  5736 D TxzAccessibilityService: subtree: EventType: TYPE_WINDOW_CONTENT_CHANGED; EventTime: 3565123; PackageName: com.android.launcher.gradient.black; MovementGranularity: 0; Action: 0; ContentChangeTypes: [CONTENT_CHANGE_TYPE_SUBTREE]; WindowChangeTypes: [] [ ClassName: android.view.ViewGroup; Text: []; ContentDescription: null; ItemCount: -1; CurrentItemIndex: -1; Enabled: true; Password: false; Checked: false; FullScreen: false; Scrollable: true; BeforeText: null; FromIndex: -1; ToIndex: -1; ScrollX: -1; ScrollY: -1; MaxScrollX: -1; MaxScrollY: -1; AddedCount: -1; RemovedCount: -1; ParcelableData: null ]; recordCount: 0
07-13 19:33:01.657  5736  5736 D TxzAccessibilityService: onAccessibilityEvent: event=EventType: TYPE_WINDOW_CONTENT_CHANGED; EventTime: 3565146; PackageName: com.android.launcher.gradient.black; MovementGranularity: 0; Action: 0; ContentChangeTypes: [CONTENT_CHANGE_TYPE_SUBTREE]; WindowChangeTypes: [] [ ClassName: android.view.ViewGroup; Text: []; ContentDescription: null; ItemCount: -1; CurrentItemIndex: -1; Enabled: true; Password: false; Checked: false; FullScreen: false; Scrollable: true; BeforeText: null; FromIndex: -1; ToIndex: -1; ScrollX: -1; ScrollY: -1; MaxScrollX: -1; MaxScrollY: -1; AddedCount: -1; RemovedCount: -1; ParcelableData: null ]; recordCount: 0
07-13 19:33:01.681  5736  5736 D TxzAccessibilityService: subtree: EventType: TYPE_WINDOW_CONTENT_CHANGED; EventTime: 3565146; PackageName: com.android.launcher.gradient.black; MovementGranularity: 0; Action: 0; ContentChangeTypes: [CONTENT_CHANGE_TYPE_SUBTREE]; WindowChangeTypes: [] [ ClassName: android.view.ViewGroup; Text: []; ContentDescription: null; ItemCount: -1; CurrentItemIndex: -1; Enabled: true; Password: false; Checked: false; FullScreen: false; Scrollable: true; BeforeText: null; FromIndex: -1; ToIndex: -1; ScrollX: -1; ScrollY: -1; MaxScrollX: -1; MaxScrollY: -1; AddedCount: -1; RemovedCount: -1; ParcelableData: null ]; recordCount: 0
07-13 19:33:01.681  5736  5736 D TxzAccessibilityService: onAccessibilityEvent: event=EventType: TYPE_VIEW_SCROLLED; EventTime: 3565147; PackageName: com.android.launcher.gradient.black; MovementGranularity: 0; Action: 0; ContentChangeTypes: []; WindowChangeTypes: [] [ ClassName: android.view.ViewGroup; Text: []; ContentDescription: null; ItemCount: -1; CurrentItemIndex: -1; Enabled: true; Password: false; Checked: false; FullScreen: false; Scrollable: true; BeforeText: null; FromIndex: -1; ToIndex: -1; ScrollX: -1; ScrollY: -1; MaxScrollX: -1; MaxScrollY: -1; AddedCount: -1; RemovedCount: -1; ParcelableData: null ]; recordCount: 0
07-13 19:33:01.771  5736  5736 D TxzAccessibilityService: onAccessibilityEvent: event=EventType: TYPE_WINDOW_CONTENT_CHANGED; EventTime: 3565264; PackageName: com.android.launcher.gradient.black; MovementGranularity: 0; Action: 0; ContentChangeTypes: [CONTENT_CHANGE_TYPE_SUBTREE]; WindowChangeTypes: [] [ ClassName: android.view.ViewGroup; Text: []; ContentDescription: null; ItemCount: -1; CurrentItemIndex: -1; Enabled: true; Password: false; Checked: false; FullScreen: false; Scrollable: true; BeforeText: null; FromIndex: -1; ToIndex: -1; ScrollX: -1; ScrollY: -1; MaxScrollX: -1; MaxScrollY: -1; AddedCount: -1; RemovedCount: -1; ParcelableData: null ]; recordCount: 0
07-13 19:33:01.795  7287  7287 I QFApi   : getCustomPlatform - customPlatform: 7862
07-13 19:33:01.801  5736  5736 D TxzAccessibilityService: subtree: EventType: TYPE_WINDOW_CONTENT_CHANGED; EventTime: 3565264; PackageName: com.android.launcher.gradient.black; MovementGranularity: 0; Action: 0; ContentChangeTypes: [CONTENT_CHANGE_TYPE_SUBTREE]; WindowChangeTypes: [] [ ClassName: android.view.ViewGroup; Text: []; ContentDescription: null; ItemCount: -1; CurrentItemIndex: -1; Enabled: true; Password: false; Checked: false; FullScreen: false; Scrollable: true; BeforeText: null; FromIndex: -1; ToIndex: -1; ScrollX: -1; ScrollY: -1; MaxScrollX: -1; MaxScrollY: -1; AddedCount: -1; RemovedCount: -1; ParcelableData: null ]; recordCount: 0
07-13 19:33:01.801  5736  5736 D TxzAccessibilityService: onAccessibilityEvent: event=EventType: TYPE_VIEW_SCROLLED; EventTime: 3565288; PackageName: com.android.launcher.gradient.black; MovementGranularity: 0; Action: 0; ContentChangeTypes: []; WindowChangeTypes: [] [ ClassName: android.view.ViewGroup; Text: []; ContentDescription: null; ItemCount: -1; CurrentItemIndex: -1; Enabled: true; Password: false; Checked: false; FullScreen: false; Scrollable: true; BeforeText: null; FromIndex: -1; ToIndex: -1; ScrollX: -1; ScrollY: -1; MaxScrollX: -1; MaxScrollY: -1; AddedCount: -1; RemovedCount: -1; ParcelableData: null ]; recordCount: 0
07-13 19:33:01.865  5736  5736 D TxzAccessibilityService: onAccessibilityEvent: event=EventType: TYPE_VIEW_SCROLLED; EventTime: 3565359; PackageName: com.android.launcher.gradient.black; MovementGranularity: 0; Action: 8192; ContentChangeTypes: []; WindowChangeTypes: [] [ ClassName: android.view.ViewGroup; Text: []; ContentDescription: null; ItemCount: 12; CurrentItemIndex: -1; Enabled: true; Password: false; Checked: false; FullScreen: false; Scrollable: true; BeforeText: null; FromIndex: 2; ToIndex: 1; ScrollX: -1; ScrollY: -1; MaxScrollX: -1; MaxScrollY: -1; AddedCount: -1; RemovedCount: -1; ParcelableData: null ]; recordCount: 0
07-13 19:33:01.867  5736  5736 D TxzAccessibilityService: onAccessibilityEvent: event=EventType: TYPE_ANNOUNCEMENT; EventTime: 3565360; PackageName: com.android.launcher.gradient.black; MovementGranularity: 0; Action: 0; ContentChangeTypes: []; WindowChangeTypes: [] [ ClassName: android.view.ViewGroup; Text: [Home screen 2 of 12]; ContentDescription: null; ItemCount: -1; CurrentItemIndex: -1; Enabled: true; Password: false; Checked: false; FullScreen: false; Scrollable: true; BeforeText: null; FromIndex: -1; ToIndex: -1; ScrollX: -1; ScrollY: -1; MaxScrollX: -1; MaxScrollY: -1; AddedCount: -1; RemovedCount: -1; ParcelableData: null ]; recordCount: 0
07-13 19:33:01.867  5736  5736 D TxzAccessibilityService: unprocessed event: EventType: TYPE_ANNOUNCEMENT; EventTime: 3565360; PackageName: com.android.launcher.gradient.black; MovementGranularity: 0; Action: 0; ContentChangeTypes: []; WindowChangeTypes: [] [ ClassName: android.view.ViewGroup; Text: [Home screen 2 of 12]; ContentDescription: null; ItemCount: -1; CurrentItemIndex: -1; Enabled: true; Password: false; Checked: false; FullScreen: false; Scrollable: true; BeforeText: null; FromIndex: -1; ToIndex: -1; ScrollX: -1; ScrollY: -1; MaxScrollX: -1; MaxScrollY: -1; AddedCount: -1; RemovedCount: -1; ParcelableData: null ]; recordCount: 0
07-13 19:33:02.331  8861  9137 I chatty  : uid=1000(system) udpClient expire 76 lines
07-13 19:33:02.343  4128  4128 D PowerManagerService: userActivityNoUpdateLocked: Scene not defined, event:0
07-13 19:33:02.343  4713  4713 D ViewGroup: dispatchTouchEvent  - is_acc_on: true - powerOffStatus: 0 - action: 4
07-13 19:33:02.343  7329  7329 D ViewGroup: dispatchTouchEvent  - is_acc_on: true - powerOffStatus: 0 - action: 0
07-13 19:33:02.344  7329  7329 D ViewGroup: dispatchTouchEvent  - is_acc_on: true - powerOffStatus: 0 - action: 0
07-13 19:33:02.344  4713  4713 D ViewGroup: dispatchTouchEvent  - is_acc_on: true - powerOffStatus: 0 - action: 4
07-13 19:33:02.344  7329  7329 D Launcher3: PagedView, onInterceptTouchEvent touch down: finishedScrolling = true, mScrollX = 1288, xDist = 0, mTouchState = 0, this = com.android.launcher3.Workspace{dbc3787 V.ED...L. ........ -1441,-1721-2721,2441 #7f080175 app:id/workspace}
07-13 19:33:02.344  7329  7329 D ViewGroup: dispatchTouchEvent  - is_acc_on: true - powerOffStatus: 0 - action: 0
07-13 19:33:02.344  7329  7329 D ViewGroup: dispatchTouchEvent  - is_acc_on: true - powerOffStatus: 0 - action: 0
07-13 19:33:02.349  7329  7329 D ViewGroup: dispatchTouchEvent  - is_acc_on: true - powerOffStatus: 0 - action: 3
07-13 19:33:02.349  7329  7329 D ViewGroup: dispatchTouchEvent  - is_acc_on: true - powerOffStatus: 0 - action: 3
07-13 19:33:02.349  7329  7329 D Launcher3: Launcher.DragController, cancelDrag: mDragging = false, mLastDropTarget = null
07-13 19:33:02.350  7329  7329 D ViewGroup: dispatchTouchEvent  - is_acc_on: true - powerOffStatus: 0 - action: 3
07-13 19:33:02.350  7329  7329 D ViewGroup: dispatchTouchEvent  - is_acc_on: true - powerOffStatus: 0 - action: 3
07-13 19:33:02.350  7329  7329 D ViewGroup: dispatchTouchEvent  - is_acc_on: true - powerOffStatus: 0 - action: 0
07-13 19:33:02.350  7329  7329 D ViewGroup: dispatchTouchEvent  - is_acc_on: true - powerOffStatus: 0 - action: 0
07-13 19:33:02.351  7329  7329 D Launcher3: PagedView, onInterceptTouchEvent touch down: finishedScrolling = true, mScrollX = 1288, xDist = 0, mTouchState = 0, this = com.android.launcher3.Workspace{dbc3787 V.ED...L. .......D -1441,-1721-2721,2441 #7f080175 app:id/workspace}
07-13 19:33:02.351  7329  7329 D ViewGroup: dispatchTouchEvent  - is_acc_on: true - powerOffStatus: 0 - action: 0
07-13 19:33:02.351  7329  7329 D ViewGroup: dispatchTouchEvent  - is_acc_on: true - powerOffStatus: 0 - action: 0
07-13 19:33:02.421  4128  7167 I chatty  : uid=1000(system) Binder:4128_1D expire 6 lines
07-13 19:33:02.452  7329  7329 D Launcher3: FastBitmapDrawable, setPressed,Processors:8
07-13 19:33:02.461  3880  3927 D WCND    : is_cp2_alive_ok: open polling interface: /proc/mdbg/loopcheck, fd = 13
07-13 19:33:02.482  7329  7329 D ViewGroup: dispatchTouchEvent  - is_acc_on: true - powerOffStatus: 0 - action: 1
07-13 19:33:02.483  7329  7329 D ViewGroup: dispatchTouchEvent  - is_acc_on: true - powerOffStatus: 0 - action: 1
07-13 19:33:02.484  7329  7329 D Launcher3: Launcher, Click on view com.android.launcher3.BubbleTextView{1a04d5 VFED..CL. ...P.... 1024,295-1280,590 #14}
07-13 19:33:02.484  7329  7329 D Launcher: onClickAppShortcut getWidth : 256 getHeight : 295
07-13 19:33:02.485  7329  7329 D Launcher: startActivity - pkg: com.shenyaocn.android.usbcamerapro - naviPackageName: com.google.android.apps.maps - dvrPackageName: ar.tvplayer.tv - obdPackageName: com.zhiliaoapp.musically - tpmsPackageName: tv.pluto.android
07-13 19:33:02.482  4128  4128 D PowerManagerService: userActivityNoUpdateLocked: Scene not defined, event:0
07-13 19:33:02.486  4128  7167 I RecentTasks: getRecentTasksImpl - maxNum: 20
07-13 19:33:02.487  7329  7329 I QFApi   : isFreeformTask - task pkg: com.serenegiant.usbcameratest8 - windowingMode: 1 - isFreeformTask: false
07-13 19:33:02.487  4128  7167 I ActivityTaskManager: execute - ComponentName: ComponentInfo{com.shenyaocn.android.usbcamerapro/com.shenyaocn.android.usbcamera.MainActivity} - mService: com.android.server.wm.ActivityTaskManagerService@89cdf89 - callingPackage: com.android.launcher.gradient.black - caller: android.app.IApplicationThread$Stub$Proxy@9867b7d
07-13 19:33:02.488  4128  7167 I ActivityTaskManager: isSplitPackageName - ComponentName: - packageName: com.shenyaocn.android.usbcamerapro - appNotSupportSplit: false
