--------- beginning of system
07-13 19:32:00.244  4128  6296 V ActivityManagerShellCommand: Received onCommand broadcast callUid=0 callpid=23601
07-13 19:32:01.676  5553  6280 I mcu_services: readInBuf:[ff fe fd 03 01 29 81 a9 ff ]
07-13 19:32:01.676  5553  6280 E mcu_services: MCU2APP : [ff fe fd 03 01 29 81 a9 ff ]
07-13 19:32:01.676  5553  5838 D mcu_services: processResponse - length: 3 - type: 1 - control: 29
07-13 19:32:01.677  5553  5851 D mcu_services: dispatchToClients - cmdId: 41 - data : [29 81 ]
07-13 19:32:01.680  7287  7287 W ContextImpl: Calling a method in the system process without a qualified user: android.app.ContextImpl.sendBroadcast:1045 android.content.ContextWrapper.sendBroadcast:448 com.qf.carsettings.service.CarSettingService$4.onMcuInfoChanged:670 android.qf.mcu.McuManager$ListenerTransport._handleMessage:106 android.qf.mcu.McuManager$ListenerTransport.access$700:72 
07-13 19:32:02.363  4128  5551 V ActivityManagerShellCommand: Received onCommand broadcast callUid=0 callpid=23619
07-13 19:32:02.363  4128  5551 V ActivityManagerShellCommand: runSendBroadcast start and waiting ---Intent { act=zjinnova.android.intent.action.START_DAEMON_SERVICE flg=0x400020 pkg=com.zjinnova.zlink }
07-13 19:32:02.364  4128  4167 D PowerController.BgClean: judgeAppLaunchAllowed : com.zjinnova.zlink(uid:10087), callingPackage = null(uid:0), reason = send-broadcast
07-13 19:32:02.364  4128  4167 D PowerController.BgClean: judgeAppLaunchAllowed : intent action:Intent { act=zjinnova.android.intent.action.START_DAEMON_SERVICE flg=0x400030 pkg=com.zjinnova.zlink }
07-13 19:32:02.364  4128  4167 W BroadcastQueue:  enable com.zjinnova.zlink to start process!
07-13 19:32:02.368  4128  6296 D PowerController.BgClean: judgeAppLaunchAllowed : com.zjinnova.zlink(uid:10087), callingPackage = com.zjinnova.zlink(uid:10087), reason = start-service
07-13 19:32:02.368  4128  6296 D PowerController.BgClean: judgeAppLaunchAllowed : intent action:Intent { cmp=com.zjinnova.zlink/com.zjinnova.android.zlink.features.service.DaemonService }
07-13 19:32:02.369  4128  6296 W ActivityManager: u0 Starting a service in packagecom.zjinnova.zlink requires a permissions review
07-13 19:32:02.370  4128  5551 V ActivityManagerShellCommand: runSendBroadcast end ---Intent { act=zjinnova.android.intent.action.START_DAEMON_SERVICE flg=0x400020 pkg=com.zjinnova.zlink }
07-13 19:32:03.175  4128  6296 I UsbUserSettingsManager: Camera permission required for USB video class devices
07-13 19:32:03.660  5553  6280 I mcu_services: readInBuf:[ff fe fd 03 01 29 81 a9 ff ]
07-13 19:32:03.661  5553  6280 E mcu_services: MCU2APP : [ff fe fd 03 01 29 81 a9 ff ]
07-13 19:32:03.661  5553  5838 D mcu_services: processResponse - length: 3 - type: 1 - control: 29
07-13 19:32:03.662  5553  5851 D mcu_services: dispatchToClients - cmdId: 41 - data : [29 81 ]
07-13 19:32:03.665  7287  7287 W ContextImpl: Calling a method in the system process without a qualified user: android.app.ContextImpl.sendBroadcast:1045 android.content.ContextWrapper.sendBroadcast:448 com.qf.carsettings.service.CarSettingService$4.onMcuInfoChanged:670 android.qf.mcu.McuManager$ListenerTransport._handleMessage:106 android.qf.mcu.McuManager$ListenerTransport.access$700:72 
07-13 19:32:04.197  4128  4428 D AlarmManager: waitForAlarm result:8currentTime=1752449524197, elapsedRealtime=3507732
07-13 19:32:04.199  4128  4167 D PowerController.BgClean: judgeAppLaunchAllowed : com.android.providers.calendar(uid:10052), callingPackage = com.android.providers.calendar(uid:10052), reason = send-broadcast
07-13 19:32:04.199  4128  4167 D PowerController.BgClean: judgeAppLaunchAllowed : intent action:Intent { act=com.android.providers.calendar.intent.CalendarProvider2 flg=0x14 cmp=com.android.providers.calendar/.CalendarProviderBroadcastReceiver (has extras) }
07-13 19:32:04.204  4128  4428 D AlarmManager: sending alarm.type = 3, action = com.android.providers.calendar.intent.CalendarProvider2, cn = ComponentInfo{com.android.providers.calendar/com.android.providers.calendar.CalendarProviderBroadcastReceiver}, operation = PendingIntent{3e2cfc3: PendingIntentRecord{6b21040 com.android.providers.calendar broadcastIntent}}
07-13 19:32:04.477  4128  6296 V ActivityManagerShellCommand: Received onCommand broadcast callUid=0 callpid=23644
07-13 19:32:05.645  5553  6280 I mcu_services: readInBuf:[ff fe fd 03 01 29 81 a9 ff ]
07-13 19:32:05.646  5553  6280 E mcu_services: MCU2APP : [ff fe fd 03 01 29 81 a9 ff ]
07-13 19:32:05.646  5553  5838 D mcu_services: processResponse - length: 3 - type: 1 - control: 29
07-13 19:32:05.646  5553  5851 D mcu_services: dispatchToClients - cmdId: 41 - data : [29 81 ]
07-13 19:32:05.649  7287  7287 W ContextImpl: Calling a method in the system process without a qualified user: android.app.ContextImpl.sendBroadcast:1045 android.content.ContextWrapper.sendBroadcast:448 com.qf.carsettings.service.CarSettingService$4.onMcuInfoChanged:670 android.qf.mcu.McuManager$ListenerTransport._handleMessage:106 android.qf.mcu.McuManager$ListenerTransport.access$700:72 
07-13 19:32:06.595  4128  7153 V ActivityManagerShellCommand: Received onCommand broadcast callUid=0 callpid=23667
07-13 19:32:06.596  4128  7153 V ActivityManagerShellCommand: runSendBroadcast start and waiting ---Intent { act=zjinnova.android.intent.action.START_DAEMON_SERVICE flg=0x400020 pkg=com.zjinnova.zlink }
07-13 19:32:06.596  4128  4167 D PowerController.BgClean: judgeAppLaunchAllowed : com.zjinnova.zlink(uid:10087), callingPackage = null(uid:0), reason = send-broadcast
07-13 19:32:06.596  4128  4167 D PowerController.BgClean: judgeAppLaunchAllowed : intent action:Intent { act=zjinnova.android.intent.action.START_DAEMON_SERVICE flg=0x400030 pkg=com.zjinnova.zlink }
07-13 19:32:06.597  4128  4167 W BroadcastQueue:  enable com.zjinnova.zlink to start process!
07-13 19:32:06.602  4128  4150 D PowerController.BgClean: judgeAppLaunchAllowed : com.zjinnova.zlink(uid:10087), callingPackage = com.zjinnova.zlink(uid:10087), reason = start-service
07-13 19:32:06.602  4128  4150 D PowerController.BgClean: judgeAppLaunchAllowed : intent action:Intent { cmp=com.zjinnova.zlink/com.zjinnova.android.zlink.features.service.DaemonService }
07-13 19:32:06.603  4128  4150 W ActivityManager: u0 Starting a service in packagecom.zjinnova.zlink requires a permissions review
07-13 19:32:06.604  4128  7153 V ActivityManagerShellCommand: runSendBroadcast end ---Intent { act=zjinnova.android.intent.action.START_DAEMON_SERVICE flg=0x400020 pkg=com.zjinnova.zlink }
07-13 19:32:07.630  5553  6280 I mcu_services: readInBuf:[ff fe fd 03 01 29 81 a9 ff ]
07-13 19:32:07.631  5553  6280 E mcu_services: MCU2APP : [ff fe fd 03 01 29 81 a9 ff ]
07-13 19:32:07.631  5553  5838 D mcu_services: processResponse - length: 3 - type: 1 - control: 29
07-13 19:32:07.632  5553  5851 D mcu_services: dispatchToClients - cmdId: 41 - data : [29 81 ]
07-13 19:32:07.635  7287  7287 W ContextImpl: Calling a method in the system process without a qualified user: android.app.ContextImpl.sendBroadcast:1045 android.content.ContextWrapper.sendBroadcast:448 com.qf.carsettings.service.CarSettingService$4.onMcuInfoChanged:670 android.qf.mcu.McuManager$ListenerTransport._handleMessage:106 android.qf.mcu.McuManager$ListenerTransport.access$700:72 
07-13 19:32:08.191  4128  4150 I UsbUserSettingsManager: Camera permission required for USB video class devices
07-13 19:32:08.708  4128  7153 V ActivityManagerShellCommand: Received onCommand broadcast callUid=0 callpid=23690
07-13 19:32:09.000  4128  4428 D AlarmManager: waitForAlarm result:65536currentTime=1752449529000, elapsedRealtime=3512529
07-13 19:32:09.621  5553  6280 I mcu_services: readInBuf:[ff fe fd 03 01 29 81 a9 ff ]
07-13 19:32:09.621  5553  6280 E mcu_services: MCU2APP : [ff fe fd 03 01 29 81 a9 ff ]
07-13 19:32:09.621  5553  5838 D mcu_services: processResponse - length: 3 - type: 1 - control: 29
07-13 19:32:09.622  5553  5851 D mcu_services: dispatchToClients - cmdId: 41 - data : [29 81 ]
07-13 19:32:09.625  7287  7287 W ContextImpl: Calling a method in the system process without a qualified user: android.app.ContextImpl.sendBroadcast:1045 android.content.ContextWrapper.sendBroadcast:448 com.qf.carsettings.service.CarSettingService$4.onMcuInfoChanged:670 android.qf.mcu.McuManager$ListenerTransport._handleMessage:106 android.qf.mcu.McuManager$ListenerTransport.access$700:72 
07-13 19:32:10.827  4128  7153 V ActivityManagerShellCommand: Received onCommand broadcast callUid=0 callpid=23712
07-13 19:32:10.828  4128  7153 V ActivityManagerShellCommand: runSendBroadcast start and waiting ---Intent { act=zjinnova.android.intent.action.START_DAEMON_SERVICE flg=0x400020 pkg=com.zjinnova.zlink }
07-13 19:32:10.829  4128  4167 D PowerController.BgClean: judgeAppLaunchAllowed : com.zjinnova.zlink(uid:10087), callingPackage = null(uid:0), reason = send-broadcast
07-13 19:32:10.829  4128  4167 D PowerController.BgClean: judgeAppLaunchAllowed : intent action:Intent { act=zjinnova.android.intent.action.START_DAEMON_SERVICE flg=0x400030 pkg=com.zjinnova.zlink }
07-13 19:32:10.829  4128  4167 W BroadcastQueue:  enable com.zjinnova.zlink to start process!
07-13 19:32:10.834  4128  4150 D PowerController.BgClean: judgeAppLaunchAllowed : com.zjinnova.zlink(uid:10087), callingPackage = com.zjinnova.zlink(uid:10087), reason = start-service
07-13 19:32:10.834  4128  4150 D PowerController.BgClean: judgeAppLaunchAllowed : intent action:Intent { cmp=com.zjinnova.zlink/com.zjinnova.android.zlink.features.service.DaemonService }
07-13 19:32:10.834  4128  4150 W ActivityManager: u0 Starting a service in packagecom.zjinnova.zlink requires a permissions review
07-13 19:32:10.835  4128  7153 V ActivityManagerShellCommand: runSendBroadcast end ---Intent { act=zjinnova.android.intent.action.START_DAEMON_SERVICE flg=0x400020 pkg=com.zjinnova.zlink }
07-13 19:32:11.605  5553  6280 I mcu_services: readInBuf:[ff fe fd 03 01 29 81 a9 ff ]
07-13 19:32:11.606  5553  6280 E mcu_services: MCU2APP : [ff fe fd 03 01 29 81 a9 ff ]
07-13 19:32:11.606  5553  5838 D mcu_services: processResponse - length: 3 - type: 1 - control: 29
07-13 19:32:11.607  5553  5851 D mcu_services: dispatchToClients - cmdId: 41 - data : [29 81 ]
07-13 19:32:11.610  7287  7287 W ContextImpl: Calling a method in the system process without a qualified user: android.app.ContextImpl.sendBroadcast:1045 android.content.ContextWrapper.sendBroadcast:448 com.qf.carsettings.service.CarSettingService$4.onMcuInfoChanged:670 android.qf.mcu.McuManager$ListenerTransport._handleMessage:106 android.qf.mcu.McuManager$ListenerTransport.access$700:72 
07-13 19:32:12.941  4128  4150 V ActivityManagerShellCommand: Received onCommand broadcast callUid=0 callpid=23736
07-13 19:32:13.217  4128  7153 I UsbUserSettingsManager: Camera permission required for USB video class devices
07-13 19:32:13.590  5553  6280 I mcu_services: readInBuf:[ff fe fd 03 01 29 81 a9 ff ]
07-13 19:32:13.590  5553  6280 E mcu_services: MCU2APP : [ff fe fd 03 01 29 81 a9 ff ]
07-13 19:32:13.591  5553  5838 D mcu_services: processResponse - length: 3 - type: 1 - control: 29
07-13 19:32:13.591  5553  5851 D mcu_services: dispatchToClients - cmdId: 41 - data : [29 81 ]
07-13 19:32:13.595  7287  7287 W ContextImpl: Calling a method in the system process without a qualified user: android.app.ContextImpl.sendBroadcast:1045 android.content.ContextWrapper.sendBroadcast:448 com.qf.carsettings.service.CarSettingService$4.onMcuInfoChanged:670 android.qf.mcu.McuManager$ListenerTransport._handleMessage:106 android.qf.mcu.McuManager$ListenerTransport.access$700:72 
07-13 19:32:13.963  4128  4428 D AlarmManager: waitForAlarm result:8currentTime=1752449533963, elapsedRealtime=3517493
07-13 19:32:13.965  4128  4428 D AlarmManager: sending alarm.type = 3, action = GmsAlarm:NetworkLocationLocator:517, cn = null, operation = PendingIntent{d95b012: PendingIntentRecord{44da3e3 com.google.android.gms broadcastIntent}}
07-13 19:32:13.988  4128  4474 W AlarmManager: setImpl(), force change type ELAPSED_REALTIME_WAKEUP -> ELAPSED_REALTIME
07-13 19:32:13.989  4128  4474 V AlarmManager: set(null) : type=3 listener=android.app.AlarmManager$ListenerWrapper@e4d4773 listenerTag=WificondScannerImpl Scan Timeout triggerAtTime=3532518 win=11250 tElapsed=3532518 maxElapsed=3543768 interval=0 flags=0x8
07-13 19:32:14.990  4128  7153 D PowerController.BgClean: judgeAppLaunchAllowed : com.google.android.gms(uid:10106), callingPackage = com.google.android.gms(uid:10106), reason = bind-service
07-13 19:32:14.990  4128  7153 D PowerController.BgClean: judgeAppLaunchAllowed : intent action:Intent { act=com.google.android.chimera.BoundService.START dat=chimera-action:com.google.android.gms.libs.gmscorelogger.service.START cmp=com.google.android.gms/.chimera.PersistentDirectBootAwareApiService }
07-13 19:32:15.054  4128  7153 V ActivityManagerShellCommand: Received onCommand broadcast callUid=0 callpid=23762
07-13 19:32:15.054  4128  7153 V ActivityManagerShellCommand: runSendBroadcast start and waiting ---Intent { act=zjinnova.android.intent.action.START_DAEMON_SERVICE flg=0x400020 pkg=com.zjinnova.zlink }
07-13 19:32:15.055  4128  4167 D PowerController.BgClean: judgeAppLaunchAllowed : com.zjinnova.zlink(uid:10087), callingPackage = null(uid:0), reason = send-broadcast
07-13 19:32:15.056  4128  4167 D PowerController.BgClean: judgeAppLaunchAllowed : intent action:Intent { act=zjinnova.android.intent.action.START_DAEMON_SERVICE flg=0x400030 pkg=com.zjinnova.zlink }
07-13 19:32:15.056  4128  4167 W BroadcastQueue:  enable com.zjinnova.zlink to start process!
07-13 19:32:15.061  4128  6296 D PowerController.BgClean: judgeAppLaunchAllowed : com.zjinnova.zlink(uid:10087), callingPackage = com.zjinnova.zlink(uid:10087), reason = start-service
07-13 19:32:15.061  4128  6296 D PowerController.BgClean: judgeAppLaunchAllowed : intent action:Intent { cmp=com.zjinnova.zlink/com.zjinnova.android.zlink.features.service.DaemonService }
07-13 19:32:15.061  4128  6296 W ActivityManager: u0 Starting a service in packagecom.zjinnova.zlink requires a permissions review
07-13 19:32:15.062  4128  7153 V ActivityManagerShellCommand: runSendBroadcast end ---Intent { act=zjinnova.android.intent.action.START_DAEMON_SERVICE flg=0x400020 pkg=com.zjinnova.zlink }
07-13 19:32:15.334  4128  6296 D PowerController.BgClean: judgeAppLaunchAllowed : com.google.android.gms(uid:10106), callingPackage = com.google.android.gms(uid:10106), reason = bind-service
07-13 19:32:15.334  4128  6296 D PowerController.BgClean: judgeAppLaunchAllowed : intent action:Intent { act=com.google.android.chimera.BoundService.START dat=chimera-action:com.google.android.gms.clearcut.service.START cmp=com.google.android.gms/.chimera.PersistentDirectBootAwareApiService }
07-13 19:32:15.521  4128  6296 D PowerController.BgClean: judgeAppLaunchAllowed : com.google.android.gms(uid:10106), callingPackage = com.google.android.gms(uid:10106), reason = start-service
07-13 19:32:15.521  4128  6296 D PowerController.BgClean: judgeAppLaunchAllowed : intent action:Intent { act=com.google.android.gms.location.util.nlp.RESULT cat=[targeted_intent_op_prefix:.location.util.nlp.NlpInternalApi$NlpReceiverIntentOperation] cmp=com.google.android.gms/.chimera.PersistentIntentOperationService (has extras) }
07-13 19:32:15.528  4128  6296 D PowerController.BgClean: judgeAppLaunchAllowed : com.google.android.gms(uid:10106), callingPackage = com.google.android.gms(uid:10106), reason = start-service
07-13 19:32:15.528  4128  6296 D PowerController.BgClean: judgeAppLaunchAllowed : intent action:Intent { act=com.google.android.location.internal.action.FLP_FULL_POWER_LOCATION_RESULT pkg=com.google.android.gms cmp=com.google.android.gms/com.google.android.location.internal.PendingIntentCallbackService (has extras) }
07-13 19:32:15.531  4128  4150 V AlarmManager: set(PendingIntent{7c601c7: PendingIntentRecord{ac393f4 com.google.android.gms startService}}) : type=3 listener=null listenerTag=null triggerAtTime=315363519060 win=236520000000 tElapsed=315363519060 maxElapsed=551883519060 interval=0 flags=0x0
07-13 19:32:15.533  4128  6296 D PowerController.BgClean: judgeAppLaunchAllowed : com.google.android.gms(uid:10106), callingPackage = com.google.android.gms(uid:10106), reason = start-service
07-13 19:32:15.533  4128  6296 D PowerController.BgClean: judgeAppLaunchAllowed : intent action:Intent { act=com.google.android.location.internal.action.FLP_LOW_POWER_LOCATION_RESULT pkg=com.google.android.gms cmp=com.google.android.gms/com.google.android.location.internal.PendingIntentCallbackService (has extras) }
07-13 19:32:15.539  4128  6296 W AlarmManager: setImpl(), force change type ELAPSED_REALTIME_WAKEUP -> ELAPSED_REALTIME
07-13 19:32:15.539  4128  6296 V AlarmManager: set(PendingIntent{8557819: PendingIntentRecord{351f0de com.google.android.gms broadcastIntent}}) : type=3 listener=null listenerTag=null triggerAtTime=3537505 win=0 tElapsed=3537505 maxElapsed=3537505 interval=0 flags=0x5
07-13 19:32:15.575  5553  6280 I mcu_services: readInBuf:[ff fe fd 03 01 29 81 a9 ff ]
07-13 19:32:15.575  5553  6280 E mcu_services: MCU2APP : [ff fe fd 03 01 29 81 a9 ff ]
07-13 19:32:15.576  5553  5838 D mcu_services: processResponse - length: 3 - type: 1 - control: 29
07-13 19:32:15.576  5553  5851 D mcu_services: dispatchToClients - cmdId: 41 - data : [29 81 ]
07-13 19:32:15.580  7287  7287 W ContextImpl: Calling a method in the system process without a qualified user: android.app.ContextImpl.sendBroadcast:1045 android.content.ContextWrapper.sendBroadcast:448 com.qf.carsettings.service.CarSettingService$4.onMcuInfoChanged:670 android.qf.mcu.McuManager$ListenerTransport._handleMessage:106 android.qf.mcu.McuManager$ListenerTransport.access$700:72 
07-13 19:32:17.169  4128  6296 V ActivityManagerShellCommand: Received onCommand broadcast callUid=0 callpid=23784
07-13 19:32:17.560  5553  6280 I mcu_services: readInBuf:[ff fe fd 03 01 29 81 a9 ff ]
07-13 19:32:17.560  5553  6280 E mcu_services: MCU2APP : [ff fe fd 03 01 29 81 a9 ff ]
07-13 19:32:17.560  5553  5838 D mcu_services: processResponse - length: 3 - type: 1 - control: 29
07-13 19:32:17.561  5553  5851 D mcu_services: dispatchToClients - cmdId: 41 - data : [29 81 ]
07-13 19:32:17.564  7287  7287 W ContextImpl: Calling a method in the system process without a qualified user: android.app.ContextImpl.sendBroadcast:1045 android.content.ContextWrapper.sendBroadcast:448 com.qf.carsettings.service.CarSettingService$4.onMcuInfoChanged:670 android.qf.mcu.McuManager$ListenerTransport._handleMessage:106 android.qf.mcu.McuManager$ListenerTransport.access$700:72 
07-13 19:32:18.241  4128  7153 I UsbUserSettingsManager: Camera permission required for USB video class devices
07-13 19:32:19.000  4128  4428 D AlarmManager: waitForAlarm result:65536currentTime=1752449539000, elapsedRealtime=3522537
07-13 19:32:19.275  4128  4150 V ActivityManagerShellCommand: Received onCommand broadcast callUid=0 callpid=23806
07-13 19:32:19.275  4128  4150 V ActivityManagerShellCommand: runSendBroadcast start and waiting ---Intent { act=zjinnova.android.intent.action.START_DAEMON_SERVICE flg=0x400020 pkg=com.zjinnova.zlink }
07-13 19:32:19.276  4128  4167 D PowerController.BgClean: judgeAppLaunchAllowed : com.zjinnova.zlink(uid:10087), callingPackage = null(uid:0), reason = send-broadcast
07-13 19:32:19.276  4128  4167 D PowerController.BgClean: judgeAppLaunchAllowed : intent action:Intent { act=zjinnova.android.intent.action.START_DAEMON_SERVICE flg=0x400030 pkg=com.zjinnova.zlink }
07-13 19:32:19.276  4128  4167 W BroadcastQueue:  enable com.zjinnova.zlink to start process!
07-13 19:32:19.282  4128  6296 D PowerController.BgClean: judgeAppLaunchAllowed : com.zjinnova.zlink(uid:10087), callingPackage = com.zjinnova.zlink(uid:10087), reason = start-service
07-13 19:32:19.282  4128  6296 D PowerController.BgClean: judgeAppLaunchAllowed : intent action:Intent { cmp=com.zjinnova.zlink/com.zjinnova.android.zlink.features.service.DaemonService }
07-13 19:32:19.283  4128  6296 W ActivityManager: u0 Starting a service in packagecom.zjinnova.zlink requires a permissions review
07-13 19:32:19.284  4128  4150 V ActivityManagerShellCommand: runSendBroadcast end ---Intent { act=zjinnova.android.intent.action.START_DAEMON_SERVICE flg=0x400020 pkg=com.zjinnova.zlink }
07-13 19:32:19.536  5553  6280 I mcu_services: readInBuf:[ff fe fd 03 01 29 81 a9 ff ]
07-13 19:32:19.537  5553  6280 E mcu_services: MCU2APP : [ff fe fd 03 01 29 81 a9 ff ]
07-13 19:32:19.537  5553  5838 D mcu_services: processResponse - length: 3 - type: 1 - control: 29
07-13 19:32:19.537  5553  5851 D mcu_services: dispatchToClients - cmdId: 41 - data : [29 81 ]
07-13 19:32:19.541  7287  7287 W ContextImpl: Calling a method in the system process without a qualified user: android.app.ContextImpl.sendBroadcast:1045 android.content.ContextWrapper.sendBroadcast:448 com.qf.carsettings.service.CarSettingService$4.onMcuInfoChanged:670 android.qf.mcu.McuManager$ListenerTransport._handleMessage:106 android.qf.mcu.McuManager$ListenerTransport.access$700:72 
07-13 19:32:20.034  4128  4150 D PowerController.BgClean: judgeAppLaunchAllowed : com.google.android.gms(uid:10106), callingPackage = com.google.android.gms(uid:10106), reason = start-service
07-13 19:32:20.034  4128  4150 D PowerController.BgClean: judgeAppLaunchAllowed : intent action:Intent { act=com.google.android.gms.semanticlocation.ACTION_LOCATION cmp=com.google.android.gms/.semanticlocation.service.SemanticLocationService (has extras) }
07-13 19:32:20.039  4128  5551 W AlarmManager: setImpl(), force change type ELAPSED_REALTIME_WAKEUP -> ELAPSED_REALTIME
07-13 19:32:20.039  4128  5551 V AlarmManager: set(PendingIntent{c179989: PendingIntentRecord{fca4d8e com.google.android.gms broadcastIntent}}) : type=3 listener=null listenerTag=null triggerAtTime=4183570 win=0 tElapsed=4183570 maxElapsed=4183570 interval=0 flags=0x5
07-13 19:32:20.039  4128  6296 D PowerController.BgClean: judgeAppLaunchAllowed : com.google.android.gms(uid:10106), callingPackage = com.google.android.gms(uid:10106), reason = bind-service
07-13 19:32:20.039  4128  6296 D PowerController.BgClean: judgeAppLaunchAllowed : intent action:Intent { act=com.google.android.chimera.BoundService.START dat=chimera-action:com.google.android.gms.auth.aang.events.services.START cmp=com.google.android.gms/.chimera.PersistentApiService }
07-13 19:32:21.392  4128  5551 V ActivityManagerShellCommand: Received onCommand broadcast callUid=0 callpid=23828
07-13 19:32:21.521  5553  6280 I mcu_services: readInBuf:[ff fe fd 03 01 29 81 a9 ff ]
07-13 19:32:21.521  5553  6280 E mcu_services: MCU2APP : [ff fe fd 03 01 29 81 a9 ff ]
07-13 19:32:21.522  5553  5838 D mcu_services: processResponse - length: 3 - type: 1 - control: 29
07-13 19:32:21.522  5553  5851 D mcu_services: dispatchToClients - cmdId: 41 - data : [29 81 ]
07-13 19:32:21.526  7287  7287 W ContextImpl: Calling a method in the system process without a qualified user: android.app.ContextImpl.sendBroadcast:1045 android.content.ContextWrapper.sendBroadcast:448 com.qf.carsettings.service.CarSettingService$4.onMcuInfoChanged:670 android.qf.mcu.McuManager$ListenerTransport._handleMessage:106 android.qf.mcu.McuManager$ListenerTransport.access$700:72 
07-13 19:32:23.257  4128  5551 I UsbUserSettingsManager: Camera permission required for USB video class devices
07-13 19:32:23.506  5553  6280 I mcu_services: readInBuf:[ff fe fd 03 01 29 81 a9 ff ]
07-13 19:32:23.506  4128  7153 V ActivityManagerShellCommand: Received onCommand broadcast callUid=0 callpid=23850
07-13 19:32:23.506  5553  6280 E mcu_services: MCU2APP : [ff fe fd 03 01 29 81 a9 ff ]
07-13 19:32:23.506  5553  5838 D mcu_services: processResponse - length: 3 - type: 1 - control: 29
07-13 19:32:23.506  4128  7153 V ActivityManagerShellCommand: runSendBroadcast start and waiting ---Intent { act=zjinnova.android.intent.action.START_DAEMON_SERVICE flg=0x400020 pkg=com.zjinnova.zlink }
07-13 19:32:23.507  5553  5851 D mcu_services: dispatchToClients - cmdId: 41 - data : [29 81 ]
07-13 19:32:23.507  4128  4167 D PowerController.BgClean: judgeAppLaunchAllowed : com.zjinnova.zlink(uid:10087), callingPackage = null(uid:0), reason = send-broadcast
07-13 19:32:23.507  4128  4167 D PowerController.BgClean: judgeAppLaunchAllowed : intent action:Intent { act=zjinnova.android.intent.action.START_DAEMON_SERVICE flg=0x400030 pkg=com.zjinnova.zlink }
07-13 19:32:23.507  4128  4167 W BroadcastQueue:  enable com.zjinnova.zlink to start process!
07-13 19:32:23.509  7287  7287 W ContextImpl: Calling a method in the system process without a qualified user: android.app.ContextImpl.sendBroadcast:1045 android.content.ContextWrapper.sendBroadcast:448 com.qf.carsettings.service.CarSettingService$4.onMcuInfoChanged:670 android.qf.mcu.McuManager$ListenerTransport._handleMessage:106 android.qf.mcu.McuManager$ListenerTransport.access$700:72 
07-13 19:32:23.513  4128  5551 D PowerController.BgClean: judgeAppLaunchAllowed : com.zjinnova.zlink(uid:10087), callingPackage = com.zjinnova.zlink(uid:10087), reason = start-service
07-13 19:32:23.513  4128  5551 D PowerController.BgClean: judgeAppLaunchAllowed : intent action:Intent { cmp=com.zjinnova.zlink/com.zjinnova.android.zlink.features.service.DaemonService }
07-13 19:32:23.513  4128  5551 W ActivityManager: u0 Starting a service in packagecom.zjinnova.zlink requires a permissions review
07-13 19:32:23.513  4128  7153 V ActivityManagerShellCommand: runSendBroadcast end ---Intent { act=zjinnova.android.intent.action.START_DAEMON_SERVICE flg=0x400020 pkg=com.zjinnova.zlink }
07-13 19:32:25.491  5553  6280 I mcu_services: readInBuf:[ff fe fd 03 01 29 81 a9 ff ]
07-13 19:32:25.491  5553  6280 E mcu_services: MCU2APP : [ff fe fd 03 01 29 81 a9 ff ]
07-13 19:32:25.491  5553  5838 D mcu_services: processResponse - length: 3 - type: 1 - control: 29
07-13 19:32:25.491  5553  5851 D mcu_services: dispatchToClients - cmdId: 41 - data : [29 81 ]
07-13 19:32:25.496  7287  7287 W ContextImpl: Calling a method in the system process without a qualified user: android.app.ContextImpl.sendBroadcast:1045 android.content.ContextWrapper.sendBroadcast:448 com.qf.carsettings.service.CarSettingService$4.onMcuInfoChanged:670 android.qf.mcu.McuManager$ListenerTransport._handleMessage:106 android.qf.mcu.McuManager$ListenerTransport.access$700:72 
07-13 19:32:25.624  4128  5551 V ActivityManagerShellCommand: Received onCommand broadcast callUid=0 callpid=23874
07-13 19:32:26.661  4128  6296 V AlarmManager: set(PendingIntent{b35f3bb: PendingIntentRecord{3ddf0d8 com.google.android.gms broadcastIntent}}) : type=3 listener=null listenerTag=null triggerAtTime=3530195 win=0 tElapsed=3535199 maxElapsed=3535199 interval=0 flags=0x1
07-13 19:32:27.476  5553  6280 I mcu_services: readInBuf:[ff fe fd 03 01 29 81 a9 ff ]
07-13 19:32:27.476  5553  6280 E mcu_services: MCU2APP : [ff fe fd 03 01 29 81 a9 ff ]
07-13 19:32:27.476  5553  5838 D mcu_services: processResponse - length: 3 - type: 1 - control: 29
07-13 19:32:27.477  5553  5851 D mcu_services: dispatchToClients - cmdId: 41 - data : [29 81 ]
07-13 19:32:27.480  7287  7287 W ContextImpl: Calling a method in the system process without a qualified user: android.app.ContextImpl.sendBroadcast:1045 android.content.ContextWrapper.sendBroadcast:448 com.qf.carsettings.service.CarSettingService$4.onMcuInfoChanged:670 android.qf.mcu.McuManager$ListenerTransport._handleMessage:106 android.qf.mcu.McuManager$ListenerTransport.access$700:72 
07-13 19:32:27.739  4128  6296 V ActivityManagerShellCommand: Received onCommand broadcast callUid=0 callpid=23897
07-13 19:32:27.740  4128  6296 V ActivityManagerShellCommand: runSendBroadcast start and waiting ---Intent { act=zjinnova.android.intent.action.START_DAEMON_SERVICE flg=0x400020 pkg=com.zjinnova.zlink }
07-13 19:32:27.741  4128  4167 D PowerController.BgClean: judgeAppLaunchAllowed : com.zjinnova.zlink(uid:10087), callingPackage = null(uid:0), reason = send-broadcast
07-13 19:32:27.741  4128  4167 D PowerController.BgClean: judgeAppLaunchAllowed : intent action:Intent { act=zjinnova.android.intent.action.START_DAEMON_SERVICE flg=0x400030 pkg=com.zjinnova.zlink }
07-13 19:32:27.741  4128  4167 W BroadcastQueue:  enable com.zjinnova.zlink to start process!
07-13 19:32:27.746  4128  5551 D PowerController.BgClean: judgeAppLaunchAllowed : com.zjinnova.zlink(uid:10087), callingPackage = com.zjinnova.zlink(uid:10087), reason = start-service
07-13 19:32:27.746  4128  5551 D PowerController.BgClean: judgeAppLaunchAllowed : intent action:Intent { cmp=com.zjinnova.zlink/com.zjinnova.android.zlink.features.service.DaemonService }
07-13 19:32:27.746  4128  5551 W ActivityManager: u0 Starting a service in packagecom.zjinnova.zlink requires a permissions review
07-13 19:32:27.747  4128  6296 V ActivityManagerShellCommand: runSendBroadcast end ---Intent { act=zjinnova.android.intent.action.START_DAEMON_SERVICE flg=0x400020 pkg=com.zjinnova.zlink }
07-13 19:32:28.283  4128  5551 I UsbUserSettingsManager: Camera permission required for USB video class devices
07-13 19:32:29.000  4128  4428 D AlarmManager: waitForAlarm result:65536currentTime=1752449549000, elapsedRealtime=3532534
07-13 19:32:29.464  5553  6280 I mcu_services: readInBuf:[ff fe fd 03 01 29 81 a9 ff ]
07-13 19:32:29.464  5553  6280 E mcu_services: MCU2APP : [ff fe fd 03 01 29 81 a9 ff ]
07-13 19:32:29.464  5553  5838 D mcu_services: processResponse - length: 3 - type: 1 - control: 29
07-13 19:32:29.465  5553  5851 D mcu_services: dispatchToClients - cmdId: 41 - data : [29 81 ]
07-13 19:32:29.496  7287  7287 W ContextImpl: Calling a method in the system process without a qualified user: android.app.ContextImpl.sendBroadcast:1045 android.content.ContextWrapper.sendBroadcast:448 com.qf.carsettings.service.CarSettingService$4.onMcuInfoChanged:670 android.qf.mcu.McuManager$ListenerTransport._handleMessage:106 android.qf.mcu.McuManager$ListenerTransport.access$700:72 
07-13 19:32:29.857  4128  6296 V ActivityManagerShellCommand: Received onCommand broadcast callUid=0 callpid=23919
07-13 19:32:31.449  5553  6280 I mcu_services: readInBuf:[ff fe fd 03 01 29 81 a9 ff ]
07-13 19:32:31.449  5553  6280 E mcu_services: MCU2APP : [ff fe fd 03 01 29 81 a9 ff ]
07-13 19:32:31.449  5553  5838 D mcu_services: processResponse - length: 3 - type: 1 - control: 29
07-13 19:32:31.450  5553  5851 D mcu_services: dispatchToClients - cmdId: 41 - data : [29 81 ]
07-13 19:32:31.453  7287  7287 W ContextImpl: Calling a method in the system process without a qualified user: android.app.ContextImpl.sendBroadcast:1045 android.content.ContextWrapper.sendBroadcast:448 com.qf.carsettings.service.CarSettingService$4.onMcuInfoChanged:670 android.qf.mcu.McuManager$ListenerTransport._handleMessage:106 android.qf.mcu.McuManager$ListenerTransport.access$700:72 
07-13 19:32:31.969  4128  5551 V ActivityManagerShellCommand: Received onCommand broadcast callUid=0 callpid=23941
07-13 19:32:31.969  4128  5551 V ActivityManagerShellCommand: runSendBroadcast start and waiting ---Intent { act=zjinnova.android.intent.action.START_DAEMON_SERVICE flg=0x400020 pkg=com.zjinnova.zlink }
07-13 19:32:31.970  4128  4167 D PowerController.BgClean: judgeAppLaunchAllowed : com.zjinnova.zlink(uid:10087), callingPackage = null(uid:0), reason = send-broadcast
07-13 19:32:31.970  4128  4167 D PowerController.BgClean: judgeAppLaunchAllowed : intent action:Intent { act=zjinnova.android.intent.action.START_DAEMON_SERVICE flg=0x400030 pkg=com.zjinnova.zlink }
07-13 19:32:31.971  4128  4167 W BroadcastQueue:  enable com.zjinnova.zlink to start process!
07-13 19:32:31.976  4128  6296 D PowerController.BgClean: judgeAppLaunchAllowed : com.zjinnova.zlink(uid:10087), callingPackage = com.zjinnova.zlink(uid:10087), reason = start-service
07-13 19:32:31.976  4128  6296 D PowerController.BgClean: judgeAppLaunchAllowed : intent action:Intent { cmp=com.zjinnova.zlink/com.zjinnova.android.zlink.features.service.DaemonService }
07-13 19:32:31.976  4128  6296 W ActivityManager: u0 Starting a service in packagecom.zjinnova.zlink requires a permissions review
07-13 19:32:31.977  4128  5551 V ActivityManagerShellCommand: runSendBroadcast end ---Intent { act=zjinnova.android.intent.action.START_DAEMON_SERVICE flg=0x400020 pkg=com.zjinnova.zlink }
07-13 19:32:33.310  4128  5551 I UsbUserSettingsManager: Camera permission required for USB video class devices
07-13 19:32:33.434  5553  6280 I mcu_services: readInBuf:[ff fe fd 03 01 29 81 a9 ff ]
07-13 19:32:33.434  5553  6280 E mcu_services: MCU2APP : [ff fe fd 03 01 29 81 a9 ff ]
07-13 19:32:33.435  5553  5838 D mcu_services: processResponse - length: 3 - type: 1 - control: 29
07-13 19:32:33.435  5553  5851 D mcu_services: dispatchToClients - cmdId: 41 - data : [29 81 ]
07-13 19:32:33.439  7287  7287 W ContextImpl: Calling a method in the system process without a qualified user: android.app.ContextImpl.sendBroadcast:1045 android.content.ContextWrapper.sendBroadcast:448 com.qf.carsettings.service.CarSettingService$4.onMcuInfoChanged:670 android.qf.mcu.McuManager$ListenerTransport._handleMessage:106 android.qf.mcu.McuManager$ListenerTransport.access$700:72 
07-13 19:32:33.970  4128  4428 D AlarmManager: waitForAlarm result:8currentTime=1752449553970, elapsedRealtime=3537505
07-13 19:32:33.972  4128  4428 D AlarmManager: sending alarm.type = 3, action = GmsAlarm:NetworkLocationLocator:519, cn = null, operation = PendingIntent{8557819: PendingIntentRecord{351f0de com.google.android.gms broadcastIntent}}
07-13 19:32:33.989  4128  4474 W AlarmManager: setImpl(), force change type ELAPSED_REALTIME_WAKEUP -> ELAPSED_REALTIME
07-13 19:32:33.990  4128  4474 V AlarmManager: set(null) : type=3 listener=android.app.AlarmManager$ListenerWrapper@1b64d87 listenerTag=WificondScannerImpl Scan Timeout triggerAtTime=3552524 win=11250 tElapsed=3552524 maxElapsed=3563774 interval=0 flags=0x8
07-13 19:32:34.080  4128  6296 V ActivityManagerShellCommand: Received onCommand broadcast callUid=0 callpid=23965
07-13 19:32:35.374  4128  5551 D PowerController.BgClean: judgeAppLaunchAllowed : com.google.android.gms(uid:10106), callingPackage = com.google.android.gms(uid:10106), reason = start-service
07-13 19:32:35.374  4128  5551 D PowerController.BgClean: judgeAppLaunchAllowed : intent action:Intent { act=com.google.android.gms.location.util.nlp.RESULT cat=[targeted_intent_op_prefix:.location.util.nlp.NlpInternalApi$NlpReceiverIntentOperation] cmp=com.google.android.gms/.chimera.PersistentIntentOperationService (has extras) }
07-13 19:32:35.381  4128  5551 D PowerController.BgClean: judgeAppLaunchAllowed : com.google.android.gms(uid:10106), callingPackage = com.google.android.gms(uid:10106), reason = start-service
07-13 19:32:35.381  4128  5551 D PowerController.BgClean: judgeAppLaunchAllowed : intent action:Intent { act=com.google.android.location.internal.action.FLP_FULL_POWER_LOCATION_RESULT pkg=com.google.android.gms cmp=com.google.android.gms/com.google.android.location.internal.PendingIntentCallbackService (has extras) }
07-13 19:32:35.383  4128  7153 V AlarmManager: set(PendingIntent{5cd65d9: PendingIntentRecord{c52ab9e com.google.android.gms startService}}) : type=3 listener=null listenerTag=null triggerAtTime=315363538916 win=236519999999 tElapsed=315363538916 maxElapsed=551883538915 interval=0 flags=0x0
07-13 19:32:35.385  4128  6296 D PowerController.BgClean: judgeAppLaunchAllowed : com.google.android.gms(uid:10106), callingPackage = com.google.android.gms(uid:10106), reason = start-service
07-13 19:32:35.385  4128  6296 D PowerController.BgClean: judgeAppLaunchAllowed : intent action:Intent { act=com.google.android.location.internal.action.FLP_LOW_POWER_LOCATION_RESULT pkg=com.google.android.gms cmp=com.google.android.gms/com.google.android.location.internal.PendingIntentCallbackService (has extras) }
07-13 19:32:35.391  4128  5551 W AlarmManager: setImpl(), force change type ELAPSED_REALTIME_WAKEUP -> ELAPSED_REALTIME
07-13 19:32:35.391  4128  5551 V AlarmManager: set(PendingIntent{5ffeb9b: PendingIntentRecord{ca2bb38 com.google.android.gms broadcastIntent}}) : type=3 listener=null listenerTag=null triggerAtTime=3557511 win=0 tElapsed=3557511 maxElapsed=3557511 interval=0 flags=0x5
07-13 19:32:35.419  5553  6280 I mcu_services: readInBuf:[ff fe fd 03 01 29 81 a9 ff ]
07-13 19:32:35.419  5553  6280 E mcu_services: MCU2APP : [ff fe fd 03 01 29 81 a9 ff ]
07-13 19:32:35.419  5553  5838 D mcu_services: processResponse - length: 3 - type: 1 - control: 29
07-13 19:32:35.420  5553  5851 D mcu_services: dispatchToClients - cmdId: 41 - data : [29 81 ]
07-13 19:32:35.423  7287  7287 W ContextImpl: Calling a method in the system process without a qualified user: android.app.ContextImpl.sendBroadcast:1045 android.content.ContextWrapper.sendBroadcast:448 com.qf.carsettings.service.CarSettingService$4.onMcuInfoChanged:670 android.qf.mcu.McuManager$ListenerTransport._handleMessage:106 android.qf.mcu.McuManager$ListenerTransport.access$700:72 
07-13 19:32:36.202  4128  5551 V ActivityManagerShellCommand: Received onCommand broadcast callUid=0 callpid=23990
07-13 19:32:36.202  4128  5551 V ActivityManagerShellCommand: runSendBroadcast start and waiting ---Intent { act=zjinnova.android.intent.action.START_DAEMON_SERVICE flg=0x400020 pkg=com.zjinnova.zlink }
07-13 19:32:36.203  4128  4167 D PowerController.BgClean: judgeAppLaunchAllowed : com.zjinnova.zlink(uid:10087), callingPackage = null(uid:0), reason = send-broadcast
07-13 19:32:36.203  4128  4167 D PowerController.BgClean: judgeAppLaunchAllowed : intent action:Intent { act=zjinnova.android.intent.action.START_DAEMON_SERVICE flg=0x400030 pkg=com.zjinnova.zlink }
07-13 19:32:36.203  4128  4167 W BroadcastQueue:  enable com.zjinnova.zlink to start process!
07-13 19:32:36.208  4128  6296 D PowerController.BgClean: judgeAppLaunchAllowed : com.zjinnova.zlink(uid:10087), callingPackage = com.zjinnova.zlink(uid:10087), reason = start-service
07-13 19:32:36.208  4128  6296 D PowerController.BgClean: judgeAppLaunchAllowed : intent action:Intent { cmp=com.zjinnova.zlink/com.zjinnova.android.zlink.features.service.DaemonService }
07-13 19:32:36.208  4128  6296 W ActivityManager: u0 Starting a service in packagecom.zjinnova.zlink requires a permissions review
07-13 19:32:36.209  4128  5551 V ActivityManagerShellCommand: runSendBroadcast end ---Intent { act=zjinnova.android.intent.action.START_DAEMON_SERVICE flg=0x400020 pkg=com.zjinnova.zlink }
--------- beginning of main
07-13 19:32:37.002  3830  5187 D GnssHAL_V_GnssUtil: convertToGnssLocation_2_0: latitudeDegrees:40.652445, longitudeDegrees: -73.757013, elapsedRealtime.flags:0, elapsedRealtime.timestampNs: 0, elapsedRealtime.timeUncertaintyNs: 0
07-13 19:32:37.010  4128  4153 I LocationManagerService: incoming location: Location[gps 41******  -74******  hAcc=3 t=1752449557000 et=+59m0s536ms alt=-22.175 vel=0.0 bear=0.0 vAcc=9 sAcc=0 bAcc=56 {Bundle[{satellites=15, maxCn0=48, meanCn0=40}]}]
07-13 19:32:37.015  4128  4153 I LocationManagerService: incoming location: Location[gps 41******  -74******  hAcc=3 t=1752449557000 et=+59m0s536ms alt=-22.175 vel=0.0 bear=0.0 vAcc=9 sAcc=0 bAcc=56 {Bundle[{satellites=15, maxCn0=48, meanCn0=40}]}]
07-13 19:32:37.190 23998 23998 D ip_monitor-3659: fe80::747f:dfff:fe19:ec15 dev wlan0 lladdr 76:7f:df:1c:ef:18 router STALE
07-13 19:32:37.403  5553  6280 I mcu_services: readInBuf:[ff fe fd 03 01 29 81 a9 ff ]
07-13 19:32:37.404  5553  6280 E mcu_services: MCU2APP : [ff fe fd 03 01 29 81 a9 ff ]
07-13 19:32:37.404  5553  5838 D mcu_services: processResponse - length: 3 - type: 1 - control: 29
07-13 19:32:37.405  5553  5851 D mcu_services: dispatchToClients - cmdId: 41 - data : [29 81 ]
07-13 19:32:37.405  5553  5851 D callback: callMcuInfoChanged: 29 81 
07-13 19:32:37.408  7287  7287 W ContextImpl: Calling a method in the system process without a qualified user: android.app.ContextImpl.sendBroadcast:1045 android.content.ContextWrapper.sendBroadcast:448 com.qf.carsettings.service.CarSettingService$4.onMcuInfoChanged:670 android.qf.mcu.McuManager$ListenerTransport._handleMessage:106 android.qf.mcu.McuManager$ListenerTransport.access$700:72 
07-13 19:32:37.406  5553  5851 D callback: callMcuInfoChanged: 29 81 
07-13 19:32:37.411  3497  3497 E SPRDHWComposer: SPRD_SR SprdHWComposer2::GET_ACTIVE_CONFIG[466] *outConfig:0
07-13 19:32:37.673  7287  7287 I QFApi   : getCustomPlatform - customPlatform: 7862
07-13 19:32:37.994  3830  5187 D GnssHAL_V_GnssUtil: convertToGnssLocation_2_0: enter
07-13 19:32:37.994  3830  5187 D GnssHAL_V_GnssUtil: convertToGnssLocation_2_0: latitudeDegrees:40.652445, longitudeDegrees: -73.757013, elapsedRealtime.flags:0, elapsedRealtime.timestampNs: 0, elapsedRealtime.timeUncertaintyNs: 0
07-13 19:32:37.999  4128  4153 I LocationManagerService: incoming location: Location[gps 41******  -74******  hAcc=3 t=1752449558000 et=+59m1s529ms alt=-22.175 vel=0.0 bear=0.0 vAcc=8 sAcc=0 bAcc=50 {Bundle[{satellites=14, maxCn0=48, meanCn0=40}]}]
07-13 19:32:38.004  4128  4153 I LocationManagerService: incoming location: Location[gps 41******  -74******  hAcc=3 t=1752449558000 et=+59m1s529ms alt=-22.175 vel=0.0 bear=0.0 vAcc=8 sAcc=0 bAcc=50 {Bundle[{satellites=14, maxCn0=48, meanCn0=40}]}]
07-13 19:32:38.255  8861  9137 W System.err: java.net.BindException: bind failed: EADDRINUSE (Address already in use)
07-13 19:32:38.255  8861  9137 W System.err: 	at libcore.io.IoBridge.bind(IoBridge.java:109)
07-13 19:32:38.255  8861  9137 W System.err: 	at java.net.PlainDatagramSocketImpl.bind0(PlainDatagramSocketImpl.java:104)
07-13 19:32:38.255  8861  9137 W System.err: 	at java.net.AbstractPlainDatagramSocketImpl.bind(AbstractPlainDatagramSocketImpl.java:112)
07-13 19:32:38.255  8861  9137 W System.err: 	at java.net.DatagramSocket.bind(DatagramSocket.java:412)
07-13 19:32:38.255  8861  9137 W System.err: 	at java.net.DatagramSocket.<init>(DatagramSocket.java:262)
07-13 19:32:38.255  8861  9137 W System.err: 	at java.net.DatagramSocket.<init>(DatagramSocket.java:319)
07-13 19:32:38.255  8861  9137 W System.err: 	at com.txznet.util.UdpServer.a(UdpServer.java:59)
07-13 19:32:38.255  8861  9137 W System.err: 	at com.txznet.util.UdpServer.a(UdpServer.java:12)
07-13 19:32:38.255  8861  9137 W System.err: 	at com.txznet.util.UdpServer$1.handleMessage(UdpServer.java:33)
07-13 19:32:38.255  8861  9137 W System.err: 	at android.os.Handler.dispatchMessage(Handler.java:107)
07-13 19:32:38.255  8861  9137 W System.err: 	at android.os.Looper.loop(Looper.java:214)
07-13 19:32:38.255  8861  9137 W System.err: 	at android.os.HandlerThread.run(HandlerThread.java:67)
07-13 19:32:38.255  8861  9137 W System.err: Caused by: android.system.ErrnoException: bind failed: EADDRINUSE (Address already in use)
07-13 19:32:38.255  8861  9137 W System.err: 	at libcore.io.Linux.bind(Native Method)
07-13 19:32:38.255  8861  9137 W System.err: 	at libcore.io.ForwardingOs.bind(ForwardingOs.java:75)
07-13 19:32:38.255  8861  9137 W System.err: 	at libcore.io.ForwardingOs.bind(ForwardingOs.java:75)
07-13 19:32:38.255  8861  9137 W System.err: 	at libcore.io.IoBridge.bind(IoBridge.java:105)
07-13 19:32:38.255  8861  9137 W System.err: 	... 11 more
07-13 19:32:38.259  3774  3894 D btopt   : zlink wake_up_apk_server: cmd = 'export PATH=$PATH:/system/bin/;am broadcast -a "zjinnova.android.intent.action.START_DAEMON_SERVICE" --include-stopped-packages "com.zjinnova.zlink"&'
07-13 19:32:38.316  4128  5551 V ActivityManagerShellCommand: Received onCommand broadcast callUid=0 callpid=24013
07-13 19:32:38.329 20581 20581 D DiagnosticService: === PERFORMING DIAGNOSTIC CHECK ===
07-13 19:32:38.330 20581 20581 D DiagnosticService: Total USB devices found: 1
07-13 19:32:38.334 20581 20581 I DiagnosticService: UVC Device found: /dev/bus/usb/001/007 VID:13407 PID:8496
07-13 19:32:38.335  4128  5551 I UsbUserSettingsManager: Camera permission required for USB video class devices
07-13 19:32:38.336 20581 20581 I DiagnosticService: Has permission: false
07-13 19:32:38.339 20581 20581 I DiagnosticService: UVC devices found: 1
07-13 19:32:38.342 20581 20581 D DiagnosticService: Memory - Max: 201326592, Used: 7872648, Free: 18955824
07-13 19:32:38.470  4713  4713 E StackScroller: Attempting to re-position  view {com.android.systemui.statusbar.notification.row.FooterView{7179b45 V.E...... ......I. 0,0-0,0}}
07-13 19:32:38.470  4713  4713 E StackScroller: Attempting to re-position  view {com.android.systemui.statusbar.EmptyShadeView{2ba529a G.E...... ......I. 0,0-0,0}}
07-13 19:32:38.470  4713  4713 E StackScroller: Attempting to re-position  view {com.android.systemui.statusbar.NotificationShelf{ceac7f7 VFE...C.. ......I. 0,0-0,0}}
07-13 19:32:38.472  4713  4713 D NotificationMediaManager: finishUpdateMediaMetaData metaDataChanged =false,allowEnterAnimation =true
07-13 19:32:38.473  4713  4713 D NotificationMediaManager: finishUpdateMediaMetaData need to hide the album art
07-13 19:32:38.678  7287  7287 I QFApi   : getCustomPlatform - customPlatform: 7862
07-13 19:32:38.681  8587  8587 I Tpms3   : mDataCheckTimer startDataTime:-1;datTime:1752449558
07-13 19:32:38.995  3830  5187 D GnssHAL_V_GnssUtil: convertToGnssLocation_2_0: enter
07-13 19:32:38.995  3830  5187 D GnssHAL_V_GnssUtil: convertToGnssLocation_2_0: latitudeDegrees:40.652445, longitudeDegrees: -73.757013, elapsedRealtime.flags:0, elapsedRealtime.timestampNs: 0, elapsedRealtime.timeUncertaintyNs: 0
07-13 19:32:39.001  4128  4153 I LocationManagerService: incoming location: Location[gps 41******  -74******  hAcc=3 t=1752449559000 et=+59m2s530ms alt=-22.175 vel=0.073526315 bear=0.0 vAcc=8 sAcc=0 bAcc=50 {Bundle[{satellites=15, maxCn0=48, meanCn0=40}]}]
07-13 19:32:39.004  4128  7153 D AlarmManagerService: Setting time of day to sec=1752449559
07-13 19:32:39.000  4128  4428 D AlarmManager: waitForAlarm result:65536currentTime=1752449559000, elapsedRealtime=3542538
07-13 19:32:39.003  4128  4153 I LocationManagerService: incoming location: Location[gps 41******  -74******  hAcc=3 t=1752449559000 et=+59m2s530ms alt=-22.175 vel=0.073526315 bear=0.0 vAcc=8 sAcc=0 bAcc=50 {Bundle[{satellites=15, maxCn0=48, meanCn0=40}]}]
07-13 19:32:39.017  4128  7153 D AlarmManagerService: AlarmImplTimerFd::setTime, drm_ntp, _delta: -61242714, delta_alarm: 0, tv->tv_sec: 1752449559, old_time.tv_sec: 1752449559.
07-13 19:32:39.177  4128  4428 D AlarmManagerService: set alarm to kernel: 3557.511000000, type=3 
07-13 19:32:39.177  4128  4428 D AlarmManagerService: AlarmImpl::set, type=3
07-13 19:32:39.266  4655  4703 D sd      : uart send:3 byte/s
07-13 19:32:39.267  4655  4705 D sd      : uart recv:5 byte/s
07-13 19:32:39.384  5553  6280 I mcu_services: readInBuf:[ff fe fd 03 01 29 81 a9 ff ]
07-13 19:32:39.384  5553  6280 E mcu_services: MCU2APP : [ff fe fd 03 01 29 81 a9 ff ]
07-13 19:32:39.385  5553  5838 D mcu_services: processResponse - length: 3 - type: 1 - control: 29
07-13 19:32:39.385  5553  5851 D mcu_services: dispatchToClients - cmdId: 41 - data : [29 81 ]
07-13 19:32:39.385  5553  5851 D callback: callMcuInfoChanged: 29 81 
07-13 19:32:39.388  7287  7287 W ContextImpl: Calling a method in the system process without a qualified user: android.app.ContextImpl.sendBroadcast:1045 android.content.ContextWrapper.sendBroadcast:448 com.qf.carsettings.service.CarSettingService$4.onMcuInfoChanged:670 android.qf.mcu.McuManager$ListenerTransport._handleMessage:106 android.qf.mcu.McuManager$ListenerTransport.access$700:72 
07-13 19:32:39.386  5553  5851 D callback: callMcuInfoChanged: 29 81 
07-13 19:32:39.391  3497  3497 E SPRDHWComposer: SPRD_SR SprdHWComposer2::GET_ACTIVE_CONFIG[466] *outConfig:0
07-13 19:32:39.394  5736  5736 I chatty  : uid=10127(com.txznet.txz) expire 58 lines
07-13 19:32:39.678  7287  7287 I QFApi   : getCustomPlatform - customPlatform: 7862
07-13 19:32:39.983  3830  5187 D GnssHAL_V_GnssUtil: convertToGnssLocation_2_0: enter
07-13 19:32:39.983  3830  5187 D GnssHAL_V_GnssUtil: convertToGnssLocation_2_0: latitudeDegrees:40.652445, longitudeDegrees: -73.757013, elapsedRealtime.flags:0, elapsedRealtime.timestampNs: 0, elapsedRealtime.timeUncertaintyNs: 0
07-13 19:32:39.987  4128  4153 I LocationManagerService: incoming location: Location[gps 41******  -74******  hAcc=3 t=1752449560000 et=+59m3s522ms alt=-22.175 vel=0.0 bear=0.0 vAcc=9 sAcc=0 bAcc=50 {Bundle[{satellites=15, maxCn0=47, meanCn0=40}]}]
07-13 19:32:39.993  4128  4153 I LocationManagerService: incoming location: Location[gps 41******  -74******  hAcc=3 t=1752449560000 et=+59m3s522ms alt=-22.175 vel=0.0 bear=0.0 vAcc=9 sAcc=0 bAcc=50 {Bundle[{satellites=15, maxCn0=47, meanCn0=40}]}]
07-13 19:32:40.370  3774  3894 D btopt   : zlink wake_up_apk_server: cmd = 'export PATH=$PATH:/system/bin/;am broadcast -a "zjinnova.android.intent.action.START_DAEMON_SERVICE" --include-stopped-packages "com.zjinnova.zlink"&'
07-13 19:32:40.427  4128  6296 V ActivityManagerShellCommand: Received onCommand broadcast callUid=0 callpid=24035
07-13 19:32:40.428  4128  6296 V ActivityManagerShellCommand: runSendBroadcast start and waiting ---Intent { act=zjinnova.android.intent.action.START_DAEMON_SERVICE flg=0x400020 pkg=com.zjinnova.zlink }
07-13 19:32:40.429  4128  4167 D PowerController.BgClean: judgeAppLaunchAllowed : com.zjinnova.zlink(uid:10087), callingPackage = null(uid:0), reason = send-broadcast
07-13 19:32:40.429  4128  4167 D PowerController.BgClean: judgeAppLaunchAllowed : intent action:Intent { act=zjinnova.android.intent.action.START_DAEMON_SERVICE flg=0x400030 pkg=com.zjinnova.zlink }
07-13 19:32:40.429  4128  4167 W BroadcastQueue:  enable com.zjinnova.zlink to start process!
