--------- beginning of system
07-13 16:58:16.440 D/PowerManagerService( 4123): userActivityNoUpdateLocked: Scene not defined, event:0
07-13 16:58:16.567 I/chatty  ( 4123): uid=1000 system_server identical 4 lines
07-13 16:58:16.577 D/PowerManagerService( 4123): userActivityNoUpdateLocked: Scene not defined, event:0
07-13 16:58:17.023 I/mcu_services( 5451): readInBuf:[ff fe fd 03 01 29 81 a9 ff ]
07-13 16:58:17.023 E/mcu_services( 5451): MCU2APP : [ff fe fd 03 01 29 81 a9 ff ]
07-13 16:58:17.024 D/mcu_services( 5451): processResponse - length: 3 - type: 1 - control: 29
07-13 16:58:17.024 D/mcu_services( 5451): dispatchToClients - cmdId: 41 - data : [29 81 ]
07-13 16:58:17.029 W/ContextImpl( 6445): Calling a method in the system process without a qualified user: android.app.ContextImpl.sendBroadcast:1045 android.content.ContextWrapper.sendBroadcast:448 com.qf.carsettings.service.CarSettingService$4.onMcuInfoChanged:670 android.qf.mcu.McuManager$ListenerTransport._handleMessage:106 android.qf.mcu.McuManager$ListenerTransport.access$700:72 
07-13 16:58:17.907 D/PowerManagerService( 4123): userActivityNoUpdateLocked: Scene not defined, event:0
07-13 16:58:18.021 D/PowerManagerService( 4123): userActivityNoUpdateLocked: Scene not defined, event:0
07-13 16:58:18.035 I/RecentTasks( 4123): getRecentTasksImpl - maxNum: 20
07-13 16:58:18.037 I/ActivityTaskManager( 4123): execute - ComponentName: ComponentInfo{com.serenegiant.usbcameratest8/com.serenegiant.usbcameratest8.MainActivity} - mService: com.android.server.wm.ActivityTaskManagerService@48e6255 - callingPackage: com.android.launcher.gradient.black - caller: android.app.IApplicationThread$Stub$Proxy@f83214c
07-13 16:58:18.037 I/ActivityTaskManager( 4123): isSplitPackageName - ComponentName: - packageName: com.serenegiant.usbcameratest8 - appNotSupportSplit: false
07-13 16:58:18.038 I/ActivityTaskManager( 4123): START u0 {act=android.intent.action.MAIN cat=[android.intent.category.LAUNCHER] flg=0x10200000 cmp=com.serenegiant.usbcameratest8/.MainActivity bnds=[1024,375][1280,670] (has extras)} from uid 1000, pid 7438
07-13 16:58:18.038 D/PowerController.BgClean( 4123): judgeAppLaunchAllowed : com.serenegiant.usbcameratest8(uid:10246), callingPackage = com.android.launcher.gradient.black(uid:1000), reason = start-activity
07-13 16:58:18.038 D/PowerController.BgClean( 4123): judgeAppLaunchAllowed : intent action:Intent { act=android.intent.action.MAIN cat=[android.intent.category.LAUNCHER] flg=0x10200000 cmp=com.serenegiant.usbcameratest8/.MainActivity bnds=[1024,375][1280,670] (has extras) }
07-13 16:58:18.038 D/PowerController.BgClean( 4123): Start Proc : com.serenegiant.usbcameratest8, callingPackage = com.android.launcher.gradient.black, reason = start-activity: already started!! (ProcState:PROCESS_STATE_CACHED_EMPTY mState:ACTIVITY_STOPPED)
07-13 16:58:18.051 I/ActivityTaskManager( 4123): ->startActivity for ActivityRecord{d4a829b u0 com.serenegiant.usbcameratest8/.MainActivity t34} result:START_SUCCESS
07-13 16:58:18.057 D/SSense  ( 4123): windowsChanged
07-13 16:58:18.059 V/SettingsProvider( 4123): Notifying for 0: content://settings/system/launcher.status
07-13 16:58:18.062 W/ActivityManager( 4123): ProcessRecord{a4b5376 0:com.serenegiant.usbcameratest8/u0a246}: ART verification disabled
07-13 16:58:18.062 I/ActivityManager( 4123): startProcessLocked - launcherPackage: com.android.launcher.gradient.black - app.pid: 0 - app.processName: com.serenegiant.usbcameratest8
07-13 16:58:18.067 D/PowerController.RecogA( 4123): packageName:com.android.launcher.gradient.black mFgEvent:MOVE_TO_BACKGROUND mLastTimeFgEventChanged:8838648 mLastLaunchTime:8830909 mProcState:PROCESS_STATE_CACHED_EMPTY mLastTimeProcStateChanged:0 mNotificationState:0 mLastTimeNotificationStateChanged:0 mAudioState:0 mLastTimeAudioStateChanged:0 mRequestGps:true mAvoidConstraintGps:false mBehaviorType:0 mScreenOn:true mLastTimeScreenStateChanged:0 mLastBgTime:8838648 mFgDuration:4849450 mAudioDuration:0 mBgAudioDuration:0 mHasNoClearNotificationWhenNavi:false
07-13 16:58:18.074 I/ActivityManager( 4123): Start proc 30998:com.serenegiant.usbcameratest8/u0a246 for activity {com.serenegiant.usbcameratest8/com.serenegiant.usbcameratest8.MainActivity}
07-13 16:58:18.077 D/PowerController.BgClean( 4123): judgeAppLaunchAllowed : net.dinglisch.android.taskerm(uid:10130), callingPackage = com.joaomgcd.autoinput(uid:10126), reason = start-service
07-13 16:58:18.077 D/PowerController.BgClean( 4123): judgeAppLaunchAllowed : intent action:Intent { act=com.twofortyfouram.locale.intent.action.REQUEST_QUERY flg=0x10000001 cmp=net.dinglisch.android.taskerm/com.joaomgcd.taskerm.plugin.ServiceRequestQuery (has extras) }
07-13 16:58:18.082 D/WindowManager( 4123): Input focus has changed to null
07-13 16:58:18.083 D/SSense  ( 4123): windowsChanged
07-13 16:58:18.086 V/ActivityManagerShellCommand( 4123): Received onCommand broadcast callUid=0 callpid=30992
07-13 16:58:18.086 V/ActivityManagerShellCommand( 4123): runSendBroadcast start and waiting ---Intent { act=zjinnova.android.intent.action.START_DAEMON_SERVICE flg=0x400020 pkg=com.zjinnova.zlink }
07-13 16:58:18.088 D/PowerController.BgClean( 4123): judgeAppLaunchAllowed : com.zjinnova.zlink(uid:10087), callingPackage = null(uid:0), reason = send-broadcast
07-13 16:58:18.088 D/PowerController.BgClean( 4123): judgeAppLaunchAllowed : intent action:Intent { act=zjinnova.android.intent.action.START_DAEMON_SERVICE flg=0x400030 pkg=com.zjinnova.zlink }
07-13 16:58:18.088 W/BroadcastQueue( 4123):  enable com.zjinnova.zlink to start process!
07-13 16:58:18.096 E/NotificationService( 4123): Suppressing notification from package by user request.
07-13 16:58:18.097 D/PowerController.BgClean( 4123): judgeAppLaunchAllowed : com.zjinnova.zlink(uid:10087), callingPackage = com.zjinnova.zlink(uid:10087), reason = start-service
07-13 16:58:18.097 D/PowerController.BgClean( 4123): judgeAppLaunchAllowed : intent action:Intent { cmp=com.zjinnova.zlink/com.zjinnova.android.zlink.features.service.DaemonService }
07-13 16:58:18.097 W/ActivityManager( 4123): u0 Starting a service in packagecom.zjinnova.zlink requires a permissions review
07-13 16:58:18.098 V/ActivityManagerShellCommand( 4123): runSendBroadcast end ---Intent { act=zjinnova.android.intent.action.START_DAEMON_SERVICE flg=0x400020 pkg=com.zjinnova.zlink }
07-13 16:58:18.105 E/NotificationService( 4123): Suppressing notification from package by user request.
07-13 16:58:18.110 W/AlarmManager( 4123): setImpl(), force change type RTC_WAKEUP -> RTC
07-13 16:58:18.110 V/AlarmManager( 4123): set(PendingIntent{4843e03: PendingIntentRecord{858180 net.dinglisch.android.taskerm broadcastIntent}}) : type=1 listener=null listenerTag=null triggerAtTime=1752440362110 win=48000 tElapsed=8902691 maxElapsed=8950691 interval=0 flags=0x8
07-13 16:58:18.111 D/PowerController.BgClean( 4123): judgeAppLaunchAllowed : net.dinglisch.android.taskerm(uid:10130), callingPackage = net.dinglisch.android.taskerm(uid:10130), reason = start-service
07-13 16:58:18.111 D/PowerController.BgClean( 4123): judgeAppLaunchAllowed : intent action:Intent { cmp=net.dinglisch.android.taskerm/.MonitorService (has extras) }
07-13 16:58:18.122 I/DisplayContent( 4123): computeSizeRangesAndScreenLayout - screenHeightDp: 648 - screenWidthDp: 1280 - appWidth: 1280 - appHeight: 720 - smallestScreenWidthDp: 720
07-13 16:58:18.124 V/WindowManager( 4123): Set focused app to: AppWindowToken{612e611 token=Token{b670638 ActivityRecord{d4a829b u0 com.serenegiant.usbcameratest8/.MainActivity t34}}} moveFocusNow=true displayId=0
07-13 16:58:18.170 I/RecentTasks( 4123): findRemoveIndexForAddTask - isSameActivity - task.realActivity: ComponentInfo{com.serenegiant.usbcameratest8/com.serenegiant.usbcameratest8.MainActivity}
07-13 16:58:18.346 D/SSense  ( 4123): windowsChanged
07-13 16:58:18.369 I/ActivityThread(30998): performResumeActivity - pkgName: com.serenegiant.usbcameratest8 - className: com.serenegiant.usbcameratest8.MainActivity
07-13 16:58:18.387 I/ActivityThread(30998): smart_link is  not supported!!!
07-13 16:58:18.442 D/WindowManager( 4123): Input focus has changed to Window{bc24f55 u0 com.serenegiant.usbcameratest8/com.serenegiant.usbcameratest8.MainActivity}
07-13 16:58:18.443 D/SSense  ( 4123): windowsChanged
07-13 16:58:18.608 I/LinkTurboReg( 7438): after performStop current mActovities size is: 1
07-13 16:58:18.611 D/PowerController.RecogA( 4123): packageName:com.txznet.weather mFgEvent:SYSTEM_INTERACTION mLastTimeFgEventChanged:1565237 mLastLaunchTime:0 mProcState:PROCESS_STATE_FOREGROUND_SERVICE mLastTimeProcStateChanged:8839192 mNotificationState:0 mLastTimeNotificationStateChanged:0 mAudioState:0 mLastTimeAudioStateChanged:0 mRequestGps:true mAvoidConstraintGps:false mBehaviorType:0 mScreenOn:true mLastTimeScreenStateChanged:0 mLastBgTime:0 mFgDuration:0 mAudioDuration:0 mBgAudioDuration:0 mHasNoClearNotificationWhenNavi:false
07-13 16:58:18.630 D/PowerController.RecogA( 4123): packageName:com.android.launcher.gradient.black mFgEvent:ACTIVITY_STOPPED mLastTimeFgEventChanged:8839211 mLastLaunchTime:8830909 mProcState:PROCESS_STATE_CACHED_EMPTY mLastTimeProcStateChanged:0 mNotificationState:0 mLastTimeNotificationStateChanged:0 mAudioState:0 mLastTimeAudioStateChanged:0 mRequestGps:true mAvoidConstraintGps:false mBehaviorType:0 mScreenOn:true mLastTimeScreenStateChanged:0 mLastBgTime:8838648 mFgDuration:4849450 mAudioDuration:0 mBgAudioDuration:0 mHasNoClearNotificationWhenNavi:false
07-13 16:58:18.751 D/SSense  ( 4123): windowsChanged
07-13 16:58:19.008 I/mcu_services( 5451): readInBuf:[ff fe fd 03 01 29 81 a9 ff ]
07-13 16:58:19.008 E/mcu_services( 5451): MCU2APP : [ff fe fd 03 01 29 81 a9 ff ]
07-13 16:58:19.008 D/mcu_services( 5451): processResponse - length: 3 - type: 1 - control: 29
07-13 16:58:19.008 D/mcu_services( 5451): dispatchToClients - cmdId: 41 - data : [29 81 ]
07-13 16:58:19.010 W/ContextImpl( 6445): Calling a method in the system process without a qualified user: android.app.ContextImpl.sendBroadcast:1045 android.content.ContextWrapper.sendBroadcast:448 com.qf.carsettings.service.CarSettingService$4.onMcuInfoChanged:670 android.qf.mcu.McuManager$ListenerTransport._handleMessage:106 android.qf.mcu.McuManager$ListenerTransport.access$700:72 
07-13 16:58:19.366 I/UsbUserSettingsManager( 4123): Camera permission required for USB video class devices
--------- beginning of crash
07-13 16:58:19.368 E/AndroidRuntime(30998): FATAL EXCEPTION: USBMonitor
07-13 16:58:19.368 E/AndroidRuntime(30998): Process: com.serenegiant.usbcameratest8, PID: 30998
07-13 16:58:19.368 E/AndroidRuntime(30998): java.lang.SecurityException: User has not given 10246/com.serenegiant.usbcameratest8 permission to access device /dev/bus/usb/001/003
07-13 16:58:19.368 E/AndroidRuntime(30998): 	at android.os.Parcel.createException(Parcel.java:2071)
07-13 16:58:19.368 E/AndroidRuntime(30998): 	at android.os.Parcel.readException(Parcel.java:2039)
07-13 16:58:19.368 E/AndroidRuntime(30998): 	at android.os.Parcel.readException(Parcel.java:1987)
07-13 16:58:19.368 E/AndroidRuntime(30998): 	at android.hardware.usb.IUsbSerialReader$Stub$Proxy.getSerial(IUsbSerialReader.java:123)
07-13 16:58:19.368 E/AndroidRuntime(30998): 	at android.hardware.usb.UsbDevice.getSerialNumber(UsbDevice.java:143)
07-13 16:58:19.368 E/AndroidRuntime(30998): 	at com.serenegiant.usb.USBMonitor.getDeviceKeyName(USBMonitor.java:666)
07-13 16:58:19.368 E/AndroidRuntime(30998): 	at com.serenegiant.usb.USBMonitor.getDeviceKey(USBMonitor.java:699)
07-13 16:58:19.368 E/AndroidRuntime(30998): 	at com.serenegiant.usb.USBMonitor.updatePermission(USBMonitor.java:399)
07-13 16:58:19.368 E/AndroidRuntime(30998): 	at com.serenegiant.usb.USBMonitor.hasPermission(USBMonitor.java:389)
07-13 16:58:19.368 E/AndroidRuntime(30998): 	at com.serenegiant.usb.USBMonitor$2.run(USBMonitor.java:529)
07-13 16:58:19.368 E/AndroidRuntime(30998): 	at android.os.Handler.handleCallback(Handler.java:883)
07-13 16:58:19.368 E/AndroidRuntime(30998): 	at android.os.Handler.dispatchMessage(Handler.java:100)
07-13 16:58:19.368 E/AndroidRuntime(30998): 	at android.os.Looper.loop(Looper.java:214)
07-13 16:58:19.368 E/AndroidRuntime(30998): 	at android.os.HandlerThread.run(HandlerThread.java:67)
07-13 16:58:19.368 E/AndroidRuntime(30998): Caused by: android.os.RemoteException: Remote stack trace:
07-13 16:58:19.368 E/AndroidRuntime(30998): 	at com.android.server.usb.UsbUserSettingsManager.checkPermission(UsbUserSettingsManager.java:177)
07-13 16:58:19.368 E/AndroidRuntime(30998): 	at com.android.server.usb.UsbSerialReader.getSerial(UsbSerialReader.java:96)
07-13 16:58:19.368 E/AndroidRuntime(30998): 	at android.hardware.usb.IUsbSerialReader$Stub.onTransact(IUsbSerialReader.java:84)
07-13 16:58:19.368 E/AndroidRuntime(30998): 	at android.os.Binder.execTransactInternal(Binder.java:1045)
07-13 16:58:19.368 E/AndroidRuntime(30998): 	at android.os.Binder.execTransact(Binder.java:1018)
07-13 16:58:19.368 E/AndroidRuntime(30998): 
07-13 16:58:19.366 I/UsbUserSettingsManager( 4123): Camera permission required for USB video class devices
07-13 16:58:19.371 I/DropBoxManagerService( 4123): add tag=data_app_crash isTagEnabled=true flags=0x2
07-13 16:58:19.372 W/ActivityTaskManager( 4123):   Force finishing activity com.serenegiant.usbcameratest8/.MainActivity
07-13 16:58:19.372 V/WindowManager( 4123): Set focused app to: AppWindowToken{abee921 token=Token{a3eb88 ActivityRecord{ba16b2b u0 com.android.launcher.gradient.black/com.android.launcher3.Launcher t7}}} moveFocusNow=true displayId=0
07-13 16:58:19.373 D/WindowManager( 4123): Input focus has changed to null
07-13 16:58:19.373 V/WindowManager( 4123): Set focused app to: AppWindowToken{abee921 token=Token{a3eb88 ActivityRecord{ba16b2b u0 com.android.launcher.gradient.black/com.android.launcher3.Launcher t7}}} moveFocusNow=true displayId=0
07-13 16:58:19.376 D/SSense  ( 4123): windowsChanged
07-13 16:58:19.377 D/PowerController.BgClean( 4123): judgeAppLaunchAllowed : com.google.android.gms(uid:10106), callingPackage = android(uid:1000), reason = send-broadcast
07-13 16:58:19.377 D/PowerController.BgClean( 4123): judgeAppLaunchAllowed : intent action:Intent { act=android.intent.action.DROPBOX_ENTRY_ADDED flg=0x10 (has extras) }
07-13 16:58:19.377 W/BroadcastQueue( 4123): Background execution not allowed: receiving Intent { act=android.intent.action.DROPBOX_ENTRY_ADDED flg=0x10 (has extras) } to com.google.android.gms/.stats.service.DropBoxEntryAddedReceiver
07-13 16:58:19.379 D/PowerController.RecogA( 4123): packageName:com.android.launcher.gradient.black mFgEvent:SYSTEM_INTERACTION mLastTimeFgEventChanged:8839960 mLastLaunchTime:8830909 mProcState:PROCESS_STATE_CACHED_EMPTY mLastTimeProcStateChanged:0 mNotificationState:0 mLastTimeNotificationStateChanged:0 mAudioState:0 mLastTimeAudioStateChanged:0 mRequestGps:true mAvoidConstraintGps:false mBehaviorType:0 mScreenOn:true mLastTimeScreenStateChanged:0 mLastBgTime:8838648 mFgDuration:4849450 mAudioDuration:0 mBgAudioDuration:0 mHasNoClearNotificationWhenNavi:false
07-13 16:58:19.379 D/PowerController.BgClean( 4123): judgeAppLaunchAllowed : com.google.android.gms(uid:10106), callingPackage = com.google.android.gms(uid:10106), reason = start-service
07-13 16:58:19.379 D/PowerController.BgClean( 4123): judgeAppLaunchAllowed : intent action:Intent { act=com.google.android.gms.common.broadcast.DELIVER_BROADCAST cat=[targeted_intent_op_prefix:.common.broadcast.BackgroundBroadcastReceiverSupport$PersistentReceiverIntentOperation] cmp=com.google.android.gms/.chimera.PersistentIntentOperationService (has extras) }
07-13 16:58:19.381 V/WindowManager( 4123): Set focused app to: AppWindowToken{abee921 token=Token{a3eb88 ActivityRecord{ba16b2b u0 com.android.launcher.gradient.black/com.android.launcher3.Launcher t7}}} moveFocusNow=true displayId=0
07-13 16:58:19.392 I/DisplayContent( 4123): computeSizeRangesAndScreenLayout - screenHeightDp: 648 - screenWidthDp: 1280 - appWidth: 1280 - appHeight: 720 - smallestScreenWidthDp: 720
07-13 16:58:19.408 D/PowerController.RecogA( 4123): packageName:com.txznet.weather mFgEvent:SYSTEM_INTERACTION mLastTimeFgEventChanged:1565237 mLastLaunchTime:0 mProcState:PROCESS_STATE_BOUND_TOP mLastTimeProcStateChanged:8839989 mNotificationState:0 mLastTimeNotificationStateChanged:0 mAudioState:0 mLastTimeAudioStateChanged:0 mRequestGps:true mAvoidConstraintGps:false mBehaviorType:0 mScreenOn:true mLastTimeScreenStateChanged:0 mLastBgTime:0 mFgDuration:0 mAudioDuration:0 mBgAudioDuration:0 mHasNoClearNotificationWhenNavi:false
07-13 16:58:19.410 D/PowerController.RecogA( 4123): packageName:com.android.launcher.gradient.black mFgEvent:MOVE_TO_FOREGROUND mLastTimeFgEventChanged:8839991 mLastLaunchTime:8839991 mProcState:PROCESS_STATE_CACHED_EMPTY mLastTimeProcStateChanged:0 mNotificationState:0 mLastTimeNotificationStateChanged:0 mAudioState:0 mLastTimeAudioStateChanged:0 mRequestGps:true mAvoidConstraintGps:false mBehaviorType:0 mScreenOn:true mLastTimeScreenStateChanged:0 mLastBgTime:8838648 mFgDuration:4849450 mAudioDuration:0 mBgAudioDuration:0 mHasNoClearNotificationWhenNavi:false
07-13 16:58:19.410 V/AlarmManager( 4123): set(PendingIntent{bfb3722: PendingIntentRecord{b0f05b3 com.google.android.gms startService}}) : type=3 listener=null listenerTag=null triggerAtTime=315368839991 win=236520000000 tElapsed=315368839991 maxElapsed=551888839991 interval=0 flags=0x0
07-13 16:58:19.411 I/ActivityThread( 7438): performResumeActivity - pkgName: com.android.launcher.gradient.black - className: com.android.launcher3.Launcher
07-13 16:58:19.412 I/ActivityThread( 7438): smart_link is  not supported!!!
07-13 16:58:19.424 D/WindowManager( 4123): Input focus has changed to Window{b862aa6 u0 com.android.launcher.gradient.black/com.android.launcher3.Launcher}
07-13 16:58:19.424 D/PowerController.BgClean( 4123): judgeAppLaunchAllowed : com.google.android.gms(uid:10106), callingPackage = com.google.android.gms(uid:10106), reason = start-service
07-13 16:58:19.424 D/PowerController.BgClean( 4123): judgeAppLaunchAllowed : intent action:Intent { act=com.google.android.gms.stats.ACTION_UPLOAD_DROPBOX_ENTRIES pkg=com.google.android.gms (has extras) }
07-13 16:58:19.442 I/ActivityManager( 4123): Process com.serenegiant.usbcameratest8 (pid 30998) has died: vis+99 TOP 
07-13 16:58:19.442 V/ActivityManager( 4123): Clean up application record for ProcessRecord{a4b5376 30998:com.serenegiant.usbcameratest8/u0a246} restarting=false allowRestart=true index=-1 replacingPid=false
07-13 16:58:19.458 W/InputMethodManagerService( 4123): Got RemoteException sending setActive(false) notification to pid 30998 uid 10246
07-13 16:58:19.459 I/WindowManager( 4123): WIN DEATH: Window{bc24f55 u0 com.serenegiant.usbcameratest8/com.serenegiant.usbcameratest8.MainActivity}
07-13 16:58:19.478 W/ActivityManager( 4123): setHasOverlayUi called on unknown pid: 30998
07-13 16:58:19.479 D/SSense  ( 4123): windowsChanged
07-13 16:58:19.496 I/RecentTasks( 4123): getRecentTasksImpl - maxNum: 48
07-13 16:58:20.000 D/AlarmManager( 4123): waitForAlarm result:65536currentTime=1752440300000, elapsedRealtime=8840573
07-13 16:58:20.185 V/ActivityManagerShellCommand( 4123): Received onCommand broadcast callUid=0 callpid=31317
07-13 16:58:20.826 D/PowerManagerService( 4123): userActivityNoUpdateLocked: Scene not defined, event:0
07-13 16:58:20.982 I/chatty  ( 4123): uid=1000 system_server identical 7 lines
07-13 16:58:20.993 D/PowerManagerService( 4123): userActivityNoUpdateLocked: Scene not defined, event:0
07-13 16:58:21.000 I/mcu_services( 5451): readInBuf:[ff fe fd 03 01 29 81 a9 ff ]
07-13 16:58:21.000 E/mcu_services( 5451): MCU2APP : [ff fe fd 03 01 29 81 a9 ff ]
07-13 16:58:21.000 D/mcu_services( 5451): processResponse - length: 3 - type: 1 - control: 29
07-13 16:58:21.000 D/mcu_services( 5451): dispatchToClients - cmdId: 41 - data : [29 81 ]
07-13 16:58:21.003 W/ContextImpl( 6445): Calling a method in the system process without a qualified user: android.app.ContextImpl.sendBroadcast:1045 android.content.ContextWrapper.sendBroadcast:448 com.qf.carsettings.service.CarSettingService$4.onMcuInfoChanged:670 android.qf.mcu.McuManager$ListenerTransport._handleMessage:106 android.qf.mcu.McuManager$ListenerTransport.access$700:72 
07-13 16:58:21.774 D/PowerManagerService( 4123): userActivityNoUpdateLocked: Scene not defined, event:0
07-13 16:58:21.848 D/PowerManagerService( 4123): userActivityNoUpdateLocked: Scene not defined, event:0
07-13 16:58:21.870 I/RecentTasks( 4123): getRecentTasksImpl - maxNum: 20
07-13 16:58:21.872 I/ActivityTaskManager( 4123): execute - ComponentName: ComponentInfo{com.serenegiant.uvccameraviewer/com.serenegiant.uvccameraviewer.MainActivity} - mService: com.android.server.wm.ActivityTaskManagerService@48e6255 - callingPackage: com.android.launcher.gradient.black - caller: android.app.IApplicationThread$Stub$Proxy@581d915
07-13 16:58:21.873 I/ActivityTaskManager( 4123): isSplitPackageName - ComponentName: - packageName: com.serenegiant.uvccameraviewer - appNotSupportSplit: false
07-13 16:58:21.873 I/ActivityTaskManager( 4123): START u0 {act=android.intent.action.MAIN cat=[android.intent.category.LAUNCHER] flg=0x10200000 cmp=com.serenegiant.uvccameraviewer/.MainActivity bnds=[256,80][512,375] (has extras)} from uid 1000, pid 7438
07-13 16:58:21.873 D/PowerController.BgClean( 4123): judgeAppLaunchAllowed : com.serenegiant.uvccameraviewer(uid:10261), callingPackage = com.android.launcher.gradient.black(uid:1000), reason = start-activity
07-13 16:58:21.873 D/PowerController.BgClean( 4123): judgeAppLaunchAllowed : intent action:Intent { act=android.intent.action.MAIN cat=[android.intent.category.LAUNCHER] flg=0x10200000 cmp=com.serenegiant.uvccameraviewer/.MainActivity bnds=[256,80][512,375] (has extras) }
07-13 16:58:21.873 D/PowerController.BgClean( 4123): in apppowerconfig autolaunch black list: com.serenegiant.uvccameraviewer
07-13 16:58:21.873 D/PowerController.BgClean( 4123): launchState: 1
07-13 16:58:21.880 I/ActivityTaskManager( 4123): ->startActivity for ActivityRecord{67f0fb8 u0 com.serenegiant.uvccameraviewer/.MainActivity t35} result:START_SUCCESS
07-13 16:58:21.882 D/SSense  ( 4123): windowsChanged
07-13 16:58:21.884 D/PowerController.RecogA( 4123): packageName:com.android.launcher.gradient.black mFgEvent:MOVE_TO_BACKGROUND mLastTimeFgEventChanged:8842458 mLastLaunchTime:8839991 mProcState:PROCESS_STATE_CACHED_EMPTY mLastTimeProcStateChanged:0 mNotificationState:0 mLastTimeNotificationStateChanged:0 mAudioState:0 mLastTimeAudioStateChanged:0 mRequestGps:true mAvoidConstraintGps:false mBehaviorType:0 mScreenOn:true mLastTimeScreenStateChanged:0 mLastBgTime:8842458 mFgDuration:4851917 mAudioDuration:0 mBgAudioDuration:0 mHasNoClearNotificationWhenNavi:false
07-13 16:58:21.886 W/ActivityManager( 4123): ProcessRecord{2bf70ce 0:com.serenegiant.uvccameraviewer/u0a261}: ART verification disabled
07-13 16:58:21.887 I/ActivityManager( 4123): startProcessLocked - launcherPackage: com.android.launcher.gradient.black - app.pid: 0 - app.processName: com.serenegiant.uvccameraviewer
07-13 16:58:21.900 D/WindowManager( 4123): Input focus has changed to null
07-13 16:58:21.902 D/SSense  ( 4123): windowsChanged
07-13 16:58:21.902 I/ActivityManager( 4123): Start proc 31516:com.serenegiant.uvccameraviewer/u0a261 for activity {com.serenegiant.uvccameraviewer/com.serenegiant.uvccameraviewer.MainActivity}
07-13 16:58:21.906 D/PowerController.BgClean( 4123): judgeAppLaunchAllowed : net.dinglisch.android.taskerm(uid:10130), callingPackage = com.joaomgcd.autoinput(uid:10126), reason = start-service
07-13 16:58:21.906 D/PowerController.BgClean( 4123): judgeAppLaunchAllowed : intent action:Intent { act=com.twofortyfouram.locale.intent.action.REQUEST_QUERY flg=0x10000001 cmp=net.dinglisch.android.taskerm/com.joaomgcd.taskerm.plugin.ServiceRequestQuery (has extras) }
07-13 16:58:21.911 E/NotificationService( 4123): Suppressing notification from package by user request.
07-13 16:58:21.915 E/NotificationService( 4123): Suppressing notification from package by user request.
07-13 16:58:21.921 W/AlarmManager( 4123): setImpl(), force change type RTC_WAKEUP -> RTC
07-13 16:58:21.921 V/AlarmManager( 4123): set(PendingIntent{5db79e7: PendingIntentRecord{d417994 net.dinglisch.android.taskerm broadcastIntent}}) : type=1 listener=null listenerTag=null triggerAtTime=1752440365921 win=48000 tElapsed=8906494 maxElapsed=8954494 interval=0 flags=0x8
07-13 16:58:21.922 D/PowerController.BgClean( 4123): judgeAppLaunchAllowed : net.dinglisch.android.taskerm(uid:10130), callingPackage = net.dinglisch.android.taskerm(uid:10130), reason = start-service
07-13 16:58:21.922 D/PowerController.BgClean( 4123): judgeAppLaunchAllowed : intent action:Intent { cmp=net.dinglisch.android.taskerm/.MonitorService (has extras) }
07-13 16:58:21.943 I/DisplayContent( 4123): computeSizeRangesAndScreenLayout - screenHeightDp: 648 - screenWidthDp: 1280 - appWidth: 1280 - appHeight: 720 - smallestScreenWidthDp: 720
07-13 16:58:21.945 V/WindowManager( 4123): Set focused app to: AppWindowToken{fde38f6 token=Token{b33f191 ActivityRecord{67f0fb8 u0 com.serenegiant.uvccameraviewer/.MainActivity t35}}} moveFocusNow=true displayId=0
07-13 16:58:21.955 I/RecentTasks( 4123): findRemoveIndexForAddTask - isSameActivity - task.realActivity: ComponentInfo{com.serenegiant.uvccameraviewer/com.serenegiant.uvccameraviewer.MainActivity}
07-13 16:58:22.135 I/ActivityThread(31516): performResumeActivity - pkgName: com.serenegiant.uvccameraviewer - className: com.serenegiant.uvccameraviewer.MainActivity
07-13 16:58:22.136 D/SSense  ( 4123): windowsChanged
07-13 16:58:22.138 I/ActivityThread(31516): smart_link is  not supported!!!
07-13 16:58:22.164 D/SSense  ( 4123): windowsChanged
07-13 16:58:22.169 D/WindowManager( 4123): Input focus has changed to Window{696eaea u0 com.serenegiant.uvccameraviewer/com.serenegiant.uvccameraviewer.MainActivity}
07-13 16:58:22.234 D/SSense  ( 4123): windowsChanged
07-13 16:58:22.279 D/PowerController.RecogA( 4123): packageName:com.txznet.weather mFgEvent:SYSTEM_INTERACTION mLastTimeFgEventChanged:1565237 mLastLaunchTime:0 mProcState:PROCESS_STATE_FOREGROUND_SERVICE mLastTimeProcStateChanged:8842853 mNotificationState:0 mLastTimeNotificationStateChanged:0 mAudioState:0 mLastTimeAudioStateChanged:0 mRequestGps:true mAvoidConstraintGps:false mBehaviorType:0 mScreenOn:true mLastTimeScreenStateChanged:0 mLastBgTime:0 mFgDuration:0 mAudioDuration:0 mBgAudioDuration:0 mHasNoClearNotificationWhenNavi:false
07-13 16:58:22.281 I/LinkTurboReg( 7438): after performStop current mActovities size is: 1
07-13 16:58:22.285 V/ActivityManagerShellCommand( 4123): Received onCommand broadcast callUid=0 callpid=31629
07-13 16:58:22.285 V/ActivityManagerShellCommand( 4123): runSendBroadcast start and waiting ---Intent { act=zjinnova.android.intent.action.START_DAEMON_SERVICE flg=0x400020 pkg=com.zjinnova.zlink }
07-13 16:58:22.286 D/PowerController.BgClean( 4123): judgeAppLaunchAllowed : com.zjinnova.zlink(uid:10087), callingPackage = null(uid:0), reason = send-broadcast
07-13 16:58:22.286 D/PowerController.BgClean( 4123): judgeAppLaunchAllowed : intent action:Intent { act=zjinnova.android.intent.action.START_DAEMON_SERVICE flg=0x400030 pkg=com.zjinnova.zlink }
07-13 16:58:22.286 W/BroadcastQueue( 4123):  enable com.zjinnova.zlink to start process!
07-13 16:58:22.289 D/PowerController.BgClean( 4123): judgeAppLaunchAllowed : com.zjinnova.zlink(uid:10087), callingPackage = com.zjinnova.zlink(uid:10087), reason = start-service
07-13 16:58:22.289 D/PowerController.BgClean( 4123): judgeAppLaunchAllowed : intent action:Intent { cmp=com.zjinnova.zlink/com.zjinnova.android.zlink.features.service.DaemonService }
07-13 16:58:22.289 W/ActivityManager( 4123): u0 Starting a service in packagecom.zjinnova.zlink requires a permissions review
07-13 16:58:22.290 V/ActivityManagerShellCommand( 4123): runSendBroadcast end ---Intent { act=zjinnova.android.intent.action.START_DAEMON_SERVICE flg=0x400020 pkg=com.zjinnova.zlink }
07-13 16:58:22.297 W/WindowManager( 4123): removeWindowToken: Attempted to remove non-existing token: android.os.Binder@1764457
07-13 16:58:22.298 D/PowerController.RecogA( 4123): packageName:com.android.launcher.gradient.black mFgEvent:ACTIVITY_STOPPED mLastTimeFgEventChanged:8842871 mLastLaunchTime:8839991 mProcState:PROCESS_STATE_CACHED_EMPTY mLastTimeProcStateChanged:0 mNotificationState:0 mLastTimeNotificationStateChanged:0 mAudioState:0 mLastTimeAudioStateChanged:0 mRequestGps:true mAvoidConstraintGps:false mBehaviorType:0 mScreenOn:true mLastTimeScreenStateChanged:0 mLastBgTime:8842458 mFgDuration:4851917 mAudioDuration:0 mBgAudioDuration:0 mHasNoClearNotificationWhenNavi:false
07-13 16:58:22.419 D/SSense  ( 4123): windowsChanged
07-13 16:58:22.985 I/mcu_services( 5451): readInBuf:[ff fe fd 03 01 29 81 a9 ff ]
07-13 16:58:22.985 E/mcu_services( 5451): MCU2APP : [ff fe fd 03 01 29 81 a9 ff ]
07-13 16:58:22.985 D/mcu_services( 5451): processResponse - length: 3 - type: 1 - control: 29
07-13 16:58:22.985 D/mcu_services( 5451): dispatchToClients - cmdId: 41 - data : [29 81 ]
07-13 16:58:22.987 W/ContextImpl( 6445): Calling a method in the system process without a qualified user: android.app.ContextImpl.sendBroadcast:1045 android.content.ContextWrapper.sendBroadcast:448 com.qf.carsettings.service.CarSettingService$4.onMcuInfoChanged:670 android.qf.mcu.McuManager$ListenerTransport._handleMessage:106 android.qf.mcu.McuManager$ListenerTransport.access$700:72 
07-13 16:58:23.104 I/UsbUserSettingsManager( 4123): Camera permission required for USB video class devices
07-13 16:58:23.107 E/AndroidRuntime(31516): FATAL EXCEPTION: USBMonitor
07-13 16:58:23.107 E/AndroidRuntime(31516): Process: com.serenegiant.uvccameraviewer, PID: 31516
07-13 16:58:23.107 E/AndroidRuntime(31516): java.lang.SecurityException: User has not given 10261/com.serenegiant.uvccameraviewer permission to access device /dev/bus/usb/001/003
07-13 16:58:23.107 E/AndroidRuntime(31516): 	at android.os.Parcel.createException(Parcel.java:2071)
07-13 16:58:23.107 E/AndroidRuntime(31516): 	at android.os.Parcel.readException(Parcel.java:2039)
07-13 16:58:23.107 E/AndroidRuntime(31516): 	at android.os.Parcel.readException(Parcel.java:1987)
07-13 16:58:23.107 E/AndroidRuntime(31516): 	at android.hardware.usb.IUsbSerialReader$Stub$Proxy.getSerial(IUsbSerialReader.java:123)
07-13 16:58:23.107 E/AndroidRuntime(31516): 	at android.hardware.usb.UsbDevice.getSerialNumber(UsbDevice.java:143)
07-13 16:58:23.107 E/AndroidRuntime(31516): 	at com.serenegiant.usb.USBMonitor.getDeviceKeyName(USBMonitor.java:666)
07-13 16:58:23.107 E/AndroidRuntime(31516): 	at com.serenegiant.usb.USBMonitor.getDeviceKey(USBMonitor.java:699)
07-13 16:58:23.107 E/AndroidRuntime(31516): 	at com.serenegiant.usb.USBMonitor.updatePermission(USBMonitor.java:399)
07-13 16:58:23.107 E/AndroidRuntime(31516): 	at com.serenegiant.usb.USBMonitor.hasPermission(USBMonitor.java:389)
07-13 16:58:23.107 E/AndroidRuntime(31516): 	at com.serenegiant.usb.USBMonitor$2.run(USBMonitor.java:529)
07-13 16:58:23.107 E/AndroidRuntime(31516): 	at android.os.Handler.handleCallback(Handler.java:883)
07-13 16:58:23.107 E/AndroidRuntime(31516): 	at android.os.Handler.dispatchMessage(Handler.java:100)
07-13 16:58:23.107 E/AndroidRuntime(31516): 	at android.os.Looper.loop(Looper.java:214)
07-13 16:58:23.107 E/AndroidRuntime(31516): 	at android.os.HandlerThread.run(HandlerThread.java:67)
07-13 16:58:23.107 E/AndroidRuntime(31516): Caused by: android.os.RemoteException: Remote stack trace:
07-13 16:58:23.107 E/AndroidRuntime(31516): 	at com.android.server.usb.UsbUserSettingsManager.checkPermission(UsbUserSettingsManager.java:177)
07-13 16:58:23.107 E/AndroidRuntime(31516): 	at com.android.server.usb.UsbSerialReader.getSerial(UsbSerialReader.java:96)
07-13 16:58:23.107 E/AndroidRuntime(31516): 	at android.hardware.usb.IUsbSerialReader$Stub.onTransact(IUsbSerialReader.java:84)
07-13 16:58:23.107 E/AndroidRuntime(31516): 	at android.os.Binder.execTransactInternal(Binder.java:1045)
07-13 16:58:23.107 E/AndroidRuntime(31516): 	at android.os.Binder.execTransact(Binder.java:1018)
07-13 16:58:23.107 E/AndroidRuntime(31516): 
07-13 16:58:23.105 I/UsbUserSettingsManager( 4123): Camera permission required for USB video class devices
07-13 16:58:23.110 I/DropBoxManagerService( 4123): add tag=data_app_crash isTagEnabled=true flags=0x2
07-13 16:58:23.110 W/ActivityTaskManager( 4123):   Force finishing activity com.serenegiant.uvccameraviewer/.MainActivity
07-13 16:58:23.111 V/WindowManager( 4123): Set focused app to: AppWindowToken{abee921 token=Token{a3eb88 ActivityRecord{ba16b2b u0 com.android.launcher.gradient.black/com.android.launcher3.Launcher t7}}} moveFocusNow=true displayId=0
07-13 16:58:23.112 D/WindowManager( 4123): Input focus has changed to null
07-13 16:58:23.112 V/WindowManager( 4123): Set focused app to: AppWindowToken{abee921 token=Token{a3eb88 ActivityRecord{ba16b2b u0 com.android.launcher.gradient.black/com.android.launcher3.Launcher t7}}} moveFocusNow=true displayId=0
07-13 16:58:23.116 I/ActivityManager( 4123): Showing crash dialog for package com.serenegiant.uvccameraviewer u0
07-13 16:58:23.117 D/SSense  ( 4123): windowsChanged
07-13 16:58:23.118 V/WindowManager( 4123): Set focused app to: AppWindowToken{abee921 token=Token{a3eb88 ActivityRecord{ba16b2b u0 com.android.launcher.gradient.black/com.android.launcher3.Launcher t7}}} moveFocusNow=true displayId=0
07-13 16:58:23.119 D/PowerController.BgClean( 4123): judgeAppLaunchAllowed : com.google.android.gms(uid:10106), callingPackage = android(uid:1000), reason = send-broadcast
07-13 16:58:23.119 D/PowerController.BgClean( 4123): judgeAppLaunchAllowed : intent action:Intent { act=android.intent.action.DROPBOX_ENTRY_ADDED flg=0x10 (has extras) }
07-13 16:58:23.119 W/BroadcastQueue( 4123): Background execution not allowed: receiving Intent { act=android.intent.action.DROPBOX_ENTRY_ADDED flg=0x10 (has extras) } to com.google.android.gms/.stats.service.DropBoxEntryAddedReceiver
07-13 16:58:23.129 I/DisplayContent( 4123): computeSizeRangesAndScreenLayout - screenHeightDp: 648 - screenWidthDp: 1280 - appWidth: 1280 - appHeight: 720 - smallestScreenWidthDp: 720
07-13 16:58:23.144 D/PowerController.RecogA( 4123): packageName:com.android.launcher.gradient.black mFgEvent:SYSTEM_INTERACTION mLastTimeFgEventChanged:8843717 mLastLaunchTime:8839991 mProcState:PROCESS_STATE_CACHED_EMPTY mLastTimeProcStateChanged:0 mNotificationState:0 mLastTimeNotificationStateChanged:0 mAudioState:0 mLastTimeAudioStateChanged:0 mRequestGps:true mAvoidConstraintGps:false mBehaviorType:0 mScreenOn:true mLastTimeScreenStateChanged:0 mLastBgTime:8842458 mFgDuration:4851917 mAudioDuration:0 mBgAudioDuration:0 mHasNoClearNotificationWhenNavi:false
07-13 16:58:23.144 D/PowerController.BgClean( 4123): judgeAppLaunchAllowed : com.google.android.gms(uid:10106), callingPackage = com.google.android.gms(uid:10106), reason = start-service
07-13 16:58:23.144 D/PowerController.BgClean( 4123): judgeAppLaunchAllowed : intent action:Intent { act=com.google.android.gms.common.broadcast.DELIVER_BROADCAST cat=[targeted_intent_op_prefix:.common.broadcast.BackgroundBroadcastReceiverSupport$PersistentReceiverIntentOperation] cmp=com.google.android.gms/.chimera.PersistentIntentOperationService (has extras) }
07-13 16:58:23.147 D/PowerController.RecogA( 4123): packageName:com.android.launcher.gradient.black mFgEvent:MOVE_TO_FOREGROUND mLastTimeFgEventChanged:8843721 mLastLaunchTime:8843721 mProcState:PROCESS_STATE_CACHED_EMPTY mLastTimeProcStateChanged:0 mNotificationState:0 mLastTimeNotificationStateChanged:0 mAudioState:0 mLastTimeAudioStateChanged:0 mRequestGps:true mAvoidConstraintGps:false mBehaviorType:0 mScreenOn:true mLastTimeScreenStateChanged:0 mLastBgTime:8842458 mFgDuration:4851917 mAudioDuration:0 mBgAudioDuration:0 mHasNoClearNotificationWhenNavi:false
07-13 16:58:23.150 I/ActivityThread( 7438): performResumeActivity - pkgName: com.android.launcher.gradient.black - className: com.android.launcher3.Launcher
07-13 16:58:23.150 D/WindowManager( 4123): Input focus has changed to Window{22691aa u0 Application Error: com.serenegiant.uvccameraviewer}
07-13 16:58:23.151 I/ActivityThread( 7438): smart_link is  not supported!!!
07-13 16:58:23.154 D/PowerController.BgClean( 4123): judgeAppLaunchAllowed : com.google.android.gms(uid:10106), callingPackage = com.google.android.gms(uid:10106), reason = start-service
07-13 16:58:23.154 D/PowerController.BgClean( 4123): judgeAppLaunchAllowed : intent action:Intent { act=com.google.android.gms.stats.ACTION_UPLOAD_DROPBOX_ENTRIES pkg=com.google.android.gms (has extras) }
07-13 16:58:23.156 D/PowerController.RecogA( 4123): packageName:com.txznet.weather mFgEvent:SYSTEM_INTERACTION mLastTimeFgEventChanged:1565237 mLastLaunchTime:0 mProcState:PROCESS_STATE_BOUND_TOP mLastTimeProcStateChanged:8843730 mNotificationState:0 mLastTimeNotificationStateChanged:0 mAudioState:0 mLastTimeAudioStateChanged:0 mRequestGps:true mAvoidConstraintGps:false mBehaviorType:0 mScreenOn:true mLastTimeScreenStateChanged:0 mLastBgTime:0 mFgDuration:0 mAudioDuration:0 mBgAudioDuration:0 mHasNoClearNotificationWhenNavi:false
07-13 16:58:23.168 D/SSense  ( 4123): windowsChanged
07-13 16:58:23.221 D/SSense  ( 4123): windowsChanged
07-13 16:58:23.230 I/LinkTurboReg(31516): after performStop current mActovities size is: 1
07-13 16:58:23.237 I/RecentTasks( 4123): getRecentTasksImpl - maxNum: 48
07-13 16:58:23.244 D/SSense  ( 4123): windowsChanged
07-13 16:58:23.251 D/SSense  ( 4123): windowsChanged
07-13 16:58:24.110 W/NotificationService( 4123): Toast already killed. pkg=com.serenegiant.uvccameraviewer callback=android.app.ITransientNotification$Stub$Proxy@4321429
07-13 16:58:24.395 V/ActivityManagerShellCommand( 4123): Received onCommand broadcast callUid=0 callpid=31897
07-13 16:58:24.648 D/SSense  ( 4123): windowsChanged
07-13 16:58:24.969 I/mcu_services( 5451): readInBuf:[ff fe fd 03 01 29 81 a9 ff ]
07-13 16:58:24.970 E/mcu_services( 5451): MCU2APP : [ff fe fd 03 01 29 81 a9 ff ]
07-13 16:58:24.970 D/mcu_services( 5451): processResponse - length: 3 - type: 1 - control: 29
07-13 16:58:24.970 D/mcu_services( 5451): dispatchToClients - cmdId: 41 - data : [29 81 ]
07-13 16:58:24.972 W/ContextImpl( 6445): Calling a method in the system process without a qualified user: android.app.ContextImpl.sendBroadcast:1045 android.content.ContextWrapper.sendBroadcast:448 com.qf.carsettings.service.CarSettingService$4.onMcuInfoChanged:670 android.qf.mcu.McuManager$ListenerTransport._handleMessage:106 android.qf.mcu.McuManager$ListenerTransport.access$700:72 
07-13 16:58:25.473 V/AlarmManager( 4123): set(PendingIntent{d9b5999: PendingIntentRecord{5c7f45e com.google.android.gms broadcastIntent}}) : type=3 listener=null listenerTag=null triggerAtTime=8846039 win=0 tElapsed=8851046 maxElapsed=8851046 interval=0 flags=0x1
07-13 16:58:25.482 V/AlarmManager( 4123): set(PendingIntent{428415b: PendingIntentRecord{6fbdf8 com.google.android.gms broadcastIntent}}) : type=3 listener=null listenerTag=null triggerAtTime=8866052 win=0 tElapsed=8866052 maxElapsed=8866052 interval=0 flags=0x1
07-13 16:58:25.730 W/WindowManager( 4123): Unable to start animation, surface is null or no children.
07-13 16:58:26.005 D/PowerController.BgClean( 4123): judgeAppLaunchAllowed : com.google.android.gms(uid:10106), callingPackage = com.google.android.gms(uid:10106), reason = start-service
07-13 16:58:26.005 D/PowerController.BgClean( 4123): judgeAppLaunchAllowed : intent action:Intent { act=com.google.android.gms.semanticlocation.ACTION_LOCATION cmp=com.google.android.gms/.semanticlocation.service.SemanticLocationService (has extras) }
07-13 16:58:26.131 D/DeviceStorageMonitorService( 4123): updateStateEx oldLevel = 0, newLevel = 0
07-13 16:58:26.488 V/ActivityManagerShellCommand( 4123): Received onCommand broadcast callUid=0 callpid=32166
07-13 16:58:26.488 V/ActivityManagerShellCommand( 4123): runSendBroadcast start and waiting ---Intent { act=zjinnova.android.intent.action.START_DAEMON_SERVICE flg=0x400020 pkg=com.zjinnova.zlink }
07-13 16:58:26.489 D/PowerController.BgClean( 4123): judgeAppLaunchAllowed : com.zjinnova.zlink(uid:10087), callingPackage = null(uid:0), reason = send-broadcast
07-13 16:58:26.489 D/PowerController.BgClean( 4123): judgeAppLaunchAllowed : intent action:Intent { act=zjinnova.android.intent.action.START_DAEMON_SERVICE flg=0x400030 pkg=com.zjinnova.zlink }
07-13 16:58:26.489 W/BroadcastQueue( 4123):  enable com.zjinnova.zlink to start process!
07-13 16:58:26.495 D/PowerController.BgClean( 4123): judgeAppLaunchAllowed : com.zjinnova.zlink(uid:10087), callingPackage = com.zjinnova.zlink(uid:10087), reason = start-service
07-13 16:58:26.495 D/PowerController.BgClean( 4123): judgeAppLaunchAllowed : intent action:Intent { cmp=com.zjinnova.zlink/com.zjinnova.android.zlink.features.service.DaemonService }
07-13 16:58:26.495 W/ActivityManager( 4123): u0 Starting a service in packagecom.zjinnova.zlink requires a permissions review
07-13 16:58:26.496 V/ActivityManagerShellCommand( 4123): runSendBroadcast end ---Intent { act=zjinnova.android.intent.action.START_DAEMON_SERVICE flg=0x400020 pkg=com.zjinnova.zlink }
07-13 16:58:26.954 I/mcu_services( 5451): readInBuf:[ff fe fd 03 01 29 81 a9 ff ]
07-13 16:58:26.954 E/mcu_services( 5451): MCU2APP : [ff fe fd 03 01 29 81 a9 ff ]
07-13 16:58:26.955 D/mcu_services( 5451): processResponse - length: 3 - type: 1 - control: 29
07-13 16:58:26.955 D/mcu_services( 5451): dispatchToClients - cmdId: 41 - data : [29 81 ]
07-13 16:58:26.960 W/ContextImpl( 6445): Calling a method in the system process without a qualified user: android.app.ContextImpl.sendBroadcast:1045 android.content.ContextWrapper.sendBroadcast:448 com.qf.carsettings.service.CarSettingService$4.onMcuInfoChanged:670 android.qf.mcu.McuManager$ListenerTransport._handleMessage:106 android.qf.mcu.McuManager$ListenerTransport.access$700:72 
07-13 16:58:28.607 V/ActivityManagerShellCommand( 4123): Received onCommand broadcast callUid=0 callpid=32440
07-13 16:58:28.939 I/mcu_services( 5451): readInBuf:[ff fe fd 03 01 29 81 a9 ff ]
07-13 16:58:28.939 E/mcu_services( 5451): MCU2APP : [ff fe fd 03 01 29 81 a9 ff ]
07-13 16:58:28.939 D/mcu_services( 5451): processResponse - length: 3 - type: 1 - control: 29
07-13 16:58:28.939 D/mcu_services( 5451): dispatchToClients - cmdId: 41 - data : [29 81 ]
--------- beginning of main
07-13 16:58:28.940 D/callback( 5451): callMcuInfoChanged: 29 81 
07-13 16:58:28.943 W/ContextImpl( 6445): Calling a method in the system process without a qualified user: android.app.ContextImpl.sendBroadcast:1045 android.content.ContextWrapper.sendBroadcast:448 com.qf.carsettings.service.CarSettingService$4.onMcuInfoChanged:670 android.qf.mcu.McuManager$ListenerTransport._handleMessage:106 android.qf.mcu.McuManager$ListenerTransport.access$700:72 
07-13 16:58:28.940 D/callback( 5451): callMcuInfoChanged: 29 81 
07-13 16:58:28.958 D/GnssHAL_V_GnssUtil( 3771): convertToGnssLocation_2_0: enter
07-13 16:58:28.959 D/GnssHAL_V_GnssUtil( 3771): convertToGnssLocation_2_0: latitudeDegrees:40.652482, longitudeDegrees: -73.757018, elapsedRealtime.flags:0, elapsedRealtime.timestampNs: 0, elapsedRealtime.timeUncertaintyNs: 0
07-13 16:58:28.966 I/LocationManagerService( 4123): incoming location: Location[gps 41******  -74******  hAcc=3 t=1752440309000 et=+2h27m29s532ms alt=-15.082 vel=0.0 bear=150.222 vAcc=4 sAcc=0 bAcc=37 {Bundle[{satellites=13, maxCn0=46, meanCn0=41}]}]
07-13 16:58:28.967 I/LocationManagerService( 4123): incoming location: Location[gps 41******  -74******  hAcc=3 t=1752440309000 et=+2h27m29s532ms alt=-15.082 vel=0.0 bear=150.222 vAcc=4 sAcc=0 bAcc=37 {Bundle[{satellites=13, maxCn0=46, meanCn0=41}]}]
07-13 16:58:28.971 I/FusedLocation( 5145): (REDACTED) location delivery to %s blocked - too fast
07-13 16:58:28.971 I/LocationManagerService( 4123): incoming location: Location[fused 41******  -74******  hAcc=3 t=1752440308959 et=+2h27m29s532ms alt=-15.082 vel=4.5729E-40 vAcc=4 sAcc=0 bAcc=??? {Bundle[mParcelledData.dataSize=800]}]
07-13 16:58:28.972 I/LocationManagerService( 4123): incoming location: Location[fused 41******  -74******  hAcc=3 t=1752440308959 et=+2h27m29s532ms alt=-15.082 vel=4.5729E-40 vAcc=4 sAcc=0 bAcc=??? {Bundle[{noGPSLocation=Location[fused 41******  -74******  hAcc=20 t=1752439892783 et=+2h20m33s354ms alt=-27.399999618530273 vAcc=3 sAcc=??? bAcc=??? {Bundle[mParcelledData.dataSize=604]}]}]}]
07-13 16:58:29.010 D/TXZ     ( 5597): [ReportManager][7066/7122]initWebSocket: url=wss://websocket.txzing.com/junsun/index?app_id=6a3643cb81c6e92137ccc63f536df874&tm=1752440309009&data=slxgRWLGxY%2Bl4e76MTfNtOGzjQeCbISv76DV%2FFimNOM%3D&platform=car
07-13 16:58:29.011 D/TXZ     ( 5597): [ReportManager][7066/7122]connect: start
07-13 16:58:29.013 D/TXZ     ( 5597): [TXZWebSocketClient][7066/32455]onError: ex=java.net.UnknownHostException: websocket.txzing.com
07-13 16:58:29.013 D/TXZ     ( 5597): [ReportManager][7066/32455]java.net.UnknownHostException: websocket.txzing.com
07-13 16:58:29.013 D/TXZ     ( 5597): [ReportManager][7066/32455]onClose() called with: code = -1, reason = websocket.txzing.com, remote = false
07-13 16:58:29.013 D/TXZ     ( 5597): [ReportManager][7066/7122]connect: finish
07-13 16:58:29.013 D/TXZ     ( 5597): [ReportManager][7066/7122]initWebSocket: url=wss://websocket.txzing.com/junsun/index?app_id=6a3643cb81c6e92137ccc63f536df874&tm=1752440309012&data=KhxbtdAw2djIRsaqdzj%2BhgXHvxrz0btpEVvD37vyV94%3D&platform=car
07-13 16:58:29.013 D/TXZ     ( 5597): [ReportManager][7066/7122]connect: start
07-13 16:58:29.014 D/TxzAccessibilityService( 5597): onAccessibilityEvent: event=EventType: TYPE_WINDOW_CONTENT_CHANGED; EventTime: 8849586; PackageName: com.android.systemui; MovementGranularity: 0; Action: 0; ContentChangeTypes: [CONTENT_CHANGE_TYPE_SUBTREE, CONTENT_CHANGE_TYPE_TEXT]; WindowChangeTypes: [] [ ClassName: android.widget.FrameLayout; Text: []; ContentDescription: null; ItemCount: -1; CurrentItemIndex: -1; Enabled: true; Password: false; Checked: false; FullScreen: false; Scrollable: false; BeforeText: null; FromIndex: -1; ToIndex: -1; ScrollX: -1; ScrollY: -1; MaxScrollX: -1; MaxScrollY: -1; AddedCount: -1; RemovedCount: -1; ParcelableData: null ]; recordCount: 0
07-13 16:58:29.014 D/TxzAccessibilityService( 5597): skip com.android.systemui
07-13 16:58:29.015 D/TXZ     ( 5597): [TXZWebSocketClient][7066/32456]onError: ex=java.net.UnknownHostException: websocket.txzing.com
07-13 16:58:29.015 D/TXZ     ( 5597): [ReportManager][7066/32456]java.net.UnknownHostException: websocket.txzing.com
07-13 16:58:29.015 D/TXZ     ( 5597): [ReportManager][7066/32456]onClose() called with: code = -1, reason = websocket.txzing.com, remote = false
07-13 16:58:29.015 D/TXZ     ( 5597): [ReportManager][7066/7122]connect: finish
07-13 16:58:29.016 D/TXZ     ( 5597): [ReportManager][7066/7122]initWebSocket: url=wss://websocket.txzing.com/junsun/index?app_id=6a3643cb81c6e92137ccc63f536df874&tm=1752440309015&data=BcJ%2Bxl6xPaCMNkzDPTZ6rCeQioOdG9DpGhSFfcejMHQ%3D&platform=car
07-13 16:58:29.016 D/TXZ     ( 5597): [ReportManager][7066/7122]connect: start
07-13 16:58:29.018 D/TXZ     ( 5597): [TXZWebSocketClient][7066/32457]onError: ex=java.net.UnknownHostException: websocket.txzing.com
07-13 16:58:29.019 D/TXZ     ( 5597): [ReportManager][7066/32457]java.net.UnknownHostException: websocket.txzing.com
07-13 16:58:29.019 D/TXZ     ( 5597): [ReportManager][7066/32457]onClose() called with: code = -1, reason = websocket.txzing.com, remote = false
07-13 16:58:29.019 D/TXZ     ( 5597): [ReportManager][7066/7122]connect: finish
07-13 16:58:29.019 D/TXZ     ( 5597): [ReportManager][7066/7122]initWebSocket: url=wss://websocket.txzing.com/junsun/index?app_id=6a3643cb81c6e92137ccc63f536df874&tm=1752440309018&data=MtgeoBcX7FrcvGJuR8HUdhqPfNVy99ywh5vq6QNr5%2FA%3D&platform=car
07-13 16:58:29.019 D/TXZ     ( 5597): [ReportManager][7066/7122]connect: start
07-13 16:58:29.020 D/TXZ     ( 5597): [TXZWebSocketClient][7066/32458]onError: ex=java.net.UnknownHostException: websocket.txzing.com
07-13 16:58:29.020 D/TXZ     ( 5597): [ReportManager][7066/32458]java.net.UnknownHostException: websocket.txzing.com
07-13 16:58:29.020 D/TXZ     ( 5597): [ReportManager][7066/32458]onClose() called with: code = -1, reason = websocket.txzing.com, remote = false
07-13 16:58:29.020 D/TXZ     ( 5597): [ReportManager][7066/7122]connect: finish
07-13 16:58:29.020 D/TXZ     ( 5597): [ReportManager][7066/7122]initWebSocket: url=wss://websocket.txzing.com/junsun/index?app_id=6a3643cb81c6e92137ccc63f536df874&tm=1752440309020&data=ECCnQ%2BO5hnyB3cl3qxVR0traFdyGUk%2FgOGj1%2FfblgsE%3D&platform=car
07-13 16:58:29.021 D/TXZ     ( 5597): [ReportManager][7066/7122]connect: start
07-13 16:58:29.022 D/TXZ     ( 5597): [TXZWebSocketClient][7066/32459]onError: ex=java.net.UnknownHostException: websocket.txzing.com
07-13 16:58:29.022 D/TXZ     ( 5597): [ReportManager][7066/32459]java.net.UnknownHostException: websocket.txzing.com
07-13 16:58:29.022 D/TXZ     ( 5597): [ReportManager][7066/32459]onClose() called with: code = -1, reason = websocket.txzing.com, remote = false
07-13 16:58:29.023 D/TXZ     ( 5597): [ReportManager][7066/7122]connect: finish
07-13 16:58:29.023 D/TXZ     ( 5597): [ReportManager][7066/7122]initWebSocket: url=wss://websocket.txzing.com/junsun/index?app_id=6a3643cb81c6e92137ccc63f536df874&tm=1752440309022&data=qu%2FfJA%2BbH1tofZ6Lk0CjlYkavge6LZyHYLmCZECJmy8%3D&platform=car
07-13 16:58:29.023 D/TXZ     ( 5597): [ReportManager][7066/7122]connect: start
07-13 16:58:29.024 D/TXZ     ( 5597): [TXZWebSocketClient][7066/32460]onError: ex=java.net.UnknownHostException: websocket.txzing.com
07-13 16:58:29.024 D/TXZ     ( 5597): [ReportManager][7066/32460]java.net.UnknownHostException: websocket.txzing.com
