07-13 16:58:32.153 I/BarController( 4123): setBarShowingLw - win: 15df344 StatusBar - show: true
07-13 16:58:32.153 D/TxzAccessibilityService( 5597): onAccessibilityEvent: event=EventType: TYPE_VIEW_CLICKED; EventTime: 8852707; PackageName: android; MovementGranularity: 0; Action: 0; ContentChangeTypes: []; WindowChangeTypes: [] [ ClassName: android.widget.Button; Text: [Close app]; ContentDescription: null; ItemCount: -1; CurrentItemIndex: -1; Enabled: true; Password: false; Checked: false; FullScreen: false; Scrollable: false; BeforeText: null; FromIndex: -1; ToIndex: -1; ScrollX: -1; ScrollY: -1; MaxScrollX: -1; MaxScrollY: -1; AddedCount: -1; RemovedCount: -1; ParcelableData: null ]; recordCount: 0
07-13 16:58:32.154 D/TxzAccessibilityService( 5597): skip android
07-13 16:58:32.158 D/TxzAccessibilityService( 5597): onAccessibilityEvent: event=EventType: TYPE_WINDOWS_CHANGED; EventTime: 8852732; PackageName: null; MovementGranularity: 0; Action: 0; ContentChangeTypes: []; WindowChangeTypes: [WINDOWS_CHANGE_REMOVED] [ ClassName: null; Text: []; ContentDescription: null; ItemCount: -1; CurrentItemIndex: -1; Enabled: false; Password: false; Checked: false; FullScreen: false; Scrollable: false; BeforeText: null; FromIndex: -1; ToIndex: -1; ScrollX: -1; ScrollY: -1; MaxScrollX: -1; MaxScrollY: -1; AddedCount: -1; RemovedCount: -1; ParcelableData: null ]; recordCount: 0
07-13 16:58:32.160 D/TxzAccessibilityService( 5597): skip null
07-13 16:58:32.161 D/TxzAccessibilityService( 5597): onAccessibilityEvent: event=EventType: TYPE_WINDOWS_CHANGED; EventTime: 8852733; PackageName: null; MovementGranularity: 0; Action: 0; ContentChangeTypes: []; WindowChangeTypes: [WINDOWS_CHANGE_ADDED] [ ClassName: null; Text: []; ContentDescription: null; ItemCount: -1; CurrentItemIndex: -1; Enabled: false; Password: false; Checked: false; FullScreen: false; Scrollable: false; BeforeText: null; FromIndex: -1; ToIndex: -1; ScrollX: -1; ScrollY: -1; MaxScrollX: -1; MaxScrollY: -1; AddedCount: -1; RemovedCount: -1; ParcelableData: null ]; recordCount: 0
07-13 16:58:32.161 D/TxzAccessibilityService( 5597): skip null
07-13 16:58:32.164 I/GoogleInputMethodService(19869): GoogleInputMethodService.onFinishInput():2045 
07-13 16:58:32.164 I/Module  (19869): DeviceLockedStatusModuleProvider$Module.updateDeviceLockedStatus():100 repeatCheckTimes = 0, locked = false
07-13 16:58:32.165 I/GoogleInputMethodService(19869): GoogleInputMethodService.onStartInput():1311 onStartInput(EditorInfo{EditorInfo{packageName=com.serenegiant.usbcameratest8, inputType=0, inputTypeString=NULL, enableLearning=false, autoCorrection=false, autoComplete=false, imeOptions=0, privateImeOptions=null, actionName=UNSPECIFIED, actionLabel=null, initialSelStart=-1, initialSelEnd=-1, initialCapsMode=0, label=null, fieldId=-1, fieldName=null, extras=null, hintText=null, hintLocales=[]}}, false)
07-13 16:58:32.166 I/Module  (19869): DeviceLockedStatusModuleProvider$Module.updateDeviceLockedStatus():100 repeatCheckTimes = 1, locked = false
07-13 16:58:32.175 E/InputDispatcher( 4123): Window handle Window{22691aa u0 Application Error: com.serenegiant.uvccameraviewer} has no registered input channel
07-13 16:58:32.183 D/TXZ     ( 5597): [ReportManager][7066/7122]initWebSocket: url=wss://websocket.txzing.com/junsun/index?app_id=6a3643cb81c6e92137ccc63f536df874&tm=1752440312183&data=skjOANoaDrnAcOiWRE9xSlkoQXGWgZ1ZtM5JKn7FmY0%3D&platform=car
07-13 16:58:32.183 D/TXZ     ( 5597): [ReportManager][7066/7122]connect: start
07-13 16:58:32.185 D/TXZ     ( 5597): [TXZWebSocketClient][7066/511]onError: ex=java.net.UnknownHostException: websocket.txzing.com
07-13 16:58:32.185 D/TXZ     ( 5597): [ReportManager][7066/511]java.net.UnknownHostException: websocket.txzing.com
07-13 16:58:32.185 D/TXZ     ( 5597): [ReportManager][7066/511]onClose() called with: code = -1, reason = websocket.txzing.com, remote = false
07-13 16:58:32.185 D/TXZ     ( 5597): [ReportManager][7066/7122]connect: finish
07-13 16:58:32.186 D/TXZ     ( 5597): [ReportManager][7066/7122]initWebSocket: url=wss://websocket.txzing.com/junsun/index?app_id=6a3643cb81c6e92137ccc63f536df874&tm=1752440312186&data=KqSOLaYErJMPxSJLMikO693AZW3E8k93eJ6frzyyWfE%3D&platform=car
07-13 16:58:32.186 D/TXZ     ( 5597): [ReportManager][7066/7122]connect: start
07-13 16:58:32.187 D/TXZ     ( 5597): [TXZWebSocketClient][7066/512]onError: ex=java.net.UnknownHostException: websocket.txzing.com
07-13 16:58:32.187 D/TXZ     ( 5597): [ReportManager][7066/512]java.net.UnknownHostException: websocket.txzing.com
07-13 16:58:32.187 D/TXZ     ( 5597): [ReportManager][7066/512]onClose() called with: code = -1, reason = websocket.txzing.com, remote = false
07-13 16:58:32.188 D/TXZ     ( 5597): [ReportManager][7066/7122]connect: finish
07-13 16:58:32.189 D/TXZ     ( 5597): [ReportManager][7066/7122]initWebSocket: url=wss://websocket.txzing.com/junsun/index?app_id=6a3643cb81c6e92137ccc63f536df874&tm=1752440312187&data=asXG1N483EMMKX7eY8ULmFPCeggNM2PvHunKDRowkNk%3D&platform=car
07-13 16:58:32.189 D/TXZ     ( 5597): [ReportManager][7066/7122]connect: start
07-13 16:58:32.189 D/TXZ     ( 5597): [TXZWebSocketClient][7066/513]onError: ex=java.net.UnknownHostException: websocket.txzing.com
07-13 16:58:32.189 D/TXZ     ( 5597): [ReportManager][7066/513]java.net.UnknownHostException: websocket.txzing.com
07-13 16:58:32.189 D/TXZ     ( 5597): [ReportManager][7066/513]onClose() called with: code = -1, reason = websocket.txzing.com, remote = false
07-13 16:58:32.189 D/TXZ     ( 5597): [ReportManager][7066/7122]connect: finish
07-13 16:58:32.194 D/TXZ     ( 5597): [ReportManager][7066/7122]initWebSocket: url=wss://websocket.txzing.com/junsun/index?app_id=6a3643cb81c6e92137ccc63f536df874&tm=1752440312193&data=EcSjHxZ9u8aNMBOx2TXjDa2d%2FCWOIg8OwGygd75sIQE%3D&platform=car
07-13 16:58:32.194 D/TXZ     ( 5597): [ReportManager][7066/7122]connect: start
07-13 16:58:32.195 D/TXZ     ( 5597): [TXZWebSocketClient][7066/514]onError: ex=java.net.UnknownHostException: websocket.txzing.com
07-13 16:58:32.195 D/TXZ     ( 5597): [ReportManager][7066/514]java.net.UnknownHostException: websocket.txzing.com
07-13 16:58:32.195 D/TXZ     ( 5597): [ReportManager][7066/514]onClose() called with: code = -1, reason = websocket.txzing.com, remote = false
07-13 16:58:32.195 D/TXZ     ( 5597): [ReportManager][7066/7122]connect: finish
07-13 16:58:32.207 D/TXZ     ( 5597): [ReportManager][7066/7122]initWebSocket: url=wss://websocket.txzing.com/junsun/index?app_id=6a3643cb81c6e92137ccc63f536df874&tm=1752440312206&data=CTP%2Bpu%2FjJtO7sJ%2BYCwFxdybMWXd3rMUjZREuVcJ0Vyg%3D&platform=car
07-13 16:58:32.207 D/TXZ     ( 5597): [ReportManager][7066/7122]connect: start
07-13 16:58:32.208 D/BufferPoolAccessor( 3772): bufferpool2 0x3477191030 : 0(0 size) total buffers - 0(0 size) used buffers - 18/22 (recycle/alloc) - 4/21 (fetch/transfer)
07-13 16:58:32.208 D/BufferPoolAccessor( 3772): Destruction - bufferpool2 0x3477191030 cached: 0/0M, 0/0% in use; allocs: 22, 82% recycled; transfers: 21, 81% unfetced
07-13 16:58:32.208 W/ActivityManager( 4123): setHasOverlayUi called on unknown pid: 31516
07-13 16:58:32.209 D/TXZ     ( 5597): [TXZWebSocketClient][7066/515]onError: ex=java.net.UnknownHostException: websocket.txzing.com
07-13 16:58:32.209 D/TXZ     ( 5597): [ReportManager][7066/515]java.net.UnknownHostException: websocket.txzing.com
07-13 16:58:32.209 D/TXZ     ( 5597): [ReportManager][7066/515]onClose() called with: code = -1, reason = websocket.txzing.com, remote = false
07-13 16:58:32.209 D/TXZ     ( 5597): [ReportManager][7066/7122]connect: finish
07-13 16:58:32.212 D/TXZ     ( 5597): [ReportManager][7066/7122]initWebSocket: url=wss://websocket.txzing.com/junsun/index?app_id=6a3643cb81c6e92137ccc63f536df874&tm=1752440312212&data=lLGmt7zBls9jMRYTbOg9RNyivwd7jdVyEAweXEbnh74%3D&platform=car
07-13 16:58:32.213 D/TXZ     ( 5597): [ReportManager][7066/7122]connect: start
07-13 16:58:32.214 D/TXZ     ( 5597): [TXZWebSocketClient][7066/516]onError: ex=java.net.UnknownHostException: websocket.txzing.com
07-13 16:58:32.214 D/TXZ     ( 5597): [ReportManager][7066/516]java.net.UnknownHostException: websocket.txzing.com
07-13 16:58:32.214 D/TXZ     ( 5597): [ReportManager][7066/516]onClose() called with: code = -1, reason = websocket.txzing.com, remote = false
07-13 16:58:32.214 D/TXZ     ( 5597): [ReportManager][7066/7122]connect: finish
07-13 16:58:32.215 D/TXZ     ( 5597): [ReportManager][7066/7122]initWebSocket: url=wss://websocket.txzing.com/junsun/index?app_id=6a3643cb81c6e92137ccc63f536df874&tm=1752440312215&data=5bw6h9HAmH8HWHtP4kaXGi4yuj3xPRVAxIuhgIKTNAE%3D&platform=car
07-13 16:58:32.215 D/TXZ     ( 5597): [ReportManager][7066/7122]connect: start
07-13 16:58:32.216 D/TXZ     ( 5597): [TXZWebSocketClient][7066/517]onError: ex=java.net.UnknownHostException: websocket.txzing.com
07-13 16:58:32.216 D/TXZ     ( 5597): [ReportManager][7066/517]java.net.UnknownHostException: websocket.txzing.com
07-13 16:58:32.217 D/TXZ     ( 5597): [ReportManager][7066/517]onClose() called with: code = -1, reason = websocket.txzing.com, remote = false
07-13 16:58:32.217 D/TXZ     ( 5597): [ReportManager][7066/7122]connect: finish
07-13 16:58:32.217 D/TXZ     ( 5597): [ReportManager][7066/7122]initWebSocket: url=wss://websocket.txzing.com/junsun/index?app_id=6a3643cb81c6e92137ccc63f536df874&tm=1752440312216&data=k8GhyUB2pJlbgQ5thlRLB2kCM%2FkLUMCguFMAl1H%2Bmzg%3D&platform=car
07-13 16:58:32.217 D/TXZ     ( 5597): [ReportManager][7066/7122]connect: start
07-13 16:58:32.218 D/TXZ     ( 5597): [TXZWebSocketClient][7066/518]onError: ex=java.net.UnknownHostException: websocket.txzing.com
07-13 16:58:32.218 D/TXZ     ( 5597): [ReportManager][7066/518]java.net.UnknownHostException: websocket.txzing.com
07-13 16:58:32.218 D/TXZ     ( 5597): [ReportManager][7066/518]onClose() called with: code = -1, reason = websocket.txzing.com, remote = false
07-13 16:58:32.218 D/TXZ     ( 5597): [ReportManager][7066/7122]connect: finish
07-13 16:58:32.222 D/TXZ     ( 5597): [ReportManager][7066/7122]initWebSocket: url=wss://websocket.txzing.com/junsun/index?app_id=6a3643cb81c6e92137ccc63f536df874&tm=1752440312222&data=u3nQglysGCWoSQT%2B%2BXBwGLV3mTbjT4UJGuj%2F%2Bncvjrc%3D&platform=car
07-13 16:58:32.223 D/TXZ     ( 5597): [ReportManager][7066/7122]connect: start
07-13 16:58:32.224 D/TXZ     ( 5597): [TXZWebSocketClient][7066/519]onError: ex=java.net.UnknownHostException: websocket.txzing.com
07-13 16:58:32.225 D/TXZ     ( 5597): [ReportManager][7066/519]java.net.UnknownHostException: websocket.txzing.com
07-13 16:58:32.225 D/TXZ     ( 5597): [ReportManager][7066/519]onClose() called with: code = -1, reason = websocket.txzing.com, remote = false
07-13 16:58:32.225 D/TXZ     ( 5597): [ReportManager][7066/7122]connect: finish
07-13 16:58:32.225 I/Zygote  ( 3474): Process 31516 exited due to signal 9 (Killed)
07-13 16:58:32.239 D/TXZ     ( 5597): [ReportManager][7066/7122]initWebSocket: url=wss://websocket.txzing.com/junsun/index?app_id=6a3643cb81c6e92137ccc63f536df874&tm=1752440312238&data=ydFiWHtaq9t4kwDVty0oV9dyeRAz9Fw5pSRTfG6JAjM%3D&platform=car
07-13 16:58:32.239 D/TXZ     ( 5597): [ReportManager][7066/7122]connect: start
07-13 16:58:32.240 D/TXZ     ( 5597): [TXZWebSocketClient][7066/520]onError: ex=java.net.UnknownHostException: websocket.txzing.com
07-13 16:58:32.240 D/TXZ     ( 5597): [ReportManager][7066/520]java.net.UnknownHostException: websocket.txzing.com
07-13 16:58:32.240 D/TXZ     ( 5597): [ReportManager][7066/520]onClose() called with: code = -1, reason = websocket.txzing.com, remote = false
07-13 16:58:32.240 D/TXZ     ( 5597): [ReportManager][7066/7122]connect: finish
07-13 16:58:32.240 D/TXZ     ( 5597): [ReportManager][7066/7122]initWebSocket: url=wss://websocket.txzing.com/junsun/index?app_id=6a3643cb81c6e92137ccc63f536df874&tm=1752440312240&data=fU6kZ7fcT%2FUuxKsPGQ%2BWCNsF7uJQiPEKvthi3eIYd28%3D&platform=car
07-13 16:58:32.240 D/TXZ     ( 5597): [ReportManager][7066/7122]connect: start
07-13 16:58:32.242 D/TXZ     ( 5597): [TXZWebSocketClient][7066/521]onError: ex=java.net.UnknownHostException: websocket.txzing.com
07-13 16:58:32.242 D/TXZ     ( 5597): [ReportManager][7066/521]java.net.UnknownHostException: websocket.txzing.com
07-13 16:58:32.242 D/TXZ     ( 5597): [ReportManager][7066/521]onClose() called with: code = -1, reason = websocket.txzing.com, remote = false
07-13 16:58:32.242 D/TXZ     ( 5597): [ReportManager][7066/7122]connect: finish
07-13 16:58:32.261 D/WCND    ( 3798): is_cp2_alive_ok: open polling interface: /proc/mdbg/loopcheck, fd = 13
07-13 16:58:32.261 D/TXZ     ( 5597): [ReportManager][7066/7122]initWebSocket: url=wss://websocket.txzing.com/junsun/index?app_id=6a3643cb81c6e92137ccc63f536df874&tm=1752440312261&data=sxtAfGctvpCq99Nsy5LI7R6dE8u9fZQrN3mSXaU2xcc%3D&platform=car
07-13 16:58:32.262 D/TXZ     ( 5597): [ReportManager][7066/7122]connect: start
07-13 16:58:32.263 D/TXZ     ( 5597): [TXZWebSocketClient][7066/522]onError: ex=java.net.UnknownHostException: websocket.txzing.com
07-13 16:58:32.263 D/TXZ     ( 5597): [ReportManager][7066/522]java.net.UnknownHostException: websocket.txzing.com
07-13 16:58:32.263 D/TXZ     ( 5597): [ReportManager][7066/522]onClose() called with: code = -1, reason = websocket.txzing.com, remote = false
07-13 16:58:32.263 D/TXZ     ( 5597): [ReportManager][7066/7122]connect: finish
07-13 16:58:32.263 D/TXZ     ( 5597): [ReportManager][7066/7122]initWebSocket: url=wss://websocket.txzing.com/junsun/index?app_id=6a3643cb81c6e92137ccc63f536df874&tm=1752440312262&data=TwLBGmraJK9yS8P94qz1jFjxNQdK4vzhH8FVRZYyCjM%3D&platform=car
07-13 16:58:32.263 D/TXZ     ( 5597): [ReportManager][7066/7122]connect: start
07-13 16:58:32.264 D/TXZ     ( 5597): [TXZWebSocketClient][7066/523]onError: ex=java.net.UnknownHostException: websocket.txzing.com
07-13 16:58:32.264 D/TXZ     ( 5597): [ReportManager][7066/523]java.net.UnknownHostException: websocket.txzing.com
07-13 16:58:32.264 D/TXZ     ( 5597): [ReportManager][7066/523]onClose() called with: code = -1, reason = websocket.txzing.com, remote = false
07-13 16:58:32.264 D/TXZ     ( 5597): [ReportManager][7066/7122]connect: finish
07-13 16:58:32.268 I/libprocessgroup( 4123): Successfully killed process cgroup uid 10261 pid 31516 in 133ms
07-13 16:58:32.285 D/TXZ     ( 5597): [ReportManager][7066/7122]initWebSocket: url=wss://websocket.txzing.com/junsun/index?app_id=6a3643cb81c6e92137ccc63f536df874&tm=1752440312285&data=fXzIadazsbOPVuhxKqCyHm1OaFPUckAUuChPpHr%2Fskk%3D&platform=car
07-13 16:58:32.285 D/TXZ     ( 5597): [ReportManager][7066/7122]connect: start
07-13 16:58:32.287 D/TXZ     ( 5597): [TXZWebSocketClient][7066/524]onError: ex=java.net.UnknownHostException: websocket.txzing.com
07-13 16:58:32.287 D/TXZ     ( 5597): [ReportManager][7066/524]java.net.UnknownHostException: websocket.txzing.com
07-13 16:58:32.287 D/TXZ     ( 5597): [ReportManager][7066/524]onClose() called with: code = -1, reason = websocket.txzing.com, remote = false
07-13 16:58:32.287 D/TXZ     ( 5597): [ReportManager][7066/7122]connect: finish
07-13 16:58:32.287 D/TXZ     ( 5597): [ReportManager][7066/7122]initWebSocket: url=wss://websocket.txzing.com/junsun/index?app_id=6a3643cb81c6e92137ccc63f536df874&tm=1752440312286&data=5Kf0W8dtCEHz41i%2FiEJ%2F%2FesESdAN0HEV0jsJZJzAvRk%3D&platform=car
07-13 16:58:32.287 D/TXZ     ( 5597): [ReportManager][7066/7122]connect: start
07-13 16:58:32.288 D/TXZ     ( 5597): [TXZWebSocketClient][7066/525]onError: ex=java.net.UnknownHostException: websocket.txzing.com
07-13 16:58:32.288 D/TXZ     ( 5597): [ReportManager][7066/525]java.net.UnknownHostException: websocket.txzing.com
07-13 16:58:32.288 D/TXZ     ( 5597): [ReportManager][7066/525]onClose() called with: code = -1, reason = websocket.txzing.com, remote = false
07-13 16:58:32.288 D/TXZ     ( 5597): [ReportManager][7066/7122]connect: finish
07-13 16:58:32.304 I/QFApi   ( 6445): getCustomPlatform - customPlatform: 7862
07-13 16:58:32.329 D/TXZ     ( 5597): [ReportManager][7066/7122]initWebSocket: url=wss://websocket.txzing.com/junsun/index?app_id=6a3643cb81c6e92137ccc63f536df874&tm=1752440312328&data=4a9Ad37Nyyp8vQ4xQN9zgMXLlsPfnagAh5rLMdIUImA%3D&platform=car
07-13 16:58:32.329 D/TXZ     ( 5597): [ReportManager][7066/7122]connect: start
07-13 16:58:32.330 D/TXZ     ( 5597): [TXZWebSocketClient][7066/526]onError: ex=java.net.UnknownHostException: websocket.txzing.com
07-13 16:58:32.330 D/TXZ     ( 5597): [ReportManager][7066/526]java.net.UnknownHostException: websocket.txzing.com
07-13 16:58:32.330 D/TXZ     ( 5597): [ReportManager][7066/526]onClose() called with: code = -1, reason = websocket.txzing.com, remote = false
07-13 16:58:32.330 D/TXZ     ( 5597): [ReportManager][7066/7122]connect: finish
07-13 16:58:32.332 D/TXZ     ( 5597): [ReportManager][7066/7122]initWebSocket: url=wss://websocket.txzing.com/junsun/index?app_id=6a3643cb81c6e92137ccc63f536df874&tm=1752440312330&data=P8Xqlp7ckYnKZpsuGm7PHlN0JJH3%2FTW3dAylimDVRes%3D&platform=car
07-13 16:58:32.332 D/TXZ     ( 5597): [ReportManager][7066/7122]connect: start
07-13 16:58:32.332 D/TXZ     ( 5597): [TXZWebSocketClient][7066/527]onError: ex=java.net.UnknownHostException: websocket.txzing.com
07-13 16:58:32.332 D/TXZ     ( 5597): [ReportManager][7066/527]java.net.UnknownHostException: websocket.txzing.com
07-13 16:58:32.332 D/TXZ     ( 5597): [ReportManager][7066/527]onClose() called with: code = -1, reason = websocket.txzing.com, remote = false
07-13 16:58:32.332 D/TXZ     ( 5597): [ReportManager][7066/7122]connect: finish
07-13 16:58:32.334 D/TXZ     ( 5597): [ReportManager][7066/7122]initWebSocket: url=wss://websocket.txzing.com/junsun/index?app_id=6a3643cb81c6e92137ccc63f536df874&tm=1752440312334&data=Y2emEPZkBM2wSpcNl3PD6eHibb%2FiZqW%2Bc%2B1gCTTkhEY%3D&platform=car
07-13 16:58:32.334 D/TXZ     ( 5597): [ReportManager][7066/7122]connect: start
07-13 16:58:32.335 D/TXZ     ( 5597): [TXZWebSocketClient][7066/528]onError: ex=java.net.UnknownHostException: websocket.txzing.com
07-13 16:58:32.336 D/TXZ     ( 5597): [ReportManager][7066/528]java.net.UnknownHostException: websocket.txzing.com
07-13 16:58:32.336 D/TXZ     ( 5597): [ReportManager][7066/528]onClose() called with: code = -1, reason = websocket.txzing.com, remote = false
07-13 16:58:32.336 D/TXZ     ( 5597): [ReportManager][7066/7122]connect: finish
07-13 16:58:32.344 I/BarController( 4123): setBarShowingLw - win: 15df344 StatusBar - show: true
07-13 16:58:32.348 D/SSense  ( 4123): windowsChanged
07-13 16:58:32.346 I/BarController( 4123): setBarShowingLw - win: 15df344 StatusBar - show: true
07-13 16:58:32.348 D/TXZ     ( 5597): [ReportManager][7066/7122]initWebSocket: url=wss://websocket.txzing.com/junsun/index?app_id=6a3643cb81c6e92137ccc63f536df874&tm=1752440312348&data=KsCOkvy6syw6cWgf274SmRy2m37shHoOezeqGCj3BC4%3D&platform=car
07-13 16:58:32.348 D/TXZ     ( 5597): [ReportManager][7066/7122]connect: start
07-13 16:58:32.349 D/TXZ     ( 5597): [TXZWebSocketClient][7066/529]onError: ex=java.net.UnknownHostException: websocket.txzing.com
07-13 16:58:32.350 D/TXZ     ( 5597): [ReportManager][7066/529]java.net.UnknownHostException: websocket.txzing.com
07-13 16:58:32.350 D/TXZ     ( 5597): [ReportManager][7066/529]onClose() called with: code = -1, reason = websocket.txzing.com, remote = false
07-13 16:58:32.350 D/TXZ     ( 5597): [ReportManager][7066/7122]connect: finish
07-13 16:58:32.350 D/TXZ     ( 5597): [ReportManager][7066/7122]initWebSocket: url=wss://websocket.txzing.com/junsun/index?app_id=6a3643cb81c6e92137ccc63f536df874&tm=1752440312349&data=Gx3QQ8FLf2kKM6T92a9lGZxBt8Lf7F2MyFaYk8wq16A%3D&platform=car
07-13 16:58:32.350 D/TXZ     ( 5597): [ReportManager][7066/7122]connect: start
07-13 16:58:32.351 D/TXZ     ( 5597): [TXZWebSocketClient][7066/530]onError: ex=java.net.UnknownHostException: websocket.txzing.com
07-13 16:58:32.351 D/TXZ     ( 5597): [ReportManager][7066/530]java.net.UnknownHostException: websocket.txzing.com
07-13 16:58:32.351 D/TXZ     ( 5597): [ReportManager][7066/530]onClose() called with: code = -1, reason = websocket.txzing.com, remote = false
07-13 16:58:32.351 D/TXZ     ( 5597): [ReportManager][7066/7122]connect: finish
07-13 16:58:32.357 D/TXZ     ( 5597): [ReportManager][7066/7122]initWebSocket: url=wss://websocket.txzing.com/junsun/index?app_id=6a3643cb81c6e92137ccc63f536df874&tm=1752440312356&data=yq83s32V3WUqDZ83eZNTLtuCYzgmwtVZ97dDqv97MH8%3D&platform=car
07-13 16:58:32.357 D/TXZ     ( 5597): [ReportManager][7066/7122]connect: start
07-13 16:58:32.358 D/TXZ     ( 5597): [TXZWebSocketClient][7066/531]onError: ex=java.net.UnknownHostException: websocket.txzing.com
07-13 16:58:32.358 D/TXZ     ( 5597): [ReportManager][7066/531]java.net.UnknownHostException: websocket.txzing.com
07-13 16:58:32.358 D/TXZ     ( 5597): [ReportManager][7066/531]onClose() called with: code = -1, reason = websocket.txzing.com, remote = false
07-13 16:58:32.358 D/TXZ     ( 5597): [ReportManager][7066/7122]connect: finish
07-13 16:58:32.361 D/WCND    ( 3798): is_cp2_alive_ok: loop: /proc/mdbg/loopcheck is OK
07-13 16:58:32.367 D/TXZ     ( 5597): [ReportManager][7066/7122]initWebSocket: url=wss://websocket.txzing.com/junsun/index?app_id=6a3643cb81c6e92137ccc63f536df874&tm=1752440312366&data=iRmg4xyrIUIScaYIiYWpMrzp%2FODiJ7GoI8fgLQeFLEE%3D&platform=car
07-13 16:58:32.367 D/TXZ     ( 5597): [ReportManager][7066/7122]connect: start
07-13 16:58:32.369 D/TXZ     ( 5597): [TXZWebSocketClient][7066/532]onError: ex=java.net.UnknownHostException: websocket.txzing.com
07-13 16:58:32.369 D/TXZ     ( 5597): [ReportManager][7066/532]java.net.UnknownHostException: websocket.txzing.com
07-13 16:58:32.369 D/TXZ     ( 5597): [ReportManager][7066/532]onClose() called with: code = -1, reason = websocket.txzing.com, remote = false
07-13 16:58:32.369 D/TXZ     ( 5597): [ReportManager][7066/7122]connect: finish
07-13 16:58:32.370 I/gralloc ( 3580): gralloc_unregister_buffer hnd=0x7f69bc9b00, share_fd=146, share_attr_fd=147, magic=51647890, format=1, internal_format=300000001, byte_stride=832, flags=4, usage=0x20000b00, size=487424, width=205, height=576, internalWidth=208, internalHeight=576, stride=208, base=0x7f4e077000, cpu_read=0,cpu_write=0, attr_base=0xffffffffffffffff, yuv_info=0, fd=-1, buf_idx=0, offset=0, min_pgsz=4096, phyaddr=0
07-13 16:58:32.376 D/TXZ     ( 5597): [ReportManager][7066/7122]initWebSocket: url=wss://websocket.txzing.com/junsun/index?app_id=6a3643cb81c6e92137ccc63f536df874&tm=1752440312376&data=ttzjIrqQIuTazDLUSJSwhq6SHwDk9fPx3t%2Ft4w%2B2s4M%3D&platform=car
07-13 16:58:32.376 D/TXZ     ( 5597): [ReportManager][7066/7122]connect: start
07-13 16:58:32.378 D/TXZ     ( 5597): [TXZWebSocketClient][7066/533]onError: ex=java.net.UnknownHostException: websocket.txzing.com
07-13 16:58:32.378 D/TXZ     ( 5597): [ReportManager][7066/533]java.net.UnknownHostException: websocket.txzing.com
07-13 16:58:32.378 D/TXZ     ( 5597): [ReportManager][7066/533]onClose() called with: code = -1, reason = websocket.txzing.com, remote = false
07-13 16:58:32.378 D/TXZ     ( 5597): [ReportManager][7066/7122]connect: finish
07-13 16:58:32.379 D/TXZ     ( 5597): [ReportManager][7066/7122]initWebSocket: url=wss://websocket.txzing.com/junsun/index?app_id=6a3643cb81c6e92137ccc63f536df874&tm=1752440312377&data=zh%2Be9PXaksmK%2B4oXPI6CmaoUV%2Fw%2BSsro6qLK6ALyPaM%3D&platform=car
07-13 16:58:32.379 D/TXZ     ( 5597): [ReportManager][7066/7122]connect: start
07-13 16:58:32.379 D/TXZ     ( 5597): [TXZWebSocketClient][7066/534]onError: ex=java.net.UnknownHostException: websocket.txzing.com
07-13 16:58:32.379 D/TXZ     ( 5597): [ReportManager][7066/534]java.net.UnknownHostException: websocket.txzing.com
07-13 16:58:32.379 D/TXZ     ( 5597): [ReportManager][7066/534]onClose() called with: code = -1, reason = websocket.txzing.com, remote = false
07-13 16:58:32.379 D/TXZ     ( 5597): [ReportManager][7066/7122]connect: finish
07-13 16:58:32.382 D/TXZ     ( 5597): [ReportManager][7066/7122]initWebSocket: url=wss://websocket.txzing.com/junsun/index?app_id=6a3643cb81c6e92137ccc63f536df874&tm=1752440312381&data=WdgtTRBHG%2FjdqXlifDqFYB2lmMVsDS2U81WMi5VY6ss%3D&platform=car
07-13 16:58:32.382 D/TXZ     ( 5597): [ReportManager][7066/7122]connect: start
07-13 16:58:32.383 D/TXZ     ( 5597): [TXZWebSocketClient][7066/535]onError: ex=java.net.UnknownHostException: websocket.txzing.com
07-13 16:58:32.383 D/TXZ     ( 5597): [ReportManager][7066/535]java.net.UnknownHostException: websocket.txzing.com
07-13 16:58:32.384 D/TXZ     ( 5597): [ReportManager][7066/535]onClose() called with: code = -1, reason = websocket.txzing.com, remote = false
07-13 16:58:32.384 D/TXZ     ( 5597): [ReportManager][7066/7122]connect: finish
07-13 16:58:32.384 D/TXZ     ( 5597): [ReportManager][7066/7122]initWebSocket: url=wss://websocket.txzing.com/junsun/index?app_id=6a3643cb81c6e92137ccc63f536df874&tm=1752440312383&data=FDm6z8Kb1evdo0n5O2CuavgDIFNWVoB2WMaUh%2BNSt4w%3D&platform=car
07-13 16:58:32.384 D/TXZ     ( 5597): [ReportManager][7066/7122]connect: start
07-13 16:58:32.385 D/TXZ     ( 5597): [TXZWebSocketClient][7066/536]onError: ex=java.net.UnknownHostException: websocket.txzing.com
07-13 16:58:32.385 D/TXZ     ( 5597): [ReportManager][7066/536]java.net.UnknownHostException: websocket.txzing.com
07-13 16:58:32.385 D/TXZ     ( 5597): [ReportManager][7066/536]onClose() called with: code = -1, reason = websocket.txzing.com, remote = false
07-13 16:58:32.386 D/TXZ     ( 5597): [ReportManager][7066/7122]connect: finish
07-13 16:58:32.389 D/TXZ     ( 5597): [ReportManager][7066/7122]initWebSocket: url=wss://websocket.txzing.com/junsun/index?app_id=6a3643cb81c6e92137ccc63f536df874&tm=1752440312388&data=l8rBpisQ0va5asPlMn3kqS4yh%2B6pS4m5fyrT%2BnkF8u8%3D&platform=car
07-13 16:58:32.389 D/TXZ     ( 5597): [ReportManager][7066/7122]connect: start
07-13 16:58:32.390 D/TXZ     ( 5597): [TXZWebSocketClient][7066/537]onError: ex=java.net.UnknownHostException: websocket.txzing.com
07-13 16:58:32.391 D/TXZ     ( 5597): [ReportManager][7066/537]java.net.UnknownHostException: websocket.txzing.com
07-13 16:58:32.391 D/TXZ     ( 5597): [ReportManager][7066/537]onClose() called with: code = -1, reason = websocket.txzing.com, remote = false
07-13 16:58:32.392 D/TXZ     ( 5597): [ReportManager][7066/7122]connect: finish
07-13 16:58:32.392 D/TXZ     ( 5597): [ReportManager][7066/7122]initWebSocket: url=wss://websocket.txzing.com/junsun/index?app_id=6a3643cb81c6e92137ccc63f536df874&tm=1752440312391&data=Q%2F0MHab5H4o9rcy1dWYStlQx0iAvluG9nI49usUF4n4%3D&platform=car
07-13 16:58:32.392 D/TXZ     ( 5597): [ReportManager][7066/7122]connect: start
07-13 16:58:32.393 D/TXZ     ( 5597): [TXZWebSocketClient][7066/538]onError: ex=java.net.UnknownHostException: websocket.txzing.com
07-13 16:58:32.393 D/TXZ     ( 5597): [ReportManager][7066/538]java.net.UnknownHostException: websocket.txzing.com
07-13 16:58:32.393 D/TXZ     ( 5597): [ReportManager][7066/538]onClose() called with: code = -1, reason = websocket.txzing.com, remote = false
07-13 16:58:32.393 D/TXZ     ( 5597): [ReportManager][7066/7122]connect: finish
07-13 16:58:32.393 D/TXZ     ( 5597): [ReportManager][7066/7122]initWebSocket: url=wss://websocket.txzing.com/junsun/index?app_id=6a3643cb81c6e92137ccc63f536df874&tm=1752440312393&data=WDafdKGO8kEcOgsILqv3po41vWkJWr4czoLadYxeGUw%3D&platform=car
07-13 16:58:32.394 D/TXZ     ( 5597): [ReportManager][7066/7122]connect: start
07-13 16:58:32.395 D/TXZ     ( 5597): [TXZWebSocketClient][7066/539]onError: ex=java.net.UnknownHostException: websocket.txzing.com
07-13 16:58:32.395 D/TXZ     ( 5597): [ReportManager][7066/539]java.net.UnknownHostException: websocket.txzing.com
07-13 16:58:32.395 D/TXZ     ( 5597): [ReportManager][7066/539]onClose() called with: code = -1, reason = websocket.txzing.com, remote = false
07-13 16:58:32.395 D/TXZ     ( 5597): [ReportManager][7066/7122]connect: finish
07-13 16:58:32.399 D/TXZ     ( 5597): [TXZ][5726/5726]sIsLoadFile = false, sIsLoadRemote = false
07-13 16:58:32.399 D/TXZ     ( 5597): [AppLogicUtil][5726/5726]updateResourceConfig: configuration not changed
07-13 16:58:32.405 D/TXZ     ( 5597): [ReportManager][7066/7122]initWebSocket: url=wss://websocket.txzing.com/junsun/index?app_id=6a3643cb81c6e92137ccc63f536df874&tm=1752440312405&data=cWsg8BygQrkVl9u%2BcQ0gSE8QZDDegYK1Jt92S1L6iws%3D&platform=car
07-13 16:58:32.405 D/TXZ     ( 5597): [ReportManager][7066/7122]connect: start
07-13 16:58:32.407 D/TXZ     ( 5597): [TXZWebSocketClient][7066/540]onError: ex=java.net.UnknownHostException: websocket.txzing.com
07-13 16:58:32.407 D/TXZ     ( 5597): [ReportManager][7066/540]java.net.UnknownHostException: websocket.txzing.com
07-13 16:58:32.408 D/TXZ     ( 5597): [ReportManager][7066/540]onClose() called with: code = -1, reason = websocket.txzing.com, remote = false
07-13 16:58:32.408 D/TXZ     ( 5597): [ReportManager][7066/7122]connect: finish
07-13 16:58:32.429 D/TXZ     ( 5597): [ReportManager][7066/7122]initWebSocket: url=wss://websocket.txzing.com/junsun/index?app_id=6a3643cb81c6e92137ccc63f536df874&tm=1752440312429&data=ZjAbiEBeW05GNTZWhmoYxr2IJEIUCO2MJQ5c%2BYRgsyY%3D&platform=car
07-13 16:58:32.429 D/TXZ     ( 5597): [ReportManager][7066/7122]connect: start
07-13 16:58:32.430 D/TXZ     ( 5597): [TXZWebSocketClient][7066/541]onError: ex=java.net.UnknownHostException: websocket.txzing.com
07-13 16:58:32.431 D/TXZ     ( 5597): [ReportManager][7066/541]java.net.UnknownHostException: websocket.txzing.com
07-13 16:58:32.431 D/TXZ     ( 5597): [ReportManager][7066/541]onClose() called with: code = -1, reason = websocket.txzing.com, remote = false
07-13 16:58:32.431 D/TXZ     ( 5597): [ReportManager][7066/7122]connect: finish
07-13 16:58:32.431 D/TXZ     ( 5597): [ReportManager][7066/7122]initWebSocket: url=wss://websocket.txzing.com/junsun/index?app_id=6a3643cb81c6e92137ccc63f536df874&tm=1752440312430&data=J%2Bt28vopsr6A0Hw%2But0sYws9JfpQPG%2BXPpjORwrKz%2Bk%3D&platform=car
07-13 16:58:32.431 D/TXZ     ( 5597): [ReportManager][7066/7122]connect: start
07-13 16:58:32.432 D/TXZ     ( 5597): [TXZWebSocketClient][7066/542]onError: ex=java.net.UnknownHostException: websocket.txzing.com
07-13 16:58:32.432 D/TXZ     ( 5597): [ReportManager][7066/542]java.net.UnknownHostException: websocket.txzing.com
07-13 16:58:32.432 D/TXZ     ( 5597): [ReportManager][7066/542]onClose() called with: code = -1, reason = websocket.txzing.com, remote = false
07-13 16:58:32.432 D/TXZ     ( 5597): [ReportManager][7066/7122]connect: finish
07-13 16:58:32.432 D/TXZ     ( 5597): [ReportManager][7066/7122]initWebSocket: url=wss://websocket.txzing.com/junsun/index?app_id=6a3643cb81c6e92137ccc63f536df874&tm=1752440312432&data=FzTK2ZM4iOqc%2F%2FfanNdDmQClRPym4Dc%2BDrxMmy5UAHs%3D&platform=car
07-13 16:58:32.432 D/TXZ     ( 5597): [ReportManager][7066/7122]connect: start
07-13 16:58:32.433 D/TXZ     ( 5597): [TXZWebSocketClient][7066/543]onError: ex=java.net.UnknownHostException: websocket.txzing.com
07-13 16:58:32.434 D/TXZ     ( 5597): [ReportManager][7066/543]java.net.UnknownHostException: websocket.txzing.com
07-13 16:58:32.434 D/TXZ     ( 5597): [ReportManager][7066/543]onClose() called with: code = -1, reason = websocket.txzing.com, remote = false
07-13 16:58:32.434 D/TXZ     ( 5597): [ReportManager][7066/7122]connect: finish
07-13 16:58:32.436 D/TXZ     ( 5597): [ReportManager][7066/7122]initWebSocket: url=wss://websocket.txzing.com/junsun/index?app_id=6a3643cb81c6e92137ccc63f536df874&tm=1752440312435&data=12N0C78ZPBfZL86wQH1vg2fq6I3VdF8iZMYaQvzPSCY%3D&platform=car
07-13 16:58:32.436 D/TXZ     ( 5597): [ReportManager][7066/7122]connect: start
07-13 16:58:32.437 D/TXZ     ( 5597): [TXZWebSocketClient][7066/544]onError: ex=java.net.UnknownHostException: websocket.txzing.com
07-13 16:58:32.437 D/TXZ     ( 5597): [ReportManager][7066/544]java.net.UnknownHostException: websocket.txzing.com
07-13 16:58:32.437 D/TXZ     ( 5597): [ReportManager][7066/544]onClose() called with: code = -1, reason = websocket.txzing.com, remote = false
07-13 16:58:32.437 D/TXZ     ( 5597): [ReportManager][7066/7122]connect: finish
07-13 16:58:32.442 D/TXZ     ( 5597): [ReportManager][7066/7122]initWebSocket: url=wss://websocket.txzing.com/junsun/index?app_id=6a3643cb81c6e92137ccc63f536df874&tm=1752440312441&data=%2Bu4fUlbbdi8aBPXm4Lw79lzXZ5Io7pMetmgXDjxYcvw%3D&platform=car
07-13 16:58:32.442 D/TXZ     ( 5597): [ReportManager][7066/7122]connect: start
07-13 16:58:32.443 D/TXZ     ( 5597): [TXZWebSocketClient][7066/545]onError: ex=java.net.UnknownHostException: websocket.txzing.com
07-13 16:58:32.443 D/TXZ     ( 5597): [ReportManager][7066/545]java.net.UnknownHostException: websocket.txzing.com
07-13 16:58:32.443 D/TXZ     ( 5597): [ReportManager][7066/545]onClose() called with: code = -1, reason = websocket.txzing.com, remote = false
07-13 16:58:32.443 D/TXZ     ( 5597): [ReportManager][7066/7122]connect: finish
07-13 16:58:32.447 D/TXZ     ( 5597): [ReportManager][7066/7122]initWebSocket: url=wss://websocket.txzing.com/junsun/index?app_id=6a3643cb81c6e92137ccc63f536df874&tm=1752440312447&data=Ub4q%2BOWLpx3X0fYghvdm7I%2BYbhUCWXwuxFbLDez66to%3D&platform=car
07-13 16:58:32.448 D/TXZ     ( 5597): [ReportManager][7066/7122]connect: start
07-13 16:58:32.449 D/TXZ     ( 5597): [TXZWebSocketClient][7066/546]onError: ex=java.net.UnknownHostException: websocket.txzing.com
07-13 16:58:32.449 D/TXZ     ( 5597): [ReportManager][7066/546]java.net.UnknownHostException: websocket.txzing.com
07-13 16:58:32.449 D/TXZ     ( 5597): [ReportManager][7066/546]onClose() called with: code = -1, reason = websocket.txzing.com, remote = false
07-13 16:58:32.449 D/TXZ     ( 5597): [ReportManager][7066/7122]connect: finish
07-13 16:58:32.449 D/TXZ     ( 5597): [ReportManager][7066/7122]initWebSocket: url=wss://websocket.txzing.com/junsun/index?app_id=6a3643cb81c6e92137ccc63f536df874&tm=1752440312449&data=GgVemKasnnHlq3nZz%2BKbL2FQGF0HIfU0w2my7T%2BcTM8%3D&platform=car
07-13 16:58:32.449 D/TXZ     ( 5597): [ReportManager][7066/7122]connect: start
07-13 16:58:32.450 D/TXZ     ( 5597): [TXZWebSocketClient][7066/547]onError: ex=java.net.UnknownHostException: websocket.txzing.com
07-13 16:58:32.450 D/TXZ     ( 5597): [ReportManager][7066/547]java.net.UnknownHostException: websocket.txzing.com
07-13 16:58:32.452 D/TXZ     ( 5597): [ReportManager][7066/547]onClose() called with: code = -1, reason = websocket.txzing.com, remote = false
07-13 16:58:32.452 D/TXZ     ( 5597): [ReportManager][7066/7122]connect: finish
07-13 16:58:32.454 D/TXZ     ( 5597): [ReportManager][7066/7122]initWebSocket: url=wss://websocket.txzing.com/junsun/index?app_id=6a3643cb81c6e92137ccc63f536df874&tm=1752440312453&data=JgiMzfvSPXyZ1%2B4fSpCD7AWsJWFnYpof1NVzPXtun70%3D&platform=car
07-13 16:58:32.454 D/TXZ     ( 5597): [ReportManager][7066/7122]connect: start
07-13 16:58:32.455 D/TXZ     ( 5597): [TXZWebSocketClient][7066/548]onError: ex=java.net.UnknownHostException: websocket.txzing.com
07-13 16:58:32.455 D/TXZ     ( 5597): [ReportManager][7066/548]java.net.UnknownHostException: websocket.txzing.com
07-13 16:58:32.455 D/TXZ     ( 5597): [ReportManager][7066/548]onClose() called with: code = -1, reason = websocket.txzing.com, remote = false
07-13 16:58:32.455 D/TXZ     ( 5597): [ReportManager][7066/7122]connect: finish
07-13 16:58:32.456 D/TXZ     ( 5597): [ReportManager][7066/7122]initWebSocket: url=wss://websocket.txzing.com/junsun/index?app_id=6a3643cb81c6e92137ccc63f536df874&tm=1752440312456&data=gq1tkx%2B3mAHmg2taY7b6Z8oJeNTbNXLLv92s%2BpjpFe0%3D&platform=car
07-13 16:58:32.456 D/TXZ     ( 5597): [ReportManager][7066/7122]connect: start
07-13 16:58:32.458 D/TXZ     ( 5597): [TXZWebSocketClient][7066/549]onError: ex=java.net.UnknownHostException: websocket.txzing.com
07-13 16:58:32.458 D/TXZ     ( 5597): [ReportManager][7066/549]java.net.UnknownHostException: websocket.txzing.com
07-13 16:58:32.458 D/TXZ     ( 5597): [ReportManager][7066/549]onClose() called with: code = -1, reason = websocket.txzing.com, remote = false
07-13 16:58:32.458 D/TXZ     ( 5597): [ReportManager][7066/7122]connect: finish
07-13 16:58:32.463 D/TXZ     ( 5597): [ReportManager][7066/7122]initWebSocket: url=wss://websocket.txzing.com/junsun/index?app_id=6a3643cb81c6e92137ccc63f536df874&tm=1752440312463&data=IPZCXuSp44t7fRhG1%2F26NN1QqIvSp3TpcO5s2sCFmEU%3D&platform=car
07-13 16:58:32.463 D/TXZ     ( 5597): [ReportManager][7066/7122]connect: start
07-13 16:58:32.464 D/TXZ     ( 5597): [TXZWebSocketClient][7066/550]onError: ex=java.net.UnknownHostException: websocket.txzing.com
07-13 16:58:32.465 D/TXZ     ( 5597): [ReportManager][7066/550]java.net.UnknownHostException: websocket.txzing.com
07-13 16:58:32.465 D/TXZ     ( 5597): [ReportManager][7066/550]onClose() called with: code = -1, reason = websocket.txzing.com, remote = false
07-13 16:58:32.465 D/TXZ     ( 5597): [ReportManager][7066/7122]connect: finish
07-13 16:58:32.470 D/TXZ     ( 5597): [ReportManager][7066/7122]initWebSocket: url=wss://websocket.txzing.com/junsun/index?app_id=6a3643cb81c6e92137ccc63f536df874&tm=1752440312469&data=UQ%2BYPwxrcAUFcG8D0UIn8RP8keP2KymHjUH2MiwJHRk%3D&platform=car
07-13 16:58:32.470 D/TXZ     ( 5597): [ReportManager][7066/7122]connect: start
07-13 16:58:32.471 D/TXZ     ( 5597): [TXZWebSocketClient][7066/551]onError: ex=java.net.UnknownHostException: websocket.txzing.com
07-13 16:58:32.471 D/TXZ     ( 5597): [ReportManager][7066/551]java.net.UnknownHostException: websocket.txzing.com
07-13 16:58:32.471 D/TXZ     ( 5597): [ReportManager][7066/551]onClose() called with: code = -1, reason = websocket.txzing.com, remote = false
07-13 16:58:32.471 D/TXZ     ( 5597): [ReportManager][7066/7122]connect: finish
07-13 16:58:32.473 D/TXZ     ( 5597): [ReportManager][7066/7122]initWebSocket: url=wss://websocket.txzing.com/junsun/index?app_id=6a3643cb81c6e92137ccc63f536df874&tm=1752440312472&data=YtY1hJ1JQ5EZDYfkpWkZiUENkXA4dByqQlrsh%2B4pM0g%3D&platform=car
07-13 16:58:32.473 D/TXZ     ( 5597): [ReportManager][7066/7122]connect: start
07-13 16:58:32.474 D/TXZ     ( 5597): [TXZWebSocketClient][7066/552]onError: ex=java.net.UnknownHostException: websocket.txzing.com
07-13 16:58:32.475 D/TXZ     ( 5597): [ReportManager][7066/552]java.net.UnknownHostException: websocket.txzing.com
07-13 16:58:32.475 D/TXZ     ( 5597): [ReportManager][7066/552]onClose() called with: code = -1, reason = websocket.txzing.com, remote = false
07-13 16:58:32.475 D/TXZ     ( 5597): [ReportManager][7066/7122]connect: finish
07-13 16:58:32.481 D/TXZ     ( 5597): [ReportManager][7066/7122]initWebSocket: url=wss://websocket.txzing.com/junsun/index?app_id=6a3643cb81c6e92137ccc63f536df874&tm=1752440312480&data=i%2BWH%2FF0nOZC%2FWTP6hteMv3A%2F%2B6Lu7P8wPnIIJPSutKk%3D&platform=car
07-13 16:58:32.481 D/TXZ     ( 5597): [ReportManager][7066/7122]connect: start
07-13 16:58:32.482 D/TXZ     ( 5597): [TXZWebSocketClient][7066/557]onError: ex=java.net.UnknownHostException: websocket.txzing.com
07-13 16:58:32.482 D/TXZ     ( 5597): [ReportManager][7066/557]java.net.UnknownHostException: websocket.txzing.com
07-13 16:58:32.482 D/TXZ     ( 5597): [ReportManager][7066/557]onClose() called with: code = -1, reason = websocket.txzing.com, remote = false
07-13 16:58:32.482 D/TXZ     ( 5597): [ReportManager][7066/7122]connect: finish
07-13 16:58:32.487 D/TXZ     ( 5597): [ReportManager][7066/7122]initWebSocket: url=wss://websocket.txzing.com/junsun/index?app_id=6a3643cb81c6e92137ccc63f536df874&tm=1752440312486&data=FDEgzWQj5XVbwh0wPwo%2F4C3IyJi2XvLeaCz4%2Bl8bpwc%3D&platform=car
07-13 16:58:32.487 D/TXZ     ( 5597): [ReportManager][7066/7122]connect: start
07-13 16:58:32.488 D/TXZ     ( 5597): [TXZWebSocketClient][7066/558]onError: ex=java.net.UnknownHostException: websocket.txzing.com
07-13 16:58:32.488 D/TXZ     ( 5597): [ReportManager][7066/558]java.net.UnknownHostException: websocket.txzing.com
07-13 16:58:32.490 D/TXZ     ( 5597): [ReportManager][7066/558]onClose() called with: code = -1, reason = websocket.txzing.com, remote = false
07-13 16:58:32.490 D/TXZ     ( 5597): [ReportManager][7066/7122]connect: finish
07-13 16:58:32.494 D/TXZ     ( 5597): [ReportManager][7066/7122]initWebSocket: url=wss://websocket.txzing.com/junsun/index?app_id=6a3643cb81c6e92137ccc63f536df874&tm=1752440312493&data=U8ltA3UOyBnrvIUIN2l1I6k%2Bv8NiehOmzehmVbxIqkM%3D&platform=car
07-13 16:58:32.494 D/TXZ     ( 5597): [ReportManager][7066/7122]connect: start
07-13 16:58:32.495 D/TXZ     ( 5597): [TXZWebSocketClient][7066/559]onError: ex=java.net.UnknownHostException: websocket.txzing.com
07-13 16:58:32.495 D/TXZ     ( 5597): [ReportManager][7066/559]java.net.UnknownHostException: websocket.txzing.com
07-13 16:58:32.495 D/TXZ     ( 5597): [ReportManager][7066/559]onClose() called with: code = -1, reason = websocket.txzing.com, remote = false
07-13 16:58:32.495 D/TXZ     ( 5597): [ReportManager][7066/7122]connect: finish
07-13 16:58:32.496 D/TXZ     ( 5597): [ReportManager][7066/7122]initWebSocket: url=wss://websocket.txzing.com/junsun/index?app_id=6a3643cb81c6e92137ccc63f536df874&tm=1752440312496&data=qgxtz0C0f4rDk8fqTP2oNLp6jwvEREKmpzd8%2F5JKFow%3D&platform=car
07-13 16:58:32.497 D/TXZ     ( 5597): [ReportManager][7066/7122]connect: start
07-13 16:58:32.498 D/TXZ     ( 5597): [TXZWebSocketClient][7066/560]onError: ex=java.net.UnknownHostException: websocket.txzing.com
07-13 16:58:32.498 D/TXZ     ( 5597): [ReportManager][7066/560]java.net.UnknownHostException: websocket.txzing.com
07-13 16:58:32.498 D/TXZ     ( 5597): [ReportManager][7066/560]onClose() called with: code = -1, reason = websocket.txzing.com, remote = false
07-13 16:58:32.498 D/TXZ     ( 5597): [ReportManager][7066/7122]connect: finish
07-13 16:58:32.499 D/TXZ     ( 5597): [ReportManager][7066/7122]initWebSocket: url=wss://websocket.txzing.com/junsun/index?app_id=6a3643cb81c6e92137ccc63f536df874&tm=1752440312499&data=H6vzb6gGfyrqnfUoF8mkhV5b7uQM5v4N%2F64mio12%2BdM%3D&platform=car
07-13 16:58:32.499 D/TXZ     ( 5597): [ReportManager][7066/7122]connect: start
07-13 16:58:32.500 D/TXZ     ( 5597): [TXZWebSocketClient][7066/561]onError: ex=java.net.UnknownHostException: websocket.txzing.com
07-13 16:58:32.500 D/TXZ     ( 5597): [ReportManager][7066/561]java.net.UnknownHostException: websocket.txzing.com
07-13 16:58:32.501 D/TXZ     ( 5597): [ReportManager][7066/561]onClose() called with: code = -1, reason = websocket.txzing.com, remote = false
07-13 16:58:32.501 D/TXZ     ( 5597): [ReportManager][7066/7122]connect: finish
07-13 16:58:32.501 D/TXZ     ( 5597): [ReportManager][7066/7122]initWebSocket: url=wss://websocket.txzing.com/junsun/index?app_id=6a3643cb81c6e92137ccc63f536df874&tm=1752440312500&data=4VjeKmDd75PTgnE7c0UfXQ1sBGhZkliL4QXGO7js2BI%3D&platform=car
07-13 16:58:32.502 D/TXZ     ( 5597): [ReportManager][7066/7122]connect: start
07-13 16:58:32.502 D/TXZ     ( 5597): [TXZWebSocketClient][7066/562]onError: ex=java.net.UnknownHostException: websocket.txzing.com
07-13 16:58:32.502 D/TXZ     ( 5597): [ReportManager][7066/562]java.net.UnknownHostException: websocket.txzing.com
07-13 16:58:32.502 D/TXZ     ( 5597): [ReportManager][7066/562]onClose() called with: code = -1, reason = websocket.txzing.com, remote = false
07-13 16:58:32.502 D/TXZ     ( 5597): [ReportManager][7066/7122]connect: finish
07-13 16:58:32.503 D/TXZ     ( 5597): [ReportManager][7066/7122]initWebSocket: url=wss://websocket.txzing.com/junsun/index?app_id=6a3643cb81c6e92137ccc63f536df874&tm=1752440312503&data=NYs5fopqrVO7DxIRqZqb55KPOKZVKxuKMZw4nwb3%2Bw8%3D&platform=car
07-13 16:58:32.504 D/TXZ     ( 5597): [ReportManager][7066/7122]connect: start
07-13 16:58:32.505 D/TXZ     ( 5597): [TXZWebSocketClient][7066/563]onError: ex=java.net.UnknownHostException: websocket.txzing.com
07-13 16:58:32.505 D/TXZ     ( 5597): [ReportManager][7066/563]java.net.UnknownHostException: websocket.txzing.com
07-13 16:58:32.505 D/TXZ     ( 5597): [ReportManager][7066/563]onClose() called with: code = -1, reason = websocket.txzing.com, remote = false
07-13 16:58:32.505 D/TXZ     ( 5597): [ReportManager][7066/7122]connect: finish
07-13 16:58:32.511 D/TXZ     ( 5597): [ReportManager][7066/7122]initWebSocket: url=wss://websocket.txzing.com/junsun/index?app_id=6a3643cb81c6e92137ccc63f536df874&tm=1752440312511&data=eQPKvVjL0V2Ll%2FamSOzRSevu6zFHrlT63g4qpBDdUbw%3D&platform=car
07-13 16:58:32.511 D/TXZ     ( 5597): [ReportManager][7066/7122]connect: start
07-13 16:58:32.513 D/TXZ     ( 5597): [TXZWebSocketClient][7066/564]onError: ex=java.net.UnknownHostException: websocket.txzing.com
07-13 16:58:32.513 D/TXZ     ( 5597): [ReportManager][7066/564]java.net.UnknownHostException: websocket.txzing.com
07-13 16:58:32.513 D/TXZ     ( 5597): [ReportManager][7066/564]onClose() called with: code = -1, reason = websocket.txzing.com, remote = false
07-13 16:58:32.513 D/TXZ     ( 5597): [ReportManager][7066/7122]connect: finish
07-13 16:58:32.517 D/TXZ     ( 5597): [ReportManager][7066/7122]initWebSocket: url=wss://websocket.txzing.com/junsun/index?app_id=6a3643cb81c6e92137ccc63f536df874&tm=1752440312517&data=%2FttQk7mrph42LOlEA38kDmaGehc%2FHQkk4E7gHdsVeaI%3D&platform=car
07-13 16:58:32.517 D/TXZ     ( 5597): [ReportManager][7066/7122]connect: start
07-13 16:58:32.519 D/TXZ     ( 5597): [TXZWebSocketClient][7066/565]onError: ex=java.net.UnknownHostException: websocket.txzing.com
07-13 16:58:32.519 D/TXZ     ( 5597): [ReportManager][7066/565]java.net.UnknownHostException: websocket.txzing.com
07-13 16:58:32.519 D/TXZ     ( 5597): [ReportManager][7066/565]onClose() called with: code = -1, reason = websocket.txzing.com, remote = false
07-13 16:58:32.520 D/TXZ     ( 5597): [ReportManager][7066/7122]connect: finish
07-13 16:58:32.521 D/TXZ     ( 5597): [ReportManager][7066/7122]initWebSocket: url=wss://websocket.txzing.com/junsun/index?app_id=6a3643cb81c6e92137ccc63f536df874&tm=1752440312521&data=9bbcspAFIFT16sX0mYXSGyFz0lMLZemDrldJSxJzxSo%3D&platform=car
07-13 16:58:32.521 D/TXZ     ( 5597): [ReportManager][7066/7122]connect: start
07-13 16:58:32.523 D/TXZ     ( 5597): [TXZWebSocketClient][7066/566]onError: ex=java.net.UnknownHostException: websocket.txzing.com
07-13 16:58:32.523 D/TXZ     ( 5597): [ReportManager][7066/566]java.net.UnknownHostException: websocket.txzing.com
07-13 16:58:32.523 D/TXZ     ( 5597): [ReportManager][7066/566]onClose() called with: code = -1, reason = websocket.txzing.com, remote = false
07-13 16:58:32.523 D/TXZ     ( 5597): [ReportManager][7066/7122]connect: finish
07-13 16:58:32.538 D/TXZ     ( 5597): [ReportManager][7066/7122]initWebSocket: url=wss://websocket.txzing.com/junsun/index?app_id=6a3643cb81c6e92137ccc63f536df874&tm=1752440312538&data=u4HrTd61%2BfVu%2BfrObmrYPWyvqOVHL4sf0tBBLQz%2BZA0%3D&platform=car
07-13 16:58:32.538 D/TXZ     ( 5597): [ReportManager][7066/7122]connect: start
07-13 16:58:32.539 D/TXZ     ( 5597): [TXZWebSocketClient][7066/568]onError: ex=java.net.UnknownHostException: websocket.txzing.com
07-13 16:58:32.540 D/TXZ     ( 5597): [ReportManager][7066/568]java.net.UnknownHostException: websocket.txzing.com
07-13 16:58:32.540 D/TXZ     ( 5597): [ReportManager][7066/568]onClose() called with: code = -1, reason = websocket.txzing.com, r