07-13 16:58:31.356 D/TXZ     ( 5597): [TXZWebSocketClient][7066/401]onError: ex=java.net.UnknownHostException: websocket.txzing.com
07-13 16:58:31.356 D/TXZ     ( 5597): [ReportManager][7066/401]java.net.UnknownHostException: websocket.txzing.com
07-13 16:58:31.356 D/TXZ     ( 5597): [ReportManager][7066/401]onClose() called with: code = -1, reason = websocket.txzing.com, remote = false
07-13 16:58:31.356 D/TXZ     ( 5597): [ReportManager][7066/7122]connect: finish
07-13 16:58:31.363 I/BarController( 4123): setBarShowingLw - win: 15df344 StatusBar - show: true
07-13 16:58:31.364 D/TXZ     ( 5597): [ReportManager][7066/7122]initWebSocket: url=wss://websocket.txzing.com/junsun/index?app_id=6a3643cb81c6e92137ccc63f536df874&tm=1752440311363&data=5pktj75l3OXwtKw5t0Ts4arKnu896TSHLKXwMIyEPm8%3D&platform=car
07-13 16:58:31.365 D/TXZ     ( 5597): [ReportManager][7066/7122]connect: start
07-13 16:58:31.366 D/TXZ     ( 5597): [TXZWebSocketClient][7066/404]onError: ex=java.net.UnknownHostException: websocket.txzing.com
07-13 16:58:31.366 D/TXZ     ( 5597): [ReportManager][7066/404]java.net.UnknownHostException: websocket.txzing.com
07-13 16:58:31.366 D/TXZ     ( 5597): [ReportManager][7066/404]onClose() called with: code = -1, reason = websocket.txzing.com, remote = false
07-13 16:58:31.366 D/TXZ     ( 5597): [ReportManager][7066/7122]connect: finish
07-13 16:58:31.375 D/TXZ     ( 5597): [ReportManager][7066/7122]initWebSocket: url=wss://websocket.txzing.com/junsun/index?app_id=6a3643cb81c6e92137ccc63f536df874&tm=1752440311374&data=1Y%2FlSwHAohL89AgG%2FfsXE%2FU9tyWoi0tz1XjAaThW7BU%3D&platform=car
07-13 16:58:31.375 D/TXZ     ( 5597): [ReportManager][7066/7122]connect: start
07-13 16:58:31.376 D/TXZ     ( 5597): [TXZWebSocketClient][7066/405]onError: ex=java.net.UnknownHostException: websocket.txzing.com
07-13 16:58:31.377 D/TXZ     ( 5597): [ReportManager][7066/405]java.net.UnknownHostException: websocket.txzing.com
07-13 16:58:31.377 D/TXZ     ( 5597): [ReportManager][7066/405]onClose() called with: code = -1, reason = websocket.txzing.com, remote = false
07-13 16:58:31.377 D/TXZ     ( 5597): [ReportManager][7066/7122]connect: finish
07-13 16:58:31.377 D/TXZ     ( 5597): [ReportManager][7066/7122]initWebSocket: url=wss://websocket.txzing.com/junsun/index?app_id=6a3643cb81c6e92137ccc63f536df874&tm=1752440311376&data=zS2Uw8vptsrafTLrN2NPS4FrV%2FvxanIspDgE0%2BOU%2F8w%3D&platform=car
07-13 16:58:31.377 D/TXZ     ( 5597): [ReportManager][7066/7122]connect: start
07-13 16:58:31.378 D/TXZ     ( 5597): [TXZWebSocketClient][7066/406]onError: ex=java.net.UnknownHostException: websocket.txzing.com
07-13 16:58:31.378 D/TXZ     ( 5597): [ReportManager][7066/406]java.net.UnknownHostException: websocket.txzing.com
07-13 16:58:31.378 D/TXZ     ( 5597): [ReportManager][7066/406]onClose() called with: code = -1, reason = websocket.txzing.com, remote = false
07-13 16:58:31.378 D/TXZ     ( 5597): [ReportManager][7066/7122]connect: finish
07-13 16:58:31.380 D/TXZ     ( 5597): [ReportManager][7066/7122]initWebSocket: url=wss://websocket.txzing.com/junsun/index?app_id=6a3643cb81c6e92137ccc63f536df874&tm=1752440311380&data=ID1ACi3WGZwo%2Fnt%2BSs7pA6kk9GS3I4G1Qz5I%2BVCagdg%3D&platform=car
07-13 16:58:31.380 D/TXZ     ( 5597): [ReportManager][7066/7122]connect: start
07-13 16:58:31.382 D/TXZ     ( 5597): [TXZWebSocketClient][7066/407]onError: ex=java.net.UnknownHostException: websocket.txzing.com
07-13 16:58:31.382 D/TXZ     ( 5597): [ReportManager][7066/407]java.net.UnknownHostException: websocket.txzing.com
07-13 16:58:31.382 D/TXZ     ( 5597): [ReportManager][7066/407]onClose() called with: code = -1, reason = websocket.txzing.com, remote = false
07-13 16:58:31.382 D/TXZ     ( 5597): [ReportManager][7066/7122]connect: finish
07-13 16:58:31.382 D/TXZ     ( 5597): [ReportManager][7066/7122]initWebSocket: url=wss://websocket.txzing.com/junsun/index?app_id=6a3643cb81c6e92137ccc63f536df874&tm=1752440311381&data=ru5h0%2BcMROkL4TqefwHJNElkw%2FmJA6sgk%2Fq8VVbbZLA%3D&platform=car
07-13 16:58:31.382 D/TXZ     ( 5597): [ReportManager][7066/7122]connect: start
07-13 16:58:31.383 D/TXZ     ( 5597): [TXZWebSocketClient][7066/408]onError: ex=java.net.UnknownHostException: websocket.txzing.com
07-13 16:58:31.383 D/TXZ     ( 5597): [ReportManager][7066/408]java.net.UnknownHostException: websocket.txzing.com
07-13 16:58:31.383 D/TXZ     ( 5597): [ReportManager][7066/408]onClose() called with: code = -1, reason = websocket.txzing.com, remote = false
07-13 16:58:31.385 D/TXZ     ( 5597): [ReportManager][7066/7122]connect: finish
07-13 16:58:31.385 D/TXZ     ( 5597): [ReportManager][7066/7122]initWebSocket: url=wss://websocket.txzing.com/junsun/index?app_id=6a3643cb81c6e92137ccc63f536df874&tm=1752440311384&data=3Taj7dztSUKR%2FZDQvaCi0nSW1skxGgq0YdZ7xxjjB3o%3D&platform=car
07-13 16:58:31.385 D/TXZ     ( 5597): [ReportManager][7066/7122]connect: start
07-13 16:58:31.388 D/TXZ     ( 5597): [TXZWebSocketClient][7066/409]onError: ex=java.net.UnknownHostException: websocket.txzing.com
07-13 16:58:31.389 D/TXZ     ( 5597): [ReportManager][7066/409]java.net.UnknownHostException: websocket.txzing.com
07-13 16:58:31.389 D/TXZ     ( 5597): [ReportManager][7066/409]onClose() called with: code = -1, reason = websocket.txzing.com, remote = false
07-13 16:58:31.389 D/TXZ     ( 5597): [ReportManager][7066/7122]connect: finish
07-13 16:58:31.389 D/TXZ     ( 5597): [ReportManager][7066/7122]initWebSocket: url=wss://websocket.txzing.com/junsun/index?app_id=6a3643cb81c6e92137ccc63f536df874&tm=1752440311387&data=GQhGuQpn3UAHzpMr6UZe76rF%2F6zhupAwquaNUMbYXDk%3D&platform=car
07-13 16:58:31.389 D/TXZ     ( 5597): [ReportManager][7066/7122]connect: start
07-13 16:58:31.390 D/TXZ     ( 5597): [TXZWebSocketClient][7066/410]onError: ex=java.net.UnknownHostException: websocket.txzing.com
07-13 16:58:31.390 D/TXZ     ( 5597): [ReportManager][7066/410]java.net.UnknownHostException: websocket.txzing.com
07-13 16:58:31.390 D/TXZ     ( 5597): [ReportManager][7066/410]onClose() called with: code = -1, reason = websocket.txzing.com, remote = false
07-13 16:58:31.391 D/TXZ     ( 5597): [ReportManager][7066/7122]connect: finish
07-13 16:58:31.391 D/TXZ     ( 5597): [ReportManager][7066/7122]initWebSocket: url=wss://websocket.txzing.com/junsun/index?app_id=6a3643cb81c6e92137ccc63f536df874&tm=1752440311390&data=txN1dkXgcQUhITwa1%2FNkgCRs0hrcIOIw7DDORhDwPAM%3D&platform=car
07-13 16:58:31.391 D/TXZ     ( 5597): [ReportManager][7066/7122]connect: start
07-13 16:58:31.392 D/TXZ     ( 5597): [TXZWebSocketClient][7066/411]onError: ex=java.net.UnknownHostException: websocket.txzing.com
07-13 16:58:31.392 D/TXZ     ( 5597): [ReportManager][7066/411]java.net.UnknownHostException: websocket.txzing.com
07-13 16:58:31.392 D/TXZ     ( 5597): [ReportManager][7066/411]onClose() called with: code = -1, reason = websocket.txzing.com, remote = false
07-13 16:58:31.392 D/TXZ     ( 5597): [ReportManager][7066/7122]connect: finish
07-13 16:58:31.402 D/TXZ     ( 5597): [ReportManager][7066/7122]initWebSocket: url=wss://websocket.txzing.com/junsun/index?app_id=6a3643cb81c6e92137ccc63f536df874&tm=1752440311401&data=Qiy1%2FXX6%2BAfGCp17dyVIwTSLqjFGBOfbJRcEM9OgUzA%3D&platform=car
07-13 16:58:31.402 D/TXZ     ( 5597): [ReportManager][7066/7122]connect: start
07-13 16:58:31.405 D/TXZ     ( 5597): [TXZWebSocketClient][7066/418]onError: ex=java.net.UnknownHostException: websocket.txzing.com
07-13 16:58:31.406 D/TXZ     ( 5597): [ReportManager][7066/418]java.net.UnknownHostException: websocket.txzing.com
07-13 16:58:31.406 D/TXZ     ( 5597): [ReportManager][7066/418]onClose() called with: code = -1, reason = websocket.txzing.com, remote = false
07-13 16:58:31.406 D/TXZ     ( 5597): [ReportManager][7066/7122]connect: finish
07-13 16:58:31.411 I/BarController( 4123): setBarShowingLw - win: 15df344 StatusBar - show: true
07-13 16:58:31.414 I/BarController( 4123): setBarShowingLw - win: 15df344 StatusBar - show: true
07-13 16:58:31.418 D/Surface ( 4123): release Surface,mNativeObject=494651138048, this Surface(name=null)/@0xbed32c4, caller: android.view.ViewRootImpl.destroySurface:1646 android.view.ViewRootImpl.dispatchDetachedFromWindow:4211 android.view.ViewRootImpl.doDie:7199 android.view.ViewRootImpl$ViewRootHandler.handleMessage:4583 android.os.Handler.dispatchMessage:107 android.os.Looper.loop:214 
07-13 16:58:31.418 I/gralloc ( 4123): gralloc_unregister_buffer hnd=0x732b6a8600, share_fd=347, share_attr_fd=348, magic=51647890, format=1, internal_format=1, byte_stride=5120, flags=4, usage=0x966, size=3686400, width=1280, height=720, internalWidth=1280, internalHeight=720, stride=1280, base=0x72bceb7000, cpu_read=0,cpu_write=0, attr_base=0xffffffffffffffff, yuv_info=0, fd=-1, buf_idx=0, offset=0, min_pgsz=4096, phyaddr=0
07-13 16:58:31.420 I/ActivityTaskManager( 4123): Displayed com.serenegiant.usbcameratest8/.MainActivity: +487ms
07-13 16:58:31.421 I/BarController( 4123): setBarShowingLw - win: 15df344 StatusBar - show: true
07-13 16:58:31.426 D/TXZ     ( 5597): [ReportManager][7066/7122]initWebSocket: url=wss://websocket.txzing.com/junsun/index?app_id=6a3643cb81c6e92137ccc63f536df874&tm=1752440311426&data=1TcZXRwoPQAmVGJmANjSlhSdYCyAGdyOkYkl%2BGeMBfw%3D&platform=car
07-13 16:58:31.427 D/TXZ     ( 5597): [ReportManager][7066/7122]connect: start
07-13 16:58:31.427 I/gralloc ( 3580): gralloc_unregister_buffer hnd=0x7f69bc9a00, share_fd=145, share_attr_fd=148, magic=51647890, format=1, internal_format=300000001, byte_stride=5120, flags=4, usage=0x20000b00, size=3744768, width=1280, height=720, internalWidth=1280, internalHeight=720, stride=1280, base=0x7f4a56b000, cpu_read=0,cpu_write=0, attr_base=0xffffffffffffffff, yuv_info=0, fd=-1, buf_idx=0, offset=0, min_pgsz=4096, phyaddr=0
07-13 16:58:31.429 D/TXZ     ( 5597): [TXZWebSocketClient][7066/419]onError: ex=java.net.UnknownHostException: websocket.txzing.com
07-13 16:58:31.429 D/TXZ     ( 5597): [ReportManager][7066/419]java.net.UnknownHostException: websocket.txzing.com
07-13 16:58:31.429 D/TXZ     ( 5597): [ReportManager][7066/419]onClose() called with: code = -1, reason = websocket.txzing.com, remote = false
07-13 16:58:31.429 D/TXZ     ( 5597): [ReportManager][7066/7122]connect: finish
07-13 16:58:31.429 D/TXZ     ( 5597): [ReportManager][7066/7122]initWebSocket: url=wss://websocket.txzing.com/junsun/index?app_id=6a3643cb81c6e92137ccc63f536df874&tm=1752440311429&data=l2xGPszMTQ2cMUCUHGSBbn%2FBW%2FU%2BIkIwPQrNO3%2BxV10%3D&platform=car
07-13 16:58:31.430 D/TXZ     ( 5597): [ReportManager][7066/7122]connect: start
07-13 16:58:31.430 I/gralloc ( 3497): gralloc=>alloc, share_fd=9, share_attr_fd=10, magic=51647890, format=1, internal_format=300000001, byte_stride=2880, flags=4, usage=0x20000b00, size=3744768, width=720, height=1280, internalWidth=720, internalHeight=1280, stride=720, ADP_VSTRIDE=1280,base=0x709720d000, cpu_read=0, cpu_write=0, attr_base=0xffffffffffffffff, yuv_info=0, fd=-1, buf_idx=0, offset=0, min_pgsz=4096, phyaddr=0
07-13 16:58:31.430 I/gralloc ( 3497): gralloc_unregister_buffer hnd=0x709982c200, share_fd=9, share_attr_fd=10, magic=51647890, format=1, internal_format=300000001, byte_stride=2880, flags=4, usage=0x20000b00, size=3744768, width=720, height=1280, internalWidth=720, internalHeight=1280, stride=720, base=0x709720d000, cpu_read=0,cpu_write=0, attr_base=0xffffffffffffffff, yuv_info=0, fd=-1, buf_idx=0, offset=0, min_pgsz=4096, phyaddr=0
07-13 16:58:31.430 I/gralloc ( 3580): gralloc_register_buffer hnd=0x7f69bc9a00, share_fd=73, share_attr_fd=117, magic=51647890, format=1, internal_format=300000001, byte_stride=2880, flags=4, usage=0x20000b00, size=3744768, width=720, height=1280, internalWidth=720, internalHeight=1280, stride=720, base=0x7f4d360000, cpu_read=0,cpu_write=0, attr_base=0xffffffffffffffff, yuv_info=0, fd=-1, buf_idx=0, offset=0, min_pgsz=4096, phyaddr=0
07-13 16:58:31.430 I/gralloc ( 3497): gralloc=>free hnd=0x709982c200, share_fd=9, share_attr_fd=10, magic=51647890, format=1, internal_format=300000001, byte_stride=2880, flags=4, usage=0x20000b00, size=3744768, width=720, height=1280, internalWidth=720, internalHeight=1280, stride=720, base=0x709720d000, cpu_read=0,cpu_write=0, attr_base=0xffffffffffffffff, yuv_info=0, fd=-1, buf_idx=0, offset=0, min_pgsz=4096, phyaddr=0
07-13 16:58:31.430 I/gralloc (32758): gralloc_register_buffer hnd=0x7347b3ea00, share_fd=67, share_attr_fd=68, magic=51647890, format=1, internal_format=300000001, byte_stride=2880, flags=4, usage=0x20000b00, size=3744768, width=720, height=1280, internalWidth=720, internalHeight=1280, stride=720, base=0x7339418000, cpu_read=0,cpu_write=0, attr_base=0xffffffffffffffff, yuv_info=0, fd=-1, buf_idx=0, offset=0, min_pgsz=4096, phyaddr=0
07-13 16:58:31.430 D/TXZ     ( 5597): [TXZWebSocketClient][7066/420]onError: ex=java.net.UnknownHostException: websocket.txzing.com
07-13 16:58:31.431 D/TXZ     ( 5597): [ReportManager][7066/420]java.net.UnknownHostException: websocket.txzing.com
07-13 16:58:31.431 D/TXZ     ( 5597): [ReportManager][7066/420]onClose() called with: code = -1, reason = websocket.txzing.com, remote = false
07-13 16:58:31.431 D/TXZ     ( 5597): [ReportManager][7066/7122]connect: finish
07-13 16:58:31.431 D/TXZ     ( 5597): [ReportManager][7066/7122]initWebSocket: url=wss://websocket.txzing.com/junsun/index?app_id=6a3643cb81c6e92137ccc63f536df874&tm=1752440311430&data=yAAGOb0ua%2Bk6VEK3UINhCV1voKhS6biwQZprjPVa4oI%3D&platform=car
07-13 16:58:31.431 D/TXZ     ( 5597): [ReportManager][7066/7122]connect: start
07-13 16:58:31.433 D/TXZ     ( 5597): [TXZWebSocketClient][7066/421]onError: ex=java.net.UnknownHostException: websocket.txzing.com
07-13 16:58:31.433 D/TXZ     ( 5597): [ReportManager][7066/421]java.net.UnknownHostException: websocket.txzing.com
07-13 16:58:31.433 D/TXZ     ( 5597): [ReportManager][7066/421]onClose() called with: code = -1, reason = websocket.txzing.com, remote = false
07-13 16:58:31.433 D/TXZ     ( 5597): [ReportManager][7066/7122]connect: finish
07-13 16:58:31.434 D/TXZ     ( 5597): [ReportManager][7066/7122]initWebSocket: url=wss://websocket.txzing.com/junsun/index?app_id=6a3643cb81c6e92137ccc63f536df874&tm=1752440311433&data=tWpEiUecrU%2FWUK2UUAyg88%2BJdUS5lyzgYhimCAC60Qk%3D&platform=car
07-13 16:58:31.435 D/TXZ     ( 5597): [ReportManager][7066/7122]connect: start
07-13 16:58:31.435 D/TXZ     ( 5597): [TXZWebSocketClient][7066/422]onError: ex=java.net.UnknownHostException: websocket.txzing.com
07-13 16:58:31.436 D/TXZ     ( 5597): [ReportManager][7066/422]java.net.UnknownHostException: websocket.txzing.com
07-13 16:58:31.436 D/TXZ     ( 5597): [ReportManager][7066/422]onClose() called with: code = -1, reason = websocket.txzing.com, remote = false
07-13 16:58:31.436 D/TXZ     ( 5597): [ReportManager][7066/7122]connect: finish
07-13 16:58:31.436 D/TXZ     ( 5597): [ReportManager][7066/7122]initWebSocket: url=wss://websocket.txzing.com/junsun/index?app_id=6a3643cb81c6e92137ccc63f536df874&tm=1752440311435&data=uiziE2fsQsp2547YJ9%2BcWkCGmOj4d653tRH%2BHYNdTOU%3D&platform=car
07-13 16:58:31.436 D/TXZ     ( 5597): [ReportManager][7066/7122]connect: start
07-13 16:58:31.438 I/BarController( 4123): setBarShowingLw - win: 15df344 StatusBar - show: true
07-13 16:58:31.438 I/gralloc ( 3580): gralloc_unregister_buffer hnd=0x7f66044800, share_fd=132, share_attr_fd=142, magic=51647890, format=1, internal_format=300000001, byte_stride=5120, flags=4, usage=0x20000b00, size=3744768, width=1280, height=720, internalWidth=1280, internalHeight=720, stride=1280, base=0x7f4a8fe000, cpu_read=0,cpu_write=0, attr_base=0xffffffffffffffff, yuv_info=0, fd=-1, buf_idx=0, offset=0, min_pgsz=4096, phyaddr=0
07-13 16:58:31.440 I/gralloc ( 3497): gralloc=>alloc, share_fd=9, share_attr_fd=10, magic=51647890, format=1, internal_format=300000001, byte_stride=2880, flags=4, usage=0x20000b00, size=3744768, width=720, height=1280, internalWidth=720, internalHeight=1280, stride=720, ADP_VSTRIDE=1280,base=0x709720d000, cpu_read=0, cpu_write=0, attr_base=0xffffffffffffffff, yuv_info=0, fd=-1, buf_idx=0, offset=0, min_pgsz=4096, phyaddr=0
07-13 16:58:31.441 I/gralloc ( 3497): gralloc_unregister_buffer hnd=0x709982c200, share_fd=9, share_attr_fd=10, magic=51647890, format=1, internal_format=300000001, byte_stride=2880, flags=4, usage=0x20000b00, size=3744768, width=720, height=1280, internalWidth=720, internalHeight=1280, stride=720, base=0x709720d000, cpu_read=0,cpu_write=0, attr_base=0xffffffffffffffff, yuv_info=0, fd=-1, buf_idx=0, offset=0, min_pgsz=4096, phyaddr=0
07-13 16:58:31.441 I/gralloc ( 3497): gralloc=>free hnd=0x709982c200, share_fd=9, share_attr_fd=10, magic=51647890, format=1, internal_format=300000001, byte_stride=2880, flags=4, usage=0x20000b00, size=3744768, width=720, height=1280, internalWidth=720, internalHeight=1280, stride=720, base=0x709720d000, cpu_read=0,cpu_write=0, attr_base=0xffffffffffffffff, yuv_info=0, fd=-1, buf_idx=0, offset=0, min_pgsz=4096, phyaddr=0
07-13 16:58:31.441 I/gralloc ( 3580): gralloc_register_buffer hnd=0x7f66044800, share_fd=132, share_attr_fd=133, magic=51647890, format=1, internal_format=300000001, byte_stride=2880, flags=4, usage=0x20000b00, size=3744768, width=720, height=1280, internalWidth=720, internalHeight=1280, stride=720, base=0x7f4cc3a000, cpu_read=0,cpu_write=0, attr_base=0xffffffffffffffff, yuv_info=0, fd=-1, buf_idx=0, offset=0, min_pgsz=4096, phyaddr=0
07-13 16:58:31.442 I/gralloc (32758): gralloc_register_buffer hnd=0x7347b3e900, share_fd=69, share_attr_fd=72, magic=51647890, format=1, internal_format=300000001, byte_stride=2880, flags=4, usage=0x20000b00, size=3744768, width=720, height=1280, internalWidth=720, internalHeight=1280, stride=720, base=0x7339085000, cpu_read=0,cpu_write=0, attr_base=0xffffffffffffffff, yuv_info=0, fd=-1, buf_idx=0, offset=0, min_pgsz=4096, phyaddr=0
07-13 16:58:31.442 D/TXZ     ( 5597): [TXZWebSocketClient][7066/423]onError: ex=java.net.UnknownHostException: websocket.txzing.com
07-13 16:58:31.442 D/TXZ     ( 5597): [ReportManager][7066/423]java.net.UnknownHostException: websocket.txzing.com
07-13 16:58:31.442 D/TXZ     ( 5597): [ReportManager][7066/423]onClose() called with: code = -1, reason = websocket.txzing.com, remote = false
07-13 16:58:31.442 D/TXZ     ( 5597): [ReportManager][7066/7122]connect: finish
07-13 16:58:31.445 D/TXZ     ( 5597): [ReportManager][7066/7122]initWebSocket: url=wss://websocket.txzing.com/junsun/index?app_id=6a3643cb81c6e92137ccc63f536df874&tm=1752440311445&data=XjYXuBEPFYcHwzkGXqJEWrXNk5Z2yPyhQQf28FUKVis%3D&platform=car
07-13 16:58:31.446 D/TXZ     ( 5597): [ReportManager][7066/7122]connect: start
07-13 16:58:31.447 D/TXZ     ( 5597): [TXZWebSocketClient][7066/424]onError: ex=java.net.UnknownHostException: websocket.txzing.com
07-13 16:58:31.447 D/TXZ     ( 5597): [ReportManager][7066/424]java.net.UnknownHostException: websocket.txzing.com
07-13 16:58:31.447 D/TXZ     ( 5597): [ReportManager][7066/424]onClose() called with: code = -1, reason = websocket.txzing.com, remote = false
07-13 16:58:31.447 D/TXZ     ( 5597): [ReportManager][7066/7122]connect: finish
07-13 16:58:31.447 D/TXZ     ( 5597): [ReportManager][7066/7122]initWebSocket: url=wss://websocket.txzing.com/junsun/index?app_id=6a3643cb81c6e92137ccc63f536df874&tm=1752440311447&data=2NLaDUV6oRIBRV22OFzDu8dJvvMcnmcKVu5ASWrOo58%3D&platform=car
07-13 16:58:31.447 D/TXZ     ( 5597): [ReportManager][7066/7122]connect: start
07-13 16:58:31.448 D/TXZ     ( 5597): [TXZWebSocketClient][7066/425]onError: ex=java.net.UnknownHostException: websocket.txzing.com
07-13 16:58:31.449 D/TXZ     ( 5597): [ReportManager][7066/425]java.net.UnknownHostException: websocket.txzing.com
07-13 16:58:31.323 D/SSense  ( 4123): windowsChanged
07-13 16:58:31.450 D/PowerController.RecogA( 4123): packageName:com.txznet.weather mFgEvent:SYSTEM_INTERACTION mLastTimeFgEventChanged:1565237 mLastLaunchTime:0 mProcState:PROCESS_STATE_FOREGROUND_SERVICE mLastTimeProcStateChanged:8852025 mNotificationState:0 mLastTimeNotificationStateChanged:0 mAudioState:0 mLastTimeAudioStateChanged:0 mRequestGps:true mAvoidConstraintGps:false mBehaviorType:0 mScreenOn:true mLastTimeScreenStateChanged:0 mLastBgTime:0 mFgDuration:0 mAudioDuration:0 mBgAudioDuration:0 mHasNoClearNotificationWhenNavi:false
07-13 16:58:31.450 D/Launcher3( 7438): Launcher,  onSaveInstanceState: outState = Bundle[{launcher.state=1, apps_customize_currentTab=APPS, android:viewHierarchyState=Bundle[{android:views={1=android.view.AbsSavedState$1@651416f, 2=android.view.AbsSavedState$1@651416f, 3=android.view.AbsSavedState$1@651416f, 4=android.view.AbsSavedState$1@651416f, 5=android.view.AbsSavedState$1@651416f, 6=android.view.AbsSavedState$1@651416f, 7=android.view.AbsSavedState$1@651416f, 8=android.view.AbsSavedState$1@651416f, 9=android.view.AbsSavedState$1@651416f, 10=android.view.AbsSavedState$1@651416f, 11=android.view.AbsSavedState$1@651416f, 12=android.view.AbsSavedState$1@651416f, 13=android.view.AbsSavedState$1@651416f, 14=android.view.AbsSavedState$1@651416f, 15=android.view.AbsSavedState$1@651416f, 16=android.view.AbsSavedState$1@651416f, 17=android.view.AbsSavedState$1@651416f, 18=android.view.AbsSavedState$1@651416f, 19=android.view.AbsSavedState$1@651416f, 20=android.view.AbsSavedState$1@651416f, 21=android.view.AbsSavedState$1@651416f, 22=android.view.AbsSavedState$1@651416f, 23=android.view.AbsSavedState$1@651416f, 24=android.view.AbsSavedState$1@651416f, 25=android.view.AbsSavedState$1@651416f, 26=android.view.AbsSavedState$1@651416f, 27=android.view.AbsSavedState$1@651416f, 28=android.view.AbsSavedState$1@651416f, 29=android.view.AbsSavedState$1@651416f, 30=android.view.AbsSavedState$1@651416f, 31=android.view.AbsSavedState$1@651416f, 32=android.view.AbsSavedState$1@651416f, 33=android.view.AbsSavedState$1@651416f, 34=android.view.AbsSavedState$1@651416f, 35=android.view.AbsSavedState$1@651416f, 36=android.view.AbsSavedState$1@651416f, 37=android.view.AbsSavedState$1@651416f, 38=android.view.AbsSavedState$1@651416f, 39=android.view.AbsSavedState$1@651416f, 40=android.view.AbsSavedState$1@651416f, 41=android.view.AbsSavedState$1@651416f, 42=android.view.AbsSavedState$1@651416f, 43=android.view.AbsSavedState$1@651416f, 44=android.view.AbsSavedState$1@651416f, 45=android.view.AbsSavedState$1@651416f, 46=android.view.AbsSavedState$1@651416f, 47=android.view.AbsSavedState$1@651416f, 48=android.view.AbsSavedState$1@651416f, 49=android.view.AbsSavedState$1@651416f, 50=android.view.AbsSavedState$1@651416f, 51=android.view.AbsSavedState$1@651416f, 52=android.view.AbsSavedState$1@651416f, 53=android.view.AbsSavedState$1@651416f, 54=android.view.AbsSavedState$1@651416f, 55=android.view.AbsSavedState$1@651416f, 56=android.view.AbsSavedState$1@651416f, 57=android.view.AbsSavedState$1@651416f, 58=android.view.AbsSavedState$1@651416f, 59=android.view.AbsSavedState$1@651416f, 60=android.view.AbsSavedState$1@651416f, 61=android.view.AbsSavedState$1@651416f, 62=android.view.AbsSavedState$1@651416f, 63=android.view.AbsSavedState$1@651416f, 64=android.view.AbsSavedState$1@651416f, 65=android.view.AbsSavedState$1@651416f, 66=android.view.AbsSavedState$1@651416f, 67=android.view.AbsSavedState$1@651416f, 68=android.view.AbsSavedState$1@651416f, 69=android.view.AbsSavedState$1@651416f, 70=android.view.AbsSavedState$1@651416f, 71=android.view.AbsSavedState$1@651416f, 72=android.view.AbsSavedState$1@651416f, 73=android.view.AbsSavedState$1@651416f, 74=android.view.AbsSavedState$1@651416f, 75=android.view.AbsSavedState$1@651416f, 76=android.view.AbsSavedState$1@651416f, 77=android.view.AbsSavedState$1@651416f, 78=android.view.AbsSavedState$1@651416f, 79=android.view.AbsSavedState$1@651416f, 80=android.view.AbsSavedState$1@651416f, 81=android.view.AbsSavedState$1@651416f, 82=android.view.AbsSavedState$1@651416f, 83=android.view.AbsSavedState$1@651416f, 84=android.view.AbsSavedState$1@651416f, 85=android.view.AbsSavedState$1@651416f, 86=android.view.AbsSavedState$1@651416f, 87=android.view.AbsSavedState$1@651416f, 88=android.view.AbsSavedState$1@651416f, 89=android.view.AbsSavedState$1@651416f, 90=android.view.AbsSavedState$1@651416f, 91=android.view.AbsSavedState$1@651416f, 92=android.view.AbsSavedState$1@651416f, 93=android.view.AbsSavedState$1@651416f, 94=android.view.AbsSavedState$1@651416f, 95=android.view.AbsSavedState$1@651416f, 96=android.view.Abs
07-13 16:58:31.450 D/TXZ     ( 5597): [ReportManager][7066/425]onClose() called with: code = -1, reason = websocket.txzing.com, remote = false
07-13 16:58:31.450 D/TXZ     ( 5597): [ReportManager][7066/7122]connect: finish
07-13 16:58:31.451 D/Surface ( 7438): release Surface,mNativeObject=0, this Surface(name=null)/@0x4e7e56a, caller: android.view.ViewRootImpl.destroySurface:1646 android.view.ViewRootImpl.setWindowStopped:1592 android.view.WindowManagerGlobal.setStoppedState:726 android.app.Activity.performStop:8148 android.app.ActivityThread.callActivityOnStop:4742 android.app.ActivityThread.performStopActivityInner:4720 
07-13 16:58:31.451 D/Launcher3( 7438): Launcher, (Launcher)onStop: this = com.android.launcher3.Launcher@b426e16
07-13 16:58:31.451 D/Launcher3( 7438): Launcher, (Launcher)onStop: set SharedPreferences for MMS
07-13 16:58:31.451 D/Launcher3( 7438): Launcher, (Launcher)onStop: PowerManager.isScreenOn() = fasle, don't set SharedPreferences
07-13 16:58:31.451 D/TXZ     ( 5597): [ReportManager][7066/7122]initWebSocket: url=wss://websocket.txzing.com/junsun/index?app_id=6a3643cb81c6e92137ccc63f536df874&tm=1752440311451&data=XDRrA8e2nb3PveB4ka2KumGd6xeLkBKaM1JiKT3j4%2Bc%3D&platform=car
07-13 16:58:31.451 D/TXZ     ( 5597): [ReportManager][7066/7122]connect: start
07-13 16:58:31.451 D/Launcher3( 7438): Launcher, (Launcher)onStop: set SharedPreferences for MMS,end
07-13 16:58:31.452 I/LinkTurboReg( 7438): after performStop current mActovities size is: 1
07-13 16:58:31.453 D/TXZ     ( 5597): [TXZWebSocketClient][7066/426]onError: ex=java.net.UnknownHostException: websocket.txzing.com
07-13 16:58:31.453 D/TXZ     ( 5597): [ReportManager][7066/426]java.net.UnknownHostException: websocket.txzing.com
07-13 16:58:31.453 D/TXZ     ( 5597): [ReportManager][7066/426]onClose() called with: code = -1, reason = websocket.txzing.com, remote = false
07-13 16:58:31.453 D/TXZ     ( 5597): [ReportManager][7066/7122]connect: finish
07-13 16:58:31.454 D/TXZ     ( 5597): [ReportManager][7066/7122]initWebSocket: url=wss://websocket.txzing.com/junsun/index?app_id=6a3643cb81c6e92137ccc63f536df874&tm=1752440311454&data=hS97Ax63fJ79obrManMqC2J2mn2UsbGJtRqDQ3BqIwE%3D&platform=car
07-13 16:58:31.455 D/TXZ     ( 5597): [ReportManager][7066/7122]connect: start
07-13 16:58:31.456 D/TXZ     ( 5597): [TXZWebSocketClient][7066/427]onError: ex=java.net.UnknownHostException: websocket.txzing.com
07-13 16:58:31.456 D/TXZ     ( 5597): [ReportManager][7066/427]java.net.UnknownHostException: websocket.txzing.com
07-13 16:58:31.456 D/TXZ     ( 5597): [ReportManager][7066/427]onClose() called with: code = -1, reason = websocket.txzing.com, remote = false
07-13 16:58:31.456 D/TXZ     ( 5597): [ReportManager][7066/7122]connect: finish
07-13 16:58:31.461 D/TXZ     ( 5597): [ReportManager][7066/7122]initWebSocket: url=wss://websocket.txzing.com/junsun/index?app_id=6a3643cb81c6e92137ccc63f536df874&tm=1752440311461&data=4LKUkP5yw5vepj8WqwsG0YB90XQYP2WZK%2FJrBCvkFnA%3D&platform=car
07-13 16:58:31.462 D/TXZ     ( 5597): [ReportManager][7066/7122]connect: start
07-13 16:58:31.463 D/TXZ     ( 5597): [TXZWebSocketClient][7066/429]onError: ex=java.net.UnknownHostException: websocket.txzing.com
07-13 16:58:31.463 D/PowerController.RecogA( 4123): packageName:com.android.launcher.gradient.black mFgEvent:ACTIVITY_STOPPED mLastTimeFgEventChanged:8852039 mLastLaunchTime:8843721 mProcState:PROCESS_STATE_CACHED_EMPTY mLastTimeProcStateChanged:0 mNotificationState:0 mLastTimeNotificationStateChanged:0 mAudioState:0 mLastTimeAudioStateChanged:0 mRequestGps:true mAvoidConstraintGps:false mBehaviorType:0 mScreenOn:true mLastTimeScreenStateChanged:0 mLastBgTime:8851519 mFgDuration:4859715 mAudioDuration:0 mBgAudioDuration:0 mHasNoClearNotificationWhenNavi:false
07-13 16:58:31.463 D/TXZ     ( 5597): [ReportManager][7066/429]java.net.UnknownHostException: websocket.txzing.com
07-13 16:58:31.463 D/TXZ     ( 5597): [ReportManager][7066/429]onClose() called with: code = -1, reason = websocket.txzing.com, remote = false
07-13 16:58:31.463 D/TXZ     ( 5597): [ReportManager][7066/7122]connect: finish
07-13 16:58:31.469 D/TXZ     ( 5597): [ReportManager][7066/7122]initWebSocket: url=wss://websocket.txzing.com/junsun/index?app_id=6a3643cb81c6e92137ccc63f536df874&tm=1752440311468&data=CUk7DGhbSkcakUxyfgUWrnUlk%2BApXqfpvOg%2FUDnQ0yQ%3D&platform=car
07-13 16:58:31.469 D/TXZ     ( 5597): [ReportManager][7066/7122]connect: start
07-13 16:58:31.470 D/TXZ     ( 5597): [TXZWebSocketClient][7066/430]onError: ex=java.net.UnknownHostException: websocket.txzing.com
07-13 16:58:31.470 D/TXZ     ( 5597): [ReportManager][7066/430]java.net.UnknownHostException: websocket.txzing.com
07-13 16:58:31.470 D/TXZ     ( 5597): [ReportManager][7066/430]onClose() called with: code = -1, reason = websocket.txzing.com, remote = false
07-13 16:58:31.470 D/TXZ     ( 5597): [ReportManager][7066/7122]connect: finish
07-13 16:58:31.471 D/TXZ     ( 5597): [ReportManager][7066/7122]initWebSocket: url=wss://websocket.txzing.com/junsun/index?app_id=6a3643cb81c6e92137ccc63f536df874&tm=1752440311471&data=2lM59n9XFQYF6ligoPwusKhgVUP8RA%2F3Y%2BLcsgra1pM%3D&platform=car
07-13 16:58:31.471 D/TXZ     ( 5597): [ReportManager][7066/7122]connect: start
07-13 16:58:31.473 D/TXZ     ( 5597): [TXZWebSocketClient][7066/431]onError: ex=java.net.UnknownHostException: websocket.txzing.com
07-13 16:58:31.473 D/TXZ     ( 5597): [ReportManager][7066/431]java.net.UnknownHostException: websocket.txzing.com
07-13 16:58:31.473 D/TXZ     ( 5597): [ReportManager][7066/431]onClose() called with: code = -1, reason = websocket.txzing.com, remote = false
07-13 16:58:31.473 D/TXZ     ( 5597): [ReportManager][7066/7122]connect: finish
07-13 16:58:31.478 D/TXZ     ( 5597): [ReportManager][7066/7122]initWebSocket: url=wss://websocket.txzing.com/junsun/index?app_id=6a3643cb81c6e92137ccc63f536df874&tm=1752440311478&data=qEWhAaZElh%2BZe7eqXe4kT2TBMIoSRL8iG1Bw3nbBpZ8%3D&platform=car
07-13 16:58:31.478 D/TXZ     ( 5597): [ReportManager][7066/7122]connect: start
07-13 16:58:31.479 D/TXZ     ( 5597): [TXZWebSocketClient][7066/432]onError: ex=java.net.UnknownHostException: websocket.txzing.com
07-13 16:58:31.479 D/TXZ     ( 5597): [ReportManager][7066/432]java.net.UnknownHostException: websocket.txzing.com
07-13 16:58:31.479 D/TXZ     ( 5597): [ReportManager][7066/432]onClose() called with: code = -1, reason = websocket.txzing.com, remote = false
07-13 16:58:31.479 D/TXZ     ( 5597): [ReportManager][7066/7122]connect: finish
07-13 16:58:31.484 D/TXZ     ( 5597): [ReportManager][7066/7122]initWebSocket: url=wss://websocket.txzing.com/junsun/index?app_id=6a3643cb81c6e92137ccc63f536df874&tm=1752440311483&data=nM3GTife5fZBaohesYhqIbSaURxeM%2F5jlocsrXuXO%2FA%3D&platform=car
07-13 16:58:31.485 D/TXZ     ( 5597): [ReportManager][7066/7122]connect: start
07-13 16:58:31.486 D/TXZ     ( 5597): [TXZWebSocketClient][7066/433]onError: ex=java.net.UnknownHostException: websocket.txzing.com
07-13 16:58:31.486 D/TXZ     ( 5597): [ReportManager][7066/433]java.net.UnknownHostException: websocket.txzing.com
07-13 16:58:31.486 I/gralloc ( 3580): gralloc_unregister_buffer hnd=0x7f69bc9e00, share_fd=103, share_attr_fd=108, magic=51647890, format=1, internal_format=300000001, byte_stride=2880, flags=4, usage=0x20000b00, size=3744768, width=720, height=1280, internalWidth=720, internalHeight=1280, stride=720, base=0x7f4cfcd000, cpu_read=0,cpu_write=0, attr_base=0xffffffffffffffff, yuv_info=0, fd=-1, buf_idx=0, offset=0, min_pgsz=4096, phyaddr=0
07-13 16:58:31.488 D/TXZ     ( 5597): [ReportManager][7066/433]onClose() called with: code = -1, reason = websocket.txzing.com, remote = false
07-13 16:58:31.488 D/TXZ     ( 5597): [ReportManager][7066/7122]connect: finish
07-13 16:58:31.491 D/TXZ     ( 5597): [ReportManager][7066/7122]initWebSocket: url=wss://websocket.txzing.com/junsun/index?app_id=6a3643cb81c6e92137ccc63f536df874&tm=1752440311491&data=mWr3sB8LI2FUAlhcg41t4vc0Xcj9jjCBrqgkMQLI%2F%2Fc%3D&platform=car
07-13 16:58:31.491 D/TXZ     ( 5597): [ReportManager][7066/7122]connect: start
07-13 16:58:31.493 D/TXZ     ( 5597): [TXZWebSocketClient][7066/434]onError: ex=java.net.UnknownHostException: websocket.txzing.com
07-13 16:58:31.493 D/TXZ     ( 5597): [ReportManager][7066/434]java.net.UnknownHostException: websocket.txzing.com
07-13 16:58:31.493 D/TXZ     ( 5597): [ReportManager][7066/434]onClose() called with: code = -1, reason = websocket.txzing.com, remote = false
07-13 16:58:31.493 D/TXZ     ( 5597): [ReportManager][7066/7122]connect: finish
07-13 16:58:31.494 D/TXZ     ( 5597): [ReportManager][7066/7122]initWebSocket: url=wss://websocket.txzing.com/junsun/index?app_id=6a3643cb81c6e92137ccc63f536df874&tm=1752440311494&data=ZvyOzAYIhkai8iJUm22%2BkZy3qGFP%2BPWhC1H3Zr8861M%3D&platform=car
07-13 16:58:31.495 D/TXZ     ( 5597): [ReportManager][7066/7122]connect: start
07-13 16:58:31.496 D/TXZ     ( 5597): [TXZWebSocketClient][7066/435]onError: ex=java.net.UnknownHostException: websocket.txzing.com
07-13 16:58:31.496 D/TXZ     ( 5597): [ReportManager][7066/435]java.net.UnknownHostException: websocket.txzing.com
07-13 16:58:31.496 D/TXZ     ( 5597): [ReportManager][7066/435]onClose() called with: code = -1, reason = websocket.txzing.com, remote = false
07-13 16:58:31.496 D/TXZ     ( 5597): [ReportManager][7066/7122]connect: finish
07-13 16:58:31.497 D/TXZ     ( 5597): [ReportManager][7066/7122]initWebSocket: url=wss://websocket.txzing.com/junsun/index?app_id=6a3643cb81c6e92137ccc63f536df874&tm=1752440311497&data=v4MJlm6l%2Bmiwiz8r3I2eSCCPeGs%2FVqI0ge0W2BSLwMw%3D&platform=car
07-13 16:58:31.497 D/TXZ     ( 5597): [ReportManager][7066/7122]connect: start
07-13 16:58:31.499 D/TXZ     ( 5597): [TXZWebSocketClient][7066/436]onError: ex=java.net.UnknownHostException: websocket.txzing.com
07-13 16:58:31.499 D/TXZ     ( 5597): [ReportManager][7066/436]java.net.UnknownHostException: websocket.txzing.com
07-13 16:58:31.499 D/TXZ     ( 5597): [ReportManager][7066/436]onClose() called with: code = -1, reason = websocket.txzing.com, remote = false
07-13 16:58:31.499 D/TXZ     ( 5597): [ReportManager][7066/7122]connect: finish
07-13 16:58:31.499 D/TXZ     ( 5597): [ReportManager][7066/7122]initWebSocket: url=wss://websocket.txzing.com/junsun/index?app_id=6a3643cb81c6e92137ccc63f536df874&tm=1752440311498&data=kfEde%2BGkb79dumRb1ECNs5Yqb4fdau4qWiB9KzhHJC8%3D&platform=car
07-13 16:58:31.500 D/TXZ     ( 5597): [ReportManager][7066/7122]connect: start
07-13 16:58:31.500 D/TXZ     ( 5597): [TXZWebSocketClient][7066/437]onError: ex=java.net.UnknownHostException: websocket.txzing.com
07-13 16:58:31.500 D/TXZ     ( 5597): [ReportManager][7066/437]java.net.UnknownHostException: websocket.txzing.com
07-13 16:58:31.500 D/TXZ     ( 5597): [ReportManager][7066/437]onClose() called with: code = -1, reason = websocket.txzing.com, remote = false
07-13 16:58:31.501 D/TXZ     ( 5597): [ReportManager][7066/7122]connect: finish
07-13 16:58:31.501 D/TXZ     ( 5597): [ReportManager][7066/7122]initWebSocket: url=wss://websocket.txzing.com/junsun/index?app_id=6a3643cb81c6e92137ccc63f536df874&tm=1752440311501&data=4NXjRIhCKfI7utSfhVWIHnlSWtTVU2qzzW4mr3voedo%3D&platform=car
07-13 16:58:31.502 D/TXZ     ( 5597): [ReportManager][7066/7122]connect: start
07-13 16:58:31.503 D/TXZ     ( 5597): [TXZWebSocketClient][7066/438]onError: ex=java.net.UnknownHostException: websocket.txzing.com
07-13 16:58:31.503 D/TXZ     ( 5597): [ReportManager][7066/438]java.net.UnknownHostException: websocket.txzing.com
07-13 16:58:31.503 D/TXZ     ( 5597): [ReportManager][7066/438]onClose() called with: code = -1, reason = websocket.txzing.com, remote = false
07-13 16:58:31.503 D/TXZ     ( 5597): [ReportManager][7066/7122]connect: finish
07-13 16:58:31.509 D/TXZ     ( 5597): [ReportManager][7066/7122]initWebSocket: url=wss://websocket.txzing.com/junsun/index?app_id=6a3643cb81c6e92137ccc63f536df874&tm=1752440311509&data=cCjoF%2BTC7JGaIYTeaU3xKstgaN%2BFa7WonY4L5MMNdoI%3D&platform=car
07-13 16:58:31.510 D/TXZ     ( 5597): [ReportManager][7066/7122]connect: start
07-13 16:58:31.511 D/TXZ     ( 5597): [TXZWebSocketClient][7066/439]onError: ex=java.net.UnknownHostException: websocket.txzing.com
07-13 16:58:31.511 D/TXZ     ( 5597): [ReportManager][7066/439]java.net.UnknownHostException: websocket.txzing.com
07-13 16:58:31.511 D/TXZ     ( 5597): [ReportManager][7066/439]onClose() called with: code = -1, reason = websocket.txzing.com, remote = false
07-13 16:58:31.511 D/TXZ     ( 5597): [ReportManager][7066/7122]connect: finish
07-13 16:58:31.515 D/TXZ     ( 5597): [ReportManager][7066/7122]initWebSocket: url=wss://websocket.txzing.com/junsun/index?app_id=6a3643cb81c6e92137ccc63f536df874&tm=1752440311515&data=UUYfCV%2FLRBGQm9FmIJuBzUI4n6LL3ys74rRjnO9mZJ4%3D&platform=car
07-13 16:58:31.515 D/TXZ     ( 5597): [ReportManager][7066/7122]connect: start
07-13 16:58:31.517 D/TXZ     ( 5597): [TXZWebSocketClient][7066/440]onError: ex=java.net.UnknownHostException: websocket.txzing.com
07-13 16:58:31.517 D/TXZ     ( 5597): [ReportManager][7066/440]java.net.UnknownHostException: websocket.txzing.com
07-13 16:58:31.518 D/TXZ     ( 5597): [ReportManager][7066/440]onClose() called with: code = -1, reason = websocket.txzing.com, remote = false
07-13 16:58:31.518 D/TXZ     ( 5597): [ReportManager][7066/7122]connect: finish
07-13 16:58:31.518 D/TXZ     ( 5597): [ReportManager][7066/7122]initWebSocket: url=wss://websocket.txzing.com/junsun/index?app_id=6a3643cb81c6e92137ccc63f536df874&tm=1752440311518&data=xBLOtkPg2vN8P2Rq7XmIerZdfvSnIGXpNx%2FSicrt8%2BE%3D&platform=car
07-13 16:58:31.519 D/TXZ     ( 5597): [ReportManager][7066/7122]connect: start
07-13 16:58:31.521 D/TXZ     ( 5597): [TXZWebSocketClient][7066/441]onError: ex=java.net.UnknownHostException: websocket.txzing.com
07-13 16:58:31.521 D/TXZ     ( 5597): [ReportManager][7066/441]java.net.UnknownHostException: websocket.txzing.com
07-13 16:58:31.521 D/TXZ     ( 5597): [ReportManager][7066/441]onClose() called with: code = -1, reason = websocket.txzing.com, remote = false
07-13 16:58:31.521 D/TXZ     ( 5597): [ReportManager][7066/7122]connect: finish
07-13 16:58:31.536 D/TXZ     ( 5597): [ReportManager][7066/7122]initWebSocket: url=wss://websocket.txzing.com/junsun/index?app_id=6a3643cb81c6e92137ccc63f536df874&tm=1752440311536&data=uurnUkxALFFxPIg74z2LLiz1vj3ZNS1ghveOXQg47Ao%3D&platform=car
07-13 16:58:31.536 D/TXZ     ( 5597): [ReportManager][7066/7122]connect: start
07-13 16:58:31.538 D/TXZ     ( 5597): [TXZWebSocketClient][7066/442]onError: ex=java.net.UnknownHostException: websocket.txzing.com
07-13 16:58:31.538 D/TXZ     ( 5597): [ReportManager][7066/442]java.net.UnknownHostException: websocket.txzing.com
07-13 16:58:31.538 D/TXZ     ( 5597): [ReportManager][7066/442]onClose() called with: code = -1, reason = websocket.txzing.com, remote = false
07-13 16:58:31.538 D/TXZ     ( 5597): [ReportManager][7066/7122]connect: finish
07-13 16:58:31.538 D/TXZ     ( 5597): [ReportManager][7066/7122]initWebSocket: url=wss://websocket.txzing.com/junsun/index?app_id=6a3643cb81c6e92137ccc63f536df874&tm=1752440311537&data=LwffU95ETAS1HXrX6GVMNXKmp7RS9fCSz0K8RqFlS3g%3D&platform=car
07-13 16:58:31.538 D/TXZ     ( 5597): [ReportManager][7066/7122]connect: start
07-13 16:58:31.539 D/TXZ     ( 5597): [TXZWebSocketClient][7066/443]onError: ex=java.net.UnknownHostException: websocket.txzing.com
07-13 16:58:31.539 D/TXZ     ( 5597): [ReportManager][7066/443]java.net.UnknownHostException: websocket.txzing.com
07-13 16:58:31.539 D/TXZ     ( 5597): [ReportManager][7066/443]onClose() called with: code = -1, reason = websocket.txzing.com, remote = false
07-13 16:58:31.539 D/TXZ     ( 5597): [ReportManager][7066/7122]connect: finish
07-13 16:58:31.542 D/TXZ     ( 5597): [ReportManager][7066/7122]initWebSocket: url=wss://websocket.txzing.com/junsun/index?app_id=6a3643cb81c6e92137ccc63f536df874&tm=1752440311541&data=IawiGAoemG%2B9B8HTPhmiEUu4IU9xCdy1opu%2Fb6qJrYk%3D&platform=car
07-13 16:58:31.542 D/TXZ     ( 5597): [ReportManager][7066/7122]connect: start
07-13 16:58:31.543 D/TXZ     ( 5597): [TXZWebSocketClient][7066/444]onError: ex=java.net.UnknownHostException: websocket.txzing.com
07-13 16:58:31.543 D/TXZ     ( 5597): [ReportManager][7066/444]java.net.UnknownHostException: websocket.txzing.com
07-13 16:58:31.543 D/TXZ     ( 5597): [ReportManager][7066/444]onClose() called with: code = -1, reason = websocket.txzing.com, remote = false
07-13 16:58:31.543 D/TXZ     ( 5597): [ReportManager][7066/7122]connect: finish
07-13 16:58:31.543 D/TXZ     ( 5597): [ReportManager][7066/7122]initWebSocket: url=wss://websocket.txzing.com/junsun/index?app_id=6a3643cb81c6e92137ccc63f536df874&tm=1752440311543&data=jMUPxUpmdBHnvtdSz5wv9c9EcjvuhvzV2g5IFk6R7mg%3D&platform=car
07-13 16:58:31.543 D/TXZ     ( 5597): [ReportManager][7066/7122]connect: start
07-13 16:58:31.544 D/TXZ     ( 5597): [TXZWebSocketClient][7066/445]onError: ex=java.net.UnknownHostException: websocket.txzing.com
07-13 16:58:31.544 D/TXZ     ( 5597): [ReportManager][7066/445]java.net.UnknownHostException: websocket.txzing.com
07-13 16:58:31.545 D/TXZ     ( 5597): [ReportManager][7066/445]onClose() called with: code = -1, reason = websocket.txzing.com, remote = false
07-13 16:58:31.545 D/TXZ     ( 5597): [ReportManager][7066/7122]connect: finish
07-13 16:58:31.547 D/TXZ     ( 5597): [ReportManager][7066/7122]initWebSocket: url=wss://websocket.txzing.com/junsun/index?app_id=6a3643cb81c6e92137ccc63f536df874&tm=1752440311546&data=UzYqhnt2e8XIXHsG2LV%2FO73VeQz1bEmuHzTfsBtg6G4%3D&platform=car
07-13 16:58:31.547 D/TXZ     ( 5597): [ReportManager][7066/7122]connect: start
07-13 16:58:31.548 D/TXZ     ( 5597): [TXZWebSocketClient][7066/446]onError: ex=java.net.UnknownHostException: websocket.txzing.com
07-13 16:58:31.548 D/TXZ     ( 5597): [ReportManager][7066/446]java.net.UnknownHostException: websocket.txzing.com
07-13 16:58:31.549 D/TXZ     ( 5597): [ReportManager][7066/446]onClose() called with: code = -1, reason = websocket.txzing.com, remote = false
07-13 16:58:31.549 D/TXZ     ( 5597): [ReportManager][7066/7122]connect: finish
07-13 16:58:31.557 D/TXZ     ( 5597): [TXZ][5726/5726]sIsLoadFile = false, sIsLoadRemote = false
07-13 16:58:31.557 D/TXZ     ( 5597): [AppLogicUtil][5726/5726]updateResourceConfig: configuration not changed
07-13 16:58:31.557 D/TXZ     ( 5597): [TXZ][5726/5726]getRemoteAssetsData:model/com.txznet.smartadapter.cfg
07-13 16:58:31.557 D/TXZ     ( 5597): [AssetsUtil][5726/5726]model/com.txznet.smartadapter.cfg not exists
07-13 16:58:31.558 D/TXZ     ( 5597): [AssetsUtil][5726/5726]model/com.txznet.smartadapter.cfg not exists
07-13 16:58:31.564 D/TXZ     ( 5597): [ReportManager][7066/7122]initWebSocket: url=wss://websocket.txzing.com/junsun/index?app_id=6a3643cb81c6e92137ccc63f536df874&tm=1752440311563&data=C1M1KtRTm2AOL%2FPrDdwUBbXNRBK%2BPDiUxlJp%2BglCN%2BQ%3D&platform=car
07-13 16:58:31.564 D/TXZ     ( 5597): [ReportManager][7066/7122]connect: start
07-13 16:58:31.565 D/TXZ     ( 5597): [TXZWebSocketClient][7066/447]onError: ex=java.net.UnknownHostException: websocket.txzing.com
07-13 16:58:31.565 D/TXZ     ( 5597): [ReportManager][7066/447]java.net.UnknownHostException: websocket.txzing.com
07-13 16:58:31.565 D/TXZ     ( 5597): [ReportManager][7066/447]onClose() called with: code = -1, reason = websocket.txzing.com, remote = false
07-13 16:58:31.565 D/TXZ     ( 5597): [ReportManager][7066/7122]connect: finish
07-13 16:58:31.566 D/TXZ     ( 5597): [ReportManager][7066/7122]initWebSocket: url=wss://websocket.txzing.com/junsun/index?app_id=6a3643cb81c6e92137ccc63f536df874&tm=1752440311566&data=ymZP1IUrAKMMVJoPpjp%2BtX55RZCdXOT8kF%2BcSwHDYuI%3D&platform=car
07-13 16:58:31.567 D/TXZ     ( 5597): [ReportManager][7066/7122]connect: start
07-13 16:58:31.568 D/TXZ     ( 5597): [TXZWebSocketClient][7066/448]onError: ex=java.net.UnknownHostException: websocket.txzing.com
07-13 16:58:31.568 D/TXZ     ( 5597): [ReportManager][7066/448]java.net.UnknownHostException: websocket.txzing.com
07-13 16:58:31.568 D/TXZ     ( 5597): [ReportManager][7066/448]onClose() called with: code = -1, reason = websocket.txzing.com, remote = false
07-13 16:58:31.568 D/TXZ     ( 5597): [ReportManager][7066/7122]connect: finish
07-13 16:58:31.568 D/TXZ     ( 5597): [ReportManager][7066/7122]initWebSocket: url=wss://websocket.txzing.com/junsun/index?app_id=6a3643cb81c6e92137ccc63f536df874&tm=1752440311568&data=qA%2FQq2MOOc9mxmb%2F3SaGk94%2F%2F9BrHeUZ0gpj4DUfiHI%3D&platform=car
07-13 16:58:31.568 D/TXZ     ( 5597): [ReportManager][7066/7122]connect: start
07-13 16:58:31.569 D/TXZ     ( 5597): [TXZWebSocketClient][7066/449]onError: ex=java.net.UnknownHostException: websocket.txzing.com
07-13 16:58:31.569 D/TXZ     ( 5597): [ReportManager][7066/449]java.net.UnknownHostException: websocket.txzing.com
07-13 16:58:31.569 D/TXZ     ( 5597): [ReportManager][7066/449]onClose() called with: code = -1, reason = websocket.txzing.com, remote = false
07-13 16:58:31.570 D/TXZ     ( 5597): [ReportManager][7066/7122]connect: finish
07-13 16:58:31.571 D/TXZ     ( 5597): [ReportManager][7066/7122]initWebSocket: url=wss://websocket.txzing.com/junsun/index?app_id=6a3643cb81c6e92137ccc63f536df874&tm=1752440311570&data=9Cy2%2B9QBCjvvVeOmPar5anAoeB4e9ZwSoMmc4f41twU%3D&platform=car
07-13 16:58:31.571 D/TXZ     ( 5597): [ReportManager][7066/7122]connect: start
07-13 16:58:31.572 D/TXZ     ( 5597): [TXZWebSocketClient][7066/450]onError: ex=java.net.UnknownHostException: websocket.txzing.com
07-13 16:58:31.572 D/TXZ     ( 5597): [ReportManager][7066/450]java.net.UnknownHostException: websocket.txzing.com
07-13 16:58:31.572 D/TXZ     ( 5597): [ReportManager][7066/450]onClose() called with: code = -1, reason = websocket.txzing.com, remote = false
07-13 16:58:31.572 D/TXZ     ( 5597): [ReportManager][7066/7122]connect: finish
07-13 16:58:31.583 D/TXZ     ( 5597): [ReportManager][7066/7122]initWebSocket: url=wss://websocket.txzing.com/junsun/index?app_id=6a3643cb81c6e92137ccc63f536df874&tm=1752440311582&data=97PyBNLYr0gvPQCW9MjlVEsTcl9qTHGkWpcNB%2Ftw0Uc%3D&platform=car
07-13 16:58:31.583 D/TXZ     ( 5597): [ReportManager][7066/7122]connect: start
07-13 16:58:31.584 D/TXZ     ( 5597): [TXZWebSocketClient][7066/451]onError: ex=java.net.UnknownHostException: websocket.txzing.com
07-13 16:58:31.584 D/TXZ     ( 5597): [ReportManager][7066/451]java.net.UnknownHostException: websocket.txzing.com
07-13 16:58:31.584 D/TXZ     ( 5597): [ReportManager][7066/451]onClose() called with: code = -1, reason = websocket.txzing.com, remote = false
07-13 16:58:31.584 D/TXZ     ( 5597): [ReportManager][7066/7122]connect: finish
07-13 16:58:31.586 D/TXZ     ( 5597): [ReportManager][7066/7122]initWebSocket: url=wss://websocket.txzing.com/junsun/index?app_id=6a3643cb81c6e92137ccc63f536df874&tm=1752440311586&data=5YuXTvxgUUPF%2FBjyz2hUoOyA52%2FgFRxcI6OoH23sWPY%3D&platform=car
07-13 16:58:31.587 D/TXZ     ( 5597): [ReportManager][7066/7122]connect: start
07-13 16:58:31.588 D/TXZ     ( 5597): [TXZWebSocketClient][7066/452]onError: ex=java.net.UnknownHostException: websocket.txzing.com
07-13 16:58:31.588 D/TXZ     ( 5597): [ReportManager][7066/452]java.net.UnknownHostException: websocket.txzing.com
07-13 16:58:31.588 D/TXZ     ( 5597): [ReportManager][7066/452]onClose() called with: code = -1, reason = websocket.txzing.com, remote = false
07-13 16:58:31.588 D/TXZ     ( 5597): [ReportManager][7066/7122]connect: finish
07-13 16:58:31.589 D/TXZ     ( 5597): [ReportManager][7066/7122]initWebSocket: url=wss://websocket.txzing.com/junsun/index?app_id=6a3643cb81c6e92137ccc63f536df874&tm=1752440311589&data=hLPmhdbX0oVteoXull2GMyJbeY5kJDmykaoSkS%2F6BDc%3D&platform=car
07-13 16:58:31.589 D/TXZ     ( 5597): [ReportManager][7066/7122]connect: start
07-13 16:58:31.590 D/TXZ     ( 5597): [TXZWebSocketClient][7066/453]onError: ex=java.net.UnknownHostException: websocket.txzing.com
07-13 16:58:31.591 D/TXZ     ( 5597): [ReportManager][7066/453]java.net.UnknownHostException: websocket.txzing.com
07-13 16:58:31.591 D/TXZ     ( 5597): [ReportManager][7066/453]onClose() called with: code = -1, reason = websocket.txzing.com, remote = false
07-13 16:58:31.591 D/TXZ     ( 5597): [ReportManager][7066/7122]connect: finish
07-13 16:58:31.602 I/BarController( 4123): setBarShowingLw - win: 15df344 StatusBar - show: true
07-13 16:58:31.603 D/SSense  ( 4123): windowsChanged
07-13 16:58:31.610 D/TXZ     ( 5597): [ReportManager][7066/7122]initWebSocket: url=wss://websocket.txzing.com/junsun/index?app_id=6a3643cb81c6e92137ccc63f536df874&tm=1752440311609&data=wZrzK5qImHGRd2j5j8otXbwxXuu4iHbCQRFtDf5qVrA%3D&platform=car
07-13 16:58:31.610 D/TXZ     ( 5597): [ReportManager][7066/7122]connect: start
07-13 16:58:31.611 D/TXZ     ( 5597): [TXZWebSocketClient][7066/454]onError: ex=java.net.UnknownHostException: websocket.txzing.com
07-13 16:58:31.611 D/TXZ     ( 5597): [ReportManager][7066/454]java.net.UnknownHostException: websocket.txzing.com
07-13 16:58:31.611 D/TXZ     ( 5597): [ReportManager][7066/454]onClose() called with: code = -1, reason = websocket.txzing.com, remote = false
07-13 16:58:31.611 D/TXZ     ( 5597): [ReportManager][7066/7122]connect: finish
07-13 16:58:31.613 D/TXZ     ( 5597): [ReportManager][7066/7122]initWebSocket: url=wss://websocket.txzing.com/junsun/index?app_id=6a3643cb81c6e92137ccc63f536df874&tm=1752440311612&data=sKzf7jraJkkYnMspgp0DcG7w9FkCKmDhY3RM1nLsMj4%3D&platform=car
07-13 16:58:31.613 D/TXZ     ( 5597): [ReportManager][7066/7122]connect: start
07-13 16:58:31.614 D/TXZ     ( 5597): [TXZWebSocketClient][7066/455]onError: ex=java.net.UnknownHostException: websocket.txzing.com
