07-13 16:58:31.079 D/TXZ     ( 5597): [ReportManager][7066/7122]connect: finish
07-13 16:58:31.079 D/TXZ     ( 5597): [ReportManager][7066/7122]initWebSocket: url=wss://websocket.txzing.com/junsun/index?app_id=6a3643cb81c6e92137ccc63f536df874&tm=1752440311079&data=GLHNKSV%2BucQgBDH0qt9IxXlJoiwg%2F%2Bg6XpVgrfWvmyo%3D&platform=car
07-13 16:58:31.080 D/TXZ     ( 5597): [ReportManager][7066/7122]connect: start
07-13 16:58:31.081 D/TXZ     ( 5597): [TXZWebSocketClient][7066/337]onError: ex=java.net.UnknownHostException: websocket.txzing.com
07-13 16:58:31.082 D/TXZ     ( 5597): [ReportManager][7066/337]java.net.UnknownHostException: websocket.txzing.com
07-13 16:58:31.082 D/TXZ     ( 5597): [ReportManager][7066/337]onClose() called with: code = -1, reason = websocket.txzing.com, remote = false
07-13 16:58:31.082 D/TXZ     ( 5597): [ReportManager][7066/7122]connect: finish
07-13 16:58:31.082 D/TXZ     ( 5597): [ReportManager][7066/7122]initWebSocket: url=wss://websocket.txzing.com/junsun/index?app_id=6a3643cb81c6e92137ccc63f536df874&tm=1752440311081&data=KBsP5yW4OcRCUe1NAZoelaXnQ0ckdW8OiKK8jC%2FWOAA%3D&platform=car
07-13 16:58:31.082 D/TXZ     ( 5597): [ReportManager][7066/7122]connect: start
07-13 16:58:31.083 D/TXZ     ( 5597): [TXZWebSocketClient][7066/338]onError: ex=java.net.UnknownHostException: websocket.txzing.com
07-13 16:58:31.083 D/TXZ     ( 5597): [ReportManager][7066/338]java.net.UnknownHostException: websocket.txzing.com
07-13 16:58:31.083 D/TXZ     ( 5597): [ReportManager][7066/338]onClose() called with: code = -1, reason = websocket.txzing.com, remote = false
07-13 16:58:31.083 D/TXZ     ( 5597): [ReportManager][7066/7122]connect: finish
07-13 16:58:31.085 D/TXZ     ( 5597): [ReportManager][7066/7122]initWebSocket: url=wss://websocket.txzing.com/junsun/index?app_id=6a3643cb81c6e92137ccc63f536df874&tm=1752440311085&data=Cyn4NRA5UPEzV0%2BCL7sO8HDlOSZ3ArCX19gcmmOQThw%3D&platform=car
07-13 16:58:31.086 D/TXZ     ( 5597): [ReportManager][7066/7122]connect: start
07-13 16:58:31.087 D/TXZ     ( 5597): [TXZWebSocketClient][7066/339]onError: ex=java.net.UnknownHostException: websocket.txzing.com
07-13 16:58:31.087 D/TXZ     ( 5597): [ReportManager][7066/339]java.net.UnknownHostException: websocket.txzing.com
07-13 16:58:31.087 D/TXZ     ( 5597): [ReportManager][7066/339]onClose() called with: code = -1, reason = websocket.txzing.com, remote = false
07-13 16:58:31.087 D/TXZ     ( 5597): [ReportManager][7066/7122]connect: finish
07-13 16:58:31.087 D/TXZ     ( 5597): [ReportManager][7066/7122]initWebSocket: url=wss://websocket.txzing.com/junsun/index?app_id=6a3643cb81c6e92137ccc63f536df874&tm=1752440311087&data=62z4MWitn4QWmdLz4W5yv%2F7imrVovaiLZsXS%2FH976s8%3D&platform=car
07-13 16:58:31.087 D/TXZ     ( 5597): [ReportManager][7066/7122]connect: start
07-13 16:58:31.088 D/TXZ     ( 5597): [TXZWebSocketClient][7066/340]onError: ex=java.net.UnknownHostException: websocket.txzing.com
07-13 16:58:31.089 D/TXZ     ( 5597): [ReportManager][7066/340]java.net.UnknownHostException: websocket.txzing.com
07-13 16:58:31.089 D/TXZ     ( 5597): [ReportManager][7066/340]onClose() called with: code = -1, reason = websocket.txzing.com, remote = false
07-13 16:58:31.089 D/TXZ     ( 5597): [ReportManager][7066/7122]connect: finish
07-13 16:58:31.089 D/TXZ     ( 5597): [ReportManager][7066/7122]initWebSocket: url=wss://websocket.txzing.com/junsun/index?app_id=6a3643cb81c6e92137ccc63f536df874&tm=1752440311088&data=Uimgli4Og3AzhuWXRpGv2SxKzzgpGUDgNK8ytWPtAcU%3D&platform=car
07-13 16:58:31.089 D/TXZ     ( 5597): [ReportManager][7066/7122]connect: start
07-13 16:58:31.090 D/TXZ     ( 5597): [TXZWebSocketClient][7066/341]onError: ex=java.net.UnknownHostException: websocket.txzing.com
07-13 16:58:31.090 D/TXZ     ( 5597): [ReportManager][7066/341]java.net.UnknownHostException: websocket.txzing.com
07-13 16:58:31.090 D/TXZ     ( 5597): [ReportManager][7066/341]onClose() called with: code = -1, reason = websocket.txzing.com, remote = false
07-13 16:58:31.090 D/TXZ     ( 5597): [ReportManager][7066/7122]connect: finish
07-13 16:58:31.093 D/TXZ     ( 5597): [ReportManager][7066/7122]initWebSocket: url=wss://websocket.txzing.com/junsun/index?app_id=6a3643cb81c6e92137ccc63f536df874&tm=1752440311092&data=ImRuSSPBOWPXyPazdzMSl1EcEoSikWUZBUDivb26yTs%3D&platform=car
07-13 16:58:31.093 D/TXZ     ( 5597): [ReportManager][7066/7122]connect: start
07-13 16:58:31.094 D/TXZ     ( 5597): [TXZWebSocketClient][7066/344]onError: ex=java.net.UnknownHostException: websocket.txzing.com
07-13 16:58:31.094 D/TXZ     ( 5597): [ReportManager][7066/344]java.net.UnknownHostException: websocket.txzing.com
07-13 16:58:31.094 D/TXZ     ( 5597): [ReportManager][7066/344]onClose() called with: code = -1, reason = websocket.txzing.com, remote = false
07-13 16:58:31.096 D/TXZ     ( 5597): [ReportManager][7066/7122]connect: finish
07-13 16:58:31.103 D/TXZ     ( 5597): [ReportManager][7066/7122]initWebSocket: url=wss://websocket.txzing.com/junsun/index?app_id=6a3643cb81c6e92137ccc63f536df874&tm=1752440311103&data=YYTg876WF83%2BIstewcUsI3weI52ka81cFPAkTIt3E3Y%3D&platform=car
07-13 16:58:31.104 D/TXZ     ( 5597): [ReportManager][7066/7122]connect: start
07-13 16:58:31.105 D/TXZ     ( 5597): [TXZWebSocketClient][7066/346]onError: ex=java.net.UnknownHostException: websocket.txzing.com
07-13 16:58:31.105 D/TXZ     ( 5597): [ReportManager][7066/346]java.net.UnknownHostException: websocket.txzing.com
07-13 16:58:31.105 D/TXZ     ( 5597): [ReportManager][7066/346]onClose() called with: code = -1, reason = websocket.txzing.com, remote = false
07-13 16:58:31.105 D/TXZ     ( 5597): [ReportManager][7066/7122]connect: finish
07-13 16:58:31.105 D/TXZ     ( 5597): [ReportManager][7066/7122]initWebSocket: url=wss://websocket.txzing.com/junsun/index?app_id=6a3643cb81c6e92137ccc63f536df874&tm=1752440311105&data=roxjGd%2FUkSM03TOAzoeDS%2BY8eOLnVq%2BHw8lPAlMvzt4%3D&platform=car
07-13 16:58:31.106 D/TXZ     ( 5597): [ReportManager][7066/7122]connect: start
07-13 16:58:31.107 D/TXZ     ( 5597): [TXZWebSocketClient][7066/347]onError: ex=java.net.UnknownHostException: websocket.txzing.com
07-13 16:58:31.107 D/TXZ     ( 5597): [ReportManager][7066/347]java.net.UnknownHostException: websocket.txzing.com
07-13 16:58:31.107 D/TXZ     ( 5597): [ReportManager][7066/347]onClose() called with: code = -1, reason = websocket.txzing.com, remote = false
07-13 16:58:31.107 D/TXZ     ( 5597): [ReportManager][7066/7122]connect: finish
07-13 16:58:31.107 D/TXZ     ( 5597): [ReportManager][7066/7122]initWebSocket: url=wss://websocket.txzing.com/junsun/index?app_id=6a3643cb81c6e92137ccc63f536df874&tm=1752440311107&data=qqGbQsojye4B0n6NYTYNKfg9Gclh6Xqql7TFeBVlStA%3D&platform=car
07-13 16:58:31.107 D/TXZ     ( 5597): [ReportManager][7066/7122]connect: start
07-13 16:58:31.109 D/TXZ     ( 5597): [TXZWebSocketClient][7066/348]onError: ex=java.net.UnknownHostException: websocket.txzing.com
07-13 16:58:31.109 D/TXZ     ( 5597): [ReportManager][7066/348]java.net.UnknownHostException: websocket.txzing.com
07-13 16:58:31.109 D/TXZ     ( 5597): [ReportManager][7066/348]onClose() called with: code = -1, reason = websocket.txzing.com, remote = false
07-13 16:58:31.109 D/TXZ     ( 5597): [ReportManager][7066/7122]connect: finish
07-13 16:58:31.110 D/TXZ     ( 5597): [ReportManager][7066/7122]initWebSocket: url=wss://websocket.txzing.com/junsun/index?app_id=6a3643cb81c6e92137ccc63f536df874&tm=1752440311109&data=S1u2DvWu17pyNXmBZrj%2BRZhrpVyqaQ5bRoPp9TeZUK4%3D&platform=car
07-13 16:58:31.110 D/TXZ     ( 5597): [ReportManager][7066/7122]connect: start
07-13 16:58:31.111 D/TXZ     ( 5597): [TXZWebSocketClient][7066/349]onError: ex=java.net.UnknownHostException: websocket.txzing.com
07-13 16:58:31.112 D/TXZ     ( 5597): [ReportManager][7066/349]java.net.UnknownHostException: websocket.txzing.com
07-13 16:58:31.112 D/TXZ     ( 5597): [ReportManager][7066/349]onClose() called with: code = -1, reason = websocket.txzing.com, remote = false
07-13 16:58:31.112 D/TXZ     ( 5597): [ReportManager][7066/7122]connect: finish
07-13 16:58:31.115 V/MainActivity(32758): onCreate:
07-13 16:58:31.121 I/PhoneWindow(32758): requestFeature - pkg: com.serenegiant.usbcameratest8 - naviStr: com.google.android.apps.maps
07-13 16:58:31.121 I/PhoneWindow(32758): requestFeature - pkg: com.serenegiant.usbcameratest8 - naviStr: com.google.android.apps.maps
07-13 16:58:31.121 I/PhoneWindow(32758): generateLayout - pkg: com.serenegiant.usbcameratest8 - naviStr: com.google.android.apps.maps
07-13 16:58:31.121 I/PhoneWindow(32758): generateLayout - params.softInputMode: 0
07-13 16:58:31.127 D/TXZ     ( 5597): [ReportManager][7066/7122]initWebSocket: url=wss://websocket.txzing.com/junsun/index?app_id=6a3643cb81c6e92137ccc63f536df874&tm=1752440311126&data=Zpk7SMLOWwA%2FtC%2FlJT%2F4w3ocYIaPyg4xLjCTYrjrB5E%3D&platform=car
07-13 16:58:31.127 D/TXZ     ( 5597): [ReportManager][7066/7122]connect: start
07-13 16:58:31.129 D/TXZ     ( 5597): [TXZWebSocketClient][7066/351]onError: ex=java.net.UnknownHostException: websocket.txzing.com
07-13 16:58:31.129 D/TXZ     ( 5597): [ReportManager][7066/351]java.net.UnknownHostException: websocket.txzing.com
07-13 16:58:31.129 D/TXZ     ( 5597): [ReportManager][7066/351]onClose() called with: code = -1, reason = websocket.txzing.com, remote = false
07-13 16:58:31.129 D/TXZ     ( 5597): [ReportManager][7066/7122]connect: finish
07-13 16:58:31.131 D/TXZ     ( 5597): [ReportManager][7066/7122]initWebSocket: url=wss://websocket.txzing.com/junsun/index?app_id=6a3643cb81c6e92137ccc63f536df874&tm=1752440311131&data=zlOTC3uBEXv1qKJcDyfHxffK%2Fa2%2B5KsOXTFigkNTf%2FM%3D&platform=car
07-13 16:58:31.131 D/TXZ     ( 5597): [ReportManager][7066/7122]connect: start
07-13 16:58:31.133 D/TXZ     ( 5597): [TXZWebSocketClient][7066/352]onError: ex=java.net.UnknownHostException: websocket.txzing.com
07-13 16:58:31.133 D/TXZ     ( 5597): [ReportManager][7066/352]java.net.UnknownHostException: websocket.txzing.com
07-13 16:58:31.133 D/TXZ     ( 5597): [ReportManager][7066/352]onClose() called with: code = -1, reason = websocket.txzing.com, remote = false
07-13 16:58:31.133 D/TXZ     ( 5597): [ReportManager][7066/7122]connect: finish
07-13 16:58:31.135 D/TXZ     ( 5597): [ReportManager][7066/7122]initWebSocket: url=wss://websocket.txzing.com/junsun/index?app_id=6a3643cb81c6e92137ccc63f536df874&tm=1752440311134&data=%2B0sgFSQkv9O89TzvuBZct%2FKPUee6mMhDJSD6utMQqWs%3D&platform=car
07-13 16:58:31.135 D/TXZ     ( 5597): [ReportManager][7066/7122]connect: start
07-13 16:58:31.136 D/TXZ     ( 5597): [TXZWebSocketClient][7066/353]onError: ex=java.net.UnknownHostException: websocket.txzing.com
07-13 16:58:31.136 D/TXZ     ( 5597): [ReportManager][7066/353]java.net.UnknownHostException: websocket.txzing.com
07-13 16:58:31.136 D/TXZ     ( 5597): [ReportManager][7066/353]onClose() called with: code = -1, reason = websocket.txzing.com, remote = false
07-13 16:58:31.136 D/TXZ     ( 5597): [ReportManager][7066/7122]connect: finish
07-13 16:58:31.142 D/TXZ     ( 5597): [ReportManager][7066/7122]initWebSocket: url=wss://websocket.txzing.com/junsun/index?app_id=6a3643cb81c6e92137ccc63f536df874&tm=1752440311142&data=k8y6RObXzTuivAEa%2BoU4aIzBoV%2Bet%2FSPb0cWWFAK%2Bk0%3D&platform=car
07-13 16:58:31.142 D/TXZ     ( 5597): [ReportManager][7066/7122]connect: start
07-13 16:58:31.144 D/TXZ     ( 5597): [TXZWebSocketClient][7066/354]onError: ex=java.net.UnknownHostException: websocket.txzing.com
07-13 16:58:31.144 D/TXZ     ( 5597): [ReportManager][7066/354]java.net.UnknownHostException: websocket.txzing.com
07-13 16:58:31.144 D/TXZ     ( 5597): [ReportManager][7066/354]onClose() called with: code = -1, reason = websocket.txzing.com, remote = false
07-13 16:58:31.144 D/TXZ     ( 5597): [ReportManager][7066/7122]connect: finish
07-13 16:58:31.144 D/TXZ     ( 5597): [ReportManager][7066/7122]initWebSocket: url=wss://websocket.txzing.com/junsun/index?app_id=6a3643cb81c6e92137ccc63f536df874&tm=1752440311144&data=6kYP%2F7VB7S0pjt1It%2FzoK9yLi8h0xLc2ARR405qSGVg%3D&platform=car
07-13 16:58:31.144 D/TXZ     ( 5597): [ReportManager][7066/7122]connect: start
07-13 16:58:31.145 W/.usbcameratest(32758): Accessing hidden method Landroid/view/View;->computeFitSystemWindows(Landroid/graphics/Rect;Landroid/graphics/Rect;)Z (greylist, reflection, allowed)
07-13 16:58:31.146 D/TXZ     ( 5597): [TXZWebSocketClient][7066/355]onError: ex=java.net.UnknownHostException: websocket.txzing.com
07-13 16:58:31.146 D/TXZ     ( 5597): [ReportManager][7066/355]java.net.UnknownHostException: websocket.txzing.com
07-13 16:58:31.146 W/.usbcameratest(32758): Accessing hidden method Landroid/view/ViewGroup;->makeOptionalFitsSystemWindows()V (greylist, reflection, allowed)
07-13 16:58:31.146 D/TXZ     ( 5597): [ReportManager][7066/355]onClose() called with: code = -1, reason = websocket.txzing.com, remote = false
07-13 16:58:31.146 D/TXZ     ( 5597): [ReportManager][7066/7122]connect: finish
07-13 16:58:31.181 D/TXZ     ( 5597): [ReportManager][7066/7122]initWebSocket: url=wss://websocket.txzing.com/junsun/index?app_id=6a3643cb81c6e92137ccc63f536df874&tm=1752440311181&data=Ca%2BImqTqwoTJiMXvSc3kCD%2FG2ecBYdHaVQ%2FPhbdpUXI%3D&platform=car
07-13 16:58:31.181 D/TXZ     ( 5597): [ReportManager][7066/7122]connect: start
07-13 16:58:31.183 D/TXZ     ( 5597): [TXZWebSocketClient][7066/356]onError: ex=java.net.UnknownHostException: websocket.txzing.com
07-13 16:58:31.183 D/TXZ     ( 5597): [ReportManager][7066/356]java.net.UnknownHostException: websocket.txzing.com
07-13 16:58:31.183 D/TXZ     ( 5597): [ReportManager][7066/356]onClose() called with: code = -1, reason = websocket.txzing.com, remote = false
07-13 16:58:31.183 D/TXZ     ( 5597): [ReportManager][7066/7122]connect: finish
07-13 16:58:31.184 D/TXZ     ( 5597): [ReportManager][7066/7122]initWebSocket: url=wss://websocket.txzing.com/junsun/index?app_id=6a3643cb81c6e92137ccc63f536df874&tm=1752440311184&data=tVhSFVWeha2idhW%2Bm24fX6z6YKuUA%2Fhx61ft4kFt5%2FM%3D&platform=car
07-13 16:58:31.184 D/TXZ     ( 5597): [ReportManager][7066/7122]connect: start
07-13 16:58:31.186 D/TXZ     ( 5597): [TXZWebSocketClient][7066/357]onError: ex=java.net.UnknownHostException: websocket.txzing.com
07-13 16:58:31.186 D/TXZ     ( 5597): [ReportManager][7066/357]java.net.UnknownHostException: websocket.txzing.com
07-13 16:58:31.187 W/.usbcameratest(32758): Accessing hidden field Landroid/media/AudioSystem;->STREAM_SYSTEM_ENFORCED:I (greylist, reflection, allowed)
07-13 16:58:31.187 D/TXZ     ( 5597): [ReportManager][7066/357]onClose() called with: code = -1, reason = websocket.txzing.com, remote = false
07-13 16:58:31.187 D/TXZ     ( 5597): [ReportManager][7066/7122]connect: finish
07-13 16:58:31.188 D/TXZ     ( 5597): [ReportManager][7066/7122]initWebSocket: url=wss://websocket.txzing.com/junsun/index?app_id=6a3643cb81c6e92137ccc63f536df874&tm=1752440311186&data=K7PKGUoHUsMWuK3OR8cMtd4Wz5lgjTIkUYAGL%2BjbCOY%3D&platform=car
07-13 16:58:31.188 D/TXZ     ( 5597): [ReportManager][7066/7122]connect: start
07-13 16:58:31.188 D/TXZ     ( 5597): [TXZWebSocketClient][7066/359]onError: ex=java.net.UnknownHostException: websocket.txzing.com
07-13 16:58:31.188 D/TXZ     ( 5597): [ReportManager][7066/359]java.net.UnknownHostException: websocket.txzing.com
07-13 16:58:31.188 D/TXZ     ( 5597): [ReportManager][7066/359]onClose() called with: code = -1, reason = websocket.txzing.com, remote = false
07-13 16:58:31.188 D/TXZ     ( 5597): [ReportManager][7066/7122]connect: finish
07-13 16:58:31.192 D/TXZ     ( 5597): [ReportManager][7066/7122]initWebSocket: url=wss://websocket.txzing.com/junsun/index?app_id=6a3643cb81c6e92137ccc63f536df874&tm=1752440311191&data=CIUlHUSO3SukZD28DUbK1X8RBUefP7x3RMhCyqLR0uo%3D&platform=car
07-13 16:58:31.192 D/TXZ     ( 5597): [ReportManager][7066/7122]connect: start
07-13 16:58:31.193 D/TXZ     ( 5597): [TXZWebSocketClient][7066/360]onError: ex=java.net.UnknownHostException: websocket.txzing.com
07-13 16:58:31.193 D/TXZ     ( 5597): [ReportManager][7066/360]java.net.UnknownHostException: websocket.txzing.com
07-13 16:58:31.193 D/TXZ     ( 5597): [ReportManager][7066/360]onClose() called with: code = -1, reason = websocket.txzing.com, remote = false
07-13 16:58:31.193 D/TXZ     ( 5597): [ReportManager][7066/7122]connect: finish
07-13 16:58:31.194 D/AudioAttributes(32758): setInternalLegacyStreamType(), streamType=7, pid=32758, package_name=com.serenegiant.usbcameratest8
07-13 16:58:31.198 W/SoundPool(32758): Use of stream types is deprecated for operations other than volume control
07-13 16:58:31.198 W/SoundPool(32758): See the documentation of SoundPool() for what to use instead with android.media.AudioAttributes to qualify your playback use case
07-13 16:58:31.199 V/CameraThread(32758): getHandler:
07-13 16:58:31.202 D/DRM_DrmOmaPlugIn( 3630): onInitialize : 6327
07-13 16:58:31.202 D/DRM_DrmOmaPlugIn( 3630): onSetOnInfoListener : 6327
07-13 16:58:31.202 D/DRM_DrmOmaPlugIn( 3630): (6327)onOpenDecryptSession : offset:2091260, length:4851, fd:8
07-13 16:58:31.202 D/DRM_DcfParser( 3630): parse (null), fd: 9
07-13 16:58:31.202 D/DRM_DcfParser( 3630): parse (null), version: 80
07-13 16:58:31.202 E/DRM_DcfParser( 3630): parse error, only dcf v1 is supported, 80
07-13 16:58:31.202 E/DRM_DrmOmaPlugIn( 3630): onOpenDecryptSession , dcf parse error
07-13 16:58:31.202 D/DRM_DrmOmaPlugIn( 3630): onTerminate : 6327
07-13 16:58:31.205 D/TXZ     ( 5597): [ReportManager][7066/7122]initWebSocket: url=wss://websocket.txzing.com/junsun/index?app_id=6a3643cb81c6e92137ccc63f536df874&tm=1752440311204&data=6oTipMAjxp5t9EEEwRI%2FhQnYSJS0hniC47NcK600DQc%3D&platform=car
07-13 16:58:31.205 D/TXZ     ( 5597): [ReportManager][7066/7122]connect: start
07-13 16:58:31.205 V/MainActivity(32758): onStart:
07-13 16:58:31.206 D/TXZ     ( 5597): [TXZWebSocketClient][7066/364]onError: ex=java.net.UnknownHostException: websocket.txzing.com
07-13 16:58:31.206 D/TXZ     ( 5597): [ReportManager][7066/364]java.net.UnknownHostException: websocket.txzing.com
07-13 16:58:31.206 D/TXZ     ( 5597): [ReportManager][7066/364]onClose() called with: code = -1, reason = websocket.txzing.com, remote = false
07-13 16:58:31.206 D/TXZ     ( 5597): [ReportManager][7066/7122]connect: finish
07-13 16:58:31.207 V/UVCCameraTextureView(32758): onResume:
07-13 16:58:31.208 D/MediaCodec(32758): app proc_name: com.serenegiant.usbcameratest8 mime: audio/vorbis
07-13 16:58:31.208 I/MediaCodecList(32758): findMatchingCodecs called by com.serenegiant.usbcameratest8, mime: audio/vorbis, encoder: 0
07-13 16:58:31.211 D/TXZ     ( 5597): [ReportManager][7066/7122]initWebSocket: url=wss://websocket.txzing.com/junsun/index?app_id=6a3643cb81c6e92137ccc63f536df874&tm=1752440311210&data=jhIMbsd4Huuu1SbsI%2BFUckZlQvrdoqz%2BAp2rO6XfdJ0%3D&platform=car
07-13 16:58:31.211 D/TXZ     ( 5597): [ReportManager][7066/7122]connect: start
07-13 16:58:31.213 D/TXZ     ( 5597): [TXZWebSocketClient][7066/366]onError: ex=java.net.UnknownHostException: websocket.txzing.com
07-13 16:58:31.213 D/TXZ     ( 5597): [ReportManager][7066/366]java.net.UnknownHostException: websocket.txzing.com
07-13 16:58:31.213 I/ActivityThread(32758): performResumeActivity - pkgName: com.serenegiant.usbcameratest8 - className: com.serenegiant.usbcameratest8.MainActivity
07-13 16:58:31.213 D/TXZ     ( 5597): [ReportManager][7066/366]onClose() called with: code = -1, reason = websocket.txzing.com, remote = false
07-13 16:58:31.213 D/TXZ     ( 5597): [ReportManager][7066/7122]connect: finish
07-13 16:58:31.213 D/TXZ     ( 5597): [ReportManager][7066/7122]initWebSocket: url=wss://websocket.txzing.com/junsun/index?app_id=6a3643cb81c6e92137ccc63f536df874&tm=1752440311212&data=6lDhoziM0%2Breur%2FKW6Hf69a17rPg8uwUYkHpTY%2BIaig%3D&platform=car
07-13 16:58:31.213 D/TXZ     ( 5597): [ReportManager][7066/7122]connect: start
07-13 16:58:31.214 I/ActivityThread(32758): smart_link is  not supported!!!
07-13 16:58:31.214 D/TXZ     ( 5597): [TXZWebSocketClient][7066/367]onError: ex=java.net.UnknownHostException: websocket.txzing.com
07-13 16:58:31.215 D/TXZ     ( 5597): [ReportManager][7066/367]java.net.UnknownHostException: websocket.txzing.com
07-13 16:58:31.215 D/TXZ     ( 5597): [ReportManager][7066/367]onClose() called with: code = -1, reason = websocket.txzing.com, remote = false
07-13 16:58:31.215 D/TXZ     ( 5597): [ReportManager][7066/7122]connect: finish
07-13 16:58:31.215 I/xxb     (32758): thread[main, 2] (WindowManagerImpl.java:98): topname = com.serenegiant.usbcameratest8---Window = com.serenegiant.usbcameratest8
07-13 16:58:31.216 D/TXZ     ( 5597): [ReportManager][7066/7122]initWebSocket: url=wss://websocket.txzing.com/junsun/index?app_id=6a3643cb81c6e92137ccc63f536df874&tm=1752440311215&data=%2FylrhMZqH5PYUv9T8UPqGr4qH%2BRXdwSomcl9cLat8MA%3D&platform=car
07-13 16:58:31.216 D/TXZ     ( 5597): [ReportManager][7066/7122]connect: start
07-13 16:58:31.217 D/TXZ     ( 5597): [TXZWebSocketClient][7066/368]onError: ex=java.net.UnknownHostException: websocket.txzing.com
07-13 16:58:31.217 D/TXZ     ( 5597): [ReportManager][7066/368]java.net.UnknownHostException: websocket.txzing.com
07-13 16:58:31.218 D/TXZ     ( 5597): [ReportManager][7066/368]onClose() called with: code = -1, reason = websocket.txzing.com, remote = false
07-13 16:58:31.218 D/TXZ     ( 5597): [ReportManager][7066/7122]connect: finish
07-13 16:58:31.219 D/TXZ     ( 5597): [ReportManager][7066/7122]initWebSocket: url=wss://websocket.txzing.com/junsun/index?app_id=6a3643cb81c6e92137ccc63f536df874&tm=1752440311218&data=WOdMRfKSCYpaLRT697gu6sp2nWzar8u2V02tu4OMf9Y%3D&platform=car
07-13 16:58:31.219 D/TXZ     ( 5597): [ReportManager][7066/7122]connect: start
07-13 16:58:31.222 D/TXZ     ( 5597): [TXZWebSocketClient][7066/369]onError: ex=java.net.UnknownHostException: websocket.txzing.com
07-13 16:58:31.222 D/TXZ     ( 5597): [ReportManager][7066/369]java.net.UnknownHostException: websocket.txzing.com
07-13 16:58:31.224 D/TXZ     ( 5597): [ReportManager][7066/369]onClose() called with: code = -1, reason = websocket.txzing.com, remote = false
07-13 16:58:31.224 D/TXZ     ( 5597): [ReportManager][7066/7122]connect: finish
07-13 16:58:31.236 D/TXZ     ( 5597): [ReportManager][7066/7122]initWebSocket: url=wss://websocket.txzing.com/junsun/index?app_id=6a3643cb81c6e92137ccc63f536df874&tm=1752440311235&data=6Apaa%2Bjdm4KJRUWffoV5A0imkWFZlzR%2FQFTwpSzemSo%3D&platform=car
07-13 16:58:31.236 D/TXZ     ( 5597): [ReportManager][7066/7122]connect: start
07-13 16:58:31.238 D/TXZ     ( 5597): [TXZWebSocketClient][7066/370]onError: ex=java.net.UnknownHostException: websocket.txzing.com
07-13 16:58:31.238 D/TXZ     ( 5597): [ReportManager][7066/370]java.net.UnknownHostException: websocket.txzing.com
07-13 16:58:31.238 D/TXZ     ( 5597): [ReportManager][7066/370]onClose() called with: code = -1, reason = websocket.txzing.com, remote = false
07-13 16:58:31.238 D/TXZ     ( 5597): [ReportManager][7066/7122]connect: finish
07-13 16:58:31.238 D/TXZ     ( 5597): [ReportManager][7066/7122]initWebSocket: url=wss://websocket.txzing.com/junsun/index?app_id=6a3643cb81c6e92137ccc63f536df874&tm=1752440311237&data=yDRRLqKWkYZSkv64TRhSm017uQ2TwTAp54x52X%2BWl1A%3D&platform=car
07-13 16:58:31.238 D/TXZ     ( 5597): [ReportManager][7066/7122]connect: start
07-13 16:58:31.239 D/TXZ     ( 5597): [TXZWebSocketClient][7066/371]onError: ex=java.net.UnknownHostException: websocket.txzing.com
07-13 16:58:31.239 D/TXZ     ( 5597): [ReportManager][7066/371]java.net.UnknownHostException: websocket.txzing.com
07-13 16:58:31.239 D/TXZ     ( 5597): [ReportManager][7066/371]onClose() called with: code = -1, reason = websocket.txzing.com, remote = false
07-13 16:58:31.240 D/TXZ     ( 5597): [ReportManager][7066/7122]connect: finish
07-13 16:58:31.241 D/CCodec  (32758): allocate(c2.android.vorbis.decoder)
07-13 16:58:31.243 I/Codec2Client(32758): Available Codec2 services: "software"
07-13 16:58:31.244 I/Codec2Client(32758): Creating a Codec2 client to service "software"
07-13 16:58:31.245 I/Codec2Client(32758): Client to Codec2 service "software" created
07-13 16:58:31.246 V/C2Store ( 3772): in init
07-13 16:58:31.246 V/C2Store ( 3772): loading dll
07-13 16:58:31.250 I/CCodec  (32758): Created component [c2.android.vorbis.decoder]
07-13 16:58:31.250 D/SSense  ( 4123): onFpsChanged: fps:6.133333
07-13 16:58:31.250 D/SceneRecognizer( 4123): notifySceneStatusChanged: notify 1 receivers
07-13 16:58:31.250 E/PowerHintCallback( 4123): sceneId: 0 is invalid
07-13 16:58:31.250 D/CCodecConfig(32758): read media type: audio/vorbis
07-13 16:58:31.252 D/ReflectedParamUpdater(32758): extent() != 1 for single value type: algo.buffers.max-count.values
07-13 16:58:31.253 D/ReflectedParamUpdater(32758): extent() != 1 for single value type: output.subscribed-indices.values
07-13 16:58:31.253 D/ReflectedParamUpdater(32758): extent() != 1 for single value type: input.buffers.allocator-ids.values
07-13 16:58:31.253 D/ReflectedParamUpdater(32758): extent() != 1 for single value type: output.buffers.allocator-ids.values
07-13 16:58:31.253 D/ReflectedParamUpdater(32758): extent() != 1 for single value type: algo.buffers.allocator-ids.values
07-13 16:58:31.253 D/ReflectedParamUpdater(32758): extent() != 1 for single value type: output.buffers.pool-ids.values
07-13 16:58:31.254 D/ReflectedParamUpdater(32758): extent() != 1 for single value type: algo.buffers.pool-ids.values
07-13 16:58:31.255 I/CCodecConfig(32758): query failed after returning 7 values (BAD_INDEX)
07-13 16:58:31.255 D/CCodecConfig(32758): c2 config is Dict {
07-13 16:58:31.255 D/CCodecConfig(32758):   c2::u32 coded.bitrate.value = 64000
07-13 16:58:31.255 D/CCodecConfig(32758):   c2::u32 input.buffers.max-size.value = 32768
07-13 16:58:31.255 D/CCodecConfig(32758):   c2::u32 input.delay.value = 0
07-13 16:58:31.255 D/CCodecConfig(32758):   string input.media-type.value = "audio/vorbis"
07-13 16:58:31.255 D/CCodecConfig(32758):   string output.media-type.value = "audio/raw"
07-13 16:58:31.255 D/CCodecConfig(32758):   c2::u32 raw.channel-count.value = 1
07-13 16:58:31.255 D/CCodecConfig(32758):   c2::u32 raw.sample-rate.value = 48000
07-13 16:58:31.255 D/CCodecConfig(32758): }
07-13 16:58:31.255 D/CCodecConfig(32758): no c2 equivalents for durationUs
07-13 16:58:31.256 D/CCodecConfig(32758): no c2 equivalents for csd-1
07-13 16:58:31.256 D/CCodecConfig(32758): no c2 equivalents for track-id
07-13 16:58:31.256 D/CCodecConfig(32758): no c2 equivalents for channel-mask
07-13 16:58:31.256 D/CCodecConfig(32758): c2 config is Dict {
07-13 16:58:31.256 D/CCodecConfig(32758):   c2::u32 coded.bitrate.value = 64000
07-13 16:58:31.256 D/CCodecConfig(32758):   c2::u32 input.buffers.max-size.value = 32768
07-13 16:58:31.256 D/CCodecConfig(32758):   c2::u32 input.delay.value = 0
07-13 16:58:31.256 D/CCodecConfig(32758):   string input.media-type.value = "audio/vorbis"
07-13 16:58:31.256 D/CCodecConfig(32758):   string output.media-type.value = "audio/raw"
07-13 16:58:31.256 D/CCodecConfig(32758):   c2::u32 raw.channel-count.value = 1
07-13 16:58:31.256 D/CCodecConfig(32758):   c2::u32 raw.sample-rate.value = 44100
07-13 16:58:31.256 D/CCodecConfig(32758): }
07-13 16:58:31.257 W/Codec2Client(32758): query -- param skipped: index = 1107298332.
07-13 16:58:31.257 D/CCodec  (32758): setup formats input: AMessage(what = 0x00000000) = {
07-13 16:58:31.257 D/CCodec  (32758):   int32_t channel-count = 1
07-13 16:58:31.257 D/CCodec  (32758):   int32_t max-input-size = 32768
07-13 16:58:31.257 D/CCodec  (32758):   string mime = "audio/vorbis"
07-13 16:58:31.257 D/CCodec  (32758):   int32_t sample-rate = 44100
07-13 16:58:31.257 D/CCodec  (32758): } and output: AMessage(what = 0x00000000) = {
07-13 16:58:31.257 D/CCodec  (32758):   int32_t channel-count = 1
07-13 16:58:31.257 D/CCodec  (32758):   string mime = "audio/raw"
07-13 16:58:31.257 D/CCodec  (32758):   int32_t sample-rate = 44100
07-13 16:58:31.257 D/CCodec  (32758):   int32_t channel-mask = 1
07-13 16:58:31.257 D/CCodec  (32758): }
07-13 16:58:31.257 W/Codec2Client(32758): query -- param skipped: index = 1342179345.
07-13 16:58:31.258 W/Codec2Client(32758): query -- param skipped: index = 2415921170.
07-13 16:58:31.259 D/CCodecBufferChannel(32758): [c2.android.vorbis.decoder#14] Created input block pool with allocatorID 16 => poolID 17 - OK (0)
07-13 16:58:31.259 D/TXZ     ( 5597): [ReportManager][7066/7122]initWebSocket: url=wss://websocket.txzing.com/junsun/index?app_id=6a3643cb81c6e92137ccc63f536df874&tm=1752440311258&data=m5n92ZMaQcbopeDKQn4csJvQ4YdFDkMk35KM26ySuUE%3D&platform=car
07-13 16:58:31.259 D/TXZ     ( 5597): [ReportManager][7066/7122]connect: start
07-13 16:58:31.260 D/BufferPoolAccessor(31516): bufferpool2 0x73ae0cb420 : 0(0 size) total buffers - 0(0 size) used buffers - 2/9 (recycle/alloc) - 7/48 (fetch/transfer)
07-13 16:58:31.260 D/BufferPoolAccessor(31516): Destruction - bufferpool2 0x73ae0cb420 cached: 0/0M, 0/0% in use; allocs: 9, 22% recycled; transfers: 48, 85% unfetced
07-13 16:58:31.261 D/TXZ     ( 5597): [TXZWebSocketClient][7066/376]onError: ex=java.net.UnknownHostException: websocket.txzing.com
07-13 16:58:31.261 I/CCodecBufferChannel(32758): [c2.android.vorbis.decoder#14] Created output block pool with allocatorID 16 => poolID 53 - OK
07-13 16:58:31.261 D/TXZ     ( 5597): [ReportManager][7066/376]java.net.UnknownHostException: websocket.txzing.com
07-13 16:58:31.261 D/TXZ     ( 5597): [ReportManager][7066/376]onClose() called with: code = -1, reason = websocket.txzing.com, remote = false
07-13 16:58:31.261 D/CCodecBufferChannel(32758): [c2.android.vorbis.decoder#14] Configured output block pool ids 53 => OK
07-13 16:58:31.262 D/TXZ     ( 5597): [ReportManager][7066/7122]connect: finish
07-13 16:58:31.262 D/TXZ     ( 5597): [ReportManager][7066/7122]initWebSocket: url=wss://websocket.txzing.com/junsun/index?app_id=6a3643cb81c6e92137ccc63f536df874&tm=1752440311261&data=yaE6kxGRn1sJl%2B8ooFoaoutnrWZjsFWGLxho3ciYiRo%3D&platform=car
07-13 16:58:31.262 E/ion     (32758): ioctl c0044901 failed with code -1: Not a typewriter
07-13 16:58:31.262 D/SimpleC2Component( 3772): Using output block pool with poolID 53 => got 53 - 0
07-13 16:58:31.263 D/TXZ     ( 5597): [ReportManager][7066/7122]connect: start
07-13 16:58:31.264 D/TXZ     ( 5597): [TXZWebSocketClient][7066/377]onError: ex=java.net.UnknownHostException: websocket.txzing.com
07-13 16:58:31.264 D/TXZ     ( 5597): [ReportManager][7066/377]java.net.UnknownHostException: websocket.txzing.com
07-13 16:58:31.265 D/TXZ     ( 5597): [ReportManager][7066/377]onClose() called with: code = -1, reason = websocket.txzing.com, remote = false
07-13 16:58:31.265 D/TXZ     ( 5597): [ReportManager][7066/7122]connect: finish
07-13 16:58:31.271 I/BarController( 4123): setBarShowingLw - win: 15df344 StatusBar - show: true
07-13 16:58:31.276 D/SSense  ( 4123): windowsChanged
07-13 16:58:31.281 D/TXZ     ( 5597): [ReportManager][7066/7122]initWebSocket: url=wss://websocket.txzing.com/junsun/index?app_id=6a3643cb81c6e92137ccc63f536df874&tm=1752440311280&data=LOB0gyfDHQ0w9l0WHjBdQGnHIgg1QD2db4Pgoht249A%3D&platform=car
07-13 16:58:31.281 D/TXZ     ( 5597): [ReportManager][7066/7122]connect: start
07-13 16:58:31.284 D/TXZ     ( 5597): [TXZWebSocketClient][7066/379]onError: ex=java.net.UnknownHostException: websocket.txzing.com
07-13 16:58:31.284 D/TXZ     ( 5597): [ReportManager][7066/379]java.net.UnknownHostException: websocket.txzing.com
07-13 16:58:31.284 D/TXZ     ( 5597): [ReportManager][7066/379]onClose() called with: code = -1, reason = websocket.txzing.com, remote = false
07-13 16:58:31.284 D/TXZ     ( 5597): [ReportManager][7066/7122]connect: finish
07-13 16:58:31.284 D/TXZ     ( 5597): [ReportManager][7066/7122]initWebSocket: url=wss://websocket.txzing.com/junsun/index?app_id=6a3643cb81c6e92137ccc63f536df874&tm=1752440311284&data=2B7IqbpGu%2FwjMF04k2ADj9lj%2BevvJGjqdlkQWkFhJN0%3D&platform=car
07-13 16:58:31.285 D/TXZ     ( 5597): [ReportManager][7066/7122]connect: start
07-13 16:58:31.286 D/TxzAccessibilityService( 5597): onAccessibilityEvent: event=EventType: TYPE_WINDOW_STATE_CHANGED; EventTime: 8851859; PackageName: com.serenegiant.usbcameratest8; MovementGranularity: 0; Action: 0; ContentChangeTypes: []; WindowChangeTypes: [] [ ClassName: com.serenegiant.usbcameratest8.MainActivity; Text: [usbCameraTest8]; ContentDescription: null; ItemCount: -1; CurrentItemIndex: -1; Enabled: true; Password: false; Checked: false; FullScreen: true; Scrollable: false; BeforeText: null; FromIndex: -1; ToIndex: -1; ScrollX: -1; ScrollY: -1; MaxScrollX: -1; MaxScrollY: -1; AddedCount: -1; RemovedCount: -1; ParcelableData: null ]; recordCount: 0
07-13 16:58:31.287 D/TXZ     ( 5597): [TXZWebSocketClient][7066/381]onError: ex=java.net.UnknownHostException: websocket.txzing.com
07-13 16:58:31.288 D/TXZ     ( 5597): [ReportManager][7066/381]java.net.UnknownHostException: websocket.txzing.com
07-13 16:58:31.288 D/TXZ     ( 5597): [ReportManager][7066/381]onClose() called with: code = -1, reason = websocket.txzing.com, remote = false
07-13 16:58:31.288 D/TXZ     ( 5597): [ReportManager][7066/7122]connect: finish
07-13 16:58:31.292 D/com.txznet.smartwakeup.module.accessibility.TxzAccessibilityService@onAccessibilityEvent( 5597): current packageName android
07-13 16:58:31.293 D/mali_winsys(32758): EGLint new_window_surface(egl_winsys_display *, void *, EGLSurface, EGLConfig, egl_winsys_surface **, EGLBoolean) returns 0x3000
07-13 16:58:31.296 V/UVCCameraTextureView(32758): onSurfaceTextureAvailable:android.graphics.SurfaceTexture@31301db
07-13 16:58:31.296 I/gralloc ( 3497): gralloc=>alloc, share_fd=9, share_attr_fd=10, magic=51647890, format=1, internal_format=300000001, byte_stride=5120, flags=4, usage=0x20000b00, size=3744768, width=1280, height=720, internalWidth=1280, internalHeight=720, stride=1280, ADP_VSTRIDE=720,base=0x709720d000, cpu_read=0, cpu_write=0, attr_base=0xffffffffffffffff, yuv_info=0, fd=-1, buf_idx=0, offset=0, min_pgsz=4096, phyaddr=0
07-13 16:58:31.297 V/UVCCameraTextureView(32758): RenderThread#getHandler:
07-13 16:58:31.297 I/gralloc ( 3580): gralloc_register_buffer hnd=0x7f66044800, share_fd=132, share_attr_fd=142, magic=51647890, format=1, internal_format=300000001, byte_stride=5120, flags=4, usage=0x20000b00, size=3744768, width=1280, height=720, internalWidth=1280, internalHeight=720, stride=1280, base=0x7f4a8fe000, cpu_read=0,cpu_write=0, attr_base=0xffffffffffffffff, yuv_info=0, fd=-1, buf_idx=0, offset=0, min_pgsz=4096, phyaddr=0
07-13 16:58:31.297 I/gralloc ( 3497): gralloc_unregister_buffer hnd=0x709bc26200, share_fd=9, share_attr_fd=10, magic=51647890, format=1, internal_format=300000001, byte_stride=5120, flags=4, usage=0x20000b00, size=3744768, width=1280, height=720, internalWidth=1280, internalHeight=720, stride=1280, base=0x709720d000, cpu_read=0,cpu_write=0, attr_base=0xffffffffffffffff, yuv_info=0, fd=-1, buf_idx=0, offset=0, min_pgsz=4096, phyaddr=0
07-13 16:58:31.297 I/gralloc ( 3497): gralloc=>free hnd=0x709bc26200, share_fd=9, share_attr_fd=10, magic=51647890, format=1, internal_format=300000001, byte_stride=5120, flags=4, usage=0x20000b00, size=3744768, width=1280, height=720, internalWidth=1280, internalHeight=720, stride=1280, base=0x709720d000, cpu_read=0,cpu_write=0, attr_base=0xffffffffffffffff, yuv_info=0, fd=-1, buf_idx=0, offset=0, min_pgsz=4096, phyaddr=0
07-13 16:58:31.298 D/UVCCameraTextureView(32758): RenderThread started
07-13 16:58:31.298 V/UVCCameraTextureView(32758): RenderThread#init:
07-13 16:58:31.299 I/gralloc ( 3497): gralloc=>alloc, share_fd=9, share_attr_fd=10, magic=51647890, format=1, internal_format=300000001, byte_stride=5120, flags=4, usage=0x20000b00, size=3744768, width=1280, height=720, internalWidth=1280, internalHeight=720, stride=1280, ADP_VSTRIDE=720,base=0x709720d000, cpu_read=0, cpu_write=0, attr_base=0xffffffffffffffff, yuv_info=0, fd=-1, buf_idx=0, offset=0, min_pgsz=4096, phyaddr=0
07-13 16:58:31.300 I/gralloc ( 3497): gralloc_unregister_buffer hnd=0x709982c200, share_fd=9, share_attr_fd=10, magic=51647890, format=1, internal_format=300000001, byte_stride=5120, flags=4, usage=0x20000b00, size=3744768, width=1280, height=720, internalWidth=1280, internalHeight=720, stride=1280, base=0x709720d000, cpu_read=0,cpu_write=0, attr_base=0xffffffffffffffff, yuv_info=0, fd=-1, buf_idx=0, offset=0, min_pgsz=4096, phyaddr=0
07-13 16:58:31.300 I/gralloc ( 3497): gralloc=>free hnd=0x709982c200, share_fd=9, share_attr_fd=10, magic=51647890, format=1, internal_format=300000001, byte_stride=5120, flags=4, usage=0x20000b00, size=3744768, width=1280, height=720, internalWidth=1280, internalHeight=720, stride=1280, base=0x709720d000, cpu_read=0,cpu_write=0, attr_base=0xffffffffffffffff, yuv_info=0, fd=-1, buf_idx=0, offset=0, min_pgsz=4096, phyaddr=0
07-13 16:58:31.300 I/gralloc ( 3580): gralloc_register_buffer hnd=0x7f69bc9a00, share_fd=145, share_attr_fd=148, magic=51647890, format=1, internal_format=300000001, byte_stride=5120, flags=4, usage=0x20000b00, size=3744768, width=1280, height=720, internalWidth=1280, internalHeight=720, stride=1280, base=0x7f4a56b000, cpu_read=0,cpu_write=0, attr_base=0xffffffffffffffff, yuv_info=0, fd=-1, buf_idx=0, offset=0, min_pgsz=4096, phyaddr=0
07-13 16:58:31.301 I/QFApi   ( 6445): getCustomPlatform - customPlatform: 7862
07-13 16:58:31.301 D/EGLBase14(32758): EGLContext created, client version 3
07-13 16:58:31.301 D/mali_winsys(32758): EGLint new_window_surface(egl_winsys_display *, void *, EGLSurface, EGLConfig, egl_winsys_surface **, EGLBoolean) returns 0x3000
07-13 16:58:31.302 I/gralloc ( 3497): gralloc=>alloc, share_fd=9, share_attr_fd=10, magic=51647890, format=1, internal_format=300000001, byte_stride=5120, flags=4, usage=0x20000b00, size=3744768, width=1280, height=720, internalWidth=1280, internalHeight=720, stride=1280, ADP_VSTRIDE=720,base=0x709720d000, cpu_read=0, cpu_write=0, attr_base=0xffffffffffffffff, yuv_info=0, fd=-1, buf_idx=0, offset=0, min_pgsz=4096, phyaddr=0
07-13 16:58:31.302 I/gralloc ( 3497): gralloc_unregister_buffer hnd=0x709982c200, share_fd=9, share_attr_fd=10, magic=51647890, format=1, internal_format=300000001, byte_stride=5120, flags=4, usage=0x20000b00, size=3744768, width=1280, height=720, internalWidth=1280, internalHeight=720, stride=1280, base=0x709720d000, cpu_read=0,cpu_write=0, attr_base=0xffffffffffffffff, yuv_info=0, fd=-1, buf_idx=0, offset=0, min_pgsz=4096, phyaddr=0
07-13 16:58:31.302 I/gralloc ( 3497): gralloc=>free hnd=0x709982c200, share_fd=9, share_attr_fd=10, magic=51647890, format=1, internal_format=300000001, byte_stride=5120, flags=4, usage=0x20000b00, size=3744768, width=1280, height=720, internalWidth=1280, internalHeight=720, stride=1280, base=0x709720d000, cpu_read=0,cpu_write=0, attr_base=0xffffffffffffffff, yuv_info=0, fd=-1, buf_idx=0, offset=0, min_pgsz=4096, phyaddr=0
07-13 16:58:31.302 I/gralloc ( 3580): gralloc_register_buffer hnd=0x7f528fa200, share_fd=150, share_attr_fd=152, magic=51647890, format=1, internal_format=300000001, byte_stride=5120, flags=4, usage=0x20000b00, size=3744768, width=1280, height=720, internalWidth=1280, internalHeight=720, stride=1280, base=0x7f4a1d8000, cpu_read=0,cpu_write=0, attr_base=0xffffffffffffffff, yuv_info=0, fd=-1, buf_idx=0, offset=0, min_pgsz=4096, phyaddr=0
07-13 16:58:31.308 V/C2Store ( 3772): in ~ComponentModule
07-13 16:58:31.308 V/C2Store ( 3772): unloading dll
07-13 16:58:31.316 I/BarController( 4123): setBarShowingLw - win: 15df344 StatusBar - show: true
07-13 16:58:31.320 I/BarController( 4123): setBarShowingLw - win: 15df344 StatusBar - show: true
07-13 16:58:31.326 D/TXZ     ( 5597): [ReportManager][7066/7122]initWebSocket: url=wss://websocket.txzing.com/junsun/index?app_id=6a3643cb81c6e92137ccc63f536df874&tm=1752440311325&data=DkVVXJJeGupqZKpK2IdLT%2F34uPcQ5W%2FTrI6JFy781Yo%3D&platform=car
07-13 16:58:31.327 D/TXZ     ( 5597): [ReportManager][7066/7122]connect: start
07-13 16:58:31.327 I/gralloc ( 3580): gralloc_unregister_buffer hnd=0x7f528fa200, share_fd=150, share_attr_fd=152, magic=51647890, format=1, internal_format=300000001, byte_stride=5120, flags=4, usage=0x20000b00, size=3744768, width=1280, height=720, internalWidth=1280, internalHeight=720, stride=1280, base=0x7f4a1d8000, cpu_read=0,cpu_write=0, attr_base=0xffffffffffffffff, yuv_info=0, fd=-1, buf_idx=0, offset=0, min_pgsz=4096, phyaddr=0
07-13 16:58:31.328 D/TXZ     ( 5597): [TXZWebSocketClient][7066/395]onError: ex=java.net.UnknownHostException: websocket.txzing.com
07-13 16:58:31.328 D/TXZ     ( 5597): [ReportManager][7066/395]java.net.UnknownHostException: websocket.txzing.com
07-13 16:58:31.328 D/TXZ     ( 5597): [ReportManager][7066/395]onClose() called with: code = -1, reason = websocket.txzing.com, remote = false
07-13 16:58:31.328 D/TXZ     ( 5597): [ReportManager][7066/7122]connect: finish
07-13 16:58:31.329 I/gralloc ( 3497): gralloc=>alloc, share_fd=9, share_attr_fd=10, magic=51647890, format=1, internal_format=300000001, byte_stride=2880, flags=4, usage=0x20000b00, size=3744768, width=720, height=1280, internalWidth=720, internalHeight=1280, stride=720, ADP_VSTRIDE=1280,base=0x709720d000, cpu_read=0, cpu_write=0, attr_base=0xffffffffffffffff, yuv_info=0, fd=-1, buf_idx=0, offset=0, min_pgsz=4096, phyaddr=0
07-13 16:58:31.329 I/gralloc ( 3497): gralloc_unregister_buffer hnd=0x709982c200, share_fd=9, share_attr_fd=10, magic=51647890, format=1, internal_format=300000001, byte_stride=2880, flags=4, usage=0x20000b00, size=3744768, width=720, height=1280, internalWidth=720, internalHeight=1280, stride=720, base=0x709720d000, cpu_read=0,cpu_write=0, attr_base=0xffffffffffffffff, yuv_info=0, fd=-1, buf_idx=0, offset=0, min_pgsz=4096, phyaddr=0
07-13 16:58:31.329 I/gralloc ( 3497): gralloc=>free hnd=0x709982c200, share_fd=9, share_attr_fd=10, magic=51647890, format=1, internal_format=300000001, byte_stride=2880, flags=4, usage=0x20000b00, size=3744768, width=720, height=1280, internalWidth=720, internalHeight=1280, stride=720, base=0x709720d000, cpu_read=0,cpu_write=0, attr_base=0xffffffffffffffff, yuv_info=0, fd=-1, buf_idx=0, offset=0, min_pgsz=4096, phyaddr=0
07-13 16:58:31.329 I/gralloc ( 3580): gralloc_register_buffer hnd=0x7f528fa200, share_fd=134, share_attr_fd=141, magic=51647890, format=1, internal_format=300000001, byte_stride=2880, flags=4, usage=0x20000b00, size=3744768, width=720, height=1280, internalWidth=720, internalHeight=1280, stride=720, base=0x7f4a1d8000, cpu_read=0,cpu_write=0, attr_base=0xffffffffffffffff, yuv_info=0, fd=-1, buf_idx=0, offset=0, min_pgsz=4096, phyaddr=0
07-13 16:58:31.330 D/TXZ     ( 5597): [ReportManager][7066/7122]initWebSocket: url=wss://websocket.txzing.com/junsun/index?app_id=6a3643cb81c6e92137ccc63f536df874&tm=1752440311329&data=w%2ByVwPEuM12hG7U%2B2XU3YNKh0RH1PpXU1pe5W7S876o%3D&platform=car
07-13 16:58:31.330 D/TXZ     ( 5597): [ReportManager][7066/7122]connect: start
07-13 16:58:31.330 I/hwservicemanager( 3152): getTransport: Cannot find entry android.hardware.graphics.mapper@3.0::IMapper/default in either framework or device manifest.
07-13 16:58:31.330 W/Gralloc3(32758): mapper 3.x is not supported
07-13 16:58:31.331 D/TXZ     ( 5597): [TXZWebSocketClient][7066/396]onError: ex=java.net.UnknownHostException: websocket.txzing.com
07-13 16:58:31.331 D/TXZ     ( 5597): [ReportManager][7066/396]java.net.UnknownHostException: websocket.txzing.com
07-13 16:58:31.331 D/TXZ     ( 5597): [ReportManager][7066/396]onClose() called with: code = -1, reason = websocket.txzing.com, remote = false
07-13 16:58:31.331 D/TXZ     ( 5597): [ReportManager][7066/7122]connect: finish
07-13 16:58:31.332 I/gralloc (32758): gralloc_register_buffer hnd=0x7347d1a100, share_fd=63, share_attr_fd=65, magic=51647890, format=1, internal_format=300000001, byte_stride=2880, flags=4, usage=0x20000b00, size=3744768, width=720, height=1280, internalWidth=720, internalHeight=1280, stride=720, base=0x734c19f000, cpu_read=0,cpu_write=0, attr_base=0xffffffffffffffff, yuv_info=0, fd=-1, buf_idx=0, offset=0, min_pgsz=4096, phyaddr=0
07-13 16:58:31.332 W/gralloc (32758): WARNING: internal format modifier bits not mutually exclusive. AFBC basic bit is always set, so extended AFBC support bits must always be checked.
07-13 16:58:31.333 D/TXZ     ( 5597): [ReportManager][7066/7122]initWebSocket: url=wss://websocket.txzing.com/junsun/index?app_id=6a3643cb81c6e92137ccc63f536df874&tm=1752440311332&data=tfTSHC5SkHoiHMS1iHwjg8MN9muATOgyvSUGt9Rxa48%3D&platform=car
07-13 16:58:31.333 D/TXZ     ( 5597): [ReportManager][7066/7122]connect: start
07-13 16:58:31.334 D/TXZ     ( 5597): [TXZWebSocketClient][7066/397]onError: ex=java.net.UnknownHostException: websocket.txzing.com
07-13 16:58:31.334 D/TXZ     ( 5597): [ReportManager][7066/397]java.net.UnknownHostException: websocket.txzing.com
07-13 16:58:31.334 D/TXZ     ( 5597): [ReportManager][7066/397]onClose() called with: code = -1, reason = websocket.txzing.com, remote = false
07-13 16:58:31.335 D/TXZ     ( 5597): [ReportManager][7066/7122]connect: finish
07-13 16:58:31.340 I/BarController( 4123): setBarShowingLw - win: 15df344 StatusBar - show: true
07-13 16:58:31.341 I/gralloc ( 3580): gralloc_unregister_buffer hnd=0x7f69bc9d00, share_fd=115, share_attr_fd=133, magic=51647890, format=1, internal_format=300000001, byte_stride=2880, flags=4, usage=0x20000b00, size=3744768, width=720, height=1280, internalWidth=720, internalHeight=1280, stride=720, base=0x7f4cc3a000, cpu_read=0,cpu_write=0, attr_base=0xffffffffffffffff, yuv_info=0, fd=-1, buf_idx=0, offset=0, min_pgsz=4096, phyaddr=0
07-13 16:58:31.342 I/gralloc ( 3580): gralloc_unregister_buffer hnd=0x7f69bc9900, share_fd=69, share_attr_fd=73, magic=51647890, format=1, internal_format=300000001, byte_stride=2880, flags=4, usage=0x20000b00, size=3744768, width=720, height=1280, internalWidth=720, internalHeight=1280, stride=720, base=0x7f4d360000, cpu_read=0,cpu_write=0, attr_base=0xffffffffffffffff, yuv_info=0, fd=-1, buf_idx=0, offset=0, min_pgsz=4096, phyaddr=0
07-13 16:58:31.342 I/gralloc ( 7438): gralloc_unregister_buffer hnd=0x7348e81800, share_fd=233, share_attr_fd=234, magic=51647890, format=1, internal_format=300000001, byte_stride=2880, flags=4, usage=0x20000b00, size=3744768, width=720, height=1280, internalWidth=720, internalHeight=1280, stride=720, base=0x7322c80000, cpu_read=0,cpu_write=0, attr_base=0xffffffffffffffff, yuv_info=0, fd=-1, buf_idx=0, offset=0, min_pgsz=4096, phyaddr=0
07-13 16:58:31.343 I/gralloc ( 7438): gralloc_unregister_buffer hnd=0x7352a2b400, share_fd=235, share_attr_fd=236, magic=51647890, format=1, internal_format=300000001, byte_stride=2880, flags=4, usage=0x20000b00, size=3744768, width=720, height=1280, internalWidth=720, internalHeight=1280, stride=720, base=0x73228ed000, cpu_read=0,cpu_write=0, attr_base=0xffffffffffffffff, yuv_info=0, fd=-1, buf_idx=0, offset=0, min_pgsz=4096, phyaddr=0
07-13 16:58:31.344 I/gralloc ( 7438): gralloc_unregister_buffer hnd=0x734e436100, share_fd=277, share_attr_fd=278, magic=51647890, format=1, internal_format=300000001, byte_stride=2880, flags=4, usage=0x20000b00, size=3744768, width=720, height=1280, internalWidth=720, internalHeight=1280, stride=720, base=0x732255a000, cpu_read=0,cpu_write=0, attr_base=0xffffffffffffffff, yuv_info=0, fd=-1, buf_idx=0, offset=0, min_pgsz=4096, phyaddr=0
07-13 16:58:31.344 E/BufferQueueProducer( 3580): [com.android.launcher.gradient.black/com.android.launcher3.Launcher#0] disconnect: not connected (req=1)
07-13 16:58:31.345 W/libEGL  ( 7438): EGLNativeWindowType 0x73ae019c90 disconnect failed
07-13 16:58:31.346 D/TXZ     ( 5597): [ReportManager][7066/7122]initWebSocket: url=wss://websocket.txzing.com/junsun/index?app_id=6a3643cb81c6e92137ccc63f536df874&tm=1752440311345&data=Dg8nvNlnNToTjRrAmzd7eMuPDE3BVw7jg0dWWthoyx8%3D&platform=car
07-13 16:58:31.346 D/TXZ     ( 5597): [ReportManager][7066/7122]connect: start
07-13 16:58:31.346 I/BarController( 4123): setBarShowingLw - win: 15df344 StatusBar - show: true
07-13 16:58:31.348 D/TXZ     ( 5597): [TXZWebSocketClient][7066/398]onError: ex=java.net.UnknownHostException: websocket.txzing.com
07-13 16:58:31.348 D/TXZ     ( 5597): [ReportManager][7066/398]java.net.UnknownHostException: websocket.txzing.com
07-13 16:58:31.348 D/TXZ     ( 5597): [ReportManager][7066/398]onClose() called with: code = -1, reason = websocket.txzing.com, remote = false
07-13 16:58:31.350 D/Surface ( 7438): release Surface,mNativeObject=494757040128, this Surface(name=null)/@0x4e7e56a, caller: android.view.ViewRootImpl.destroySurface:1646 android.view.ViewRootImpl.relayoutWindow:6988 android.view.ViewRootImpl.performTraversals:2303 android.view.ViewRootImpl.doTraversal:1760 android.view.ViewRootImpl$TraversalRunnable.run:7646 android.view.Choreographer$CallbackRecord.run:966 
07-13 16:58:31.350 D/TXZ     ( 5597): [ReportManager][7066/7122]connect: finish
07-13 16:58:31.350 D/TXZ     ( 5597): [ReportManager][7066/7122]initWebSocket: url=wss://websocket.txzing.com/junsun/index?app_id=6a3643cb81c6e92137ccc63f536df874&tm=1752440311348&data=ssHk1sRuxJSfVYFvSFOABs%2BbF424HKfLgG3HlGbWTQE%3D&platform=car
07-13 16:58:31.350 D/TXZ     ( 5597): [ReportManager][7066/7122]connect: start
07-13 16:58:31.350 D/TXZ     ( 5597): [TXZWebSocketClient][7066/399]onError: ex=java.net.UnknownHostException: websocket.txzing.com
07-13 16:58:31.350 D/TXZ     ( 5597): [ReportManager][7066/399]java.net.UnknownHostException: websocket.txzing.com
07-13 16:58:31.350 D/TXZ     ( 5597): [ReportManager][7066/399]onClose() called with: code = -1, reason = websocket.txzing.com, remote = false
07-13 16:58:31.350 D/TXZ     ( 5597): [ReportManager][7066/7122]connect: finish
07-13 16:58:31.354 D/TXZ     ( 5597): [ReportManager][7066/7122]initWebSocket: url=wss://websocket.txzing.com/junsun/index?app_id=6a3643cb81c6e92137ccc63f536df874&tm=1752440311354&data=o%2Bv%2FUgio6wKQqFlmCKIrJKAZ9xFMeUHCgQ%2FTMyclMuI%3D&platform=car
07-13 16:58:31.354 D/TXZ     ( 5597): [ReportManager][7066/7122]connect: start
