07-13 19:57:58.649  4128  4476 D ConnectivityService: Network NetworkAgentInfo [WIFI () - 100] was already satisfying request 1. No change.
07-13 19:57:58.649  4128  4476 D ConnectivityService: Network NetworkAgentInfo [WIFI () - 100] was already satisfying request 204. No change.
07-13 19:57:58.649  4128  4476 D ConnectivityService: Network NetworkAgentInfo [WIFI () - 100] was already satisfying request 208. No change.
07-13 19:57:58.649  4128  4476 D ConnectivityService:   checking if request is satisfied: NetworkRequest [ TRACK_DEFAULT id=214, [ Capabilities: INTERNET&NOT_RESTRICTED&TRUSTED Uid: 10119] ]
07-13 19:57:58.649  4128  4476 D ConnectivityService: currentScore = 0, newScore = 60
07-13 19:57:58.649  4128  4476 D ConnectivityService: rematch for NetworkAgentInfo [WIFI () - 100]
07-13 19:57:58.649  4128  4476 D ConnectivityService:    accepting network in place of null
07-13 19:57:58.649  4128  4476 D ConnectivityService: sending new Min Network Score(60): NetworkRequest [ TRACK_DEFAULT id=214, [ Capabilities: INTERNET&NOT_RESTRICTED&TRUSTED Uid: 10119] ]
07-13 19:57:58.650  4128  4476 D ConnectivityService: sending notification CALLBACK_AVAILABLE for NetworkRequest [ TRACK_DEFAULT id=214, [ Capabilities: INTERNET&NOT_RESTRICTED&TRUSTED Uid: 10119] ]
07-13 19:57:58.650  4622  4622 D PhoneSwitcherNetworkRequstListener: got request NetworkRequest [ TRACK_DEFAULT id=214, [ Capabilities: INTERNET&NOT_RESTRICTED&TRUSTED Uid: 10119] ] with score 60 and serial -1
07-13 19:57:58.650 14262 14262 I Zygote  : seccomp disabled by setenforce 0
07-13 19:57:58.650  4128  7163 D ConnectivityService: listenForNetwork for uid/pid:10119/14146 NetworkRequest [ LISTEN id=215, [ Capabilities: INTERNET&NOT_RESTRICTED&TRUSTED&FOREGROUND Uid: 10119] ]
07-13 19:57:58.650  4128  4169 I ActivityManager: Start proc 14262:com.android.chrome:sandboxed_process0:org.chromium.content.app.SandboxedProcessService0:0/u0ai2 for  {com.android.chrome/org.chromium.content.app.SandboxedProcessService0:0}
07-13 19:57:58.651  4128  4476 D ConnectivityService: rematching NetworkAgentInfo [WIFI () - 100]
07-13 19:57:58.651  4128  4476 D ConnectivityService:  network has: [ Transports: WIFI Capabilities: NOT_METERED&INTERNET&NOT_RESTRICTED&TRUSTED&NOT_VPN&VALIDATED&NOT_ROAMING&FOREGROUND&NOT_CONGESTED&NOT_SUSPENDED LinkUpBandwidth>=1048576Kbps LinkDnBandwidth>=1048576Kbps Specifier: <WifiNetworkAgentSpecifier [WifiConfiguration=, SSID="T-Mobile Hotspot_5693_2.4GHz", BSSID=68:79:12:a4:cc:c9, mOriginalRequestorUid=-1, mOriginalRequestorPackageName=]> SignalStrength: -22 SSID: "T-Mobile Hotspot_5693_2.4GHz"]
07-13 19:57:58.651  4128  4476 D ConnectivityService: Network NetworkAgentInfo [WIFI () - 100] was already satisfying request 7. No change.
07-13 19:57:58.651  4128  4476 D ConnectivityService:   checking if request is satisfied: NetworkRequest [ BACKGROUND_REQUEST id=2, [ Transports: CELLULAR Capabilities: INTERNET&NOT_RESTRICTED&TRUSTED&NOT_VPN] ]
07-13 19:57:58.651  4128  4476 D ConnectivityService: Network NetworkAgentInfo [WIFI () - 100] was already satisfying request 18. No change.
07-13 19:57:58.651  4128  4476 D ConnectivityService: Network NetworkAgentInfo [WIFI () - 100] was already satisfying request 212. No change.
07-13 19:57:58.651  4128  4476 D ConnectivityService: Network NetworkAgentInfo [WIFI () - 100] was already satisfying request 37. No change.
07-13 19:57:58.651  4128  4476 D ConnectivityService: Network NetworkAgentInfo [WIFI () - 100] was already satisfying request 211. No change.
07-13 19:57:58.651  4128  4476 D ConnectivityService: Network NetworkAgentInfo [WIFI () - 100] was already satisfying request 207. No change.
07-13 19:57:58.651  4128  4476 D ConnectivityService: Network NetworkAgentInfo [WIFI () - 100] was already satisfying request 23. No change.
07-13 19:57:58.651  4128  4476 D ConnectivityService: Network NetworkAgentInfo [WIFI () - 100] was already satisfying request 13. No change.
07-13 19:57:58.651  4128  4476 D ConnectivityService: Network NetworkAgentInfo [WIFI () - 100] was already satisfying request 21. No change.
07-13 19:57:58.651  4128  4476 D ConnectivityService: Network NetworkAgentInfo [WIFI () - 100] was already satisfying request 25. No change.
07-13 19:57:58.651  4128  4476 D ConnectivityService: Network NetworkAgentInfo [WIFI () - 100] was already satisfying request 184. No change.
07-13 19:57:58.651  4128  4476 D ConnectivityService: Network NetworkAgentInfo [WIFI () - 100] was already satisfying request 203. No change.
07-13 19:57:58.651  4128  4476 D ConnectivityService: Network NetworkAgentInfo [WIFI () - 100] was already satisfying request 205. No change.
07-13 19:57:58.651  4128  4476 D ConnectivityService: Network NetworkAgentInfo [WIFI () - 100] was already satisfying request 210. No change.
07-13 19:57:58.651  4128  4476 D ConnectivityService: Network NetworkAgentInfo [WIFI () - 100] was already satisfying request 11. No change.
07-13 19:57:58.651  4128  4476 D ConnectivityService: Network NetworkAgentInfo [WIFI () - 100] was already satisfying request 178. No change.
07-13 19:57:58.651  4128  4476 D ConnectivityService: Network NetworkAgentInfo [WIFI () - 100] was already satisfying request 36. No change.
07-13 19:57:58.651  4128  4476 D ConnectivityService: Network NetworkAgentInfo [WIFI () - 100] was already satisfying request 170. No change.
07-13 19:57:58.651  4128  4476 D ConnectivityService: Network NetworkAgentInfo [WIFI () - 100] was already satisfying request 213. No change.
07-13 19:57:58.651  4128  4476 D ConnectivityService: Network NetworkAgentInfo [WIFI () - 100] was already satisfying request 1. No change.
07-13 19:57:58.651  4128  4476 D ConnectivityService: Network NetworkAgentInfo [WIFI () - 100] was already satisfying request 204. No change.
07-13 19:57:58.651  4128  4476 D ConnectivityService: Network NetworkAgentInfo [WIFI () - 100] was already satisfying request 208. No change.
07-13 19:57:58.651  4128  4476 D ConnectivityService: Network NetworkAgentInfo [WIFI () - 100] was already satisfying request 214. No change.
07-13 19:57:58.652  4128  4476 D ConnectivityService: sending notification CALLBACK_AVAILABLE for NetworkRequest [ LISTEN id=215, [ Capabilities: INTERNET&NOT_RESTRICTED&TRUSTED&FOREGROUND Uid: 10119] ]
07-13 19:57:58.706 14217 14244 D vulkan  : searching for layers in '/data/app/com.android.chrome-5WINx9hrT-JUMNsK_6KBAQ==/lib/arm64'
07-13 19:57:58.707 14217 14244 D vulkan  : searching for layers in '/data/app/com.android.chrome-5WINx9hrT-JUMNsK_6KBAQ==/base.apk!/lib/arm64-v8a'
07-13 19:57:58.707 14217 14244 D vulkan  : searching for layers in '/data/app/com.google.android.trichromelibrary_720406333--aNH55Ssgaczp3zsOi9KGQ==/base.apk!/lib/arm64-v8a'
07-13 19:57:58.709  5553  6280 I mcu_services: readInBuf:[ff fe fd 03 01 29 81 a9 ff ]
07-13 19:57:58.709  5553  6280 E mcu_services: MCU2APP : [ff fe fd 03 01 29 81 a9 ff ]
07-13 19:57:58.709  5553  5838 D mcu_services: processResponse - length: 3 - type: 1 - control: 29
07-13 19:57:58.709  5553  5851 D mcu_services: dispatchToClients - cmdId: 41 - data : [29 81 ]
07-13 19:57:58.709  5553  5851 D callback: callMcuInfoChanged: 29 81 
07-13 19:57:58.712  7287  7287 W ContextImpl: Calling a method in the system process without a qualified user: android.app.ContextImpl.sendBroadcast:1045 android.content.ContextWrapper.sendBroadcast:448 com.qf.carsettings.service.CarSettingService$4.onMcuInfoChanged:670 android.qf.mcu.McuManager$ListenerTransport._handleMessage:106 android.qf.mcu.McuManager$ListenerTransport.access$700:72 
07-13 19:57:58.710  5553  5851 D callback: callMcuInfoChanged: 29 81 
07-13 19:57:58.718  3497  3541 E SPRDHWComposer: SPRD_SR SprdHWComposer2::GET_ACTIVE_CONFIG[466] *outConfig:0
07-13 19:57:58.721 14262 14262 I cr_SplitCompatApp: version=138.0.7204.63 (720406333) minSdkVersion=29 isBundle=true processName=com.android.chrome:sandboxed_process0:org.chromium.content.app.SandboxedProcessService0:0 isIsolatedProcess=true
07-13 19:57:58.739 14262 14262 W SystemServiceRegistry: No service published for: uimode
07-13 19:57:58.755 14262 14262 I LoadedApk: No resource references to update in package com.google.android.trichromelibrary
07-13 19:57:58.757 14262 14262 I cr_ChildProcessService: Creating new ChildProcessService pid=14262
07-13 19:57:58.760  4128  7163 I ActivityManager: Killing 9644:com.android.mtp/u0a48 (adj 995): empty #17
07-13 19:57:58.766 14146 14209 D NetworkSecurityConfig: Using Network Security Config from resource 0_resource_name_obfuscated debugBuild: false
07-13 19:57:58.772 14146 14299 I CameraManagerGlobal: Connecting to camera service
07-13 19:57:58.793  4128  4965 D PowerController.BgClean: judgeAppLaunchAllowed : com.google.android.gms(uid:10106), callingPackage = com.android.chrome(uid:10119), reason = bind-service
07-13 19:57:58.793  4128  4965 D PowerController.BgClean: judgeAppLaunchAllowed : intent action:Intent { act=com.google.android.gms.phenotype.service.START pkg=com.google.android.gms }
07-13 19:57:58.801  4128  4965 V ActivityManager: Clean up application record for ProcessRecord{5efba6e 9644:com.android.mtp/u0a48} restarting=false allowRestart=true index=-1 replacingPid=false
07-13 19:57:58.801  3472  3472 I Zygote  : Process 9644 exited due to signal 9 (Killed)
07-13 19:57:58.827 14146 14146 I cr_EnterpriseInfoImpl: #setCacheResult() deviceOwned:false profileOwned:false
07-13 19:57:58.827 14146 14146 I cr_EnterpriseInfo: #getManagedStateForNative() tw1@a76de13
07-13 19:57:58.829 14146 14146 I cr_PolicyProvider: #notifySettingsAvailable() 0
07-13 19:57:58.829 14146 14146 I cr_CombinedPProvider: #onSettingsAvailable() 0
07-13 19:57:58.829 14146 14146 I cr_CombinedPProvider: #flushPolicies()
07-13 19:57:58.830 14146 14146 I cr_PolicyService: #onPolicyServiceInitialized()
07-13 19:57:58.830 14146 14146 I cr_PolicyProvider: #notifySettingsAvailable() 0
07-13 19:57:58.830 14146 14146 I cr_CombinedPProvider: #onSettingsAvailable() 0
07-13 19:57:58.830 14146 14146 I cr_CombinedPProvider: #flushPolicies()
07-13 19:57:58.833  3774  3894 D btopt   : zlink wake_up_apk_server: cmd = 'export PATH=$PATH:/system/bin/;am broadcast -a "zjinnova.android.intent.action.START_DAEMON_SERVICE" --include-stopped-packages "com.zjinnova.zlink"&'
07-13 19:57:58.838 13446 13487 I adio.controlle: Waiting for a blocking GC ProfileSaver
07-13 19:57:58.864 14146 14210 E AudioManager: enter AudioManager(), allow_adjust_volume=false
07-13 19:57:58.870  4128  7163 V ActivityManagerShellCommand: Received onCommand broadcast callUid=0 callpid=14308
07-13 19:57:58.870  4128  7163 V ActivityManagerShellCommand: runSendBroadcast start and waiting ---Intent { act=zjinnova.android.intent.action.START_DAEMON_SERVICE flg=0x400020 pkg=com.zjinnova.zlink }
07-13 19:57:58.871  4128  4167 D PowerController.BgClean: judgeAppLaunchAllowed : com.zjinnova.zlink(uid:10087), callingPackage = null(uid:0), reason = send-broadcast
07-13 19:57:58.871  4128  4167 D PowerController.BgClean: judgeAppLaunchAllowed : intent action:Intent { act=zjinnova.android.intent.action.START_DAEMON_SERVICE flg=0x400030 pkg=com.zjinnova.zlink }
07-13 19:57:58.872  4128  4167 W BroadcastQueue:  enable com.zjinnova.zlink to start process!
07-13 19:57:58.878  5272  6931 I FusedLocation: (REDACTED) location delivery to %s blocked - too fast
07-13 19:57:58.879 11318 11318 D zj      : message received Intent { act=zjinnova.android.intent.action.START_DAEMON_SERVICE flg=0x400030 pkg=com.zjinnova.zlink cmp=com.zjinnova.zlink/com.zjinnova.android.zlink.features.service.StartupBroadcastReceiver }
07-13 19:57:58.880  4128  7167 D PowerController.BgClean: judgeAppLaunchAllowed : com.zjinnova.zlink(uid:10087), callingPackage = com.zjinnova.zlink(uid:10087), reason = start-service
07-13 19:57:58.880  4128  7167 D PowerController.BgClean: judgeAppLaunchAllowed : intent action:Intent { cmp=com.zjinnova.zlink/com.zjinnova.android.zlink.features.service.DaemonService }
07-13 19:57:58.880  4128  7167 W ActivityManager: u0 Starting a service in packagecom.zjinnova.zlink requires a permissions review
07-13 19:57:58.883  4128  7163 V ActivityManagerShellCommand: runSendBroadcast end ---Intent { act=zjinnova.android.intent.action.START_DAEMON_SERVICE flg=0x400020 pkg=com.zjinnova.zlink }
07-13 19:57:58.888 13446 13487 I adio.controlle: WaitForGcToComplete blocked ProfileSaver on ClassLinker for 50.664ms
07-13 19:57:58.893 14262 14281 W linker  : Warning: "/data/app/com.android.chrome-5WINx9hrT-JUMNsK_6KBAQ==/base.apk!/lib/arm64-v8a/libchromium_android_linker.so" unused DT entry: unknown processor-specific (type 0x70000001 arg 0x0) (ignoring)
07-13 19:57:58.894 14262 14281 E cr_ChromiumAndroidLinker: ReserveAddressWithHint: Address range starting at 0x7e1138e000 was not free to use
07-13 19:57:58.900 14262 14298 I cr_LibraryLoader: Successfully loaded native library
07-13 19:57:58.902 14262 14298 I cr_CachingUmaRecorder: Flushed 2 samples from 2 histograms, 0 samples were dropped.
07-13 19:57:58.936  4128  7167 D PowerController.BgClean: judgeAppLaunchAllowed : com.android.chrome(uid:10119), callingPackage = com.android.chrome(uid:10119), reason = bind-service
07-13 19:57:58.936  4128  7167 D PowerController.BgClean: judgeAppLaunchAllowed : intent action:Intent { cmp=com.android.chrome/org.chromium.content.app.SandboxedProcessService0 (has extras) }
07-13 19:57:58.936  4128  7167 D PowerController.BgClean: Start Proc : com.android.chrome, callingPackage = com.android.chrome, reason = bind-service: already started!! (ProcState:PROCESS_STATE_SERVICE mState:NONE)
07-13 19:57:58.962 14146 14146 I cr_CompositorSurfaceMgr: Transitioning to surface with format: -1
07-13 19:57:58.994  5272  6209 I FontLog : (REDACTED) Received query %s, URI %s
07-13 19:57:58.994  5272  6209 I FontLog : (REDACTED) Query [%s] resolved to %s
07-13 19:57:58.996  4128  7171 D PowerController.BgClean: judgeAppLaunchAllowed : com.google.android.gms(uid:10106), callingPackage = com.android.chrome(uid:10119), reason = bind-service
07-13 19:57:58.996  4128  7171 D PowerController.BgClean: judgeAppLaunchAllowed : intent action:Intent { act=com.google.android.gms.languageprofile.service.START pkg=com.google.android.gms }
07-13 19:57:58.998 25499 25499 D BoundBrokerSvc: onBind: Intent { act=com.google.android.gms.languageprofile.service.START pkg=com.google.android.gms }
07-13 19:57:58.998 25499 25499 D BoundBrokerSvc: Loading bound service for intent: Intent { act=com.google.android.gms.languageprofile.service.START pkg=com.google.android.gms }
07-13 19:57:58.999  5272  6209 I FontLog : (REDACTED) Font PFD returned from cache for %s
07-13 19:57:58.999  5272  6209 I FontLog : (REDACTED) Fetch %s end status %s
07-13 19:57:59.000  4128  7171 D PowerController.BgClean: judgeAppLaunchAllowed : com.google.android.gms(uid:10106), callingPackage = com.google.android.gms(uid:10106), reason = start-service
07-13 19:57:59.000  4128  7171 D PowerController.BgClean: judgeAppLaunchAllowed : intent action:Intent { act=com.google.android.gms.auth.GOOGLE_ACCOUNT_CHANGE cat=[targeted_intent_op_prefix:.languageprofile.service.AccountsChangedIntentOperation] cmp=com.google.android.gms/.chimera.GmsIntentOperationService (has extras) }
07-13 19:57:59.004  5272  6209 I FontLog : (REDACTED) Pulling font file for id = %d, cache size = %d
07-13 19:57:59.008  4128  4965 D PowerController.BgClean: judgeAppLaunchAllowed : com.google.android.gms(uid:10106), callingPackage = com.google.android.gms(uid:10106), reason = bind-service
07-13 19:57:59.008  4128  4965 D PowerController.BgClean: judgeAppLaunchAllowed : intent action:Intent { act=com.google.android.chimera.BoundService.START dat=chimera-action:com.google.android.gms.auth.aang.events.services.START cmp=com.google.android.gms/.chimera.PersistentApiService }
07-13 19:57:59.009  5272  6209 I FontLog : (REDACTED) Received query %s, URI %s
07-13 19:57:59.010  5272  6209 I FontLog : (REDACTED) Query [%s] resolved to %s
07-13 19:57:59.012  5272  6209 I FontLog : (REDACTED) Fetch %s end status %s
07-13 19:57:59.014  5272  6209 I FontLog : (REDACTED) Pulling font file for id = %d, cache size = %d
07-13 19:57:59.019  5272 28737 I FontLog : (REDACTED) Received query %s, URI %s
07-13 19:57:59.019  5272 28737 I FontLog : (REDACTED) Query [%s] resolved to %s
07-13 19:57:59.021  5272 28737 I FontLog : (REDACTED) Font PFD returned from cache for %s
07-13 19:57:59.021  5272 28737 I FontLog : (REDACTED) Fetch %s end status %s
07-13 19:57:59.023  5272 28737 I FontLog : (REDACTED) Pulling font file for id = %d, cache size = %d
07-13 19:57:59.028  5272 28737 I FontLog : (REDACTED) Received query %s, URI %s
07-13 19:57:59.028  5272 28737 I FontLog : (REDACTED) Query [%s] resolved to %s
07-13 19:57:59.030  5272 28737 I FontLog : (REDACTED) Font PFD returned from cache for %s
07-13 19:57:59.030  5272 28737 I FontLog : (REDACTED) Fetch %s end status %s
07-13 19:57:59.032  5272 28737 I FontLog : (REDACTED) Pulling font file for id = %d, cache size = %d
07-13 19:57:59.037  5272 28737 I FontLog : (REDACTED) Received query %s, URI %s
07-13 19:57:59.038  5272 28737 I FontLog : (REDACTED) Query [%s] resolved to %s
07-13 19:57:59.042  4128  4965 D PowerController.BgClean: judgeAppLaunchAllowed : com.google.android.gms(uid:10106), callingPackage = com.google.android.gms(uid:10106), reason = bind-service
07-13 19:57:59.042  4128  4965 D PowerController.BgClean: judgeAppLaunchAllowed : intent action:Intent { act=com.google.android.chimera.BoundService.START dat=chimera-action:com.google.android.gms.scheduler.ACTION_PROXY_SCHEDULE cmp=com.google.android.gms/.chimera.PersistentDirectBootAwareApiService }
07-13 19:57:59.044  5272 28737 I FontLog : (REDACTED) Font PFD returned from cache for %s
07-13 19:57:59.044  5272 28737 I FontLog : (REDACTED) Fetch %s end status %s
07-13 19:57:59.046  5272 28737 I FontLog : (REDACTED) Pulling font file for id = %d, cache size = %d
07-13 19:57:59.067  3471  3810 D Netd    : app_netid:0x64 app_mark:0x64 dns_netid:0x64 dns_mark:0xf0064 uid:10119
07-13 19:57:59.069  5272 13332 I SQLiteConnectionPool: The connection pool for /data/user/0/com.google.android.gms/databases/metadata.db has been closed but there are still 1 connections in use.  They will be closed as they are released back to the pool.
07-13 19:57:59.070  4128  4965 V AlarmManager: set(PendingIntent{f392f3d: PendingIntentRecord{75a11f0 com.google.android.gms broadcastIntent}}) : type=3 listener=null listenerTag=null triggerAtTime=5066711 win=0 tElapsed=5070730 maxElapsed=5070730 interval=0 flags=0x0
07-13 19:57:59.070  5272 14322 W FontLog : Error updating last accessed time for {Google Sans, wdth 100.0, wght 500, ital 0.0, bestEffort false}, isVf false}. [CONTEXT service_id=132 ]
07-13 19:57:59.070  5272 14322 W FontLog : java.lang.IllegalStateException: Cannot perform this operation because the connection pool has been closed.
07-13 19:57:59.070  5272 14322 W FontLog : 	at android.database.sqlite.SQLiteConnectionPool.throwIfClosedLocked(SQLiteConnectionPool.java:1071)
07-13 19:57:59.070  5272 14322 W FontLog : 	at android.database.sqlite.SQLiteConnectionPool.waitForConnection(SQLiteConnectionPool.java:763)
07-13 19:57:59.070  5272 14322 W FontLog : 	at android.database.sqlite.SQLiteConnectionPool.acquireConnection(SQLiteConnectionPool.java:380)
07-13 19:57:59.070  5272 14322 W FontLog : 	at android.database.sqlite.SQLiteSession.acquireConnection(SQLiteSession.java:896)
07-13 19:57:59.070  5272 14322 W FontLog : 	at android.database.sqlite.SQLiteSession.executeForChangedRowCount(SQLiteSession.java:754)
07-13 19:57:59.070  5272 14322 W FontLog : 	at android.database.sqlite.SQLiteStatement.executeUpdateDelete(SQLiteStatement.java:66)
07-13 19:57:59.070  5272 14322 W FontLog : 	at android.database.sqlite.SQLiteDatabase.executeSql(SQLiteDatabase.java:1806)
07-13 19:57:59.070  5272 14322 W FontLog : 	at android.database.sqlite.SQLiteDatabase.execSQL(SQLiteDatabase.java:1783)
07-13 19:57:59.070  5272 14322 W FontLog : 	at bojm.run(:com.google.android.gms@252560013@25.25.60 (100400-774967611):59)
07-13 19:57:59.070  5272 14322 W FontLog : 	at ayqb.c(:com.google.android.gms@252560013@25.25.60 (100400-774967611):50)
07-13 19:57:59.070  5272 14322 W FontLog : 	at ayqb.run(:com.google.android.gms@252560013@25.25.60 (100400-774967611):70)
07-13 19:57:59.070  5272 14322 W FontLog : 	at java.util.concurrent.ThreadPoolExecutor.runWorker(ThreadPoolExecutor.java:1167)
07-13 19:57:59.070  5272 14322 W FontLog : 	at java.util.concurrent.ThreadPoolExecutor$Worker.run(ThreadPoolExecutor.java:641)
07-13 19:57:59.070  5272 14322 W FontLog : 	at ayvt.run(:com.google.android.gms@252560013@25.25.60 (100400-774967611):8)
07-13 19:57:59.070  5272 14322 W FontLog : 	at java.lang.Thread.run(Thread.java:919)
07-13 19:57:59.071  4128  4965 I chatty  : uid=1000(system) Binder:4128_6 expire 6 lines
07-13 19:57:59.075 14217 14324 W AudioCapabilities: Unsupported mime audio/mpeg-L1
07-13 19:57:59.076 14217 14324 W AudioCapabilities: Unsupported mime audio/mpeg-L2
07-13 19:57:59.080  4713  4713 D StatusBarSignalPolicy: updateWifiIconWithState state : WifiIconState(resId=2131231896, visible=true)
07-13 19:57:59.084 14217 14324 W VideoCapabilities: Unrecognized profile/level 32768/2 for video/mp4v-es
07-13 19:57:59.084 14217 14324 W VideoCapabilities: Unrecognized profile/level 32768/64 for video/mp4v-es
07-13 19:57:59.125  3471  3810 D Netd    : app_netid:0x64 app_mark:0x64 dns_netid:0x64 dns_mark:0xf0064 uid:10119
07-13 19:57:59.131  4128  4965 D PowerController.BgClean: judgeAppLaunchAllowed : com.google.android.gms(uid:10106), callingPackage = com.android.chrome(uid:10119), reason = bind-service
07-13 19:57:59.131  4128  4965 D PowerController.BgClean: judgeAppLaunchAllowed : intent action:Intent { act=com.google.android.gms.fido.fido2.firstparty.START pkg=com.google.android.gms }
07-13 19:57:59.133 25499 25499 D BoundBrokerSvc: onBind: Intent { act=com.google.android.gms.fido.fido2.firstparty.START pkg=com.google.android.gms }
07-13 19:57:59.133 25499 25499 D BoundBrokerSvc: Loading bound service for intent: Intent { act=com.google.android.gms.fido.fido2.firstparty.START pkg=com.google.android.gms }
07-13 19:57:59.170 14146 14146 I PlayCore: UID: [10119]  PID: [14146] AppUpdateService : ServiceConnectionImpl.onServiceConnected(ComponentInfo{com.android.vending/com.google.android.finsky.installservice.DevTriggeredUpdateService})
07-13 19:57:59.170 14146 14214 I PlayCore: UID: [10119]  PID: [14146] AppUpdateService : linkToDeath
07-13 19:57:59.178  6367 14330 I ApplicationPackageManager: queryIntentActivitiesAsUser - fanControlEnable true
07-13 19:57:59.191  7287  7287 I chatty  : uid=1000(system) com.qf.carsettings expire 13 lines
07-13 19:57:59.193  4128  7171 D PowerController.BgClean: judgeAppLaunchAllowed : com.google.android.gms(uid:10106), callingPackage = com.android.chrome(uid:10119), reason = bind-service
07-13 19:57:59.193  4128  7171 D PowerController.BgClean: judgeAppLaunchAllowed : intent action:Intent { cmp=com.google.android.gms/.auth.GetToken }
07-13 19:57:59.194 14146 14168 I PlayCore: UID: [10119]  PID: [14146] OnRequestInstallCallback : onRequestInfo
07-13 19:57:59.194 14146 14214 I PlayCore: UID: [10119]  PID: [14146] AppUpdateService : Unbind from service.
07-13 19:57:59.195  4128  7163 D PowerController.BgClean: judgeAppLaunchAllowed : com.google.android.gms(uid:10106), callingPackage = com.google.android.gms(uid:10106), reason = start-service
07-13 19:57:59.195  4128  7163 D PowerController.BgClean: judgeAppLaunchAllowed : intent action:Intent { cmp=com.google.android.gms/.chimera.GmsApiService (has extras) }
07-13 19:57:59.210  6367  6403 I Finsky  : [903] Setup::DSE: Android ID is non-zero.
07-13 19:57:59.211  6367  6403 I Finsky  : [903] Setup::DSE: Phenotype experiments synced with status: NO_UPDATE
07-13 19:57:59.211  6367 14215 I Finsky  : [1009] Triggered update for experiment package com.google.android.finsky.stable.
07-13 19:57:59.213  6367  6403 I Finsky  : [903] Package com.android.chrome is verified.
07-13 19:57:59.214  4128  7163 I chatty  : uid=1000(system) Binder:4128_1C expire 7 lines
07-13 19:57:59.217  6367  6403 I Finsky  : [903] DSE: Set Settings.Secure.play_determined_dma_eligibility to: 0 (success=true)
07-13 19:57:59.241  4128  7171 D PowerController.BgClean: judgeAppLaunchAllowed : com.google.android.gms(uid:10106), callingPackage = com.google.android.gms(uid:10106), reason = start-service
07-13 19:57:59.241  4128  7171 D PowerController.BgClean: judgeAppLaunchAllowed : intent action:Intent { cmp=com.google.android.gms/.chimera.GmsBoundBrokerService (has extras) }
07-13 19:57:59.241  5272  5492 W PhBaseOp: Phenotype API error. Event: # gbew@420758ac, EventCode: GET_EXP [CONTEXT service_id=51 ]
07-13 19:57:59.241  5272  5492 W PhBaseOp: dhbw: 29505: No config packages for log source, or config package not registered
07-13 19:57:59.241  5272  5492 W PhBaseOp: 	at dheq.f(:com.google.android.gms@252560013@25.25.60 (100400-774967611):77)
07-13 19:57:59.241  5272  5492 W PhBaseOp: 	at dheo.i(:com.google.android.gms@252560013@25.25.60 (100400-774967611):3)
07-13 19:57:59.241  5272  5492 W PhBaseOp: 	at dhdq.h(:com.google.android.gms@252560013@25.25.60 (100400-774967611):35)
07-13 19:57:59.241  5272  5492 W PhBaseOp: 	at dhdq.f(:com.google.android.gms@252560013@25.25.60 (100400-774967611):17)
07-13 19:57:59.241  5272  5492 W PhBaseOp: 	at cfks.fK(:com.google.android.gms@252560013@25.25.60 (100400-774967611):1)
07-13 19:57:59.241  5272  5492 W PhBaseOp: 	at cfkw.run(:com.google.android.gms@252560013@25.25.60 (100400-774967611):140)
07-13 19:57:59.241  5272  5492 W PhBaseOp: 	at exda.run(:com.google.android.gms@252560013@25.25.60 (100400-774967611):21)
07-13 19:57:59.241  5272  5492 W PhBaseOp: 	at ayqb.c(:com.google.android.gms@252560013@25.25.60 (100400-774967611):50)
07-13 19:57:59.241  5272  5492 W PhBaseOp: 	at ayqb.run(:com.google.android.gms@252560013@25.25.60 (100400-774967611):70)
07-13 19:57:59.241  5272  5492 W PhBaseOp: 	at java.util.concurrent.ThreadPoolExecutor.runWorker(ThreadPoolExecutor.java:1167)
07-13 19:57:59.241  5272  5492 W PhBaseOp: 	at java.util.concurrent.ThreadPoolExecutor$Worker.run(ThreadPoolExecutor.java:641)
07-13 19:57:59.241  5272  5492 W PhBaseOp: 	at ayvt.run(:com.google.android.gms@252560013@25.25.60 (100400-774967611):8)
07-13 19:57:59.241  5272  5492 W PhBaseOp: 	at java.lang.Thread.run(Thread.java:919)
07-13 19:57:59.242  6367 14215 I Finsky  : [1009] Already at the latest configurations for experiment package com.google.android.finsky.stable.
07-13 19:57:59.242  5272  5492 W AsyncOperation: operation=GetExperimentTokensOperationCall, opStatusCode=29505 [CONTEXT service_id=51 ]
07-13 19:57:59.242  5272  5492 W AsyncOperation: OperationException[Status{statusCode=No config packages for log source, or config package not registered, resolution=null}]
07-13 19:57:59.242  5272  5492 W AsyncOperation: 	at dhdq.h(:com.google.android.gms@252560013@25.25.60 (100400-774967611):65)
07-13 19:57:59.242  5272  5492 W AsyncOperation: 	at dhdq.f(:com.google.android.gms@252560013@25.25.60 (100400-774967611):17)
07-13 19:57:59.242  5272  5492 W AsyncOperation: 	at cfks.fK(:com.google.android.gms@252560013@25.25.60 (100400-774967611):1)
07-13 19:57:59.242  5272  5492 W AsyncOperation: 	at cfkw.run(:com.google.android.gms@252560013@25.25.60 (100400-774967611):140)
07-13 19:57:59.242  5272  5492 W AsyncOperation: 	at exda.run(:com.google.android.gms@252560013@25.25.60 (100400-774967611):21)
07-13 19:57:59.242  5272  5492 W AsyncOperation: 	at ayqb.c(:com.google.android.gms@252560013@25.25.60 (100400-774967611):50)
07-13 19:57:59.242  5272  5492 W AsyncOperation: 	at ayqb.run(:com.google.android.gms@252560013@25.25.60 (100400-774967611):70)
07-13 19:57:59.242  5272  5492 W AsyncOperation: 	at java.util.concurrent.ThreadPoolExecutor.runWorker(ThreadPoolExecutor.java:1167)
07-13 19:57:59.242  5272  5492 W AsyncOperation: 	at java.util.concurrent.ThreadPoolExecutor$Worker.run(ThreadPoolExecutor.java:641)
07-13 19:57:59.242  5272  5492 W AsyncOperation: 	at ayvt.run(:com.google.android.gms@252560013@25.25.60 (100400-774967611):8)
07-13 19:57:59.242  5272  5492 W AsyncOperation: 	at java.lang.Thread.run(Thread.java:919)
07-13 19:57:59.246  4128  7163 D PowerController.BgClean: judgeAppLaunchAllowed : com.google.android.gms(uid:10106), callingPackage = com.google.android.gms(uid:10106), reason = start-service
07-13 19:57:59.246  4128  7163 D PowerController.BgClean: judgeAppLaunchAllowed : intent action:Intent { cmp=com.google.android.gms/.chimera.GmsApiService (has extras) }
07-13 19:57:59.385 14146 14203 W chromium: [WARNING:net/cert/ev_root_ca_metadata.cc:119] Not implemented
07-13 19:57:59.454  5272  5288 W SQLiteConnectionPool: A SQLiteConnection object for database '/data/user/0/com.google.android.gms/databases/metadata.db' was leaked!  Please fix your application to end transactions in progress properly and to close the database when it is no longer needed.
07-13 19:57:59.454  5272  5288 W System  : A resource failed to call close. 
07-13 19:57:59.864  5272  6931 I FusedLocation: (REDACTED) location delivery to %s blocked - too fast
07-13 19:57:59.929  3880  3927 D WCND    : is_cp2_alive_ok: open polling interface: /proc/mdbg/loopcheck, fd = 13
07-13 19:58:00.000  4128  4428 D AlarmManager: waitForAlarm result:8currentTime=1752451079999, elapsedRealtime=5066660
07-13 19:58:00.000  4128  4428 V AlarmManager: Received TIME_TICK alarm; rescheduling
07-13 19:58:00.000  4128  4428 V AlarmManager: set(null) : type=3 listener=com.android.server.AlarmManagerService$2@3cd773f listenerTag=TIME_TICK triggerAtTime=5126660 win=0 tElapsed=5126660 maxElapsed=5126660 interval=0 flags=0x1
07-13 19:58:00.001  4128  4428 D AlarmManager: sending alarm.type = 3, action = null, cn = null, operation = null
07-13 19:58:00.002  4713  4713 D KeyguardUpdateMonitor: received broadcast android.intent.action.TIME_TICK
07-13 19:58:00.002  4713  4713 D KeyguardUpdateMonitor: handleTimeUpdate
07-13 19:58:00.002  4713  4713 D KeyguardStatusView: refeshFormat mClockView.getText() = 7:57PM
07-13 19:58:00.004  4713  4713 D KeyguardStatusView: refreshTime mClockView.getText() = 7:58PM
07-13 19:58:00.004  4713  4713 D KeyguardClockSwitch: Updating clock: 7:58PM
07-13 19:58:00.005  3497  3541 E SPRDHWComposer: SPRD_SR SprdHWComposer2::GET_ACTIVE_CONFIG[466] *outConfig:0
07-13 19:58:00.012  7287  7287 W ContextImpl: Calling a method in the system process without a qualified user: android.app.ContextImpl.sendBroadcast:1045 android.content.ContextWrapper.sendBroadcast:448 com.qf.carsettings.service.CarSettingService$2.onReceive:397 android.app.LoadedApk$ReceiverDispatcher$Args.lambda$getRunnable$0$LoadedApk$ReceiverDispatcher$Args:1583 android.app.-$$Lambda$LoadedApk$ReceiverDispatcher$Args$_BumDX2UKsnxLVrE6UJsJZkotuA.run:2 
07-13 19:58:00.030  3880  3927 D WCND    : is_cp2_alive_ok: loop: /proc/mdbg/loopcheck is OK
07-13 19:58:00.030  4128  7163 I UsbUserSettingsManager: Camera permission required for USB video class devices
07-13 19:58:00.046  4655  4703 D sd      : uart send:3 byte/s
07-13 19:58:00.047  4655  4705 D sd      : uart recv:5 byte/s
07-13 19:58:00.031  4128  7163 I UsbUserSettingsManager: Camera permission required for USB video class devices
07-13 19:58:00.050  4128  4428 D AlarmManager: waitForAlarm result:8currentTime=1752451080050, elapsedRealtime=5066711
07-13 19:58:00.051  4128  4167 D PowerController.BgClean: judgeAppLaunchAllowed : com.google.android.gms(uid:10106), callingPackage = com.google.android.gms(uid:10106), reason = send-broadcast
07-13 19:58:00.051  4128  4167 D PowerController.BgClean: judgeAppLaunchAllowed : intent action:Intent { act=com.google.android.gms.gcm.ACTION_CHECK_QUEUE flg=0x14 cmp=com.google.android.gms/.gcm.nts.SchedulerInternalReceiver (has extras) }
07-13 19:58:00.054  4128  4428 D AlarmManager: sending alarm.type = 3, action = com.google.android.gms.gcm.ACTION_CHECK_QUEUE, cn = ComponentInfo{com.google.android.gms/com.google.android.gms.gcm.nts.SchedulerInternalReceiver}, operation = PendingIntent{f392f3d: PendingIntentRecord{75a11f0 com.google.android.gms broadcastIntent}}
07-13 19:58:00.064  4128  7163 V AlarmManager: set(PendingIntent{5c92463: PendingIntentRecord{75a11f0 com.google.android.gms broadcastIntent}}) : type=3 listener=null listenerTag=null triggerAtTime=5498811 win=324065 tElapsed=5498811 maxElapsed=5822876 interval=0 flags=0x0
07-13 19:58:00.064  4128  7171 D PowerController.BgClean: judgeAppLaunchAllowed : com.google.android.gms(uid:10106), callingPackage = com.google.android.gms(uid:10106), reason = bind-service
07-13 19:58:00.064  4128  7171 D PowerController.BgClean: judgeAppLaunchAllowed : intent action:Intent { act=com.google.android.gms.gcm.ACTION_TASK_READY cmp=com.google.android.gms/.languageprofile.GcmTaskService }
07-13 19:58:00.072  5272 14321 I NetworkScheduler.Stats: (REDACTED) Task %s/%s started execution. cause:%s exec_start_elapsed_seconds: %s
07-13 19:58:00.081 14146 14160 W JavaBinder: BinderProxy is being destroyed but the application did not call unlinkToDeath to unlink all of its death recipients beforehand.  Releasing leaked death recipient: cf5
07-13 19:58:00.104  5272 14322 I NetworkScheduler.Stats: (REDACTED) Task %s/%s finished executing. cause:%s result: %s elapsed_millis: %s uptime_millis: %s exec_start_elapsed_seconds: %s
07-13 19:58:00.531  9295  9295 D DiagnosticService: === PERFORMING DIAGNOSTIC CHECK ===
07-13 19:58:00.533  9295  9295 D DiagnosticService: Total USB devices found: 1
07-13 19:58:00.536  9295  9295 I DiagnosticService: UVC Device found: /dev/bus/usb/001/010 VID:13407 PID:8496
07-13 19:58:00.537  4128  4965 I UsbUserSettingsManager: Camera permission required for USB video class devices
07-13 19:58:00.537  9295  9295 I DiagnosticService: Has permission: false
07-13 19:58:00.540  9295  9295 I DiagnosticService: UVC devices found: 1
07-13 19:58:00.542  9295  9295 D DiagnosticService: Memory - Max: 201326592, Used: 10847304, Free: 15984640
07-13 19:58:00.669  4713  4713 E StackScroller: Attempting to re-position  view {com.android.systemui.statusbar.notification.row.FooterView{7179b45 V.E...... ......I. 0,0-0,0}}
07-13 19:58:00.669  4713  4713 E StackScroller: Attempting to re-position  view {com.android.systemui.statusbar.EmptyShadeView{2ba529a G.E...... ......I. 0,0-0,0}}
07-13 19:58:00.669  4713  4713 E StackScroller: Attempting to re-position  view {com.android.systemui.statusbar.NotificationShelf{ceac7f7 VFE...C.. ......I. 0,0-0,0}}
07-13 19:58:00.670  4713  4713 D NotificationMediaManager: finishUpdateMediaMetaData metaDataChanged =false,allowEnterAnimation =true
07-13 19:58:00.671  4713  4713 D NotificationMediaManager: finishUpdateMediaMetaData need to hide the album art
07-13 19:58:00.694  5553  6280 I mcu_services: readInBuf:[ff fe fd 03 01 29 81 a9 ff ]
07-13 19:58:00.694  5553  6280 E mcu_services: MCU2APP : [ff fe fd 03 01 29 81 a9 ff ]
07-13 19:58:00.695  5553  5838 D mcu_services: processResponse - length: 3 - type: 1 - control: 29
07-13 19:58:00.695  5553  5851 D mcu_services: dispatchToClients - cmdId: 41 - data : [29 81 ]
07-13 19:58:00.695  5553  5851 D callback: callMcuInfoChanged: 29 81 
07-13 19:58:00.698  7287  7287 W ContextImpl: Calling a method in the system process without a qualified user: android.app.ContextImpl.sendBroadcast:1045 android.content.ContextWrapper.sendBroadcast:448 com.qf.carsettings.service.CarSettingService$4.onMcuInfoChanged:670 android.qf.mcu.McuManager$ListenerTransport._handleMessage:106 android.qf.mcu.McuManager$ListenerTransport.access$700:72 
07-13 19:58:00.696  5553  5851 D callback: callMcuInfoChanged: 29 81 
07-13 19:58:00.700  3497  3541 E SPRDHWComposer: SPRD_SR SprdHWComposer2::GET_ACTIVE_CONFIG[466] *outConfig:0
07-13 19:58:00.702  5736  5736 I chatty  : uid=10127(com.txznet.txz) expire 21 lines
07-13 19:58:00.714  8587  8587 I Tpms3   : mDataCheckTimer startDataTime:-1;datTime:1752451080
07-13 19:58:00.866  5272  6931 I FusedLocation: (REDACTED) location delivery to %s blocked - too fast
07-13 19:58:00.940  3774  3894 D btopt   : zlink wake_up_apk_server: cmd = 'export PATH=$PATH:/system/bin/;am broadcast -a "zjinnova.android.intent.action.START_DAEMON_SERVICE" --include-stopped-packages "com.zjinnova.zlink"&'
07-13 19:58:00.995  4128  5806 V ActivityManagerShellCommand: Received onCommand broadcast callUid=0 callpid=14362
07-13 19:58:01.169  4128  4965 D ConnectivityService: requestNetwork for uid/pid:10119/14146 NetworkRequest [ TRACK_DEFAULT id=216, [ Capabilities: INTERNET&NOT_RESTRICTED&TRUSTED Uid: 10119] ]
07-13 19:58:01.170  4128  4476 D ConnectivityService: rematching NetworkAgentInfo [WIFI () - 100]
07-13 19:58:01.170  4128  4476 D ConnectivityService:  network has: [ Transports: WIFI Capabilities: NOT_METERED&INTERNET&NOT_RESTRICTED&TRUSTED&NOT_VPN&VALIDATED&NOT_ROAMING&FOREGROUND&NOT_CONGESTED&NOT_SUSPENDED LinkUpBandwidth>=1048576Kbps LinkDnBandwidth>=1048576Kbps Specifier: <WifiNetworkAgentSpecifier [WifiConfiguration=, SSID="T-Mobile Hotspot_5693_2.4GHz", BSSID=68:79:12:a4:cc:c9, mOriginalRequestorUid=-1, mOriginalRequestorPackageName=]> SignalStrength: -22 SSID: "T-Mobile Hotspot_5693_2.4GHz"]
07-13 19:58:01.170  4128  4476 D ConnectivityService: Network NetworkAgentInfo [WIFI () - 100] was already satisfying request 7. No change.
07-13 19:58:01.170  4128  4476 D ConnectivityService:   checking if request is satisfied: NetworkRequest [ BACKGROUND_REQUEST id=2, [ Transports: CELLULAR Capabilities: INTERNET&NOT_RESTRICTED&TRUSTED&NOT_VPN] ]
07-13 19:58:01.170  4128  4476 D ConnectivityService: Network NetworkAgentInfo [WIFI () - 100] was already satisfying request 18. No change.
07-13 19:58:01.170  4128  4476 D ConnectivityService: Network NetworkAgentInfo [WIFI () - 100] was already satisfying request 212. No change.
07-13 19:58:01.170  4128  4476 D ConnectivityService: Network NetworkAgentInfo [WIFI () - 100] was already satisfying request 37. No change.
07-13 19:58:01.170  4128  4476 D ConnectivityService: Network NetworkAgentInfo [WIFI () - 100] was already satisfying request 211. No change.
07-13 19:58:01.170  4128  4476 D ConnectivityService: Network NetworkAgentInfo [WIFI () - 100] was already satisfying request 207. No change.
07-13 19:58:01.171  4128  4476 D ConnectivityService: Network NetworkAgentInfo [WIFI () - 100] was already satisfying request 23. No change.
07-13 19:58:01.171  4128  4476 D ConnectivityService: Network NetworkAgentInfo [WIFI () - 100] was already satisfying request 13. No change.
07-13 19:58:01.171  4128  4476 D ConnectivityService: Network NetworkAgentInfo [WIFI () - 100] was already satisfying request 21. No change.
07-13 19:58:01.171  4128  4476 D ConnectivityService: Network NetworkAgentInfo [WIFI () - 100] was already satisfying request 25. No change.
07-13 19:58:01.171  4128  4476 D ConnectivityService: Network NetworkAgentInfo [WIFI () - 100] was already satisfying request 184. No change.
07-13 19:58:01.171  4128  4476 D ConnectivityService: Network NetworkAgentInfo [WIFI () - 100] was already satisfying request 203. No change.
07-13 19:58:01.171  4128  4476 D ConnectivityService: Network NetworkAgentInfo [WIFI () - 100] was already satisfying request 205. No change.
07-13 19:58:01.171  4128  4476 D ConnectivityService: Network NetworkAgentInfo [WIFI () - 100] was already satisfying request 210. No change.
07-13 19:58:01.171  4128  4476 D ConnectivityService: Network NetworkAgentInfo [WIFI () - 100] was already satisfying request 11. No change.
07-13 19:58:01.171  4128  4476 D ConnectivityService: Network NetworkAgentInfo [WIFI () - 100] was already satisfying request 178. No change.
07-13 19:58:01.171  4128  4476 D ConnectivityService: Network NetworkAgentInfo [WIFI () - 100] was already satisfying request 36. No change.
07-13 19:58:01.171  4128  4476 D ConnectivityService:   checking if request is satisfied: NetworkRequest [ TRACK_DEFAULT id=216, [ Capabilities: INTERNET&NOT_RESTRICTED&TRUSTED Uid: 10119] ]
07-13 19:58:01.171  4128  4476 D ConnectivityService: currentScore = 0, newScore = 60
07-13 19:58:01.171  4128  4476 D ConnectivityService: rematch for NetworkAgentInfo [WIFI () - 100]
07-13 19:58:01.171  4128  4476 D ConnectivityService:    accepting network in place of null
07-13 19:58:01.171  4128  4476 D ConnectivityService: sending new Min Network Score(60): NetworkRequest [ TRACK_DEFAULT id=216, [ Capabilities: INTERNET&NOT_RESTRICTED&TRUSTED Uid: 10119] ]
07-13 19:58:01.172  4128  4476 D ConnectivityService: Network NetworkAgentInfo [WIFI () - 100] was already satisfying request 170. No change.
07-13 19:58:01.172  4128  4476 D ConnectivityService: Network NetworkAgentInfo [WIFI () - 100] was already satisfying request 213. No change.
07-13 19:58:01.172  4128  4476 D ConnectivityService: Network NetworkAgentInfo [WIFI () - 100] was already satisfying request 1. No change.
07-13 19:58:01.172  4128  4476 D ConnectivityService: Network NetworkAgentInfo [WIFI () - 100] was already satisfying request 204. No change.
07-13 19:58:01.173  4128  4476 D ConnectivityService: Network NetworkAgentInfo [WIFI () - 100] was already satisfying request 208. No change.
07-13 19:58:01.173  4622  4622 D PhoneSwitcherNetworkRequstListener: got request NetworkRequest [ TRACK_DEFAULT id=216, [ Capabilities: INTERNET&NOT_RESTRICTED&TRUSTED Uid: 10119] ] with score 60 and serial -1
07-13 19:58:01.173  4128  4476 D ConnectivityService: Network NetworkAgentInfo [WIFI () - 100] was already satisfying request 214. No change.
07-13 19:58:01.173  4128  4965 D ConnectivityService: listenForNetwork for uid/pid:10119/14146 NetworkRequest [ LISTEN id=217, [ Capabilities: INTERNET&NOT_RESTRICTED&TRUSTED&FOREGROUND Uid: 10119] ]
07-13 19:58:01.173  4128  4476 D ConnectivityService: sending notification CALLBACK_AVAILABLE for NetworkRequest [ TRACK_DEFAULT id=216, [ Capabilities: INTERNET&NOT_RESTRICTED&TRUSTED Uid: 10119] ]
07-13 19:58:01.174  4128  4476 D ConnectivityService: rematching NetworkAgentInfo [WIFI () - 100]
07-13 19:58:01.174  4128  4476 D ConnectivityService:  network has: [ Transports: WIFI Capabilities: NOT_METERED&INTERNET&NOT_RESTRICTED&TRUSTED&NOT_VPN&VALIDATED&NOT_ROAMING&FOREGROUND&NOT_CONGESTED&NOT_SUSPENDED LinkUpBandwidth>=1048576Kbps LinkDnBandwidth>=1048576Kbps Specifier: <WifiNetworkAgentSpecifier [WifiConfiguration=, SSID="T-Mobile Hotspot_5693_2.4GHz", BSSID=68:79:12:a4:cc:c9, mOriginalRequestorUid=-1, mOriginalRequestorPackageName=]> SignalStrength: -22 SSID: "T-Mobile Hotspot_5693_2.4GHz"]
07-13 19:58:01.174  4128  4476 D ConnectivityService: Network NetworkAgentInfo [WIFI () - 100] was already satisfying request 7. No change.
07-13 19:58:01.174  4128  4476 D ConnectivityService:   checking if request is satisfied: NetworkRequest [ BACKGROUND_REQUEST id=2, [ Transports: CELLULAR Capabilities: INTERNET&NOT_RESTRICTED&TRUSTED&NOT_VPN] ]
07-13 19:58:01.174  4128  4476 D ConnectivityService: Network NetworkAgentInfo [WIFI () - 100] was already satisfying request 18. No change.
07-13 19:58:01.174  4128  4476 D ConnectivityService: Network NetworkAgentInfo [WIFI () - 100] was already satisfying request 212. No change.
07-13 19:58:01.174  4128  4476 D ConnectivityService: Network NetworkAgentInfo [WIFI () - 100] was already satisfying request 37. No change.
07-13 19:58:01.174  4128  4476 D ConnectivityService: Network NetworkAgentInfo [WIFI () - 100] was already satisfying request 211. No change.
07-13 19:58:01.174  4128  4476 D ConnectivityService: Network NetworkAgentInfo [WIFI () - 100] was already satisfying request 207. No change.
07-13 19:58:01.174  4128  4476 D ConnectivityService: Network NetworkAgentInfo [WIFI () - 100] was already satisfying request 23. No change.
07-13 19:58:01.174  4128  4476 D ConnectivityService: Network NetworkAgentInfo [WIFI () - 100] was already satisfying request 13. No change.
07-13 19:58:01.174  4128  4476 D ConnectivityService: Network NetworkAgentInfo [WIFI () - 100] was already satisfying request 21. No change.
07-13 19:58:01.174  4128  4476 D ConnectivityService: Network NetworkAgentInfo [WIFI () - 100] was already satisfying request 25. No change.
07-13 19:58:01.174  4128  4476 D ConnectivityService: Network NetworkAgentInfo [WIFI () - 100] was already satisfying request 184. No change.
07-13 19:58:01.174  4128  4476 D ConnectivityService: Network NetworkAgentInfo [WIFI () - 100] was already satisfying request 203. No change.
07-13 19:58:01.174  4128  4476 D ConnectivityService: Network NetworkAgentInfo [WIFI () - 100] was already satisfying request 205. No change.
07-13 19:58:01.174  4128  4476 D ConnectivityService: Network NetworkAgentInfo [WIFI () - 100] was already satisfying request 210. No change.
07-13 19:58:01.174  4128  4476 D ConnectivityService: Network NetworkAgentInfo [WIFI () - 100] was already satisfying request 11. No change.
07-13 19:58:01.174  4128  4476 D ConnectivityService: Network NetworkAgentInfo [WIFI () - 100] was already satisfying request 178. No change.
07-13 19:58:01.174  4128  4476 D ConnectivityService: Network NetworkAgentInfo [WIFI () - 100] was already satisfying request 36. No change.
07-13 19:58:01.174  4128  4476 D ConnectivityService: Network NetworkAgentInfo [WIFI () - 100] was already satisfying request 216. No change.
07-13 19:58:01.174  4128  4476 D ConnectivityService: Network NetworkAgentInfo [WIFI () - 100] was already satisfying request 170. No change.
07-13 19:58:01.174  4128  4476 D ConnectivityService: Network NetworkAgentInfo [WIFI () - 100] was already satisfying request 213. No change.
07-13 19:58:01.174  4128  4476 D ConnectivityService: Network NetworkAgentInfo [WIFI () - 100] was already satisfying request 1. No change.
07-13 19:58:01.174  4128  4476 D ConnectivityService: Network NetworkAgentInfo [WIFI () - 100] was already satisfying request 204. No change.
07-13 19:58:01.174  4128  4476 D ConnectivityService: Network NetworkAgentInfo [WIFI () - 100] was already satisfying request 208. No change.
07-13 19:58:01.174  4128  4476 D ConnectivityService: Network NetworkAgentInfo [WIFI () - 100] was already satisfying request 214. No change.
07-13 19:58:01.174  4128  4476 D ConnectivityService: sending notification CALLBACK_AVAILABLE for NetworkRequest [ LISTEN id=217, [ Capabilities: INTERNET&NOT_RESTRICTED&TRUSTED&FOREGROUND Uid: 10119] ]
07-13 19:58:01.362 14366 14366 D ip_monitor-3659: fe80::747f:dfff:fe19:ec15 dev wlan0 lladdr 76:7f:df:1c:ef:18 router PROBE
07-13 19:58:01.385 14367 14367 D ip_monitor-3659: fe80::747f:dfff:fe19:ec15 dev wlan0 lladdr 76:7f:df:1c:ef:18 router REACHABLE
07-13 19:58:01.875  5272  6931 I FusedLocation: (REDACTED) location delivery to %s blocked - too fast
07-13 19:58:02.036  4128  5806 I UsbUserSettingsManager: Camera permission required for USB video class devices
07-13 19:58:02.426 13821 13840 V ClearcutMetricXmitter: Transmission is done.
07-13 19:58:02.037  4128  5806 I UsbUserSettingsManager: Camera permission required for USB video class devices
07-13 19:58:02.679  5553  6280 I mcu_services: readInBuf:[ff fe fd 03 01 29 81 a9 ff ]
07-13 19:58:02.680  5553  6280 E mcu_services: MCU2APP : [ff fe fd 03 01 29 81 a9 ff ]
07-13 19:58:02.680  5553  5838 D mcu_services: processResponse - length: 3 - type: 1 - control: 29
07-13 19:58:02.680  5553  5851 D mcu_services: dispatchToClients - cmdId: 41 - data : [29 81 ]
07-13 19:58:02.681  5553  5851 D callback: callMcuInfoChanged: 29 81 
07-13 19:58:02.684  7287  7287 W ContextImpl: Calling a method in the system process without a qualified user: android.app.ContextImpl.sendBroadcast:1045 android.content.ContextWrapper.sendBroadcast:448 com.qf.carsettings.service.CarSettingService$4.onMcuInfoChanged:670 android.qf.mcu.McuManager$ListenerTransport._handleMessage:106 android.qf.mcu.McuManager$ListenerTransport.access$700:72 
07-13 19:58:02.681  5553  5851 D callback: callMcuInfoChanged: 29 81 
07-13 19:58:02.687  3497  3541 E SPRDHWComposer: SPRD_SR SprdHWComposer2::GET_ACTIVE_CONFIG[466] *outConfig:0
07-13 19:58:06.000  4128  4428 D AlarmManager: waitForAlarm result:65536currentTime=1752451086000, elapsedRealtime=5069521
07-13 19:58:06.002  5272  6931 I FusedLocation: (REDACTED) location delivery to %s blocked - too fast
07-13 19:58:06.153  6808  6962 I bbmk    : (REDACTED) getHotwordActive::active query: %s, watch: %s, devices connected: %s
07-13 19:58:06.158  4128  4428 V AlarmManager: Time changed notification from kernel; rebatching
07-13 19:58:06.160  4128  4428 I chatty  : uid=1000(system) AlarmManager expire 22 lines
07-13 19:58:06.163  4128  4428 V AlarmManager: set(null) : type=3 listener=com.android.server.AlarmManagerService$2@3cd773f listenerTag=TIME_TICK triggerAtTime=5123522 win=0 tElapsed=5123522 maxElapsed=5123522 interval=0 flags=0x1
07-13 19:58:06.165  4128  4428 V AlarmManager: set(PendingIntent{2c8b8f8: PendingIntentRecord{fa281d1 android broadcastIntent}}) : type=1 listener=null listenerTag=null triggerAtTime=1752465600000 win=0 tElapsed=19583521 maxElapsed=19583521 interval=0 flags=0x1
07-13 19:58:06.167  4128  4128 D PowerController: system time is changed!!
07-13 19:58:06.167  4128  4829 D PowerController: system time is changed and update power save mode!!
07-13 19:58:06.167  4128  4128 D DevicePolicyManager: updateSystemUpdateFreezePeriodsRecord
07-13 19:58:06.167  4128  4128 D ConditionProviders.SCP: onReceive android.intent.action.TIME_SET
07-13 19:58:06.167  4713  4713 D KeyguardUpdateMonitor: received broadcast android.intent.action.TIME_SET
