07-13 19:55:40.887  5553  5851 D mcu_services: dispatchToClients - cmdId: 41 - data : [29 81 ]
07-13 19:55:40.891  7287  7287 W ContextImpl: Calling a method in the system process without a qualified user: android.app.ContextImpl.sendBroadcast:1045 android.content.ContextWrapper.sendBroadcast:448 com.qf.carsettings.service.CarSettingService$4.onMcuInfoChanged:670 android.qf.mcu.McuManager$ListenerTransport._handleMessage:106 android.qf.mcu.McuManager$ListenerTransport.access$700:72 
07-13 19:55:41.000  4128  4428 I chatty  : uid=1000(system) AlarmManager expire 10 lines
07-13 19:55:42.910  5553  6280 I mcu_services: readInBuf:[ff fe fd 03 01 29 81 a9 ff ]
07-13 19:55:42.910  5553  6280 E mcu_services: MCU2APP : [ff fe fd 03 01 29 81 a9 ff ]
07-13 19:55:42.910  5553  5838 D mcu_services: processResponse - length: 3 - type: 1 - control: 29
07-13 19:55:42.911  5553  5851 D mcu_services: dispatchToClients - cmdId: 41 - data : [29 81 ]
07-13 19:55:42.914  7287  7287 W ContextImpl: Calling a method in the system process without a qualified user: android.app.ContextImpl.sendBroadcast:1045 android.content.ContextWrapper.sendBroadcast:448 com.qf.carsettings.service.CarSettingService$4.onMcuInfoChanged:670 android.qf.mcu.McuManager$ListenerTransport._handleMessage:106 android.qf.mcu.McuManager$ListenerTransport.access$700:72 
07-13 19:55:44.894  5553  6280 I mcu_services: readInBuf:[ff fe fd 03 01 29 81 a9 ff ]
07-13 19:55:44.894  5553  6280 E mcu_services: MCU2APP : [ff fe fd 03 01 29 81 a9 ff ]
07-13 19:55:44.894  5553  5838 D mcu_services: processResponse - length: 3 - type: 1 - control: 29
07-13 19:55:44.895  5553  5851 D mcu_services: dispatchToClients - cmdId: 41 - data : [29 81 ]
07-13 19:55:44.898  7287  7287 W ContextImpl: Calling a method in the system process without a qualified user: android.app.ContextImpl.sendBroadcast:1045 android.content.ContextWrapper.sendBroadcast:448 com.qf.carsettings.service.CarSettingService$4.onMcuInfoChanged:670 android.qf.mcu.McuManager$ListenerTransport._handleMessage:106 android.qf.mcu.McuManager$ListenerTransport.access$700:72 
07-13 19:55:46.705  4128  4150 I chatty  : uid=1000(system) Binder:4128_1 expire 18 lines
07-13 19:55:46.878  5553  6280 I mcu_services: readInBuf:[ff fe fd 03 01 29 81 a9 ff ]
07-13 19:55:46.878  5553  6280 E mcu_services: MCU2APP : [ff fe fd 03 01 29 81 a9 ff ]
07-13 19:55:46.878  5553  5838 D mcu_services: processResponse - length: 3 - type: 1 - control: 29
07-13 19:55:46.878  5553  5851 D mcu_services: dispatchToClients - cmdId: 41 - data : [29 81 ]
07-13 19:55:46.880  7287  7287 W ContextImpl: Calling a method in the system process without a qualified user: android.app.ContextImpl.sendBroadcast:1045 android.content.ContextWrapper.sendBroadcast:448 com.qf.carsettings.service.CarSettingService$4.onMcuInfoChanged:670 android.qf.mcu.McuManager$ListenerTransport._handleMessage:106 android.qf.mcu.McuManager$ListenerTransport.access$700:72 
07-13 19:55:48.712  4128  5812 I chatty  : uid=1000(system) Binder:4128_15 expire 14 lines
07-13 19:55:48.862  5553  6280 I mcu_services: readInBuf:[ff fe fd 03 01 29 81 a9 ff ]
07-13 19:55:48.862  5553  6280 E mcu_services: MCU2APP : [ff fe fd 03 01 29 81 a9 ff ]
07-13 19:55:48.863  5553  5838 D mcu_services: processResponse - length: 3 - type: 1 - control: 29
07-13 19:55:48.863  5553  5851 D mcu_services: dispatchToClients - cmdId: 41 - data : [29 81 ]
07-13 19:55:48.866  7287  7287 W ContextImpl: Calling a method in the system process without a qualified user: android.app.ContextImpl.sendBroadcast:1045 android.content.ContextWrapper.sendBroadcast:448 com.qf.carsettings.service.CarSettingService$4.onMcuInfoChanged:670 android.qf.mcu.McuManager$ListenerTransport._handleMessage:106 android.qf.mcu.McuManager$ListenerTransport.access$700:72 
07-13 19:55:50.719  4128  4995 I chatty  : uid=1000(system) Binder:4128_9 expire 20 lines
07-13 19:55:50.847  5553  6280 I mcu_services: readInBuf:[ff fe fd 03 01 29 81 a9 ff ]
07-13 19:55:50.847  5553  6280 E mcu_services: MCU2APP : [ff fe fd 03 01 29 81 a9 ff ]
07-13 19:55:50.848  5553  5838 D mcu_services: processResponse - length: 3 - type: 1 - control: 29
07-13 19:55:50.848  5553  5851 D mcu_services: dispatchToClients - cmdId: 41 - data : [29 81 ]
07-13 19:55:50.851  7287  7287 W ContextImpl: Calling a method in the system process without a qualified user: android.app.ContextImpl.sendBroadcast:1045 android.content.ContextWrapper.sendBroadcast:448 com.qf.carsettings.service.CarSettingService$4.onMcuInfoChanged:670 android.qf.mcu.McuManager$ListenerTransport._handleMessage:106 android.qf.mcu.McuManager$ListenerTransport.access$700:72 
07-13 19:55:51.097  4128  4167 I chatty  : uid=1000(system) ActivityManager expire 12 lines
07-13 19:55:52.819  5553  6280 I mcu_services: readInBuf:[ff fe fd 03 01 29 81 a9 ff ]
07-13 19:55:52.819  5553  6280 E mcu_services: MCU2APP : [ff fe fd 03 01 29 81 a9 ff ]
07-13 19:55:52.819  5553  5838 D mcu_services: processResponse - length: 3 - type: 1 - control: 29
07-13 19:55:52.820  5553  5851 D mcu_services: dispatchToClients - cmdId: 41 - data : [29 81 ]
07-13 19:55:52.823  7287  7287 W ContextImpl: Calling a method in the system process without a qualified user: android.app.ContextImpl.sendBroadcast:1045 android.content.ContextWrapper.sendBroadcast:448 com.qf.carsettings.service.CarSettingService$4.onMcuInfoChanged:670 android.qf.mcu.McuManager$ListenerTransport._handleMessage:106 android.qf.mcu.McuManager$ListenerTransport.access$700:72 
07-13 19:55:53.771  5553  6280 I mcu_services: readInBuf:[ff fe fd 02 01 26 27 ff ]
07-13 19:55:53.771  5553  6280 E mcu_services: MCU2APP : [ff fe fd 02 01 26 27 ff ]
07-13 19:55:53.772  5553  5838 D mcu_services: processResponse - length: 2 - type: 1 - control: 26
07-13 19:55:53.772  5553  5838 E mcu_services: sendAckSuccess : [ff fd fe 02 02 26 24 ff ]
07-13 19:55:53.772  5553  5838 E mcu_services: APP2MCU : [ff fd fe 02 02 26 24 ff ]
07-13 19:55:53.773  5553  5851 D mcu_services: dispatchToClients - cmdId: 38 - data : [26 ]
07-13 19:55:54.803  5553  6280 I mcu_services: readInBuf:[ff fe fd 03 01 29 81 a9 ff ]
07-13 19:55:54.803  5553  6280 E mcu_services: MCU2APP : [ff fe fd 03 01 29 81 a9 ff ]
07-13 19:55:54.804  5553  5838 D mcu_services: processResponse - length: 3 - type: 1 - control: 29
07-13 19:55:54.804  5553  5851 D mcu_services: dispatchToClients - cmdId: 41 - data : [29 81 ]
07-13 19:55:54.807  7287  7287 W ContextImpl: Calling a method in the system process without a qualified user: android.app.ContextImpl.sendBroadcast:1045 android.content.ContextWrapper.sendBroadcast:448 com.qf.carsettings.service.CarSettingService$4.onMcuInfoChanged:670 android.qf.mcu.McuManager$ListenerTransport._handleMessage:106 android.qf.mcu.McuManager$ListenerTransport.access$700:72 
07-13 19:55:56.788  5553  6280 I mcu_services: readInBuf:[ff fe fd 03 01 29 81 a9 ff ]
07-13 19:55:56.788  5553  6280 E mcu_services: MCU2APP : [ff fe fd 03 01 29 81 a9 ff ]
07-13 19:55:56.789  5553  5838 D mcu_services: processResponse - length: 3 - type: 1 - control: 29
07-13 19:55:56.789  5553  5851 D mcu_services: dispatchToClients - cmdId: 41 - data : [29 81 ]
07-13 19:55:56.792  7287  7287 W ContextImpl: Calling a method in the system process without a qualified user: android.app.ContextImpl.sendBroadcast:1045 android.content.ContextWrapper.sendBroadcast:448 com.qf.carsettings.service.CarSettingService$4.onMcuInfoChanged:670 android.qf.mcu.McuManager$ListenerTransport._handleMessage:106 android.qf.mcu.McuManager$ListenerTransport.access$700:72 
07-13 19:55:57.730  4128  4487 I chatty  : uid=1000(system) DeviceStorageMo expire 1 line
07-13 19:55:58.126  4128  4150 I chatty  : uid=1000(system) Binder:4128_1 expire 11 lines
07-13 19:55:58.773  5553  6280 I mcu_services: readInBuf:[ff fe fd 03 01 29 81 a9 ff ]
07-13 19:55:58.773  5553  6280 E mcu_services: MCU2APP : [ff fe fd 03 01 29 81 a9 ff ]
07-13 19:55:58.773  5553  5838 D mcu_services: processResponse - length: 3 - type: 1 - control: 29
07-13 19:55:58.773  5553  5851 D mcu_services: dispatchToClients - cmdId: 41 - data : [29 81 ]
07-13 19:55:58.777  7287  7287 W ContextImpl: Calling a method in the system process without a qualified user: android.app.ContextImpl.sendBroadcast:1045 android.content.ContextWrapper.sendBroadcast:448 com.qf.carsettings.service.CarSettingService$4.onMcuInfoChanged:670 android.qf.mcu.McuManager$ListenerTransport._handleMessage:106 android.qf.mcu.McuManager$ListenerTransport.access$700:72 
07-13 19:56:00.032  7287  7287 W ContextImpl: Calling a method in the system process without a qualified user: android.app.ContextImpl.sendBroadcast:1045 android.content.ContextWrapper.sendBroadcast:448 com.qf.carsettings.service.CarSettingService$2.onReceive:397 android.app.LoadedApk$ReceiverDispatcher$Args.lambda$getRunnable$0$LoadedApk$ReceiverDispatcher$Args:1583 android.app.-$$Lambda$LoadedApk$ReceiverDispatcher$Args$_BumDX2UKsnxLVrE6UJsJZkotuA.run:2 
07-13 19:56:00.758  5553  6280 I mcu_services: readInBuf:[ff fe fd 03 01 29 81 a9 ff ]
07-13 19:56:00.758  5553  6280 E mcu_services: MCU2APP : [ff fe fd 03 01 29 81 a9 ff ]
07-13 19:56:00.758  5553  5838 D mcu_services: processResponse - length: 3 - type: 1 - control: 29
07-13 19:56:00.759  5553  5851 D mcu_services: dispatchToClients - cmdId: 41 - data : [29 81 ]
07-13 19:56:00.762  7287  7287 W ContextImpl: Calling a method in the system process without a qualified user: android.app.ContextImpl.sendBroadcast:1045 android.content.ContextWrapper.sendBroadcast:448 com.qf.carsettings.service.CarSettingService$4.onMcuInfoChanged:670 android.qf.mcu.McuManager$ListenerTransport._handleMessage:106 android.qf.mcu.McuManager$ListenerTransport.access$700:72 
07-13 19:56:01.630  4128  4995 I chatty  : uid=1000(system) Binder:4128_9 expire 18 lines
07-13 19:56:02.707  5553  6280 I mcu_services: readInBuf:[ff fe fd 03 01 29 81 a9 ff ]
07-13 19:56:02.707  5553  6280 E mcu_services: MCU2APP : [ff fe fd 03 01 29 81 a9 ff ]
07-13 19:56:02.708  5553  5838 D mcu_services: processResponse - length: 3 - type: 1 - control: 29
07-13 19:56:02.708  5553  5851 D mcu_services: dispatchToClients - cmdId: 41 - data : [29 81 ]
07-13 19:56:02.711  7287  7287 W ContextImpl: Calling a method in the system process without a qualified user: android.app.ContextImpl.sendBroadcast:1045 android.content.ContextWrapper.sendBroadcast:448 com.qf.carsettings.service.CarSettingService$4.onMcuInfoChanged:670 android.qf.mcu.McuManager$ListenerTransport._handleMessage:106 android.qf.mcu.McuManager$ListenerTransport.access$700:72 
07-13 19:56:04.692  5553  6280 I mcu_services: readInBuf:[ff fe fd 03 01 29 81 a9 ff ]
07-13 19:56:04.692  5553  6280 E mcu_services: MCU2APP : [ff fe fd 03 01 29 81 a9 ff ]
07-13 19:56:04.692  5553  5838 D mcu_services: processResponse - length: 3 - type: 1 - control: 29
07-13 19:56:04.693  5553  5851 D mcu_services: dispatchToClients - cmdId: 41 - data : [29 81 ]
07-13 19:56:04.696  7287  7287 W ContextImpl: Calling a method in the system process without a qualified user: android.app.ContextImpl.sendBroadcast:1045 android.content.ContextWrapper.sendBroadcast:448 com.qf.carsettings.service.CarSettingService$4.onMcuInfoChanged:670 android.qf.mcu.McuManager$ListenerTransport._handleMessage:106 android.qf.mcu.McuManager$ListenerTransport.access$700:72 
07-13 19:56:06.676  5553  6280 I mcu_services: readInBuf:[ff fe fd 03 01 29 81 a9 ff ]
07-13 19:56:06.677  5553  6280 E mcu_services: MCU2APP : [ff fe fd 03 01 29 81 a9 ff ]
07-13 19:56:06.677  5553  5838 D mcu_services: processResponse - length: 3 - type: 1 - control: 29
07-13 19:56:06.678  5553  5851 D mcu_services: dispatchToClients - cmdId: 41 - data : [29 81 ]
07-13 19:56:06.681  7287  7287 W ContextImpl: Calling a method in the system process without a qualified user: android.app.ContextImpl.sendBroadcast:1045 android.content.ContextWrapper.sendBroadcast:448 com.qf.carsettings.service.CarSettingService$4.onMcuInfoChanged:670 android.qf.mcu.McuManager$ListenerTransport._handleMessage:106 android.qf.mcu.McuManager$ListenerTransport.access$700:72 
07-13 19:56:07.973  4128  4167 I chatty  : uid=1000(system) ActivityManager expire 12 lines
07-13 19:56:08.661  5553  6280 I mcu_services: readInBuf:[ff fe fd 03 01 29 81 a9 ff ]
07-13 19:56:08.662  5553  6280 E mcu_services: MCU2APP : [ff fe fd 03 01 29 81 a9 ff ]
07-13 19:56:08.662  5553  5838 D mcu_services: processResponse - length: 3 - type: 1 - control: 29
07-13 19:56:08.662  5553  5851 D mcu_services: dispatchToClients - cmdId: 41 - data : [29 81 ]
07-13 19:56:08.666  7287  7287 W ContextImpl: Calling a method in the system process without a qualified user: android.app.ContextImpl.sendBroadcast:1045 android.content.ContextWrapper.sendBroadcast:448 com.qf.carsettings.service.CarSettingService$4.onMcuInfoChanged:670 android.qf.mcu.McuManager$ListenerTransport._handleMessage:106 android.qf.mcu.McuManager$ListenerTransport.access$700:72 
07-13 19:56:10.085  4128  4150 I chatty  : uid=1000(system) Binder:4128_1 expire 16 lines
07-13 19:56:10.646  5553  6280 I mcu_services: readInBuf:[ff fe fd 03 01 29 81 a9 ff ]
07-13 19:56:10.646  5553  6280 E mcu_services: MCU2APP : [ff fe fd 03 01 29 81 a9 ff ]
07-13 19:56:10.647  5553  5838 D mcu_services: processResponse - length: 3 - type: 1 - control: 29
07-13 19:56:10.647  5553  5851 D mcu_services: dispatchToClients - cmdId: 41 - data : [29 81 ]
07-13 19:56:10.650  7287  7287 W ContextImpl: Calling a method in the system process without a qualified user: android.app.ContextImpl.sendBroadcast:1045 android.content.ContextWrapper.sendBroadcast:448 com.qf.carsettings.service.CarSettingService$4.onMcuInfoChanged:670 android.qf.mcu.McuManager$ListenerTransport._handleMessage:106 android.qf.mcu.McuManager$ListenerTransport.access$700:72 
07-13 19:56:12.678  5553  6280 I mcu_services: readInBuf:[ff fe fd 03 01 29 81 a9 ff ]
07-13 19:56:12.679  5553  6280 E mcu_services: MCU2APP : [ff fe fd 03 01 29 81 a9 ff ]
07-13 19:56:12.679  5553  5838 D mcu_services: processResponse - length: 3 - type: 1 - control: 29
07-13 19:56:12.680  5553  5851 D mcu_services: dispatchToClients - cmdId: 41 - data : [29 81 ]
07-13 19:56:12.686  7287  7287 W ContextImpl: Calling a method in the system process without a qualified user: android.app.ContextImpl.sendBroadcast:1045 android.content.ContextWrapper.sendBroadcast:448 com.qf.carsettings.service.CarSettingService$4.onMcuInfoChanged:670 android.qf.mcu.McuManager$ListenerTransport._handleMessage:106 android.qf.mcu.McuManager$ListenerTransport.access$700:72 
07-13 19:56:12.796  4128  4995 I chatty  : uid=1000(system) Binder:4128_9 expire 11 lines
07-13 19:56:14.663  5553  6280 I mcu_services: readInBuf:[ff fe fd 03 01 29 81 a9 ff ]
07-13 19:56:14.663  5553  6280 E mcu_services: MCU2APP : [ff fe fd 03 01 29 81 a9 ff ]
07-13 19:56:14.664  5553  5838 D mcu_services: processResponse - length: 3 - type: 1 - control: 29
07-13 19:56:14.664  5553  5851 D mcu_services: dispatchToClients - cmdId: 41 - data : [29 81 ]
07-13 19:56:14.667  7287  7287 W ContextImpl: Calling a method in the system process without a qualified user: android.app.ContextImpl.sendBroadcast:1045 android.content.ContextWrapper.sendBroadcast:448 com.qf.carsettings.service.CarSettingService$4.onMcuInfoChanged:670 android.qf.mcu.McuManager$ListenerTransport._handleMessage:106 android.qf.mcu.McuManager$ListenerTransport.access$700:72 
07-13 19:56:16.647  5553  6280 I mcu_services: readInBuf:[ff fe fd 03 01 29 81 a9 ff ]
07-13 19:56:16.648  5553  6280 E mcu_services: MCU2APP : [ff fe fd 03 01 29 81 a9 ff ]
07-13 19:56:16.648  5553  5838 D mcu_services: processResponse - length: 3 - type: 1 - control: 29
07-13 19:56:16.648  5553  5851 D mcu_services: dispatchToClients - cmdId: 41 - data : [29 81 ]
07-13 19:56:16.652  7287  7287 W ContextImpl: Calling a method in the system process without a qualified user: android.app.ContextImpl.sendBroadcast:1045 android.content.ContextWrapper.sendBroadcast:448 com.qf.carsettings.service.CarSettingService$4.onMcuInfoChanged:670 android.qf.mcu.McuManager$ListenerTransport._handleMessage:106 android.qf.mcu.McuManager$ListenerTransport.access$700:72 
07-13 19:56:17.895  4128  4428 I chatty  : uid=1000(system) AlarmManager expire 3 lines
07-13 19:56:18.632  5553  6280 I mcu_services: readInBuf:[ff fe fd 03 01 29 81 a9 ff ]
07-13 19:56:18.632  5553  6280 E mcu_services: MCU2APP : [ff fe fd 03 01 29 81 a9 ff ]
07-13 19:56:18.633  5553  5838 D mcu_services: processResponse - length: 3 - type: 1 - control: 29
07-13 19:56:18.633  5553  5851 D mcu_services: dispatchToClients - cmdId: 41 - data : [29 81 ]
07-13 19:56:18.636  7287  7287 W ContextImpl: Calling a method in the system process without a qualified user: android.app.ContextImpl.sendBroadcast:1045 android.content.ContextWrapper.sendBroadcast:448 com.qf.carsettings.service.CarSettingService$4.onMcuInfoChanged:670 android.qf.mcu.McuManager$ListenerTransport._handleMessage:106 android.qf.mcu.McuManager$ListenerTransport.access$700:72 
07-13 19:56:20.617  5553  6280 I mcu_services: readInBuf:[ff fe fd 03 01 29 81 a9 ff ]
07-13 19:56:20.617  5553  6280 E mcu_services: MCU2APP : [ff fe fd 03 01 29 81 a9 ff ]
07-13 19:56:20.617  5553  5838 D mcu_services: processResponse - length: 3 - type: 1 - control: 29
07-13 19:56:20.617  5553  5851 D mcu_services: dispatchToClients - cmdId: 41 - data : [29 81 ]
07-13 19:56:20.619  7287  7287 W ContextImpl: Calling a method in the system process without a qualified user: android.app.ContextImpl.sendBroadcast:1045 android.content.ContextWrapper.sendBroadcast:448 com.qf.carsettings.service.CarSettingService$4.onMcuInfoChanged:670 android.qf.mcu.McuManager$ListenerTransport._handleMessage:106 android.qf.mcu.McuManager$ListenerTransport.access$700:72 
07-13 19:56:20.696  4128  4150 I chatty  : uid=1000(system) Binder:4128_1 expire 10 lines
07-13 19:56:22.589  5553  6280 I mcu_services: readInBuf:[ff fe fd 03 01 29 81 a9 ff ]
07-13 19:56:22.589  5553  6280 E mcu_services: MCU2APP : [ff fe fd 03 01 29 81 a9 ff ]
07-13 19:56:22.589  5553  5838 D mcu_services: processResponse - length: 3 - type: 1 - control: 29
07-13 19:56:22.590  5553  5851 D mcu_services: dispatchToClients - cmdId: 41 - data : [29 81 ]
07-13 19:56:22.593  7287  7287 W ContextImpl: Calling a method in the system process without a qualified user: android.app.ContextImpl.sendBroadcast:1045 android.content.ContextWrapper.sendBroadcast:448 com.qf.carsettings.service.CarSettingService$4.onMcuInfoChanged:670 android.qf.mcu.McuManager$ListenerTransport._handleMessage:106 android.qf.mcu.McuManager$ListenerTransport.access$700:72 
07-13 19:56:23.229  4128  5812 I chatty  : uid=1000(system) Binder:4128_15 expire 13 lines
07-13 19:56:24.574  5553  6280 I mcu_services: readInBuf:[ff fe fd 03 01 29 81 a9 ff ]
07-13 19:56:24.574  5553  6280 E mcu_services: MCU2APP : [ff fe fd 03 01 29 81 a9 ff ]
07-13 19:56:24.574  5553  5838 D mcu_services: processResponse - length: 3 - type: 1 - control: 29
07-13 19:56:24.575  5553  5851 D mcu_services: dispatchToClients - cmdId: 41 - data : [29 81 ]
07-13 19:56:24.578  7287  7287 W ContextImpl: Calling a method in the system process without a qualified user: android.app.ContextImpl.sendBroadcast:1045 android.content.ContextWrapper.sendBroadcast:448 com.qf.carsettings.service.CarSettingService$4.onMcuInfoChanged:670 android.qf.mcu.McuManager$ListenerTransport._handleMessage:106 android.qf.mcu.McuManager$ListenerTransport.access$700:72 
07-13 19:56:24.913  4128  4167 I chatty  : uid=1000(system) ActivityManager expire 12 lines
07-13 19:56:24.919  4128  4150 I chatty  : uid=1000(system) Binder:4128_1 expire 13 lines
07-13 19:56:26.558  5553  6280 I mcu_services: readInBuf:[ff fe fd 03 01 29 81 a9 ff ]
07-13 19:56:26.558  5553  6280 E mcu_services: MCU2APP : [ff fe fd 03 01 29 81 a9 ff ]
07-13 19:56:26.559  5553  5838 D mcu_services: processResponse - length: 3 - type: 1 - control: 29
07-13 19:56:26.559  5553  5851 D mcu_services: dispatchToClients - cmdId: 41 - data : [29 81 ]
07-13 19:56:26.562  7287  7287 W ContextImpl: Calling a method in the system process without a qualified user: android.app.ContextImpl.sendBroadcast:1045 android.content.ContextWrapper.sendBroadcast:448 com.qf.carsettings.service.CarSettingService$4.onMcuInfoChanged:670 android.qf.mcu.McuManager$ListenerTransport._handleMessage:106 android.qf.mcu.McuManager$ListenerTransport.access$700:72 
07-13 19:56:28.543  5553  6280 I mcu_services: readInBuf:[ff fe fd 03 01 29 81 a9 ff ]
07-13 19:56:28.543  5553  6280 E mcu_services: MCU2APP : [ff fe fd 03 01 29 81 a9 ff ]
07-13 19:56:28.543  5553  5838 D mcu_services: processResponse - length: 3 - type: 1 - control: 29
07-13 19:56:28.543  5553  5851 D mcu_services: dispatchToClients - cmdId: 41 - data : [29 81 ]
07-13 19:56:28.547  7287  7287 W ContextImpl: Calling a method in the system process without a qualified user: android.app.ContextImpl.sendBroadcast:1045 android.content.ContextWrapper.sendBroadcast:448 com.qf.carsettings.service.CarSettingService$4.onMcuInfoChanged:670 android.qf.mcu.McuManager$ListenerTransport._handleMessage:106 android.qf.mcu.McuManager$ListenerTransport.access$700:72 
07-13 19:56:30.527  5553  6280 I mcu_services: readInBuf:[ff fe fd 03 01 29 81 a9 ff ]
07-13 19:56:30.527  5553  6280 E mcu_services: MCU2APP : [ff fe fd 03 01 29 81 a9 ff ]
07-13 19:56:30.528  5553  5838 D mcu_services: processResponse - length: 3 - type: 1 - control: 29
07-13 19:56:30.528  5553  5851 D mcu_services: dispatchToClients - cmdId: 41 - data : [29 81 ]
07-13 19:56:30.532  7287  7287 W ContextImpl: Calling a method in the system process without a qualified user: android.app.ContextImpl.sendBroadcast:1045 android.content.ContextWrapper.sendBroadcast:448 com.qf.carsettings.service.CarSettingService$4.onMcuInfoChanged:670 android.qf.mcu.McuManager$ListenerTransport._handleMessage:106 android.qf.mcu.McuManager$ListenerTransport.access$700:72 
07-13 19:56:31.000  4128  4428 I chatty  : uid=1000(system) AlarmManager expire 10 lines
07-13 19:56:32.469  5553  6280 I mcu_services: readInBuf:[ff fe fd 03 01 29 81 a9 ff ]
07-13 19:56:32.469  5553  6280 E mcu_services: MCU2APP : [ff fe fd 03 01 29 81 a9 ff ]
07-13 19:56:32.470  5553  5838 D mcu_services: processResponse - length: 3 - type: 1 - control: 29
07-13 19:56:32.470  5553  5851 D mcu_services: dispatchToClients - cmdId: 41 - data : [29 81 ]
07-13 19:56:32.474  7287  7287 W ContextImpl: Calling a method in the system process without a qualified user: android.app.ContextImpl.sendBroadcast:1045 android.content.ContextWrapper.sendBroadcast:448 com.qf.carsettings.service.CarSettingService$4.onMcuInfoChanged:670 android.qf.mcu.McuManager$ListenerTransport._handleMessage:106 android.qf.mcu.McuManager$ListenerTransport.access$700:72 
07-13 19:56:32.812  4128  4995 I chatty  : uid=1000(system) Binder:4128_9 expire 8 lines
07-13 19:56:34.454  5553  6280 I mcu_services: readInBuf:[ff fe fd 03 01 29 81 a9 ff ]
07-13 19:56:34.454  5553  6280 E mcu_services: MCU2APP : [ff fe fd 03 01 29 81 a9 ff ]
07-13 19:56:34.454  5553  5838 D mcu_services: processResponse - length: 3 - type: 1 - control: 29
07-13 19:56:34.455  5553  5851 D mcu_services: dispatchToClients - cmdId: 41 - data : [29 81 ]
07-13 19:56:34.457  7287  7287 W ContextImpl: Calling a method in the system process without a qualified user: android.app.ContextImpl.sendBroadcast:1045 android.content.ContextWrapper.sendBroadcast:448 com.qf.carsettings.service.CarSettingService$4.onMcuInfoChanged:670 android.qf.mcu.McuManager$ListenerTransport._handleMessage:106 android.qf.mcu.McuManager$ListenerTransport.access$700:72 
07-13 19:56:34.820  4128  4602 I chatty  : uid=1000(system) Binder:4128_5 expire 15 lines
07-13 19:56:36.438  5553  6280 I mcu_services: readInBuf:[ff fe fd 03 01 29 81 a9 ff ]
07-13 19:56:36.438  5553  6280 E mcu_services: MCU2APP : [ff fe fd 03 01 29 81 a9 ff ]
07-13 19:56:36.439  5553  5838 D mcu_services: processResponse - length: 3 - type: 1 - control: 29
07-13 19:56:36.439  5553  5851 D mcu_services: dispatchToClients - cmdId: 41 - data : [29 81 ]
07-13 19:56:36.442  7287  7287 W ContextImpl: Calling a method in the system process without a qualified user: android.app.ContextImpl.sendBroadcast:1045 android.content.ContextWrapper.sendBroadcast:448 com.qf.carsettings.service.CarSettingService$4.onMcuInfoChanged:670 android.qf.mcu.McuManager$ListenerTransport._handleMessage:106 android.qf.mcu.McuManager$ListenerTransport.access$700:72 
07-13 19:56:37.525  4128  4150 I chatty  : uid=1000(system) Binder:4128_1 expire 12 lines
07-13 19:56:38.423  5553  6280 I mcu_services: readInBuf:[ff fe fd 03 01 29 81 a9 ff ]
07-13 19:56:38.423  5553  6280 E mcu_services: MCU2APP : [ff fe fd 03 01 29 81 a9 ff ]
07-13 19:56:38.423  5553  5838 D mcu_services: processResponse - length: 3 - type: 1 - control: 29
07-13 19:56:38.424  5553  5851 D mcu_services: dispatchToClients - cmdId: 41 - data : [29 81 ]
07-13 19:56:38.427  7287  7287 W ContextImpl: Calling a method in the system process without a qualified user: android.app.ContextImpl.sendBroadcast:1045 android.content.ContextWrapper.sendBroadcast:448 com.qf.carsettings.service.CarSettingService$4.onMcuInfoChanged:670 android.qf.mcu.McuManager$ListenerTransport._handleMessage:106 android.qf.mcu.McuManager$ListenerTransport.access$700:72 
07-13 19:56:40.408  5553  6280 I mcu_services: readInBuf:[ff fe fd 03 01 29 81 a9 ff ]
07-13 19:56:40.408  5553  6280 E mcu_services: MCU2APP : [ff fe fd 03 01 29 81 a9 ff ]
07-13 19:56:40.408  5553  5838 D mcu_services: processResponse - length: 3 - type: 1 - control: 29
07-13 19:56:40.408  5553  5851 D mcu_services: dispatchToClients - cmdId: 41 - data : [29 81 ]
07-13 19:56:40.412  7287  7287 W ContextImpl: Calling a method in the system process without a qualified user: android.app.ContextImpl.sendBroadcast:1045 android.content.ContextWrapper.sendBroadcast:448 com.qf.carsettings.service.CarSettingService$4.onMcuInfoChanged:670 android.qf.mcu.McuManager$ListenerTransport._handleMessage:106 android.qf.mcu.McuManager$ListenerTransport.access$700:72 
07-13 19:56:41.799  4128  4167 I chatty  : uid=1000(system) ActivityManager expire 12 lines
07-13 19:56:41.803  4128  5550 I chatty  : uid=1000(system) Binder:4128_E expire 9 lines
07-13 19:56:42.443  5553  6280 I mcu_services: readInBuf:[ff fe fd 03 01 29 81 a9 ff ]
07-13 19:56:42.443  5553  6280 E mcu_services: MCU2APP : [ff fe fd 03 01 29 81 a9 ff ]
07-13 19:56:42.443  5553  5838 D mcu_services: processResponse - length: 3 - type: 1 - control: 29
07-13 19:56:42.443  5553  5851 D mcu_services: dispatchToClients - cmdId: 41 - data : [29 81 ]
07-13 19:56:42.447  7287  7287 W ContextImpl: Calling a method in the system process without a qualified user: android.app.ContextImpl.sendBroadcast:1045 android.content.ContextWrapper.sendBroadcast:448 com.qf.carsettings.service.CarSettingService$4.onMcuInfoChanged:670 android.qf.mcu.McuManager$ListenerTransport._handleMessage:106 android.qf.mcu.McuManager$ListenerTransport.access$700:72 
07-13 19:56:44.427  5553  6280 I mcu_services: readInBuf:[ff fe fd 03 01 29 81 a9 ff ]
07-13 19:56:44.427  5553  6280 E mcu_services: MCU2APP : [ff fe fd 03 01 29 81 a9 ff ]
07-13 19:56:44.428  5553  5838 D mcu_services: processResponse - length: 3 - type: 1 - control: 29
07-13 19:56:44.428  5553  5851 D mcu_services: dispatchToClients - cmdId: 41 - data : [29 81 ]
07-13 19:56:44.431  7287  7287 W ContextImpl: Calling a method in the system process without a qualified user: android.app.ContextImpl.sendBroadcast:1045 android.content.ContextWrapper.sendBroadcast:448 com.qf.carsettings.service.CarSettingService$4.onMcuInfoChanged:670 android.qf.mcu.McuManager$ListenerTransport._handleMessage:106 android.qf.mcu.McuManager$ListenerTransport.access$700:72 
07-13 19:56:46.411  5553  6280 I mcu_services: readInBuf:[ff fe fd 03 01 29 81 a9 ff ]
07-13 19:56:46.412  5553  6280 E mcu_services: MCU2APP : [ff fe fd 03 01 29 81 a9 ff ]
07-13 19:56:46.412  5553  5838 D mcu_services: processResponse - length: 3 - type: 1 - control: 29
07-13 19:56:46.412  5553  5851 D mcu_services: dispatchToClients - cmdId: 41 - data : [29 81 ]
07-13 19:56:46.416  7287  7287 W ContextImpl: Calling a method in the system process without a qualified user: android.app.ContextImpl.sendBroadcast:1045 android.content.ContextWrapper.sendBroadcast:448 com.qf.carsettings.service.CarSettingService$4.onMcuInfoChanged:670 android.qf.mcu.McuManager$ListenerTransport._handleMessage:106 android.qf.mcu.McuManager$ListenerTransport.access$700:72 
07-13 19:56:46.908  4128  4602 I chatty  : uid=1000(system) Binder:4128_5 expire 13 lines
07-13 19:56:48.396  5553  6280 I mcu_services: readInBuf:[ff fe fd 03 01 29 81 a9 ff ]
07-13 19:56:48.396  5553  6280 E mcu_services: MCU2APP : [ff fe fd 03 01 29 81 a9 ff ]
07-13 19:56:48.397  5553  5838 D mcu_services: processResponse - length: 3 - type: 1 - control: 29
07-13 19:56:48.397  5553  5851 D mcu_services: dispatchToClients - cmdId: 41 - data : [29 81 ]
07-13 19:56:48.401  7287  7287 W ContextImpl: Calling a method in the system process without a qualified user: android.app.ContextImpl.sendBroadcast:1045 android.content.ContextWrapper.sendBroadcast:448 com.qf.carsettings.service.CarSettingService$4.onMcuInfoChanged:670 android.qf.mcu.McuManager$ListenerTransport._handleMessage:106 android.qf.mcu.McuManager$ListenerTransport.access$700:72 
07-13 19:56:48.914  4128  4150 I chatty  : uid=1000(system) Binder:4128_1 expire 23 lines
07-13 19:56:50.381  5553  6280 I mcu_services: readInBuf:[ff fe fd 03 01 29 81 a9 ff ]
07-13 19:56:50.381  5553  6280 E mcu_services: MCU2APP : [ff fe fd 03 01 29 81 a9 ff ]
07-13 19:56:50.381  5553  5838 D mcu_services: processResponse - length: 3 - type: 1 - control: 29
07-13 19:56:50.382  5553  5851 D mcu_services: dispatchToClients - cmdId: 41 - data : [29 81 ]
07-13 19:56:50.385  7287  7287 W ContextImpl: Calling a method in the system process without a qualified user: android.app.ContextImpl.sendBroadcast:1045 android.content.ContextWrapper.sendBroadcast:448 com.qf.carsettings.service.CarSettingService$4.onMcuInfoChanged:670 android.qf.mcu.McuManager$ListenerTransport._handleMessage:106 android.qf.mcu.McuManager$ListenerTransport.access$700:72 
07-13 19:56:52.370  5553  6280 I mcu_services: readInBuf:[ff fe fd 03 01 29 81 a9 ff ]
07-13 19:56:52.370  5553  6280 E mcu_services: MCU2APP : [ff fe fd 03 01 29 81 a9 ff ]
07-13 19:56:52.371  5553  5838 D mcu_services: processResponse - length: 3 - type: 1 - control: 29
07-13 19:56:52.371  5553  5851 D mcu_services: dispatchToClients - cmdId: 41 - data : [29 81 ]
07-13 19:56:52.373  7287  7287 W ContextImpl: Calling a method in the system process without a qualified user: android.app.ContextImpl.sendBroadcast:1045 android.content.ContextWrapper.sendBroadcast:448 com.qf.carsettings.service.CarSettingService$4.onMcuInfoChanged:670 android.qf.mcu.McuManager$ListenerTransport._handleMessage:106 android.qf.mcu.McuManager$ListenerTransport.access$700:72 
07-13 19:56:54.355  5553  6280 I mcu_services: readInBuf:[ff fe fd 03 01 29 81 a9 ff ]
07-13 19:56:54.355  5553  6280 E mcu_services: MCU2APP : [ff fe fd 03 01 29 81 a9 ff ]
07-13 19:56:54.356  5553  5838 D mcu_services: processResponse - length: 3 - type: 1 - control: 29
07-13 19:56:54.356  5553  5851 D mcu_services: dispatchToClients - cmdId: 41 - data : [29 81 ]
07-13 19:56:54.359  7287  7287 W ContextImpl: Calling a method in the system process without a qualified user: android.app.ContextImpl.sendBroadcast:1045 android.content.ContextWrapper.sendBroadcast:448 com.qf.carsettings.service.CarSettingService$4.onMcuInfoChanged:670 android.qf.mcu.McuManager$ListenerTransport._handleMessage:106 android.qf.mcu.McuManager$ListenerTransport.access$700:72 
07-13 19:56:56.340  5553  6280 I mcu_services: readInBuf:[ff fe fd 03 01 29 81 a9 ff ]
07-13 19:56:56.340  5553  6280 E mcu_services: MCU2APP : [ff fe fd 03 01 29 81 a9 ff ]
07-13 19:56:56.341  5553  5838 D mcu_services: processResponse - length: 3 - type: 1 - control: 29
07-13 19:56:56.341  5553  5851 D mcu_services: dispatchToClients - cmdId: 41 - data : [29 81 ]
07-13 19:56:56.344  7287  7287 W ContextImpl: Calling a method in the system process without a qualified user: android.app.ContextImpl.sendBroadcast:1045 android.content.ContextWrapper.sendBroadcast:448 com.qf.carsettings.service.CarSettingService$4.onMcuInfoChanged:670 android.qf.mcu.McuManager$ListenerTransport._handleMessage:106 android.qf.mcu.McuManager$ListenerTransport.access$700:72 
07-13 19:56:57.747  4128  4487 I chatty  : uid=1000(system) DeviceStorageMo expire 1 line
07-13 19:56:58.325  5553  6280 I mcu_services: readInBuf:[ff fe fd 03 01 29 81 a9 ff ]
07-13 19:56:58.325  5553  6280 E mcu_services: MCU2APP : [ff fe fd 03 01 29 81 a9 ff ]
07-13 19:56:58.325  5553  5838 D mcu_services: processResponse - length: 3 - type: 1 - control: 29
07-13 19:56:58.326  5553  5851 D mcu_services: dispatchToClients - cmdId: 41 - data : [29 81 ]
07-13 19:56:58.329  7287  7287 W ContextImpl: Calling a method in the system process without a qualified user: android.app.ContextImpl.sendBroadcast:1045 android.content.ContextWrapper.sendBroadcast:448 com.qf.carsettings.service.CarSettingService$4.onMcuInfoChanged:670 android.qf.mcu.McuManager$ListenerTransport._handleMessage:106 android.qf.mcu.McuManager$ListenerTransport.access$700:72 
07-13 19:56:58.717  4128  4167 I chatty  : uid=1000(system) ActivityManager expire 12 lines
07-13 19:56:58.721  4128  5812 I chatty  : uid=1000(system) Binder:4128_15 expire 10 lines
07-13 19:57:00.026  7287  7287 W ContextImpl: Calling a method in the system process without a qualified user: android.app.ContextImpl.sendBroadcast:1045 android.content.ContextWrapper.sendBroadcast:448 com.qf.carsettings.service.CarSettingService$2.onReceive:397 android.app.LoadedApk$ReceiverDispatcher$Args.lambda$getRunnable$0$LoadedApk$ReceiverDispatcher$Args:1583 android.app.-$$Lambda$LoadedApk$ReceiverDispatcher$Args$_BumDX2UKsnxLVrE6UJsJZkotuA.run:2 
07-13 19:57:00.309  5553  6280 I mcu_services: readInBuf:[ff fe fd 03 01 29 81 a9 ff ]
07-13 19:57:00.309  5553  6280 E mcu_services: MCU2APP : [ff fe fd 03 01 29 81 a9 ff ]
07-13 19:57:00.310  5553  5838 D mcu_services: processResponse - length: 3 - type: 1 - control: 29
07-13 19:57:00.310  5553  5851 D mcu_services: dispatchToClients - cmdId: 41 - data : [29 81 ]
07-13 19:57:00.313  7287  7287 W ContextImpl: Calling a method in the system process without a qualified user: android.app.ContextImpl.sendBroadcast:1045 android.content.ContextWrapper.sendBroadcast:448 com.qf.carsettings.service.CarSettingService$4.onMcuInfoChanged:670 android.qf.mcu.McuManager$ListenerTransport._handleMessage:106 android.qf.mcu.McuManager$ListenerTransport.access$700:72 
07-13 19:57:00.830  4128  4150 I chatty  : uid=1000(system) Binder:4128_1 expire 18 lines
07-13 19:57:02.241  5553  6280 I mcu_services: readInBuf:[ff fe fd 03 01 29 81 a9 ff ]
07-13 19:57:02.241  5553  6280 E mcu_services: MCU2APP : [ff fe fd 03 01 29 81 a9 ff ]
07-13 19:57:02.241  5553  5838 D mcu_services: processResponse - length: 3 - type: 1 - control: 29
07-13 19:57:02.242  5553  5851 D mcu_services: dispatchToClients - cmdId: 41 - data : [29 81 ]
07-13 19:57:02.246  7287  7287 W ContextImpl: Calling a method in the system process without a qualified user: android.app.ContextImpl.sendBroadcast:1045 android.content.ContextWrapper.sendBroadcast:448 com.qf.carsettings.service.CarSettingService$4.onMcuInfoChanged:670 android.qf.mcu.McuManager$ListenerTransport._handleMessage:106 android.qf.mcu.McuManager$ListenerTransport.access$700:72 
07-13 19:57:02.897  4128  5529 I chatty  : uid=1000(system) Binder:4128_A expire 18 lines
07-13 19:57:04.226  5553  6280 I mcu_services: readInBuf:[ff fe fd 03 01 29 81 a9 ff ]
07-13 19:57:04.226  5553  6280 E mcu_services: MCU2APP : [ff fe fd 03 01 29 81 a9 ff ]
07-13 19:57:04.226  5553  5838 D mcu_services: processResponse - length: 3 - type: 1 - control: 29
07-13 19:57:04.227  5553  5851 D mcu_services: dispatchToClients - cmdId: 41 - data : [29 81 ]
07-13 19:57:04.230  7287  7287 W ContextImpl: Calling a method in the system process without a qualified user: android.app.ContextImpl.sendBroadcast:1045 android.content.ContextWrapper.sendBroadcast:448 com.qf.carsettings.service.CarSettingService$4.onMcuInfoChanged:670 android.qf.mcu.McuManager$ListenerTransport._handleMessage:106 android.qf.mcu.McuManager$ListenerTransport.access$700:72 
07-13 19:57:06.210  5553  6280 I mcu_services: readInBuf:[ff fe fd 03 01 29 81 a9 ff ]
07-13 19:57:06.210  5553  6280 E mcu_services: MCU2APP : [ff fe fd 03 01 29 81 a9 ff ]
07-13 19:57:06.211  5553  5838 D mcu_services: processResponse - length: 3 - type: 1 - control: 29
07-13 19:57:06.211  5553  5851 D mcu_services: dispatchToClients - cmdId: 41 - data : [29 81 ]
07-13 19:57:06.214  7287  7287 W ContextImpl: Calling a method in the system process without a qualified user: android.app.ContextImpl.sendBroadcast:1045 android.content.ContextWrapper.sendBroadcast:448 com.qf.carsettings.service.CarSettingService$4.onMcuInfoChanged:670 android.qf.mcu.McuManager$ListenerTransport._handleMessage:106 android.qf.mcu.McuManager$ListenerTransport.access$700:72 
07-13 19:57:08.195  5553  6280 I mcu_services: readInBuf:[ff fe fd 03 01 29 81 a9 ff ]
07-13 19:57:08.195  5553  6280 E mcu_services: MCU2APP : [ff fe fd 03 01 29 81 a9 ff ]
07-13 19:57:08.195  5553  5838 D mcu_services: processResponse - length: 3 - type: 1 - control: 29
07-13 19:57:08.196  5553  5851 D mcu_services: dispatchToClients - cmdId: 41 - data : [29 81 ]
07-13 19:57:08.199  7287  7287 W ContextImpl: Calling a method in the system process without a qualified user: android.app.ContextImpl.sendBroadcast:1045 android.content.ContextWrapper.sendBroadcast:448 com.qf.carsettings.service.CarSettingService$4.onMcuInfoChanged:670 android.qf.mcu.McuManager$ListenerTransport._handleMessage:106 android.qf.mcu.McuManager$ListenerTransport.access$700:72 
07-13 19:57:10.179  5553  6280 I mcu_services: readInBuf:[ff fe fd 03 01 29 81 a9 ff ]
07-13 19:57:10.179  5553  6280 E mcu_services: MCU2APP : [ff fe fd 03 01 29 81 a9 ff ]
07-13 19:57:10.180  5553  5838 D mcu_services: processResponse - length: 3 - type: 1 - control: 29
07-13 19:57:10.180  5553  5851 D mcu_services: dispatchToClients - cmdId: 41 - data : [29 81 ]
07-13 19:57:10.184  7287  7287 W ContextImpl: Calling a method in the system process without a qualified user: android.app.ContextImpl.sendBroadcast:1045 android.content.ContextWrapper.sendBroadcast:448 com.qf.carsettings.service.CarSettingService$4.onMcuInfoChanged:670 android.qf.mcu.McuManager$ListenerTransport._handleMessage:106 android.qf.mcu.McuManager$ListenerTransport.access$700:72 
07-13 19:57:11.000  4128  4428 I chatty  : uid=1000(system) AlarmManager expire 1 line
07-13 19:57:12.205  5553  6280 I mcu_services: readInBuf:[ff fe fd 03 01 29 81 a9 ff ]
07-13 19:57:12.205  5553  6280 E mcu_services: MCU2APP : [ff fe fd 03 01 29 81 a9 ff ]
07-13 19:57:12.205  5553  5838 D mcu_services: processResponse - length: 3 - type: 1 - control: 29
07-13 19:57:12.205  5553  5851 D mcu_services: dispatchToClients - cmdId: 41 - data : [29 81 ]
07-13 19:57:12.208  7287  7287 W ContextImpl: Calling a method in the system process without a qualified user: android.app.ContextImpl.sendBroadcast:1045 android.content.ContextWrapper.sendBroadcast:448 com.qf.carsettings.service.CarSettingService$4.onMcuInfoChanged:670 android.qf.mcu.McuManager$ListenerTransport._handleMessage:106 android.qf.mcu.McuManager$ListenerTransport.access$700:72 
07-13 19:57:12.994  4128  4994 I chatty  : uid=1000(system) Binder:4128_8 expire 2 lines
07-13 19:57:14.190  5553  6280 I mcu_services: readInBuf:[ff fe fd 03 01 29 81 a9 ff ]
07-13 19:57:14.190  5553  6280 E mcu_services: MCU2APP : [ff fe fd 03 01 29 81 a9 ff ]
07-13 19:57:14.190  5553  5838 D mcu_services: processResponse - length: 3 - type: 1 - control: 29
07-13 19:57:14.191  5553  5851 D mcu_services: dispatchToClients - cmdId: 41 - data : [29 81 ]
07-13 19:57:14.194  7287  7287 W ContextImpl: Calling a method in the system process without a qualified user: android.app.ContextImpl.sendBroadcast:1045 android.content.ContextWrapper.sendBroadcast:448 com.qf.carsettings.service.CarSettingService$4.onMcuInfoChanged:670 android.qf.mcu.McuManager$ListenerTransport._handleMessage:106 android.qf.mcu.McuManager$ListenerTransport.access$700:72 
07-13 19:57:15.001  4128  5529 I chatty  : uid=1000(system) Binder:4128_A expire 4 lines
07-13 19:57:15.600  4128  4167 I chatty  : uid=1000(system) ActivityManager expire 12 lines
07-13 19:57:15.606  4128  4994 I chatty  : uid=1000(system) Binder:4128_8 expire 11 lines
07-13 19:57:15.607  4128  5529 I chatty  : uid=1000(system) Binder:4128_A expire 17 lines
07-13 19:57:16.174  5553  6280 I mcu_services: readInBuf:[ff fe fd 03 01 29 81 a9 ff ]
07-13 19:57:16.174  5553  6280 E mcu_services: MCU2APP : [ff fe fd 03 01 29 81 a9 ff ]
07-13 19:57:16.175  5553  5838 D mcu_services: processResponse - length: 3 - type: 1 - control: 29
07-13 19:57:16.175  5553  5851 D mcu_services: dispatchToClients - cmdId: 41 - data : [29 81 ]
07-13 19:57:16.178  7287  7287 W ContextImpl: Calling a method in the system process without a qualified user: android.app.ContextImpl.sendBroadcast:1045 android.content.ContextWrapper.sendBroadcast:448 com.qf.carsettings.service.CarSettingService$4.onMcuInfoChanged:670 android.qf.mcu.McuManager$ListenerTransport._handleMessage:106 android.qf.mcu.McuManager$ListenerTransport.access$700:72 
07-13 19:57:17.007  4128  4150 I chatty  : uid=1000(system) Binder:4128_1 expire 10 lines
07-13 19:57:17.941  4128  4428 I chatty  : uid=1000(system) AlarmManager expire 10 lines
07-13 19:57:18.159  5553  6280 I mcu_services: readInBuf:[ff fe fd 03 01 29 81 a9 ff ]
07-13 19:57:18.159  5553  6280 E mcu_services: MCU2APP : [ff fe fd 03 01 29 81 a9 ff ]
07-13 19:57:18.160  5553  5838 D mcu_services: processResponse - length: 3 - type: 1 - control: 29
07-13 19:57:18.160  5553  5851 D mcu_services: dispatchToClients - cmdId: 41 - data : [29 81 ]
07-13 19:57:18.164  7287  7287 W ContextImpl: Calling a method in the system process without a qualified user: android.app.ContextImpl.sendBroadcast:1045 android.content.ContextWrapper.sendBroadcast:448 com.qf.carsettings.service.CarSettingService$4.onMcuInfoChanged:670 android.qf.mcu.McuManager$ListenerTransport._handleMessage:106 android.qf.mcu.McuManager$ListenerTransport.access$700:72 
07-13 19:57:20.144  5553  6280 I mcu_services: readInBuf:[ff fe fd 03 01 29 81 a9 ff ]
07-13 19:57:20.144  5553  6280 E mcu_services: MCU2APP : [ff fe fd 03 01 29 81 a9 ff ]
07-13 19:57:20.144  5553  5838 D mcu_services: processResponse - length: 3 - type: 1 - control: 29
07-13 19:57:20.145  5553  5851 D mcu_services: dispatchToClients - cmdId: 41 - data : [29 81 ]
07-13 19:57:20.148  7287  7287 W ContextImpl: Calling a method in the system process without a qualified user: android.app.ContextImpl.sendBroadcast:1045 android.content.ContextWrapper.sendBroadcast:448 com.qf.carsettings.service.CarSettingService$4.onMcuInfoChanged:670 android.qf.mcu.McuManager$ListenerTransport._handleMessage:106 android.qf.mcu.McuManager$ListenerTransport.access$700:72 
07-13 19:57:22.129  5553  6280 I mcu_services: readInBuf:[ff fe fd 03 01 29 81 a9 ff ]
07-13 19:57:22.129  5553  6280 E mcu_services: MCU2APP : [ff fe fd 03 01 29 81 a9 ff ]
07-13 19:57:22.129  5553  5838 D mcu_services: processResponse - length: 3 - type: 1 - control: 29
07-13 19:57:22.130  5553  5851 D mcu_services: dispatchToClients - cmdId: 41 - data : [29 81 ]
07-13 19:57:22.133  7287  7287 W ContextImpl: Calling a method in the system process without a qualified user: android.app.ContextImpl.sendBroadcast:1045 android.content.ContextWrapper.sendBroadcast:448 com.qf.carsettings.service.CarSettingService$4.onMcuInfoChanged:670 android.qf.mcu.McuManager$ListenerTransport._handleMessage:106 android.qf.mcu.McuManager$ListenerTransport.access$700:72 
07-13 19:57:24.121  5553  6280 I mcu_services: readInBuf:[ff fe fd 03 01 29 81 a9 ff ]
07-13 19:57:24.121  5553  6280 E mcu_services: MCU2APP : [ff fe fd 03 01 29 81 a9 ff ]
07-13 19:57:24.121  5553  5838 D mcu_services: processResponse - length: 3 - type: 1 - control: 29
07-13 19:57:24.121  5553  5851 D mcu_services: dispatchToClients - cmdId: 41 - data : [29 81 ]
07-13 19:57:24.124  7287  7287 W ContextImpl: Calling a method in the system process without a qualified user: android.app.ContextImpl.sendBroadcast:1045 android.content.ContextWrapper.sendBroadcast:448 com.qf.carsettings.service.CarSettingService$4.onMcuInfoChanged:670 android.qf.mcu.McuManager$ListenerTransport._handleMessage:106 android.qf.mcu.McuManager$ListenerTransport.access$700:72 
07-13 19:57:26.106  5553  6280 I mcu_services: readInBuf:[ff fe fd 03 01 29 81 a9 ff ]
07-13 19:57:26.106  5553  6280 E mcu_services: MCU2APP : [ff fe fd 03 01 29 81 a9 ff ]
07-13 19:57:26.106  5553  5838 D mcu_services: processResponse - length: 3 - type: 1 - control: 29
07-13 19:57:26.106  5553  5851 D mcu_services: dispatchToClients - cmdId: 41 - data : [29 81 ]
07-13 19:57:26.109  7287  7287 W ContextImpl: Calling a method in the system process without a qualified user: android.app.ContextImpl.sendBroadcast:1045 android.content.ContextWrapper.sendBroadcast:448 com.qf.carsettings.service.CarSettingService$4.onMcuInfoChanged:670 android.qf.mcu.McuManager$ListenerTransport._handleMessage:106 android.qf.mcu.McuManager$ListenerTransport.access$700:72 
--------- beginning of main
07-13 19:57:27.090  5272  6931 I FusedLocation: (REDACTED) location delivery to %s blocked - too fast
07-13 19:57:27.104 12927 12927 D ip_monitor-3659: fe80::747f:dfff:fe19:ec15 dev wlan0 lladdr 76:7f:df:1c:ef:18 router PROBE
07-13 19:57:27.128 12928 12928 D ip_monitor-3659: fe80::747f:dfff:fe19:ec15 dev wlan0 lladdr 76:7f:df:1c:ef:18 router REACHABLE
07-13 19:57:27.322  3880  3927 D WCND    : is_cp2_alive_ok: open polling interface: /proc/mdbg/loopcheck, fd = 13
07-13 19:57:27.423  3880  3927 D WCND    : is_cp2_alive_ok: loop: /proc/mdbg/loopcheck is OK
07-13 19:57:27.807  8587  8587 I Tpms3   : mDataCheckTimer startDataTime:-1;datTime:1752451047
07-13 19:57:27.986  7287  7287 I chatty  : uid=1000(system) com.qf.carsettings expire 10 lines
07-13 19:57:27.987  3830  3830 I chatty  : uid=1000(system) gnss@2.0-servic expire 7 lines
07-13 19:57:27.988  8887  8963 D LocationClientOfAndroid: get new location: 40.652367,-73.757154,network
07-13 19:57:27.988  8887  8963 D LocationManager: update location:[-73.7571543,40.6523671]
07-13 19:57:27.992  5272  6931 I FusedLocation: (REDACTED) location delivery to %s blocked - too fast
07-13 19:57:28.072  4655  4703 D sd      : uart send:3 byte/s
07-13 19:57:28.073  4655  4705 D sd      : uart recv:5 byte/s
07-13 19:57:28.091  5553  6280 I mcu_services: readInBuf:[ff fe fd 03 01 29 81 a9 ff ]
07-13 19:57:28.091  5553  6280 E mcu_services: MCU2APP : [ff fe fd 03 01 29 81 a9 ff ]
07-13 19:57:28.092  5553  5838 D mcu_services: processResponse - length: 3 - type: 1 - control: 29
07-13 19:57:28.092  5553  5851 D mcu_services: dispatchToClients - cmdId: 41 - data : [29 81 ]
07-13 19:57:28.092  5553  5851 D callback: callMcuInfoChanged: 29 81 
07-13 19:57:28.095  7287  7287 W ContextImpl: Calling a method in the system process without a qualified user: android.app.ContextImpl.sendBroadcast:1045 android.content.ContextWrapper.sendBroadcast:448 com.qf.carsettings.service.CarSettingService$4.onMcuInfoChanged:670 android.qf.mcu.McuManager$ListenerTransport._handleMessage:106 android.qf.mcu.McuManager$ListenerTransport.access$700:72 
07-13 19:57:28.093  5553  5851 D callback: callMcuInfoChanged: 29 81 
07-13 19:57:28.124  4128  4994 I chatty  : uid=1000(system) Binder:4128_8 expire 10 lines
07-13 19:57:28.132  4128  4128 I chatty  : uid=1000 system_server expire 24 lines
07-13 19:57:28.132  4128  4128 I chatty  : uid=1000 system_server expire 10 lines
07-13 19:57:28.132  4128  4829 I chatty  : uid=1000(system) PowerController expire 2 lines
07-13 19:57:28.135  4128  4150 I chatty  : uid=1000(system) Binder:4128_1 expire 8 lines
07-13 19:57:28.135  4128  4829 I chatty  : uid=1000(system) PowerController expire 2 lines
07-13 19:57:28.144  6564  6564 D WM-SystemJobService: onStartJob for WorkGenerationalId(workSpecId=86b3fe70-2de3-40ca-b830-c7a08e58e163, generation=511)
07-13 19:57:28.154  6564  6641 D WM-Processor: mbd: processing WorkGenerationalId(workSpecId=86b3fe70-2de3-40ca-b830-c7a08e58e163, generation=511)
07-13 19:57:28.161  6564  6564 D WM-WorkerWrapper: Starting work for androidx.work.multiprocess.RemoteListenableDelegatingWorker
07-13 19:57:28.161  6564  6564 D WM-ListenableWorkerImpl: Binding to com.google.android.googlequicksearchbox, com.google.android.libraries.search.integrations.tiktok.RemoteWorkerService_search
07-13 19:57:28.162  4128  5529 I chatty  : uid=1000(system) Binder:4128_A expire 6 lines
07-13 19:57:28.168  6564  6564 I WM-RemoteWorkerService: Binding to RemoteWorkerService
07-13 19:57:28.169  6564  6564 D WM-ListenableWorkerImpl: Service connected
07-13 19:57:28.170  6564  6642 D WM-ListenableWorkerImpl: Executing work request (86b3fe70-2de3-40ca-b830-c7a08e58e163, com.google.apps.tiktok.contrib.work.TikTokListenableWorker)
07-13 19:57:28.171  6564  6564 I fkky    : #sync(). Running Synclets and scheduling next sync.
07-13 19:57:28.177  6564  6641 I fkky    : (REDACTED) Running synclets: %s
07-13 19:57:28.181  6564  6728 I fkky    : (REDACTED) Starting synclet: %s
07-13 19:57:28.182  6564  6642 I aylx    : PcpDailySynclet start sync.
07-13 19:57:28.212  6564  6728 I fkky    : Scheduling next wakeup
07-13 19:57:28.212  6564  6728 I fklw    : Scheduling next periodic WorkManager workers
