--------- beginning of system
07-13 19:52:09.378  9164  9164 D ActivityThread: Loading provider contacts;com.android.contacts: com.android.providers.contacts.ContactsProvider2
07-13 19:52:09.489  4128  4383 I chatty  : uid=1000(system) Binder:4128_4 expire 3 lines
07-13 19:52:10.464  5553  6280 I mcu_services: readInBuf:[ff fe fd 03 01 29 81 a9 ff ]
07-13 19:52:10.464  5553  6280 E mcu_services: MCU2APP : [ff fe fd 03 01 29 81 a9 ff ]
07-13 19:52:10.465  5553  5838 D mcu_services: processResponse - length: 3 - type: 1 - control: 29
07-13 19:52:10.465  5553  5851 D mcu_services: dispatchToClients - cmdId: 41 - data : [29 81 ]
07-13 19:52:10.468  7287  7287 W ContextImpl: Calling a method in the system process without a qualified user: android.app.ContextImpl.sendBroadcast:1045 android.content.ContextWrapper.sendBroadcast:448 com.qf.carsettings.service.CarSettingService$4.onMcuInfoChanged:670 android.qf.mcu.McuManager$ListenerTransport._handleMessage:106 android.qf.mcu.McuManager$ListenerTransport.access$700:72 
07-13 19:52:11.000  4128  4428 I chatty  : uid=1000(system) AlarmManager expire 1 line
07-13 19:52:12.498  5553  6280 I mcu_services: readInBuf:[ff fe fd 03 01 29 81 a9 ff ]
07-13 19:52:12.498  5553  6280 E mcu_services: MCU2APP : [ff fe fd 03 01 29 81 a9 ff ]
07-13 19:52:12.498  5553  5838 D mcu_services: processResponse - length: 3 - type: 1 - control: 29
07-13 19:52:12.499  5553  5851 D mcu_services: dispatchToClients - cmdId: 41 - data : [29 81 ]
07-13 19:52:12.501  7287  7287 W ContextImpl: Calling a method in the system process without a qualified user: android.app.ContextImpl.sendBroadcast:1045 android.content.ContextWrapper.sendBroadcast:448 com.qf.carsettings.service.CarSettingService$4.onMcuInfoChanged:670 android.qf.mcu.McuManager$ListenerTransport._handleMessage:106 android.qf.mcu.McuManager$ListenerTransport.access$700:72 
07-13 19:52:13.755  4128  5800 I chatty  : uid=1000(system) Binder:4128_10 expire 5 lines
07-13 19:52:13.830  4128  4167 I chatty  : uid=1000(system) ActivityManager expire 83 lines
07-13 19:52:13.835  4128  5550 I chatty  : uid=1000(system) Binder:4128_E expire 25 lines
07-13 19:52:13.843  4128  4167 I chatty  : uid=1000(system) ActivityManager expire 59 lines
07-13 19:52:13.886  4128  5812 I chatty  : uid=1000(system) Binder:4128_15 expire 26 lines
07-13 19:52:13.915  4128  4476 I chatty  : uid=1000(system) ConnectivitySer expire 2 lines
07-13 19:52:13.915  4128  5800 I chatty  : uid=1000(system) Binder:4128_10 expire 11 lines
07-13 19:52:14.483  5553  6280 I mcu_services: readInBuf:[ff fe fd 03 01 29 81 a9 ff ]
07-13 19:52:14.483  5553  6280 E mcu_services: MCU2APP : [ff fe fd 03 01 29 81 a9 ff ]
07-13 19:52:14.483  5553  5838 D mcu_services: processResponse - length: 3 - type: 1 - control: 29
07-13 19:52:14.484  5553  5851 D mcu_services: dispatchToClients - cmdId: 41 - data : [29 81 ]
07-13 19:52:14.487  7287  7287 W ContextImpl: Calling a method in the system process without a qualified user: android.app.ContextImpl.sendBroadcast:1045 android.content.ContextWrapper.sendBroadcast:448 com.qf.carsettings.service.CarSettingService$4.onMcuInfoChanged:670 android.qf.mcu.McuManager$ListenerTransport._handleMessage:106 android.qf.mcu.McuManager$ListenerTransport.access$700:72 
07-13 19:52:14.801  4128  4854 I chatty  : uid=1000(system) SSense expire 2 lines
07-13 19:52:16.468  5553  6280 I mcu_services: readInBuf:[ff fe fd 03 01 29 81 a9 ff ]
07-13 19:52:16.468  5553  6280 E mcu_services: MCU2APP : [ff fe fd 03 01 29 81 a9 ff ]
07-13 19:52:16.468  5553  5838 D mcu_services: processResponse - length: 3 - type: 1 - control: 29
07-13 19:52:16.469  5553  5851 D mcu_services: dispatchToClients - cmdId: 41 - data : [29 81 ]
07-13 19:52:16.472  7287  7287 W ContextImpl: Calling a method in the system process without a qualified user: android.app.ContextImpl.sendBroadcast:1045 android.content.ContextWrapper.sendBroadcast:448 com.qf.carsettings.service.CarSettingService$4.onMcuInfoChanged:670 android.qf.mcu.McuManager$ListenerTransport._handleMessage:106 android.qf.mcu.McuManager$ListenerTransport.access$700:72 
07-13 19:52:16.715  4128  4156 I chatty  : uid=1000(system) android.display expire 12 lines
07-13 19:52:16.734  4128  4169 I chatty  : uid=1000(system) ActivityManager expire 1 line
07-13 19:52:16.749  4128  4157 I chatty  : uid=1000(system) android.anim expire 3 lines
07-13 19:52:17.006  9295  9295 I ActivityThread: performResumeActivity - pkgName: com.serenegiant.usbcameratest8 - className: com.serenegiant.usbcameratest8.MainActivity
07-13 19:52:17.007  9295  9295 I ActivityThread: smart_link is  not supported!!!
07-13 19:52:17.180  4128  4383 I chatty  : uid=1000(system) Binder:4128_4 expire 8 lines
07-13 19:52:17.237 24276 24276 I LinkTurboReg: after performStop current mActovities size is: 1
07-13 19:52:17.355  4128  4128 I chatty  : uid=1000 system_server expire 3 lines
07-13 19:52:17.356  5553  5553 D TemperatureMonitor: onCodecState  onOff=false mRecordWantToSetVolume=-1
07-13 19:52:17.678  4128  4428 I chatty  : uid=1000(system) AlarmManager expire 5 lines
07-13 19:52:17.683  4128  6290 I chatty  : uid=1000(system) Binder:4128_16 expire 6 lines
07-13 19:52:18.453  5553  6280 I mcu_services: readInBuf:[ff fe fd 03 01 29 81 a9 ff ]
07-13 19:52:18.453  5553  6280 E mcu_services: MCU2APP : [ff fe fd 03 01 29 81 a9 ff ]
07-13 19:52:18.453  5553  5838 D mcu_services: processResponse - length: 3 - type: 1 - control: 29
07-13 19:52:18.453  5553  5851 D mcu_services: dispatchToClients - cmdId: 41 - data : [29 81 ]
07-13 19:52:18.455  7287  7287 W ContextImpl: Calling a method in the system process without a qualified user: android.app.ContextImpl.sendBroadcast:1045 android.content.ContextWrapper.sendBroadcast:448 com.qf.carsettings.service.CarSettingService$4.onMcuInfoChanged:670 android.qf.mcu.McuManager$ListenerTransport._handleMessage:106 android.qf.mcu.McuManager$ListenerTransport.access$700:72 
07-13 19:52:19.023  4128  4844 I chatty  : uid=1000(system) SRecogCollector expire 1 line
07-13 19:52:19.024  4128  4538 I chatty  : uid=1000(system) SprdSunLightPro expire 1 line
07-13 19:52:20.467  5553  6280 I mcu_services: readInBuf:[ff fe fd 03 01 29 81 a9 ff ]
07-13 19:52:20.467  5553  6280 E mcu_services: MCU2APP : [ff fe fd 03 01 29 81 a9 ff ]
07-13 19:52:20.468  5553  5838 D mcu_services: processResponse - length: 3 - type: 1 - control: 29
07-13 19:52:20.468  5553  5851 D mcu_services: dispatchToClients - cmdId: 41 - data : [29 81 ]
07-13 19:52:20.470  7287  7287 W ContextImpl: Calling a method in the system process without a qualified user: android.app.ContextImpl.sendBroadcast:1045 android.content.ContextWrapper.sendBroadcast:448 com.qf.carsettings.service.CarSettingService$4.onMcuInfoChanged:670 android.qf.mcu.McuManager$ListenerTransport._handleMessage:106 android.qf.mcu.McuManager$ListenerTransport.access$700:72 
07-13 19:52:22.001  4128  5800 I chatty  : uid=1000(system) Binder:4128_10 expire 8 lines
07-13 19:52:22.075  4128  4428 I chatty  : uid=1000(system) AlarmManager expire 3 lines
07-13 19:52:22.077  4128  4128 I chatty  : uid=1000 system_server expire 42 lines
07-13 19:52:22.185  4128  5812 I chatty  : uid=1000(system) Binder:4128_15 expire 30 lines
07-13 19:52:22.443  5553  6280 I mcu_services: readInBuf:[ff fe fd 03 01 29 81 a9 ff ]
07-13 19:52:22.443  5553  6280 E mcu_services: MCU2APP : [ff fe fd 03 01 29 81 a9 ff ]
07-13 19:52:22.444  5553  5838 D mcu_services: processResponse - length: 3 - type: 1 - control: 29
07-13 19:52:22.444  5553  5851 D mcu_services: dispatchToClients - cmdId: 41 - data : [29 81 ]
07-13 19:52:22.446  7287  7287 W ContextImpl: Calling a method in the system process without a qualified user: android.app.ContextImpl.sendBroadcast:1045 android.content.ContextWrapper.sendBroadcast:448 com.qf.carsettings.service.CarSettingService$4.onMcuInfoChanged:670 android.qf.mcu.McuManager$ListenerTransport._handleMessage:106 android.qf.mcu.McuManager$ListenerTransport.access$700:72 
07-13 19:52:22.697  4128  6290 I chatty  : uid=1000(system) Binder:4128_16 expire 14 lines
07-13 19:52:22.757  4128  4167 I chatty  : uid=1000(system) ActivityManager expire 7 lines
07-13 19:52:22.948  4128  5550 I chatty  : uid=1000(system) Binder:4128_E expire 15 lines
07-13 19:52:23.524  4128  5547 I chatty  : uid=1000(system) Binder:4128_C expire 24 lines
07-13 19:52:23.787  4128  4156 I chatty  : uid=1000(system) android.display expire 5 lines
07-13 19:52:24.428  5553  6280 I mcu_services: readInBuf:[ff fe fd 03 01 29 81 a9 ff ]
07-13 19:52:24.429  5553  6280 E mcu_services: MCU2APP : [ff fe fd 03 01 29 81 a9 ff ]
07-13 19:52:24.429  5553  5838 D mcu_services: processResponse - length: 3 - type: 1 - control: 29
07-13 19:52:24.429  5553  5851 D mcu_services: dispatchToClients - cmdId: 41 - data : [29 81 ]
07-13 19:52:24.432  7287  7287 W ContextImpl: Calling a method in the system process without a qualified user: android.app.ContextImpl.sendBroadcast:1045 android.content.ContextWrapper.sendBroadcast:448 com.qf.carsettings.service.CarSettingService$4.onMcuInfoChanged:670 android.qf.mcu.McuManager$ListenerTransport._handleMessage:106 android.qf.mcu.McuManager$ListenerTransport.access$700:72 
07-13 19:52:24.801  4128  4854 I chatty  : uid=1000(system) SSense expire 4 lines
07-13 19:52:26.414  5553  6280 I mcu_services: readInBuf:[ff fe fd 03 01 29 81 a9 ff ]
07-13 19:52:26.414  5553  6280 E mcu_services: MCU2APP : [ff fe fd 03 01 29 81 a9 ff ]
07-13 19:52:26.414  5553  5838 D mcu_services: processResponse - length: 3 - type: 1 - control: 29
07-13 19:52:26.415  5553  5851 D mcu_services: dispatchToClients - cmdId: 41 - data : [29 81 ]
07-13 19:52:26.417  7287  7287 W ContextImpl: Calling a method in the system process without a qualified user: android.app.ContextImpl.sendBroadcast:1045 android.content.ContextWrapper.sendBroadcast:448 com.qf.carsettings.service.CarSettingService$4.onMcuInfoChanged:670 android.qf.mcu.McuManager$ListenerTransport._handleMessage:106 android.qf.mcu.McuManager$ListenerTransport.access$700:72 
07-13 19:52:28.398  5553  6280 I mcu_services: readInBuf:[ff fe fd 03 01 29 81 a9 ff ]
07-13 19:52:28.398  5553  6280 E mcu_services: MCU2APP : [ff fe fd 03 01 29 81 a9 ff ]
07-13 19:52:28.399  5553  5838 D mcu_services: processResponse - length: 3 - type: 1 - control: 29
07-13 19:52:28.399  5553  5851 D mcu_services: dispatchToClients - cmdId: 41 - data : [29 81 ]
07-13 19:52:28.401  7287  7287 W ContextImpl: Calling a method in the system process without a qualified user: android.app.ContextImpl.sendBroadcast:1045 android.content.ContextWrapper.sendBroadcast:448 com.qf.carsettings.service.CarSettingService$4.onMcuInfoChanged:670 android.qf.mcu.McuManager$ListenerTransport._handleMessage:106 android.qf.mcu.McuManager$ListenerTransport.access$700:72 
07-13 19:52:30.383  5553  6280 I mcu_services: readInBuf:[ff fe fd 03 01 29 81 a9 ff ]
07-13 19:52:30.384  5553  6280 E mcu_services: MCU2APP : [ff fe fd 03 01 29 81 a9 ff ]
07-13 19:52:30.384  5553  5838 D mcu_services: processResponse - length: 3 - type: 1 - control: 29
07-13 19:52:30.384  5553  5851 D mcu_services: dispatchToClients - cmdId: 41 - data : [29 81 ]
07-13 19:52:30.387  7287  7287 W ContextImpl: Calling a method in the system process without a qualified user: android.app.ContextImpl.sendBroadcast:1045 android.content.ContextWrapper.sendBroadcast:448 com.qf.carsettings.service.CarSettingService$4.onMcuInfoChanged:670 android.qf.mcu.McuManager$ListenerTransport._handleMessage:106 android.qf.mcu.McuManager$ListenerTransport.access$700:72 
07-13 19:52:31.005  4713  4713 I ActivityThread: performResumeActivity - pkgName: com.android.systemui - className: com.android.systemui.recents.RecentsActivity
07-13 19:52:31.009  4713  4713 I ActivityThread: smart_link is  not supported!!!
07-13 19:52:31.035  4128  4157 I chatty  : uid=1000(system) android.anim expire 2 lines
07-13 19:52:31.086  4128  4476 I chatty  : uid=1000(system) ConnectivitySer expire 5 lines
07-13 19:52:31.099  4128  7163 I chatty  : uid=1000(system) Binder:4128_1C expire 1 line
07-13 19:52:31.149  4128  4383 I chatty  : uid=1000(system) Binder:4128_4 expire 7 lines
07-13 19:52:31.295  9295  9295 I LinkTurboReg: after performStop current mActovities size is: 1
07-13 19:52:32.022  4128  4602 I chatty  : uid=1000(system) Binder:4128_5 expire 1 line
07-13 19:52:32.363  5553  6280 I mcu_services: readInBuf:[ff fe fd 03 01 29 81 a9 ff ]
07-13 19:52:32.363  5553  6280 E mcu_services: MCU2APP : [ff fe fd 03 01 29 81 a9 ff ]
07-13 19:52:32.363  5553  5838 D mcu_services: processResponse - length: 3 - type: 1 - control: 29
07-13 19:52:32.363  5553  5851 D mcu_services: dispatchToClients - cmdId: 41 - data : [29 81 ]
07-13 19:52:32.365  7287  7287 W ContextImpl: Calling a method in the system process without a qualified user: android.app.ContextImpl.sendBroadcast:1045 android.content.ContextWrapper.sendBroadcast:448 com.qf.carsettings.service.CarSettingService$4.onMcuInfoChanged:670 android.qf.mcu.McuManager$ListenerTransport._handleMessage:106 android.qf.mcu.McuManager$ListenerTransport.access$700:72 
07-13 19:52:32.643  4128  5812 I chatty  : uid=1000(system) Binder:4128_15 expire 18 lines
07-13 19:52:32.649  4128  5550 I chatty  : uid=1000(system) Binder:4128_E expire 18 lines
07-13 19:52:32.711  4128  4156 I chatty  : uid=1000(system) android.display expire 10 lines
07-13 19:52:34.348  5553  6280 I mcu_services: readInBuf:[ff fe fd 03 01 29 81 a9 ff ]
07-13 19:52:34.348  5553  6280 E mcu_services: MCU2APP : [ff fe fd 03 01 29 81 a9 ff ]
07-13 19:52:34.349  5553  5838 D mcu_services: processResponse - length: 3 - type: 1 - control: 29
07-13 19:52:34.349  5553  5851 D mcu_services: dispatchToClients - cmdId: 41 - data : [29 81 ]
07-13 19:52:34.351  7287  7287 W ContextImpl: Calling a method in the system process without a qualified user: android.app.ContextImpl.sendBroadcast:1045 android.content.ContextWrapper.sendBroadcast:448 com.qf.carsettings.service.CarSettingService$4.onMcuInfoChanged:670 android.qf.mcu.McuManager$ListenerTransport._handleMessage:106 android.qf.mcu.McuManager$ListenerTransport.access$700:72 
07-13 19:52:34.510  4128  4128 I chatty  : uid=1000 system_server expire 6 lines
07-13 19:52:35.001  4128  5800 I chatty  : uid=1000(system) Binder:4128_10 expire 6 lines
07-13 19:52:35.028  4128  4157 I chatty  : uid=1000(system) android.anim expire 2 lines
07-13 19:52:35.048  9295  9295 I ActivityThread: performResumeActivity - pkgName: com.serenegiant.usbcameratest8 - className: com.serenegiant.usbcameratest8.MainActivity
07-13 19:52:35.049  4128  4167 I chatty  : uid=1000(system) ActivityManager expire 16 lines
07-13 19:52:35.049  9295  9295 I ActivityThread: smart_link is  not supported!!!
07-13 19:52:35.234  4713  4713 I LinkTurboReg: after performStop current mActovities size is: 1
07-13 19:52:36.002  4128  5801 I chatty  : uid=1000(system) Binder:4128_11 expire 14 lines
07-13 19:52:36.333  5553  6280 I mcu_services: readInBuf:[ff fe fd 03 01 29 81 a9 ff ]
07-13 19:52:36.333  5553  6280 E mcu_services: MCU2APP : [ff fe fd 03 01 29 81 a9 ff ]
07-13 19:52:36.333  5553  5838 D mcu_services: processResponse - length: 3 - type: 1 - control: 29
07-13 19:52:36.333  5553  5851 D mcu_services: dispatchToClients - cmdId: 41 - data : [29 81 ]
07-13 19:52:36.335  7287  7287 W ContextImpl: Calling a method in the system process without a qualified user: android.app.ContextImpl.sendBroadcast:1045 android.content.ContextWrapper.sendBroadcast:448 com.qf.carsettings.service.CarSettingService$4.onMcuInfoChanged:670 android.qf.mcu.McuManager$ListenerTransport._handleMessage:106 android.qf.mcu.McuManager$ListenerTransport.access$700:72 
07-13 19:52:38.318  5553  6280 I mcu_services: readInBuf:[ff fe fd 03 01 29 81 a9 ff ]
07-13 19:52:38.318  5553  6280 E mcu_services: MCU2APP : [ff fe fd 03 01 29 81 a9 ff ]
07-13 19:52:38.318  5553  5838 D mcu_services: processResponse - length: 3 - type: 1 - control: 29
07-13 19:52:38.319  5553  5851 D mcu_services: dispatchToClients - cmdId: 41 - data : [29 81 ]
07-13 19:52:38.322  7287  7287 W ContextImpl: Calling a method in the system process without a qualified user: android.app.ContextImpl.sendBroadcast:1045 android.content.ContextWrapper.sendBroadcast:448 com.qf.carsettings.service.CarSettingService$4.onMcuInfoChanged:670 android.qf.mcu.McuManager$ListenerTransport._handleMessage:106 android.qf.mcu.McuManager$ListenerTransport.access$700:72 
07-13 19:52:38.414  4128  4712 I chatty  : uid=1000(system) UsbService host expire 134 lines
07-13 19:52:38.416  4128  4491 I chatty  : uid=1000(system) AudioDeviceBrok expire 8 lines
07-13 19:52:38.418  4128  4153 I chatty  : uid=1000(system) android.fg expire 3 lines
07-13 19:52:38.426  4128  5032 I chatty  : uid=1000(system) uteStateMachine expire 19 lines
07-13 19:52:38.437  4128  4169 I chatty  : uid=1000(system) ActivityManager expire 1 line
07-13 19:52:38.524  4128  7163 I chatty  : uid=1000(system) Binder:4128_1C expire 8 lines
07-13 19:52:38.593  4128  4383 I chatty  : uid=1000(system) Binder:4128_4 expire 6 lines
07-13 19:52:38.968  4128  4994 I chatty  : uid=1000(system) Binder:4128_8 expire 11 lines
07-13 19:52:38.982  4128  4995 I chatty  : uid=1000(system) Binder:4128_9 expire 6 lines
07-13 19:52:39.070  4128  4513 I chatty  : uid=1000(system) SmartSS.bg expire 1 line
07-13 19:52:39.106  4128  5032 I chatty  : uid=1000(system) uteStateMachine expire 21 lines
07-13 19:52:39.109  4128  4995 I chatty  : uid=1000(system) Binder:4128_9 expire 14 lines
07-13 19:52:39.118  4713  4713 I ActivityThread: performResumeActivity - pkgName: com.android.systemui - className: com.android.systemui.usb.UsbResolverActivity
07-13 19:52:39.118  4713  4713 I ActivityThread: smart_link is  not supported!!!
07-13 19:52:39.134  4128  4156 I chatty  : uid=1000(system) android.display expire 9 lines
07-13 19:52:39.156  4128  4157 I chatty  : uid=1000(system) android.anim expire 1 line
07-13 19:52:40.303  5553  6280 I mcu_services: readInBuf:[ff fe fd 03 01 29 81 a9 ff ]
07-13 19:52:40.303  5553  6280 E mcu_services: MCU2APP : [ff fe fd 03 01 29 81 a9 ff ]
07-13 19:52:40.303  5553  5838 D mcu_services: processResponse - length: 3 - type: 1 - control: 29
07-13 19:52:40.303  5553  5851 D mcu_services: dispatchToClients - cmdId: 41 - data : [29 81 ]
07-13 19:52:40.305  7287  7287 W ContextImpl: Calling a method in the system process without a qualified user: android.app.ContextImpl.sendBroadcast:1045 android.content.ContextWrapper.sendBroadcast:448 com.qf.carsettings.service.CarSettingService$4.onMcuInfoChanged:670 android.qf.mcu.McuManager$ListenerTransport._handleMessage:106 android.qf.mcu.McuManager$ListenerTransport.access$700:72 
07-13 19:52:40.716  4128  4712 I chatty  : uid=1000(system) UsbService host expire 134 lines
07-13 19:52:40.717  4128  4491 I chatty  : uid=1000(system) AudioDeviceBrok expire 8 lines
07-13 19:52:40.718  4128  4167 I chatty  : uid=1000(system) ActivityManager expire 13 lines
07-13 19:52:40.719  4128  4153 I chatty  : uid=1000(system) android.fg expire 3 lines
07-13 19:52:40.721  4128  4994 I chatty  : uid=1000(system) Binder:4128_8 expire 26 lines
07-13 19:52:40.727  4128  4383 I chatty  : uid=1000(system) Binder:4128_4 expire 16 lines
07-13 19:52:40.728  4128  4128 I chatty  : uid=1000 system_server expire 2 lines
07-13 19:52:40.762  4128  4150 I chatty  : uid=1000(system) Binder:4128_1 expire 18 lines
07-13 19:52:40.766  9295  9295 I ActivityThread: performResumeActivity - pkgName: com.serenegiant.usbcameratest8 - className: com.serenegiant.usbcameratest8.MainActivity
07-13 19:52:40.769  9295  9295 I ActivityThread: smart_link is  not supported!!!
07-13 19:52:40.845  4128  5529 I chatty  : uid=1000(system) Binder:4128_A expire 1 line
07-13 19:52:41.000  4128  4428 I chatty  : uid=1000(system) AlarmManager expire 12 lines
07-13 19:52:42.317  5553  6280 I mcu_services: readInBuf:[ff fe fd 03 01 29 81 a9 ff ]
07-13 19:52:42.318  5553  6280 E mcu_services: MCU2APP : [ff fe fd 03 01 29 81 a9 ff ]
07-13 19:52:42.318  5553  5838 D mcu_services: processResponse - length: 3 - type: 1 - control: 29
07-13 19:52:42.319  5553  5851 D mcu_services: dispatchToClients - cmdId: 41 - data : [29 81 ]
07-13 19:52:42.322  7287  7287 W ContextImpl: Calling a method in the system process without a qualified user: android.app.ContextImpl.sendBroadcast:1045 android.content.ContextWrapper.sendBroadcast:448 com.qf.carsettings.service.CarSettingService$4.onMcuInfoChanged:670 android.qf.mcu.McuManager$ListenerTransport._handleMessage:106 android.qf.mcu.McuManager$ListenerTransport.access$700:72 
07-13 19:52:43.463  4713  4713 I ActivityThread: performResumeActivity - pkgName: com.android.systemui - className: com.android.systemui.usb.UsbResolverActivity
07-13 19:52:43.464  4713  4713 I ActivityThread: smart_link is  not supported!!!
07-13 19:52:43.495  4128  4156 I chatty  : uid=1000(system) android.display expire 17 lines
07-13 19:52:43.511  4128  4157 I chatty  : uid=1000(system) android.anim expire 1 line
07-13 19:52:43.537  4128  4150 I chatty  : uid=1000(system) Binder:4128_1 expire 20 lines
07-13 19:52:43.986  4128  4383 I chatty  : uid=1000(system) Binder:4128_4 expire 39 lines
07-13 19:52:44.302  5553  6280 I mcu_services: readInBuf:[ff fe fd 03 01 29 81 a9 ff ]
07-13 19:52:44.302  5553  6280 E mcu_services: MCU2APP : [ff fe fd 03 01 29 81 a9 ff ]
07-13 19:52:44.303  5553  5838 D mcu_services: processResponse - length: 3 - type: 1 - control: 29
07-13 19:52:44.303  5553  5851 D mcu_services: dispatchToClients - cmdId: 41 - data : [29 81 ]
07-13 19:52:44.305  7287  7287 W ContextImpl: Calling a method in the system process without a qualified user: android.app.ContextImpl.sendBroadcast:1045 android.content.ContextWrapper.sendBroadcast:448 com.qf.carsettings.service.CarSettingService$4.onMcuInfoChanged:670 android.qf.mcu.McuManager$ListenerTransport._handleMessage:106 android.qf.mcu.McuManager$ListenerTransport.access$700:72 
07-13 19:52:45.102  4128  4128 I chatty  : uid=1000 system_server expire 13 lines
07-13 19:52:45.186  9295  9295 I ActivityThread: performResumeActivity - pkgName: com.serenegiant.usbcameratest8 - className: com.serenegiant.usbcameratest8.MainActivity
07-13 19:52:45.188  9295  9295 I ActivityThread: smart_link is  not supported!!!
07-13 19:52:45.253  4128  4167 I chatty  : uid=1000(system) ActivityManager expire 13 lines
07-13 19:52:45.256  4128  5529 I chatty  : uid=1000(system) Binder:4128_A expire 11 lines
07-13 19:52:46.287  5553  6280 I mcu_services: readInBuf:[ff fe fd 03 01 29 81 a9 ff ]
07-13 19:52:46.288  5553  6280 E mcu_services: MCU2APP : [ff fe fd 03 01 29 81 a9 ff ]
07-13 19:52:46.288  5553  5838 D mcu_services: processResponse - length: 3 - type: 1 - control: 29
07-13 19:52:46.288  5553  5851 D mcu_services: dispatchToClients - cmdId: 41 - data : [29 81 ]
07-13 19:52:46.290  7287  7287 W ContextImpl: Calling a method in the system process without a qualified user: android.app.ContextImpl.sendBroadcast:1045 android.content.ContextWrapper.sendBroadcast:448 com.qf.carsettings.service.CarSettingService$4.onMcuInfoChanged:670 android.qf.mcu.McuManager$ListenerTransport._handleMessage:106 android.qf.mcu.McuManager$ListenerTransport.access$700:72 
07-13 19:52:47.984  4128  4994 I chatty  : uid=1000(system) Binder:4128_8 expire 9 lines
07-13 19:52:48.272  5553  6280 I mcu_services: readInBuf:[ff fe fd 03 01 29 81 a9 ff ]
07-13 19:52:48.272  5553  6280 E mcu_services: MCU2APP : [ff fe fd 03 01 29 81 a9 ff ]
07-13 19:52:48.274  5553  5838 D mcu_services: processResponse - length: 3 - type: 1 - control: 29
07-13 19:52:48.274  5553  5851 D mcu_services: dispatchToClients - cmdId: 41 - data : [29 81 ]
07-13 19:52:48.277  7287  7287 W ContextImpl: Calling a method in the system process without a qualified user: android.app.ContextImpl.sendBroadcast:1045 android.content.ContextWrapper.sendBroadcast:448 com.qf.carsettings.service.CarSettingService$4.onMcuInfoChanged:670 android.qf.mcu.McuManager$ListenerTransport._handleMessage:106 android.qf.mcu.McuManager$ListenerTransport.access$700:72 
07-13 19:52:50.257  5553  6280 I mcu_services: readInBuf:[ff fe fd 03 01 29 81 a9 ff ]
07-13 19:52:50.258  5553  6280 E mcu_services: MCU2APP : [ff fe fd 03 01 29 81 a9 ff ]
07-13 19:52:50.258  5553  5838 D mcu_services: processResponse - length: 3 - type: 1 - control: 29
07-13 19:52:50.258  5553  5851 D mcu_services: dispatchToClients - cmdId: 41 - data : [29 81 ]
07-13 19:52:50.261  7287  7287 W ContextImpl: Calling a method in the system process without a qualified user: android.app.ContextImpl.sendBroadcast:1045 android.content.ContextWrapper.sendBroadcast:448 com.qf.carsettings.service.CarSettingService$4.onMcuInfoChanged:670 android.qf.mcu.McuManager$ListenerTransport._handleMessage:106 android.qf.mcu.McuManager$ListenerTransport.access$700:72 
07-13 19:52:52.205  5553  6280 I mcu_services: readInBuf:[ff fe fd 03 01 29 81 a9 ff ]
07-13 19:52:52.205  5553  6280 E mcu_services: MCU2APP : [ff fe fd 03 01 29 81 a9 ff ]
07-13 19:52:52.206  5553  5838 D mcu_services: processResponse - length: 3 - type: 1 - control: 29
07-13 19:52:52.206  5553  5851 D mcu_services: dispatchToClients - cmdId: 41 - data : [29 81 ]
07-13 19:52:52.210  7287  7287 W ContextImpl: Calling a method in the system process without a qualified user: android.app.ContextImpl.sendBroadcast:1045 android.content.ContextWrapper.sendBroadcast:448 com.qf.carsettings.service.CarSettingService$4.onMcuInfoChanged:670 android.qf.mcu.McuManager$ListenerTransport._handleMessage:106 android.qf.mcu.McuManager$ListenerTransport.access$700:72 
07-13 19:52:54.190  5553  6280 I mcu_services: readInBuf:[ff fe fd 03 01 29 81 a9 ff ]
07-13 19:52:54.190  5553  6280 E mcu_services: MCU2APP : [ff fe fd 03 01 29 81 a9 ff ]
07-13 19:52:54.191  5553  5838 D mcu_services: processResponse - length: 3 - type: 1 - control: 29
07-13 19:52:54.191  5553  5851 D mcu_services: dispatchToClients - cmdId: 41 - data : [29 81 ]
07-13 19:52:54.194  7287  7287 W ContextImpl: Calling a method in the system process without a qualified user: android.app.ContextImpl.sendBroadcast:1045 android.content.ContextWrapper.sendBroadcast:448 com.qf.carsettings.service.CarSettingService$4.onMcuInfoChanged:670 android.qf.mcu.McuManager$ListenerTransport._handleMessage:106 android.qf.mcu.McuManager$ListenerTransport.access$700:72 
07-13 19:52:54.983  4128  4156 I chatty  : uid=1000(system) android.display expire 2 lines
07-13 19:52:55.193  4128  4854 I chatty  : uid=1000(system) SSense expire 2 lines
07-13 19:52:56.092  4128  4383 I chatty  : uid=1000(system) Binder:4128_4 expire 11 lines
07-13 19:52:56.175  5553  6280 I mcu_services: readInBuf:[ff fe fd 03 01 29 81 a9 ff ]
07-13 19:52:56.175  5553  6280 E mcu_services: MCU2APP : [ff fe fd 03 01 29 81 a9 ff ]
07-13 19:52:56.176  5553  5838 D mcu_services: processResponse - length: 3 - type: 1 - control: 29
07-13 19:52:56.176  5553  5851 D mcu_services: dispatchToClients - cmdId: 41 - data : [29 81 ]
07-13 19:52:56.179  7287  7287 W ContextImpl: Calling a method in the system process without a qualified user: android.app.ContextImpl.sendBroadcast:1045 android.content.ContextWrapper.sendBroadcast:448 com.qf.carsettings.service.CarSettingService$4.onMcuInfoChanged:670 android.qf.mcu.McuManager$ListenerTransport._handleMessage:106 android.qf.mcu.McuManager$ListenerTransport.access$700:72 
07-13 19:52:56.956  4128  4128 I chatty  : uid=1000 system_server expire 9 lines
07-13 19:52:57.426  4128  4487 I chatty  : uid=1000(system) DeviceStorageMo expire 1 line
07-13 19:52:57.906  4128  4167 I chatty  : uid=1000(system) ActivityManager expire 10 lines
07-13 19:52:57.911  4128  5529 I chatty  : uid=1000(system) Binder:4128_A expire 15 lines
07-13 19:52:58.159  5553  6280 I mcu_services: readInBuf:[ff fe fd 03 01 29 81 a9 ff ]
07-13 19:52:58.160  5553  6280 E mcu_services: MCU2APP : [ff fe fd 03 01 29 81 a9 ff ]
07-13 19:52:58.160  5553  5838 D mcu_services: processResponse - length: 3 - type: 1 - control: 29
07-13 19:52:58.160  5553  5851 D mcu_services: dispatchToClients - cmdId: 41 - data : [29 81 ]
07-13 19:52:58.164  7287  7287 W ContextImpl: Calling a method in the system process without a qualified user: android.app.ContextImpl.sendBroadcast:1045 android.content.ContextWrapper.sendBroadcast:448 com.qf.carsettings.service.CarSettingService$4.onMcuInfoChanged:670 android.qf.mcu.McuManager$ListenerTransport._handleMessage:106 android.qf.mcu.McuManager$ListenerTransport.access$700:72 
07-13 19:52:59.927  7287  7287 W ContextImpl: Calling a method in the system process without a qualified user: android.app.ContextImpl.sendBroadcast:1045 android.content.ContextWrapper.sendBroadcast:448 com.qf.carsettings.service.CarSettingService$2.onReceive:397 android.app.LoadedApk$ReceiverDispatcher$Args.lambda$getRunnable$0$LoadedApk$ReceiverDispatcher$Args:1583 android.app.-$$Lambda$LoadedApk$ReceiverDispatcher$Args$_BumDX2UKsnxLVrE6UJsJZkotuA.run:2 
07-13 19:53:00.144  5553  6280 I mcu_services: readInBuf:[ff fe fd 03 01 29 81 a9 ff ]
07-13 19:53:00.144  5553  6280 E mcu_services: MCU2APP : [ff fe fd 03 01 29 81 a9 ff ]
07-13 19:53:00.145  5553  5838 D mcu_services: processResponse - length: 3 - type: 1 - control: 29
07-13 19:53:00.145  5553  5851 D mcu_services: dispatchToClients - cmdId: 41 - data : [29 81 ]
07-13 19:53:00.148  7287  7287 W ContextImpl: Calling a method in the system process without a qualified user: android.app.ContextImpl.sendBroadcast:1045 android.content.ContextWrapper.sendBroadcast:448 com.qf.carsettings.service.CarSettingService$4.onMcuInfoChanged:670 android.qf.mcu.McuManager$ListenerTransport._handleMessage:106 android.qf.mcu.McuManager$ListenerTransport.access$700:72 
07-13 19:53:00.257  7287  7287 W ContextImpl: Calling a method in the system process without a qualified user: android.app.ContextImpl.sendBroadcast:1045 android.content.ContextWrapper.sendBroadcast:448 com.qf.carsettings.service.CarSettingService$2.onReceive:397 android.app.LoadedApk$ReceiverDispatcher$Args.lambda$getRunnable$0$LoadedApk$ReceiverDispatcher$Args:1583 android.app.-$$Lambda$LoadedApk$ReceiverDispatcher$Args$_BumDX2UKsnxLVrE6UJsJZkotuA.run:2 
07-13 19:53:01.000  4128  4428 I chatty  : uid=1000(system) AlarmManager expire 1 line
07-13 19:53:01.251  4128  4150 I chatty  : uid=1000(system) Binder:4128_1 expire 15 lines
07-13 19:53:02.097  5553  6280 I mcu_services: readInBuf:[ff fe fd 03 01 29 81 a9 ff ]
07-13 19:53:02.097  5553  6280 E mcu_services: MCU2APP : [ff fe fd 03 01 29 81 a9 ff ]
07-13 19:53:02.097  5553  5838 D mcu_services: processResponse - length: 3 - type: 1 - control: 29
07-13 19:53:02.097  5553  5851 D mcu_services: dispatchToClients - cmdId: 41 - data : [29 81 ]
07-13 19:53:02.100  7287  7287 W ContextImpl: Calling a method in the system process without a qualified user: android.app.ContextImpl.sendBroadcast:1045 android.content.ContextWrapper.sendBroadcast:448 com.qf.carsettings.service.CarSettingService$4.onMcuInfoChanged:670 android.qf.mcu.McuManager$ListenerTransport._handleMessage:106 android.qf.mcu.McuManager$ListenerTransport.access$700:72 
07-13 19:53:02.239  4128  4156 I chatty  : uid=1000(system) android.display expire 11 lines
07-13 19:53:02.300  4128  4994 I chatty  : uid=1000(system) Binder:4128_8 expire 17 lines
07-13 19:53:02.437  4128  4128 I chatty  : uid=1000 system_server expire 6 lines
07-13 19:53:04.080  4128  5550 I chatty  : uid=1000(system) Binder:4128_E expire 12 lines
07-13 19:53:04.081  5553  6280 I mcu_services: readInBuf:[ff fe fd 03 01 29 81 a9 ff ]
07-13 19:53:04.081  5553  6280 E mcu_services: MCU2APP : [ff fe fd 03 01 29 81 a9 ff ]
07-13 19:53:04.081  5553  5838 D mcu_services: processResponse - length: 3 - type: 1 - control: 29
07-13 19:53:04.082  5553  5851 D mcu_services: dispatchToClients - cmdId: 41 - data : [29 81 ]
07-13 19:53:04.085  7287  7287 W ContextImpl: Calling a method in the system process without a qualified user: android.app.ContextImpl.sendBroadcast:1045 android.content.ContextWrapper.sendBroadcast:448 com.qf.carsettings.service.CarSettingService$4.onMcuInfoChanged:670 android.qf.mcu.McuManager$ListenerTransport._handleMessage:106 android.qf.mcu.McuManager$ListenerTransport.access$700:72 
07-13 19:53:05.163  4128  4854 I chatty  : uid=1000(system) SSense expire 1 line
07-13 19:53:05.455  4128  4712 I chatty  : uid=1000(system) UsbService host expire 134 lines
07-13 19:53:05.457  4128  4491 I chatty  : uid=1000(system) AudioDeviceBrok expire 8 lines
07-13 19:53:05.459  4128  4153 I chatty  : uid=1000(system) android.fg expire 3 lines
07-13 19:53:05.459  4128  4167 I chatty  : uid=1000(system) ActivityManager expire 16 lines
07-13 19:53:05.466  4128  5812 I chatty  : uid=1000(system) Binder:4128_15 expire 4 lines
07-13 19:53:05.469  4128  5032 I chatty  : uid=1000(system) uteStateMachine expire 20 lines
07-13 19:53:05.471  4128  5529 I chatty  : uid=1000(system) Binder:4128_A expire 10 lines
07-13 19:53:06.066  5553  6280 I mcu_services: readInBuf:[ff fe fd 03 01 29 81 a9 ff ]
07-13 19:53:06.066  5553  6280 E mcu_services: MCU2APP : [ff fe fd 03 01 29 81 a9 ff ]
07-13 19:53:06.066  5553  5838 D mcu_services: processResponse - length: 3 - type: 1 - control: 29
07-13 19:53:06.067  5553  5851 D mcu_services: dispatchToClients - cmdId: 41 - data : [29 81 ]
07-13 19:53:06.069  7287  7287 W ContextImpl: Calling a method in the system process without a qualified user: android.app.ContextImpl.sendBroadcast:1045 android.content.ContextWrapper.sendBroadcast:448 com.qf.carsettings.service.CarSettingService$4.onMcuInfoChanged:670 android.qf.mcu.McuManager$ListenerTransport._handleMessage:106 android.qf.mcu.McuManager$ListenerTransport.access$700:72 
07-13 19:53:06.324  4128  4383 I chatty  : uid=1000(system) Binder:4128_4 expire 3 lines
07-13 19:53:07.501  4128  4602 I chatty  : uid=1000(system) Binder:4128_5 expire 26 lines
07-13 19:53:08.049  4128  4995 I chatty  : uid=1000(system) Binder:4128_9 expire 11 lines
07-13 19:53:08.050  5553  6280 I mcu_services: readInBuf:[ff fe fd 03 01 29 81 a9 ff ]
07-13 19:53:08.050  5553  6280 E mcu_services: MCU2APP : [ff fe fd 03 01 29 81 a9 ff ]
07-13 19:53:08.051  5553  5838 D mcu_services: processResponse - length: 3 - type: 1 - control: 29
07-13 19:53:08.051  5553  5851 D mcu_services: dispatchToClients - cmdId: 41 - data : [29 81 ]
07-13 19:53:08.053  7287  7287 W ContextImpl: Calling a method in the system process without a qualified user: android.app.ContextImpl.sendBroadcast:1045 android.content.ContextWrapper.sendBroadcast:448 com.qf.carsettings.service.CarSettingService$4.onMcuInfoChanged:670 android.qf.mcu.McuManager$ListenerTransport._handleMessage:106 android.qf.mcu.McuManager$ListenerTransport.access$700:72 
07-13 19:53:08.135  4713  4713 I ActivityThread: performResumeActivity - pkgName: com.android.systemui - className: com.android.systemui.usb.UsbResolverActivity
07-13 19:53:08.136  4713  4713 I ActivityThread: smart_link is  not supported!!!
07-13 19:53:08.179  4128  4157 I chatty  : uid=1000(system) android.anim expire 1 line
07-13 19:53:10.035  5553  6280 I mcu_services: readInBuf:[ff fe fd 03 01 29 81 a9 ff ]
07-13 19:53:10.035  5553  6280 E mcu_services: MCU2APP : [ff fe fd 03 01 29 81 a9 ff ]
07-13 19:53:10.035  5553  5838 D mcu_services: processResponse - length: 3 - type: 1 - control: 29
07-13 19:53:10.035  5553  5851 D mcu_services: dispatchToClients - cmdId: 41 - data : [29 81 ]
07-13 19:53:10.037  7287  7287 W ContextImpl: Calling a method in the system process without a qualified user: android.app.ContextImpl.sendBroadcast:1045 android.content.ContextWrapper.sendBroadcast:448 com.qf.carsettings.service.CarSettingService$4.onMcuInfoChanged:670 android.qf.mcu.McuManager$ListenerTransport._handleMessage:106 android.qf.mcu.McuManager$ListenerTransport.access$700:72 
07-13 19:53:11.000  4128  4428 I chatty  : uid=1000(system) AlarmManager expire 11 lines
07-13 19:53:12.074  5553  6280 I mcu_services: readInBuf:[ff fe fd 03 01 29 81 a9 ff ]
07-13 19:53:12.074  5553  6280 E mcu_services: MCU2APP : [ff fe fd 03 01 29 81 a9 ff ]
07-13 19:53:12.075  5553  5838 D mcu_services: processResponse - length: 3 - type: 1 - control: 29
07-13 19:53:12.075  5553  5851 D mcu_services: dispatchToClients - cmdId: 41 - data : [29 81 ]
07-13 19:53:12.079  7287  7287 W ContextImpl: Calling a method in the system process without a qualified user: android.app.ContextImpl.sendBroadcast:1045 android.content.ContextWrapper.sendBroadcast:448 com.qf.carsettings.service.CarSettingService$4.onMcuInfoChanged:670 android.qf.mcu.McuManager$ListenerTransport._handleMessage:106 android.qf.mcu.McuManager$ListenerTransport.access$700:72 
07-13 19:53:14.058  5553  6280 I mcu_services: readInBuf:[ff fe fd 03 01 29 81 a9 ff ]
07-13 19:53:14.059  5553  6280 E mcu_services: MCU2APP : [ff fe fd 03 01 29 81 a9 ff ]
07-13 19:53:14.059  5553  5838 D mcu_services: processResponse - length: 3 - type: 1 - control: 29
07-13 19:53:14.059  5553  5851 D mcu_services: dispatchToClients - cmdId: 41 - data : [29 81 ]
07-13 19:53:14.063  7287  7287 W ContextImpl: Calling a method in the system process without a qualified user: android.app.ContextImpl.sendBroadcast:1045 android.content.ContextWrapper.sendBroadcast:448 com.qf.carsettings.service.CarSettingService$4.onMcuInfoChanged:670 android.qf.mcu.McuManager$ListenerTransport._handleMessage:106 android.qf.mcu.McuManager$ListenerTransport.access$700:72 
07-13 19:53:14.203  4128  4156 I chatty  : uid=1000(system) android.display expire 2 lines
07-13 19:53:14.809  4128  4602 I chatty  : uid=1000(system) Binder:4128_5 expire 10 lines
07-13 19:53:14.811  4128  4167 I chatty  : uid=1000(system) ActivityManager expire 12 lines
07-13 19:53:14.817  4128  5529 I chatty  : uid=1000(system) Binder:4128_A expire 18 lines
07-13 19:53:16.043  5553  6280 I mcu_services: readInBuf:[ff fe fd 03 01 29 81 a9 ff ]
07-13 19:53:16.043  5553  6280 E mcu_services: MCU2APP : [ff fe fd 03 01 29 81 a9 ff ]
07-13 19:53:16.043  5553  5838 D mcu_services: processResponse - length: 3 - type: 1 - control: 29
07-13 19:53:16.044  5553  5851 D mcu_services: dispatchToClients - cmdId: 41 - data : [29 81 ]
07-13 19:53:16.047  7287  7287 W ContextImpl: Calling a method in the system process without a qualified user: android.app.ContextImpl.sendBroadcast:1045 android.content.ContextWrapper.sendBroadcast:448 com.qf.carsettings.service.CarSettingService$4.onMcuInfoChanged:670 android.qf.mcu.McuManager$ListenerTransport._handleMessage:106 android.qf.mcu.McuManager$ListenerTransport.access$700:72 
07-13 19:53:16.843  4128  4854 I chatty  : uid=1000(system) SSense expire 7 lines
07-13 19:53:18.027  5553  6280 I mcu_services: readInBuf:[ff fe fd 03 01 29 81 a9 ff ]
07-13 19:53:18.027  5553  6280 E mcu_services: MCU2APP : [ff fe fd 03 01 29 81 a9 ff ]
07-13 19:53:18.028  5553  5838 D mcu_services: processResponse - length: 3 - type: 1 - control: 29
07-13 19:53:18.028  5553  5851 D mcu_services: dispatchToClients - cmdId: 41 - data : [29 81 ]
07-13 19:53:18.031  7287  7287 W ContextImpl: Calling a method in the system process without a qualified user: android.app.ContextImpl.sendBroadcast:1045 android.content.ContextWrapper.sendBroadcast:448 com.qf.carsettings.service.CarSettingService$4.onMcuInfoChanged:670 android.qf.mcu.McuManager$ListenerTransport._handleMessage:106 android.qf.mcu.McuManager$ListenerTransport.access$700:72 
07-13 19:53:18.175  4128  4994 I chatty  : uid=1000(system) Binder:4128_8 expire 17 lines
07-13 19:53:18.548  4128  4128 I chatty  : uid=1000 system_server expire 3 lines
07-13 19:53:20.012  5553  6280 I mcu_services: readInBuf:[ff fe fd 03 01 29 81 a9 ff ]
07-13 19:53:20.012  5553  6280 E mcu_services: MCU2APP : [ff fe fd 03 01 29 81 a9 ff ]
07-13 19:53:20.012  5553  5838 D mcu_services: processResponse - length: 3 - type: 1 - control: 29
07-13 19:53:20.012  5553  5851 D mcu_services: dispatchToClients - cmdId: 41 - data : [29 81 ]
07-13 19:53:20.014  7287  7287 W ContextImpl: Calling a method in the system process without a qualified user: android.app.ContextImpl.sendBroadcast:1045 android.content.ContextWrapper.sendBroadcast:448 com.qf.carsettings.service.CarSettingService$4.onMcuInfoChanged:670 android.qf.mcu.McuManager$ListenerTransport._handleMessage:106 android.qf.mcu.McuManager$ListenerTransport.access$700:72 
07-13 19:53:21.981  5553  6280 I mcu_services: readInBuf:[ff fe fd 03 01 29 81 a9 ff ]
07-13 19:53:21.981  5553  6280 E mcu_services: MCU2APP : [ff fe fd 03 01 29 81 a9 ff ]
07-13 19:53:21.982  5553  5838 D mcu_services: processResponse - length: 3 - type: 1 - control: 29
07-13 19:53:21.982  5553  5851 D mcu_services: dispatchToClients - cmdId: 41 - data : [29 81 ]
07-13 19:53:21.985  7287  7287 W ContextImpl: Calling a method in the system process without a qualified user: android.app.ContextImpl.sendBroadcast:1045 android.content.ContextWrapper.sendBroadcast:448 com.qf.carsettings.service.CarSettingService$4.onMcuInfoChanged:670 android.qf.mcu.McuManager$ListenerTransport._handleMessage:106 android.qf.mcu.McuManager$ListenerTransport.access$700:72 
07-13 19:53:23.966  5553  6280 I mcu_services: readInBuf:[ff fe fd 03 01 29 81 a9 ff ]
07-13 19:53:23.966  5553  6280 E mcu_services: MCU2APP : [ff fe fd 03 01 29 81 a9 ff ]
07-13 19:53:23.966  5553  5838 D mcu_services: processResponse - length: 3 - type: 1 - control: 29
07-13 19:53:23.967  5553  5851 D mcu_services: dispatchToClients - cmdId: 41 - data : [29 81 ]
07-13 19:53:23.970  7287  7287 W ContextImpl: Calling a method in the system process without a qualified user: android.app.ContextImpl.sendBroadcast:1045 android.content.ContextWrapper.sendBroadcast:448 com.qf.carsettings.service.CarSettingService$4.onMcuInfoChanged:670 android.qf.mcu.McuManager$ListenerTransport._handleMessage:106 android.qf.mcu.McuManager$ListenerTransport.access$700:72 
07-13 19:53:25.950  5553  6280 I mcu_services: readInBuf:[ff fe fd 03 01 29 81 a9 ff ]
07-13 19:53:25.951  5553  6280 E mcu_services: MCU2APP : [ff fe fd 03 01 29 81 a9 ff ]
07-13 19:53:25.951  5553  5838 D mcu_services: processResponse - length: 3 - type: 1 - control: 29
07-13 19:53:25.951  5553  5851 D mcu_services: dispatchToClients - cmdId: 41 - data : [29 81 ]
07-13 19:53:25.955  7287  7287 W ContextImpl: Calling a method in the system process without a qualified user: android.app.ContextImpl.sendBroadcast:1045 android.content.ContextWrapper.sendBroadcast:448 com.qf.carsettings.service.CarSettingService$4.onMcuInfoChanged:670 android.qf.mcu.McuManager$ListenerTransport._handleMessage:106 android.qf.mcu.McuManager$ListenerTransport.access$700:72 
07-13 19:53:27.477  4128  5529 I chatty  : uid=1000(system) Binder:4128_A expire 22 lines
07-13 19:53:27.935  5553  6280 I mcu_services: readInBuf:[ff fe fd 03 01 29 81 a9 ff ]
07-13 19:53:27.935  5553  6280 E mcu_services: MCU2APP : [ff fe fd 03 01 29 81 a9 ff ]
07-13 19:53:27.936  5553  5838 D mcu_services: processResponse - length: 3 - type: 1 - control: 29
07-13 19:53:27.936  5553  5851 D mcu_services: dispatchToClients - cmdId: 41 - data : [29 81 ]
07-13 19:53:27.939  7287  7287 W ContextImpl: Calling a method in the system process without a qualified user: android.app.ContextImpl.sendBroadcast:1045 android.content.ContextWrapper.sendBroadcast:448 com.qf.carsettings.service.CarSettingService$4.onMcuInfoChanged:670 android.qf.mcu.McuManager$ListenerTransport._handleMessage:106 android.qf.mcu.McuManager$ListenerTransport.access$700:72 
07-13 19:53:29.920  5553  6280 I mcu_services: readInBuf:[ff fe fd 03 01 29 81 a9 ff ]
07-13 19:53:29.920  5553  6280 E mcu_services: MCU2APP : [ff fe fd 03 01 29 81 a9 ff ]
07-13 19:53:29.920  5553  5838 D mcu_services: processResponse - length: 3 - type: 1 - control: 29
07-13 19:53:29.921  5553  5851 D mcu_services: dispatchToClients - cmdId: 41 - data : [29 81 ]
07-13 19:53:29.924  7287  7287 W ContextImpl: Calling a method in the system process without a qualified user: android.app.ContextImpl.sendBroadcast:1045 android.content.ContextWrapper.sendBroadcast:448 com.qf.carsettings.service.CarSettingService$4.onMcuInfoChanged:670 android.qf.mcu.McuManager$ListenerTransport._handleMessage:106 android.qf.mcu.McuManager$ListenerTransport.access$700:72 
07-13 19:53:31.673  4128  4994 I chatty  : uid=1000(system) Binder:4128_8 expire 14 lines
07-13 19:53:31.674  4128  4167 I chatty  : uid=1000(system) ActivityManager expire 12 lines
07-13 19:53:31.889  5553  6280 I mcu_services: readInBuf:[ff fe fd 03 01 29 81 a9 ff ]
07-13 19:53:31.890  5553  6280 E mcu_services: MCU2APP : [ff fe fd 03 01 29 81 a9 ff ]
07-13 19:53:31.890  5553  5838 D mcu_services: processResponse - length: 3 - type: 1 - control: 29
07-13 19:53:31.891  5553  5851 D mcu_services: dispatchToClients - cmdId: 41 - data : [29 81 ]
07-13 19:53:31.894  7287  7287 W ContextImpl: Calling a method in the system process without a qualified user: android.app.ContextImpl.sendBroadcast:1045 android.content.ContextWrapper.sendBroadcast:448 com.qf.carsettings.service.CarSettingService$4.onMcuInfoChanged:670 android.qf.mcu.McuManager$ListenerTransport._handleMessage:106 android.qf.mcu.McuManager$ListenerTransport.access$700:72 
07-13 19:53:33.874  5553  6280 I mcu_services: readInBuf:[ff fe fd 03 01 29 81 a9 ff ]
07-13 19:53:33.874  5553  6280 E mcu_services: MCU2APP : [ff fe fd 03 01 29 81 a9 ff ]
07-13 19:53:33.875  5553  5838 D mcu_services: processResponse - length: 3 - type: 1 - control: 29
07-13 19:53:33.875  5553  5851 D mcu_services: dispatchToClients - cmdId: 41 - data : [29 81 ]
07-13 19:53:33.879  7287  7287 W ContextImpl: Calling a method in the system process without a qualified user: android.app.ContextImpl.sendBroadcast:1045 android.content.ContextWrapper.sendBroadcast:448 com.qf.carsettings.service.CarSettingService$4.onMcuInfoChanged:670 android.qf.mcu.McuManager$ListenerTransport._handleMessage:106 android.qf.mcu.McuManager$ListenerTransport.access$700:72 
07-13 19:53:34.206  4128  4602 I chatty  : uid=1000(system) Binder:4128_5 expire 2 lines
07-13 19:53:35.859  5553  6280 I mcu_services: readInBuf:[ff fe fd 03 01 29 81 a9 ff ]
07-13 19:53:35.859  5553  6280 E mcu_services: MCU2APP : [ff fe fd 03 01 29 81 a9 ff ]
07-13 19:53:35.860  5553  5838 D mcu_services: processResponse - length: 3 - type: 1 - control: 29
07-13 19:53:35.860  5553  5851 D mcu_services: dispatchToClients - cmdId: 41 - data : [29 81 ]
07-13 19:53:35.863  7287  7287 W ContextImpl: Calling a method in the system process without a qualified user: android.app.ContextImpl.sendBroadcast:1045 android.content.ContextWrapper.sendBroadcast:448 com.qf.carsettings.service.CarSettingService$4.onMcuInfoChanged:670 android.qf.mcu.McuManager$ListenerTransport._handleMessage:106 android.qf.mcu.McuManager$ListenerTransport.access$700:72 
07-13 19:53:37.844  5553  6280 I mcu_services: readInBuf:[ff fe fd 03 01 29 81 a9 ff ]
07-13 19:53:37.844  5553  6280 E mcu_services: MCU2APP : [ff fe fd 03 01 29 81 a9 ff ]
07-13 19:53:37.844  5553  5838 D mcu_services: processResponse - length: 3 - type: 1 - control: 29
07-13 19:53:37.845  5553  5851 D mcu_services: dispatchToClients - cmdId: 41 - data : [29 81 ]
07-13 19:53:37.848  7287  7287 W ContextImpl: Calling a method in the system process without a qualified user: android.app.ContextImpl.sendBroadcast:1045 android.content.ContextWrapper.sendBroadcast:448 com.qf.carsettings.service.CarSettingService$4.onMcuInfoChanged:670 android.qf.mcu.McuManager$ListenerTransport._handleMessage:106 android.qf.mcu.McuManager$ListenerTransport.access$700:72 
07-13 19:53:37.996  4128  5529 I chatty  : uid=1000(system) Binder:4128_A expire 30 lines
07-13 19:53:39.828  5553  6280 I mcu_services: readInBuf:[ff fe fd 03 01 29 81 a9 ff ]
07-13 19:53:39.828  5553  6280 E mcu_services: MCU2APP : [ff fe fd 03 01 29 81 a9 ff ]
07-13 19:53:39.829  5553  5838 D mcu_services: processResponse - length: 3 - type: 1 - control: 29
07-13 19:53:39.829  5553  5851 D mcu_services: dispatchToClients - cmdId: 41 - data : [29 81 ]
07-13 19:53:39.833  7287  7287 W ContextImpl: Calling a method in the system process without a qualified user: android.app.ContextImpl.sendBroadcast:1045 android.content.ContextWrapper.sendBroadcast:448 com.qf.carsettings.service.CarSettingService$4.onMcuInfoChanged:670 android.qf.mcu.McuManager$ListenerTransport._handleMessage:106 android.qf.mcu.McuManager$ListenerTransport.access$700:72 
07-13 19:53:41.826  5553  6280 I mcu_services: readInBuf:[ff fe fd 03 01 29 81 a9 ff ]
07-13 19:53:41.826  5553  6280 E mcu_services: MCU2APP : [ff fe fd 03 01 29 81 a9 ff ]
07-13 19:53:41.826  5553  5838 D mcu_services: processResponse - length: 3 - type: 1 - control: 29
07-13 19:53:41.827  5553  5851 D mcu_services: dispatchToClients - cmdId: 41 - data : [29 81 ]
07-13 19:53:41.830  7287  7287 W ContextImpl: Calling a method in the system process without a qualified user: android.app.ContextImpl.sendBroadcast:1045 android.content.ContextWrapper.sendBroadcast:448 com.qf.carsettings.service.CarSettingService$4.onMcuInfoChanged:670 android.qf.mcu.McuManager$ListenerTransport._handleMessage:106 android.qf.mcu.McuManager$ListenerTransport.access$700:72 
07-13 19:53:43.811  5553  6280 I mcu_services: readInBuf:[ff fe fd 03 01 29 81 a9 ff ]
07-13 19:53:43.811  5553  6280 E mcu_services: MCU2APP : [ff fe fd 03 01 29 81 a9 ff ]
07-13 19:53:43.811  5553  5838 D mcu_services: processResponse - length: 3 - type: 1 - control: 29
07-13 19:53:43.812  5553  5851 D mcu_services: dispatchToClients - cmdId: 41 - data : [29 81 ]
07-13 19:53:43.815  7287  7287 W ContextImpl: Calling a method in the system process without a qualified user: android.app.ContextImpl.sendBroadcast:1045 android.content.ContextWrapper.sendBroadcast:448 com.qf.carsettings.service.CarSettingService$4.onMcuInfoChanged:670 android.qf.mcu.McuManager$ListenerTransport._handleMessage:106 android.qf.mcu.McuManager$ListenerTransport.access$700:72 
