07-13 19:53:45.795  5553  6280 I mcu_services: readInBuf:[ff fe fd 03 01 29 81 a9 ff ]
07-13 19:53:45.795  5553  6280 E mcu_services: MCU2APP : [ff fe fd 03 01 29 81 a9 ff ]
07-13 19:53:45.796  5553  5838 D mcu_services: processResponse - length: 3 - type: 1 - control: 29
07-13 19:53:45.796  5553  5851 D mcu_services: dispatchToClients - cmdId: 41 - data : [29 81 ]
07-13 19:53:45.800  7287  7287 W ContextImpl: Calling a method in the system process without a qualified user: android.app.ContextImpl.sendBroadcast:1045 android.content.ContextWrapper.sendBroadcast:448 com.qf.carsettings.service.CarSettingService$4.onMcuInfoChanged:670 android.qf.mcu.McuManager$ListenerTransport._handleMessage:106 android.qf.mcu.McuManager$ListenerTransport.access$700:72 
07-13 19:53:47.780  5553  6280 I mcu_services: readInBuf:[ff fe fd 03 01 29 81 a9 ff ]
07-13 19:53:47.780  5553  6280 E mcu_services: MCU2APP : [ff fe fd 03 01 29 81 a9 ff ]
07-13 19:53:47.780  5553  5838 D mcu_services: processResponse - length: 3 - type: 1 - control: 29
07-13 19:53:47.780  5553  5851 D mcu_services: dispatchToClients - cmdId: 41 - data : [29 81 ]
07-13 19:53:47.783  7287  7287 W ContextImpl: Calling a method in the system process without a qualified user: android.app.ContextImpl.sendBroadcast:1045 android.content.ContextWrapper.sendBroadcast:448 com.qf.carsettings.service.CarSettingService$4.onMcuInfoChanged:670 android.qf.mcu.McuManager$ListenerTransport._handleMessage:106 android.qf.mcu.McuManager$ListenerTransport.access$700:72 
07-13 19:53:48.579  4128  4167 I chatty  : uid=1000(system) ActivityManager expire 9 lines
07-13 19:53:48.585  4128  4150 I chatty  : uid=1000(system) Binder:4128_1 expire 26 lines
07-13 19:53:49.765  5553  6280 I mcu_services: readInBuf:[ff fe fd 03 01 29 81 a9 ff ]
07-13 19:53:49.765  5553  6280 E mcu_services: MCU2APP : [ff fe fd 03 01 29 81 a9 ff ]
07-13 19:53:49.766  5553  5838 D mcu_services: processResponse - length: 3 - type: 1 - control: 29
07-13 19:53:49.766  5553  5851 D mcu_services: dispatchToClients - cmdId: 41 - data : [29 81 ]
07-13 19:53:49.770  7287  7287 W ContextImpl: Calling a method in the system process without a qualified user: android.app.ContextImpl.sendBroadcast:1045 android.content.ContextWrapper.sendBroadcast:448 com.qf.carsettings.service.CarSettingService$4.onMcuInfoChanged:670 android.qf.mcu.McuManager$ListenerTransport._handleMessage:106 android.qf.mcu.McuManager$ListenerTransport.access$700:72 
07-13 19:53:50.281  4128  5529 I chatty  : uid=1000(system) Binder:4128_A expire 12 lines
07-13 19:53:51.765  5553  6280 I mcu_services: readInBuf:[ff fe fd 03 01 29 81 a9 ff ]
07-13 19:53:51.765  5553  6280 E mcu_services: MCU2APP : [ff fe fd 03 01 29 81 a9 ff ]
07-13 19:53:51.766  5553  5838 D mcu_services: processResponse - length: 3 - type: 1 - control: 29
07-13 19:53:51.766  5553  5851 D mcu_services: dispatchToClients - cmdId: 41 - data : [29 81 ]
07-13 19:53:51.769  7287  7287 W ContextImpl: Calling a method in the system process without a qualified user: android.app.ContextImpl.sendBroadcast:1045 android.content.ContextWrapper.sendBroadcast:448 com.qf.carsettings.service.CarSettingService$4.onMcuInfoChanged:670 android.qf.mcu.McuManager$ListenerTransport._handleMessage:106 android.qf.mcu.McuManager$ListenerTransport.access$700:72 
07-13 19:53:53.750  5553  6280 I mcu_services: readInBuf:[ff fe fd 03 01 29 81 a9 ff ]
07-13 19:53:53.750  5553  6280 E mcu_services: MCU2APP : [ff fe fd 03 01 29 81 a9 ff ]
07-13 19:53:53.751  5553  5838 D mcu_services: processResponse - length: 3 - type: 1 - control: 29
07-13 19:53:53.751  5553  5851 D mcu_services: dispatchToClients - cmdId: 41 - data : [29 81 ]
07-13 19:53:53.755  7287  7287 W ContextImpl: Calling a method in the system process without a qualified user: android.app.ContextImpl.sendBroadcast:1045 android.content.ContextWrapper.sendBroadcast:448 com.qf.carsettings.service.CarSettingService$4.onMcuInfoChanged:670 android.qf.mcu.McuManager$ListenerTransport._handleMessage:106 android.qf.mcu.McuManager$ListenerTransport.access$700:72 
07-13 19:53:55.207  4128  4474 I chatty  : uid=1000(system) WifiScanningSer expire 2 lines
07-13 19:53:55.735  5553  6280 I mcu_services: readInBuf:[ff fe fd 03 01 29 81 a9 ff ]
07-13 19:53:55.736  5553  6280 E mcu_services: MCU2APP : [ff fe fd 03 01 29 81 a9 ff ]
07-13 19:53:55.736  5553  5838 D mcu_services: processResponse - length: 3 - type: 1 - control: 29
07-13 19:53:55.736  5553  5851 D mcu_services: dispatchToClients - cmdId: 41 - data : [29 81 ]
07-13 19:53:55.740  7287  7287 W ContextImpl: Calling a method in the system process without a qualified user: android.app.ContextImpl.sendBroadcast:1045 android.content.ContextWrapper.sendBroadcast:448 com.qf.carsettings.service.CarSettingService$4.onMcuInfoChanged:670 android.qf.mcu.McuManager$ListenerTransport._handleMessage:106 android.qf.mcu.McuManager$ListenerTransport.access$700:72 
07-13 19:53:56.428  4128  4383 I chatty  : uid=1000(system) Binder:4128_4 expire 6 lines
07-13 19:53:57.545  4128  4487 I chatty  : uid=1000(system) DeviceStorageMo expire 1 line
07-13 19:53:57.720  5553  6280 I mcu_services: readInBuf:[ff fe fd 03 01 29 81 a9 ff ]
07-13 19:53:57.720  5553  6280 E mcu_services: MCU2APP : [ff fe fd 03 01 29 81 a9 ff ]
07-13 19:53:57.721  5553  5838 D mcu_services: processResponse - length: 3 - type: 1 - control: 29
07-13 19:53:57.721  5553  5851 D mcu_services: dispatchToClients - cmdId: 41 - data : [29 81 ]
07-13 19:53:57.725  7287  7287 W ContextImpl: Calling a method in the system process without a qualified user: android.app.ContextImpl.sendBroadcast:1045 android.content.ContextWrapper.sendBroadcast:448 com.qf.carsettings.service.CarSettingService$4.onMcuInfoChanged:670 android.qf.mcu.McuManager$ListenerTransport._handleMessage:106 android.qf.mcu.McuManager$ListenerTransport.access$700:72 
07-13 19:53:58.956  4128  4428 I chatty  : uid=1000(system) AlarmManager expire 6 lines
07-13 19:53:59.705  5553  6280 I mcu_services: readInBuf:[ff fe fd 03 01 29 81 a9 ff ]
07-13 19:53:59.705  5553  6280 E mcu_services: MCU2APP : [ff fe fd 03 01 29 81 a9 ff ]
07-13 19:53:59.706  5553  5838 D mcu_services: processResponse - length: 3 - type: 1 - control: 29
07-13 19:53:59.706  5553  5851 D mcu_services: dispatchToClients - cmdId: 41 - data : [29 81 ]
07-13 19:53:59.709  7287  7287 W ContextImpl: Calling a method in the system process without a qualified user: android.app.ContextImpl.sendBroadcast:1045 android.content.ContextWrapper.sendBroadcast:448 com.qf.carsettings.service.CarSettingService$4.onMcuInfoChanged:670 android.qf.mcu.McuManager$ListenerTransport._handleMessage:106 android.qf.mcu.McuManager$ListenerTransport.access$700:72 
07-13 19:54:00.025  4128  4150 I chatty  : uid=1000(system) Binder:4128_1 expire 18 lines
07-13 19:54:00.034  7287  7287 W ContextImpl: Calling a method in the system process without a qualified user: android.app.ContextImpl.sendBroadcast:1045 android.content.ContextWrapper.sendBroadcast:448 com.qf.carsettings.service.CarSettingService$2.onReceive:397 android.app.LoadedApk$ReceiverDispatcher$Args.lambda$getRunnable$0$LoadedApk$ReceiverDispatcher$Args:1583 android.app.-$$Lambda$LoadedApk$ReceiverDispatcher$Args$_BumDX2UKsnxLVrE6UJsJZkotuA.run:2 
07-13 19:54:00.333  4128  5529 I chatty  : uid=1000(system) Binder:4128_A expire 13 lines
07-13 19:54:01.000  4128  4428 I chatty  : uid=1000(system) AlarmManager expire 10 lines
07-13 19:54:01.229  4128  4383 I chatty  : uid=1000(system) Binder:4128_4 expire 16 lines
07-13 19:54:01.231  4128  4167 I chatty  : uid=1000(system) ActivityManager expire 12 lines
07-13 19:54:01.646  5553  6280 I mcu_services: readInBuf:[ff fe fd 03 01 29 81 a9 ff ]
07-13 19:54:01.647  5553  6280 E mcu_services: MCU2APP : [ff fe fd 03 01 29 81 a9 ff ]
07-13 19:54:01.647  5553  5838 D mcu_services: processResponse - length: 3 - type: 1 - control: 29
07-13 19:54:01.647  5553  5851 D mcu_services: dispatchToClients - cmdId: 41 - data : [29 81 ]
07-13 19:54:01.651  7287  7287 W ContextImpl: Calling a method in the system process without a qualified user: android.app.ContextImpl.sendBroadcast:1045 android.content.ContextWrapper.sendBroadcast:448 com.qf.carsettings.service.CarSettingService$4.onMcuInfoChanged:670 android.qf.mcu.McuManager$ListenerTransport._handleMessage:106 android.qf.mcu.McuManager$ListenerTransport.access$700:72 
07-13 19:54:03.631  5553  6280 I mcu_services: readInBuf:[ff fe fd 03 01 29 81 a9 ff ]
07-13 19:54:03.631  5553  6280 E mcu_services: MCU2APP : [ff fe fd 03 01 29 81 a9 ff ]
07-13 19:54:03.632  5553  5838 D mcu_services: processResponse - length: 3 - type: 1 - control: 29
07-13 19:54:03.632  5553  5851 D mcu_services: dispatchToClients - cmdId: 41 - data : [29 81 ]
07-13 19:54:03.636  7287  7287 W ContextImpl: Calling a method in the system process without a qualified user: android.app.ContextImpl.sendBroadcast:1045 android.content.ContextWrapper.sendBroadcast:448 com.qf.carsettings.service.CarSettingService$4.onMcuInfoChanged:670 android.qf.mcu.McuManager$ListenerTransport._handleMessage:106 android.qf.mcu.McuManager$ListenerTransport.access$700:72 
07-13 19:54:05.616  5553  6280 I mcu_services: readInBuf:[ff fe fd 03 01 29 81 a9 ff ]
07-13 19:54:05.616  5553  6280 E mcu_services: MCU2APP : [ff fe fd 03 01 29 81 a9 ff ]
07-13 19:54:05.617  5553  5838 D mcu_services: processResponse - length: 3 - type: 1 - control: 29
07-13 19:54:05.617  5553  5851 D mcu_services: dispatchToClients - cmdId: 41 - data : [29 81 ]
07-13 19:54:05.620  7287  7287 W ContextImpl: Calling a method in the system process without a qualified user: android.app.ContextImpl.sendBroadcast:1045 android.content.ContextWrapper.sendBroadcast:448 com.qf.carsettings.service.CarSettingService$4.onMcuInfoChanged:670 android.qf.mcu.McuManager$ListenerTransport._handleMessage:106 android.qf.mcu.McuManager$ListenerTransport.access$700:72 
07-13 19:54:07.601  5553  6280 I mcu_services: readInBuf:[ff fe fd 03 01 29 81 a9 ff ]
07-13 19:54:07.601  5553  6280 E mcu_services: MCU2APP : [ff fe fd 03 01 29 81 a9 ff ]
07-13 19:54:07.602  5553  5838 D mcu_services: processResponse - length: 3 - type: 1 - control: 29
07-13 19:54:07.602  5553  5851 D mcu_services: dispatchToClients - cmdId: 41 - data : [29 81 ]
07-13 19:54:07.606  7287  7287 W ContextImpl: Calling a method in the system process without a qualified user: android.app.ContextImpl.sendBroadcast:1045 android.content.ContextWrapper.sendBroadcast:448 com.qf.carsettings.service.CarSettingService$4.onMcuInfoChanged:670 android.qf.mcu.McuManager$ListenerTransport._handleMessage:106 android.qf.mcu.McuManager$ListenerTransport.access$700:72 
07-13 19:54:08.799  4128  4854 I chatty  : uid=1000(system) SSense expire 5 lines
07-13 19:54:09.586  5553  6280 I mcu_services: readInBuf:[ff fe fd 03 01 29 81 a9 ff ]
07-13 19:54:09.586  5553  6280 E mcu_services: MCU2APP : [ff fe fd 03 01 29 81 a9 ff ]
07-13 19:54:09.587  5553  5838 D mcu_services: processResponse - length: 3 - type: 1 - control: 29
07-13 19:54:09.587  5553  5851 D mcu_services: dispatchToClients - cmdId: 41 - data : [29 81 ]
07-13 19:54:09.590  7287  7287 W ContextImpl: Calling a method in the system process without a qualified user: android.app.ContextImpl.sendBroadcast:1045 android.content.ContextWrapper.sendBroadcast:448 com.qf.carsettings.service.CarSettingService$4.onMcuInfoChanged:670 android.qf.mcu.McuManager$ListenerTransport._handleMessage:106 android.qf.mcu.McuManager$ListenerTransport.access$700:72 
07-13 19:54:11.624  5553  6280 I mcu_services: readInBuf:[ff fe fd 03 01 29 81 a9 ff ]
07-13 19:54:11.624  5553  6280 E mcu_services: MCU2APP : [ff fe fd 03 01 29 81 a9 ff ]
07-13 19:54:11.625  5553  5838 D mcu_services: processResponse - length: 3 - type: 1 - control: 29
07-13 19:54:11.625  5553  5851 D mcu_services: dispatchToClients - cmdId: 41 - data : [29 81 ]
07-13 19:54:11.628  7287  7287 W ContextImpl: Calling a method in the system process without a qualified user: android.app.ContextImpl.sendBroadcast:1045 android.content.ContextWrapper.sendBroadcast:448 com.qf.carsettings.service.CarSettingService$4.onMcuInfoChanged:670 android.qf.mcu.McuManager$ListenerTransport._handleMessage:106 android.qf.mcu.McuManager$ListenerTransport.access$700:72 
07-13 19:54:11.858  4128  4383 I chatty  : uid=1000(system) Binder:4128_4 expire 10 lines
07-13 19:54:13.609  5553  6280 I mcu_services: readInBuf:[ff fe fd 03 01 29 81 a9 ff ]
07-13 19:54:13.610  5553  6280 E mcu_services: MCU2APP : [ff fe fd 03 01 29 81 a9 ff ]
07-13 19:54:13.610  5553  5838 D mcu_services: processResponse - length: 3 - type: 1 - control: 29
07-13 19:54:13.610  5553  5851 D mcu_services: dispatchToClients - cmdId: 41 - data : [29 81 ]
07-13 19:54:13.613  7287  7287 W ContextImpl: Calling a method in the system process without a qualified user: android.app.ContextImpl.sendBroadcast:1045 android.content.ContextWrapper.sendBroadcast:448 com.qf.carsettings.service.CarSettingService$4.onMcuInfoChanged:670 android.qf.mcu.McuManager$ListenerTransport._handleMessage:106 android.qf.mcu.McuManager$ListenerTransport.access$700:72 
07-13 19:54:15.595  5553  6280 I mcu_services: readInBuf:[ff fe fd 03 01 29 81 a9 ff ]
07-13 19:54:15.595  5553  6280 E mcu_services: MCU2APP : [ff fe fd 03 01 29 81 a9 ff ]
07-13 19:54:15.595  5553  5838 D mcu_services: processResponse - length: 3 - type: 1 - control: 29
07-13 19:54:15.596  5553  5851 D mcu_services: dispatchToClients - cmdId: 41 - data : [29 81 ]
07-13 19:54:15.599  7287  7287 W ContextImpl: Calling a method in the system process without a qualified user: android.app.ContextImpl.sendBroadcast:1045 android.content.ContextWrapper.sendBroadcast:448 com.qf.carsettings.service.CarSettingService$4.onMcuInfoChanged:670 android.qf.mcu.McuManager$ListenerTransport._handleMessage:106 android.qf.mcu.McuManager$ListenerTransport.access$700:72 
07-13 19:54:16.062  4128  4150 I chatty  : uid=1000(system) Binder:4128_1 expire 20 lines
07-13 19:54:17.580  5553  6280 I mcu_services: readInBuf:[ff fe fd 03 01 29 81 a9 ff ]
07-13 19:54:17.580  5553  6280 E mcu_services: MCU2APP : [ff fe fd 03 01 29 81 a9 ff ]
07-13 19:54:17.580  5553  5838 D mcu_services: processResponse - length: 3 - type: 1 - control: 29
07-13 19:54:17.581  5553  5851 D mcu_services: dispatchToClients - cmdId: 41 - data : [29 81 ]
07-13 19:54:17.584  7287  7287 W ContextImpl: Calling a method in the system process without a qualified user: android.app.ContextImpl.sendBroadcast:1045 android.content.ContextWrapper.sendBroadcast:448 com.qf.carsettings.service.CarSettingService$4.onMcuInfoChanged:670 android.qf.mcu.McuManager$ListenerTransport._handleMessage:106 android.qf.mcu.McuManager$ListenerTransport.access$700:72 
07-13 19:54:17.723  4128  5529 I chatty  : uid=1000(system) Binder:4128_A expire 7 lines
07-13 19:54:18.173  4128  4167 I chatty  : uid=1000(system) ActivityManager expire 12 lines
07-13 19:54:19.565  5553  6280 I mcu_services: readInBuf:[ff fe fd 03 01 29 81 a9 ff ]
07-13 19:54:19.565  5553  6280 E mcu_services: MCU2APP : [ff fe fd 03 01 29 81 a9 ff ]
07-13 19:54:19.565  5553  5838 D mcu_services: processResponse - length: 3 - type: 1 - control: 29
07-13 19:54:19.565  5553  5851 D mcu_services: dispatchToClients - cmdId: 41 - data : [29 81 ]
07-13 19:54:19.569  7287  7287 W ContextImpl: Calling a method in the system process without a qualified user: android.app.ContextImpl.sendBroadcast:1045 android.content.ContextWrapper.sendBroadcast:448 com.qf.carsettings.service.CarSettingService$4.onMcuInfoChanged:670 android.qf.mcu.McuManager$ListenerTransport._handleMessage:106 android.qf.mcu.McuManager$ListenerTransport.access$700:72 
07-13 19:54:21.532  5553  6280 I mcu_services: readInBuf:[ff fe fd 03 01 29 81 a9 ff ]
07-13 19:54:21.532  5553  6280 E mcu_services: MCU2APP : [ff fe fd 03 01 29 81 a9 ff ]
07-13 19:54:21.533  5553  5838 D mcu_services: processResponse - length: 3 - type: 1 - control: 29
07-13 19:54:21.533  5553  5851 D mcu_services: dispatchToClients - cmdId: 41 - data : [29 81 ]
07-13 19:54:21.537  7287  7287 W ContextImpl: Calling a method in the system process without a qualified user: android.app.ContextImpl.sendBroadcast:1045 android.content.ContextWrapper.sendBroadcast:448 com.qf.carsettings.service.CarSettingService$4.onMcuInfoChanged:670 android.qf.mcu.McuManager$ListenerTransport._handleMessage:106 android.qf.mcu.McuManager$ListenerTransport.access$700:72 
07-13 19:54:23.517  5553  6280 I mcu_services: readInBuf:[ff fe fd 03 01 29 81 a9 ff ]
07-13 19:54:23.517  5553  6280 E mcu_services: MCU2APP : [ff fe fd 03 01 29 81 a9 ff ]
07-13 19:54:23.518  5553  5838 D mcu_services: processResponse - length: 3 - type: 1 - control: 29
07-13 19:54:23.518  5553  5851 D mcu_services: dispatchToClients - cmdId: 41 - data : [29 81 ]
07-13 19:54:23.521  7287  7287 W ContextImpl: Calling a method in the system process without a qualified user: android.app.ContextImpl.sendBroadcast:1045 android.content.ContextWrapper.sendBroadcast:448 com.qf.carsettings.service.CarSettingService$4.onMcuInfoChanged:670 android.qf.mcu.McuManager$ListenerTransport._handleMessage:106 android.qf.mcu.McuManager$ListenerTransport.access$700:72 
07-13 19:54:25.502  5553  6280 I mcu_services: readInBuf:[ff fe fd 03 01 29 81 a9 ff ]
07-13 19:54:25.503  5553  6280 E mcu_services: MCU2APP : [ff fe fd 03 01 29 81 a9 ff ]
07-13 19:54:25.503  5553  5838 D mcu_services: processResponse - length: 3 - type: 1 - control: 29
07-13 19:54:25.503  5553  5851 D mcu_services: dispatchToClients - cmdId: 41 - data : [29 81 ]
07-13 19:54:25.507  7287  7287 W ContextImpl: Calling a method in the system process without a qualified user: android.app.ContextImpl.sendBroadcast:1045 android.content.ContextWrapper.sendBroadcast:448 com.qf.carsettings.service.CarSettingService$4.onMcuInfoChanged:670 android.qf.mcu.McuManager$ListenerTransport._handleMessage:106 android.qf.mcu.McuManager$ListenerTransport.access$700:72 
07-13 19:54:26.420  4128  4383 I chatty  : uid=1000(system) Binder:4128_4 expire 7 lines
07-13 19:54:27.487  5553  6280 I mcu_services: readInBuf:[ff fe fd 03 01 29 81 a9 ff ]
07-13 19:54:27.488  5553  6280 E mcu_services: MCU2APP : [ff fe fd 03 01 29 81 a9 ff ]
07-13 19:54:27.488  5553  5838 D mcu_services: processResponse - length: 3 - type: 1 - control: 29
07-13 19:54:27.489  5553  5851 D mcu_services: dispatchToClients - cmdId: 41 - data : [29 81 ]
07-13 19:54:27.492  7287  7287 W ContextImpl: Calling a method in the system process without a qualified user: android.app.ContextImpl.sendBroadcast:1045 android.content.ContextWrapper.sendBroadcast:448 com.qf.carsettings.service.CarSettingService$4.onMcuInfoChanged:670 android.qf.mcu.McuManager$ListenerTransport._handleMessage:106 android.qf.mcu.McuManager$ListenerTransport.access$700:72 
07-13 19:54:27.759  4128  4150 I chatty  : uid=1000(system) Binder:4128_1 expire 3 lines
07-13 19:54:28.428  4128  5550 I chatty  : uid=1000(system) Binder:4128_E expire 25 lines
07-13 19:54:29.472  5553  6280 I mcu_services: readInBuf:[ff fe fd 03 01 29 81 a9 ff ]
07-13 19:54:29.473  5553  6280 E mcu_services: MCU2APP : [ff fe fd 03 01 29 81 a9 ff ]
07-13 19:54:29.473  5553  5838 D mcu_services: processResponse - length: 3 - type: 1 - control: 29
07-13 19:54:29.474  5553  5851 D mcu_services: dispatchToClients - cmdId: 41 - data : [29 81 ]
07-13 19:54:29.477  7287  7287 W ContextImpl: Calling a method in the system process without a qualified user: android.app.ContextImpl.sendBroadcast:1045 android.content.ContextWrapper.sendBroadcast:448 com.qf.carsettings.service.CarSettingService$4.onMcuInfoChanged:670 android.qf.mcu.McuManager$ListenerTransport._handleMessage:106 android.qf.mcu.McuManager$ListenerTransport.access$700:72 
07-13 19:54:30.843  4128  4995 I chatty  : uid=1000(system) Binder:4128_9 expire 10 lines
07-13 19:54:31.411  5553  6280 I mcu_services: readInBuf:[ff fe fd 03 01 29 81 a9 ff ]
07-13 19:54:31.411  5553  6280 E mcu_services: MCU2APP : [ff fe fd 03 01 29 81 a9 ff ]
07-13 19:54:31.411  5553  5838 D mcu_services: processResponse - length: 3 - type: 1 - control: 29
07-13 19:54:31.412  5553  5851 D mcu_services: dispatchToClients - cmdId: 41 - data : [29 81 ]
07-13 19:54:31.415  7287  7287 W ContextImpl: Calling a method in the system process without a qualified user: android.app.ContextImpl.sendBroadcast:1045 android.content.ContextWrapper.sendBroadcast:448 com.qf.carsettings.service.CarSettingService$4.onMcuInfoChanged:670 android.qf.mcu.McuManager$ListenerTransport._handleMessage:106 android.qf.mcu.McuManager$ListenerTransport.access$700:72 
07-13 19:54:33.396  5553  6280 I mcu_services: readInBuf:[ff fe fd 03 01 29 81 a9 ff ]
07-13 19:54:33.396  5553  6280 E mcu_services: MCU2APP : [ff fe fd 03 01 29 81 a9 ff ]
07-13 19:54:33.396  5553  5838 D mcu_services: processResponse - length: 3 - type: 1 - control: 29
07-13 19:54:33.397  5553  5851 D mcu_services: dispatchToClients - cmdId: 41 - data : [29 81 ]
07-13 19:54:33.401  7287  7287 W ContextImpl: Calling a method in the system process without a qualified user: android.app.ContextImpl.sendBroadcast:1045 android.content.ContextWrapper.sendBroadcast:448 com.qf.carsettings.service.CarSettingService$4.onMcuInfoChanged:670 android.qf.mcu.McuManager$ListenerTransport._handleMessage:106 android.qf.mcu.McuManager$ListenerTransport.access$700:72 
07-13 19:54:35.012  4128  4167 I chatty  : uid=1000(system) ActivityManager expire 12 lines
07-13 19:54:35.381  5553  6280 I mcu_services: readInBuf:[ff fe fd 03 01 29 81 a9 ff ]
07-13 19:54:35.381  5553  6280 E mcu_services: MCU2APP : [ff fe fd 03 01 29 81 a9 ff ]
07-13 19:54:35.381  5553  5838 D mcu_services: processResponse - length: 3 - type: 1 - control: 29
07-13 19:54:35.382  5553  5851 D mcu_services: dispatchToClients - cmdId: 41 - data : [29 81 ]
07-13 19:54:35.385  7287  7287 W ContextImpl: Calling a method in the system process without a qualified user: android.app.ContextImpl.sendBroadcast:1045 android.content.ContextWrapper.sendBroadcast:448 com.qf.carsettings.service.CarSettingService$4.onMcuInfoChanged:670 android.qf.mcu.McuManager$ListenerTransport._handleMessage:106 android.qf.mcu.McuManager$ListenerTransport.access$700:72 
07-13 19:54:37.366  5553  6280 I mcu_services: readInBuf:[ff fe fd 03 01 29 81 a9 ff ]
07-13 19:54:37.366  5553  6280 E mcu_services: MCU2APP : [ff fe fd 03 01 29 81 a9 ff ]
07-13 19:54:37.366  5553  5838 D mcu_services: processResponse - length: 3 - type: 1 - control: 29
07-13 19:54:37.367  5553  5851 D mcu_services: dispatchToClients - cmdId: 41 - data : [29 81 ]
07-13 19:54:37.370  7287  7287 W ContextImpl: Calling a method in the system process without a qualified user: android.app.ContextImpl.sendBroadcast:1045 android.content.ContextWrapper.sendBroadcast:448 com.qf.carsettings.service.CarSettingService$4.onMcuInfoChanged:670 android.qf.mcu.McuManager$ListenerTransport._handleMessage:106 android.qf.mcu.McuManager$ListenerTransport.access$700:72 
07-13 19:54:39.351  5553  6280 I mcu_services: readInBuf:[ff fe fd 03 01 29 81 a9 ff ]
07-13 19:54:39.351  5553  6280 E mcu_services: MCU2APP : [ff fe fd 03 01 29 81 a9 ff ]
07-13 19:54:39.351  5553  5838 D mcu_services: processResponse - length: 3 - type: 1 - control: 29
07-13 19:54:39.352  5553  5851 D mcu_services: dispatchToClients - cmdId: 41 - data : [29 81 ]
07-13 19:54:39.355  7287  7287 W ContextImpl: Calling a method in the system process without a qualified user: android.app.ContextImpl.sendBroadcast:1045 android.content.ContextWrapper.sendBroadcast:448 com.qf.carsettings.service.CarSettingService$4.onMcuInfoChanged:670 android.qf.mcu.McuManager$ListenerTransport._handleMessage:106 android.qf.mcu.McuManager$ListenerTransport.access$700:72 
07-13 19:54:40.421  4128  5550 I chatty  : uid=1000(system) Binder:4128_E expire 15 lines
07-13 19:54:41.384  5553  6280 I mcu_services: readInBuf:[ff fe fd 03 01 29 81 a9 ff ]
07-13 19:54:41.384  5553  6280 E mcu_services: MCU2APP : [ff fe fd 03 01 29 81 a9 ff ]
07-13 19:54:41.385  5553  5838 D mcu_services: processResponse - length: 3 - type: 1 - control: 29
07-13 19:54:41.385  5553  5851 D mcu_services: dispatchToClients - cmdId: 41 - data : [29 81 ]
07-13 19:54:41.387  7287  7287 W ContextImpl: Calling a method in the system process without a qualified user: android.app.ContextImpl.sendBroadcast:1045 android.content.ContextWrapper.sendBroadcast:448 com.qf.carsettings.service.CarSettingService$4.onMcuInfoChanged:670 android.qf.mcu.McuManager$ListenerTransport._handleMessage:106 android.qf.mcu.McuManager$ListenerTransport.access$700:72 
07-13 19:54:42.002  4128  4994 I chatty  : uid=1000(system) Binder:4128_8 expire 20 lines
07-13 19:54:43.369  5553  6280 I mcu_services: readInBuf:[ff fe fd 03 01 29 81 a9 ff ]
07-13 19:54:43.369  5553  6280 E mcu_services: MCU2APP : [ff fe fd 03 01 29 81 a9 ff ]
07-13 19:54:43.370  5553  5838 D mcu_services: processResponse - length: 3 - type: 1 - control: 29
07-13 19:54:43.370  5553  5851 D mcu_services: dispatchToClients - cmdId: 41 - data : [29 81 ]
07-13 19:54:43.373  7287  7287 W ContextImpl: Calling a method in the system process without a qualified user: android.app.ContextImpl.sendBroadcast:1045 android.content.ContextWrapper.sendBroadcast:448 com.qf.carsettings.service.CarSettingService$4.onMcuInfoChanged:670 android.qf.mcu.McuManager$ListenerTransport._handleMessage:106 android.qf.mcu.McuManager$ListenerTransport.access$700:72 
07-13 19:54:45.354  5553  6280 I mcu_services: readInBuf:[ff fe fd 03 01 29 81 a9 ff ]
07-13 19:54:45.354  5553  6280 E mcu_services: MCU2APP : [ff fe fd 03 01 29 81 a9 ff ]
07-13 19:54:45.355  5553  5838 D mcu_services: processResponse - length: 3 - type: 1 - control: 29
07-13 19:54:45.355  5553  5851 D mcu_services: dispatchToClients - cmdId: 41 - data : [29 81 ]
07-13 19:54:45.359  7287  7287 W ContextImpl: Calling a method in the system process without a qualified user: android.app.ContextImpl.sendBroadcast:1045 android.content.ContextWrapper.sendBroadcast:448 com.qf.carsettings.service.CarSettingService$4.onMcuInfoChanged:670 android.qf.mcu.McuManager$ListenerTransport._handleMessage:106 android.qf.mcu.McuManager$ListenerTransport.access$700:72 
07-13 19:54:47.339  5553  6280 I mcu_services: readInBuf:[ff fe fd 03 01 29 81 a9 ff ]
07-13 19:54:47.339  5553  6280 E mcu_services: MCU2APP : [ff fe fd 03 01 29 81 a9 ff ]
07-13 19:54:47.339  5553  5838 D mcu_services: processResponse - length: 3 - type: 1 - control: 29
07-13 19:54:47.340  5553  5851 D mcu_services: dispatchToClients - cmdId: 41 - data : [29 81 ]
07-13 19:54:47.342  7287  7287 W ContextImpl: Calling a method in the system process without a qualified user: android.app.ContextImpl.sendBroadcast:1045 android.content.ContextWrapper.sendBroadcast:448 com.qf.carsettings.service.CarSettingService$4.onMcuInfoChanged:670 android.qf.mcu.McuManager$ListenerTransport._handleMessage:106 android.qf.mcu.McuManager$ListenerTransport.access$700:72 
07-13 19:54:49.324  5553  6280 I mcu_services: readInBuf:[ff fe fd 03 01 29 81 a9 ff ]
07-13 19:54:49.324  5553  6280 E mcu_services: MCU2APP : [ff fe fd 03 01 29 81 a9 ff ]
07-13 19:54:49.325  5553  5838 D mcu_services: processResponse - length: 3 - type: 1 - control: 29
07-13 19:54:49.325  5553  5851 D mcu_services: dispatchToClients - cmdId: 41 - data : [29 81 ]
07-13 19:54:49.330  7287  7287 W ContextImpl: Calling a method in the system process without a qualified user: android.app.ContextImpl.sendBroadcast:1045 android.content.ContextWrapper.sendBroadcast:448 com.qf.carsettings.service.CarSettingService$4.onMcuInfoChanged:670 android.qf.mcu.McuManager$ListenerTransport._handleMessage:106 android.qf.mcu.McuManager$ListenerTransport.access$700:72 
07-13 19:54:51.315  5553  6280 I mcu_services: readInBuf:[ff fe fd 03 01 29 81 a9 ff ]
07-13 19:54:51.315  5553  6280 E mcu_services: MCU2APP : [ff fe fd 03 01 29 81 a9 ff ]
07-13 19:54:51.316  5553  5838 D mcu_services: processResponse - length: 3 - type: 1 - control: 29
07-13 19:54:51.316  5553  5851 D mcu_services: dispatchToClients - cmdId: 41 - data : [29 81 ]
07-13 19:54:51.320  7287  7287 W ContextImpl: Calling a method in the system process without a qualified user: android.app.ContextImpl.sendBroadcast:1045 android.content.ContextWrapper.sendBroadcast:448 com.qf.carsettings.service.CarSettingService$4.onMcuInfoChanged:670 android.qf.mcu.McuManager$ListenerTransport._handleMessage:106 android.qf.mcu.McuManager$ListenerTransport.access$700:72 
07-13 19:54:51.984  4128  4167 I chatty  : uid=1000(system) ActivityManager expire 3 lines
07-13 19:54:51.989  4128  5550 I chatty  : uid=1000(system) Binder:4128_E expire 23 lines
07-13 19:54:52.519  4128  4994 I chatty  : uid=1000(system) Binder:4128_8 expire 12 lines
07-13 19:54:53.300  5553  6280 I mcu_services: readInBuf:[ff fe fd 03 01 29 81 a9 ff ]
07-13 19:54:53.300  5553  6280 E mcu_services: MCU2APP : [ff fe fd 03 01 29 81 a9 ff ]
07-13 19:54:53.301  5553  5838 D mcu_services: processResponse - length: 3 - type: 1 - control: 29
07-13 19:54:53.301  5553  5851 D mcu_services: dispatchToClients - cmdId: 41 - data : [29 81 ]
07-13 19:54:53.304  7287  7287 W ContextImpl: Calling a method in the system process without a qualified user: android.app.ContextImpl.sendBroadcast:1045 android.content.ContextWrapper.sendBroadcast:448 com.qf.carsettings.service.CarSettingService$4.onMcuInfoChanged:670 android.qf.mcu.McuManager$ListenerTransport._handleMessage:106 android.qf.mcu.McuManager$ListenerTransport.access$700:72 
07-13 19:54:55.285  5553  6280 I mcu_services: readInBuf:[ff fe fd 03 01 29 81 a9 ff ]
07-13 19:54:55.285  5553  6280 E mcu_services: MCU2APP : [ff fe fd 03 01 29 81 a9 ff ]
07-13 19:54:55.285  5553  5838 D mcu_services: processResponse - length: 3 - type: 1 - control: 29
07-13 19:54:55.286  5553  5851 D mcu_services: dispatchToClients - cmdId: 41 - data : [29 81 ]
07-13 19:54:55.290  7287  7287 W ContextImpl: Calling a method in the system process without a qualified user: android.app.ContextImpl.sendBroadcast:1045 android.content.ContextWrapper.sendBroadcast:448 com.qf.carsettings.service.CarSettingService$4.onMcuInfoChanged:670 android.qf.mcu.McuManager$ListenerTransport._handleMessage:106 android.qf.mcu.McuManager$ListenerTransport.access$700:72 
07-13 19:54:56.208  4128  4167 I chatty  : uid=1000(system) ActivityManager expire 12 lines
07-13 19:54:56.212  4128  4995 I chatty  : uid=1000(system) Binder:4128_9 expire 21 lines
07-13 19:54:57.269  5553  6280 I mcu_services: readInBuf:[ff fe fd 03 01 29 81 a9 ff ]
07-13 19:54:57.269  5553  6280 E mcu_services: MCU2APP : [ff fe fd 03 01 29 81 a9 ff ]
07-13 19:54:57.270  5553  5838 D mcu_services: processResponse - length: 3 - type: 1 - control: 29
07-13 19:54:57.270  5553  5851 D mcu_services: dispatchToClients - cmdId: 41 - data : [29 81 ]
07-13 19:54:57.274  7287  7287 W ContextImpl: Calling a method in the system process without a qualified user: android.app.ContextImpl.sendBroadcast:1045 android.content.ContextWrapper.sendBroadcast:448 com.qf.carsettings.service.CarSettingService$4.onMcuInfoChanged:670 android.qf.mcu.McuManager$ListenerTransport._handleMessage:106 android.qf.mcu.McuManager$ListenerTransport.access$700:72 
07-13 19:54:57.645  4128  4487 I chatty  : uid=1000(system) DeviceStorageMo expire 1 line
07-13 19:54:58.847  4128  4854 I chatty  : uid=1000(system) SSense expire 1 line
07-13 19:54:59.253  5553  6280 I mcu_services: readInBuf:[ff fe fd 03 01 29 81 a9 ff ]
07-13 19:54:59.254  5553  6280 E mcu_services: MCU2APP : [ff fe fd 03 01 29 81 a9 ff ]
07-13 19:54:59.254  5553  5838 D mcu_services: processResponse - length: 3 - type: 1 - control: 29
07-13 19:54:59.254  5553  5851 D mcu_services: dispatchToClients - cmdId: 41 - data : [29 81 ]
07-13 19:54:59.257  7287  7287 W ContextImpl: Calling a method in the system process without a qualified user: android.app.ContextImpl.sendBroadcast:1045 android.content.ContextWrapper.sendBroadcast:448 com.qf.carsettings.service.CarSettingService$4.onMcuInfoChanged:670 android.qf.mcu.McuManager$ListenerTransport._handleMessage:106 android.qf.mcu.McuManager$ListenerTransport.access$700:72 
07-13 19:54:59.999  4128  4428 I chatty  : uid=1000(system) AlarmManager expire 10 lines
07-13 19:55:00.015  7287  7287 W ContextImpl: Calling a method in the system process without a qualified user: android.app.ContextImpl.sendBroadcast:1045 android.content.ContextWrapper.sendBroadcast:448 com.qf.carsettings.service.CarSettingService$2.onReceive:397 android.app.LoadedApk$ReceiverDispatcher$Args.lambda$getRunnable$0$LoadedApk$ReceiverDispatcher$Args:1583 android.app.-$$Lambda$LoadedApk$ReceiverDispatcher$Args$_BumDX2UKsnxLVrE6UJsJZkotuA.run:2 
07-13 19:55:01.207  5553  6280 I mcu_services: readInBuf:[ff fe fd 03 01 29 81 a9 ff ]
07-13 19:55:01.207  5553  6280 E mcu_services: MCU2APP : [ff fe fd 03 01 29 81 a9 ff ]
07-13 19:55:01.208  5553  5838 D mcu_services: processResponse - length: 3 - type: 1 - control: 29
07-13 19:55:01.208  5553  5851 D mcu_services: dispatchToClients - cmdId: 41 - data : [29 81 ]
07-13 19:55:01.211  7287  7287 W ContextImpl: Calling a method in the system process without a qualified user: android.app.ContextImpl.sendBroadcast:1045 android.content.ContextWrapper.sendBroadcast:448 com.qf.carsettings.service.CarSettingService$4.onMcuInfoChanged:670 android.qf.mcu.McuManager$ListenerTransport._handleMessage:106 android.qf.mcu.McuManager$ListenerTransport.access$700:72 
07-13 19:55:03.192  5553  6280 I mcu_services: readInBuf:[ff fe fd 03 01 29 81 a9 ff ]
07-13 19:55:03.192  5553  6280 E mcu_services: MCU2APP : [ff fe fd 03 01 29 81 a9 ff ]
07-13 19:55:03.192  5553  5838 D mcu_services: processResponse - length: 3 - type: 1 - control: 29
07-13 19:55:03.192  5553  5851 D mcu_services: dispatchToClients - cmdId: 41 - data : [29 81 ]
07-13 19:55:03.196  7287  7287 W ContextImpl: Calling a method in the system process without a qualified user: android.app.ContextImpl.sendBroadcast:1045 android.content.ContextWrapper.sendBroadcast:448 com.qf.carsettings.service.CarSettingService$4.onMcuInfoChanged:670 android.qf.mcu.McuManager$ListenerTransport._handleMessage:106 android.qf.mcu.McuManager$ListenerTransport.access$700:72 
07-13 19:55:04.595  4128  5529 I chatty  : uid=1000(system) Binder:4128_A expire 12 lines
07-13 19:55:04.987  7287  7287 W ContextImpl: Calling a method in the system process without a qualified user: android.app.ContextImpl.sendBroadcast:1045 android.content.ContextWrapper.sendBroadcast:448 com.qf.carsettings.service.CarSettingService$2.onReceive:397 android.app.LoadedApk$ReceiverDispatcher$Args.lambda$getRunnable$0$LoadedApk$ReceiverDispatcher$Args:1583 android.app.-$$Lambda$LoadedApk$ReceiverDispatcher$Args$_BumDX2UKsnxLVrE6UJsJZkotuA.run:2 
07-13 19:55:05.176  5553  6280 I mcu_services: readInBuf:[ff fe fd 03 01 29 81 a9 ff ]
07-13 19:55:05.176  5553  6280 E mcu_services: MCU2APP : [ff fe fd 03 01 29 81 a9 ff ]
07-13 19:55:05.177  5553  5838 D mcu_services: processResponse - length: 3 - type: 1 - control: 29
07-13 19:55:05.177  5553  5851 D mcu_services: dispatchToClients - cmdId: 41 - data : [29 81 ]
07-13 19:55:05.181  7287  7287 W ContextImpl: Calling a method in the system process without a qualified user: android.app.ContextImpl.sendBroadcast:1045 android.content.ContextWrapper.sendBroadcast:448 com.qf.carsettings.service.CarSettingService$4.onMcuInfoChanged:670 android.qf.mcu.McuManager$ListenerTransport._handleMessage:106 android.qf.mcu.McuManager$ListenerTransport.access$700:72 
07-13 19:55:07.161  5553  6280 I mcu_services: readInBuf:[ff fe fd 03 01 29 81 a9 ff ]
07-13 19:55:07.161  5553  6280 E mcu_services: MCU2APP : [ff fe fd 03 01 29 81 a9 ff ]
07-13 19:55:07.162  5553  5838 D mcu_services: processResponse - length: 3 - type: 1 - control: 29
07-13 19:55:07.162  5553  5851 D mcu_services: dispatchToClients - cmdId: 41 - data : [29 81 ]
07-13 19:55:07.165  7287  7287 W ContextImpl: Calling a method in the system process without a qualified user: android.app.ContextImpl.sendBroadcast:1045 android.content.ContextWrapper.sendBroadcast:448 com.qf.carsettings.service.CarSettingService$4.onMcuInfoChanged:670 android.qf.mcu.McuManager$ListenerTransport._handleMessage:106 android.qf.mcu.McuManager$ListenerTransport.access$700:72 
07-13 19:55:07.911  4128  4995 I chatty  : uid=1000(system) Binder:4128_9 expire 17 lines
07-13 19:55:09.146  5553  6280 I mcu_services: readInBuf:[ff fe fd 03 01 29 81 a9 ff ]
07-13 19:55:09.146  5553  6280 E mcu_services: MCU2APP : [ff fe fd 03 01 29 81 a9 ff ]
07-13 19:55:09.146  5553  5838 D mcu_services: processResponse - length: 3 - type: 1 - control: 29
07-13 19:55:09.147  5553  5851 D mcu_services: dispatchToClients - cmdId: 41 - data : [29 81 ]
07-13 19:55:09.151  7287  7287 W ContextImpl: Calling a method in the system process without a qualified user: android.app.ContextImpl.sendBroadcast:1045 android.content.ContextWrapper.sendBroadcast:448 com.qf.carsettings.service.CarSettingService$4.onMcuInfoChanged:670 android.qf.mcu.McuManager$ListenerTransport._handleMessage:106 android.qf.mcu.McuManager$ListenerTransport.access$700:72 
07-13 19:55:10.552  4128  5812 I chatty  : uid=1000(system) Binder:4128_15 expire 9 lines
07-13 19:55:11.142  5553  6280 I mcu_services: readInBuf:[ff fe fd 03 01 29 81 a9 ff ]
07-13 19:55:11.142  5553  6280 E mcu_services: MCU2APP : [ff fe fd 03 01 29 81 a9 ff ]
07-13 19:55:11.143  5553  5838 D mcu_services: processResponse - length: 3 - type: 1 - control: 29
07-13 19:55:11.143  5553  5851 D mcu_services: dispatchToClients - cmdId: 41 - data : [29 81 ]
07-13 19:55:11.180  7287  7287 W ContextImpl: Calling a method in the system process without a qualified user: android.app.ContextImpl.sendBroadcast:1045 android.content.ContextWrapper.sendBroadcast:448 com.qf.carsettings.service.CarSettingService$4.onMcuInfoChanged:670 android.qf.mcu.McuManager$ListenerTransport._handleMessage:106 android.qf.mcu.McuManager$ListenerTransport.access$700:72 
07-13 19:55:13.056  4128  4167 I chatty  : uid=1000(system) ActivityManager expire 12 lines
07-13 19:55:13.127  5553  6280 I mcu_services: readInBuf:[ff fe fd 03 01 29 81 a9 ff ]
07-13 19:55:13.127  5553  6280 E mcu_services: MCU2APP : [ff fe fd 03 01 29 81 a9 ff ]
07-13 19:55:13.128  5553  5838 D mcu_services: processResponse - length: 3 - type: 1 - control: 29
07-13 19:55:13.128  5553  5851 D mcu_services: dispatchToClients - cmdId: 41 - data : [29 81 ]
07-13 19:55:13.131  7287  7287 W ContextImpl: Calling a method in the system process without a qualified user: android.app.ContextImpl.sendBroadcast:1045 android.content.ContextWrapper.sendBroadcast:448 com.qf.carsettings.service.CarSettingService$4.onMcuInfoChanged:670 android.qf.mcu.McuManager$ListenerTransport._handleMessage:106 android.qf.mcu.McuManager$ListenerTransport.access$700:72 
07-13 19:55:15.112  5553  6280 I mcu_services: readInBuf:[ff fe fd 03 01 29 81 a9 ff ]
07-13 19:55:15.112  5553  6280 E mcu_services: MCU2APP : [ff fe fd 03 01 29 81 a9 ff ]
07-13 19:55:15.112  5553  5838 D mcu_services: processResponse - length: 3 - type: 1 - control: 29
07-13 19:55:15.112  5553  5851 D mcu_services: dispatchToClients - cmdId: 41 - data : [29 81 ]
07-13 19:55:15.115  7287  7287 W ContextImpl: Calling a method in the system process without a qualified user: android.app.ContextImpl.sendBroadcast:1045 android.content.ContextWrapper.sendBroadcast:448 com.qf.carsettings.service.CarSettingService$4.onMcuInfoChanged:670 android.qf.mcu.McuManager$ListenerTransport._handleMessage:106 android.qf.mcu.McuManager$ListenerTransport.access$700:72 
07-13 19:55:17.096  5553  6280 I mcu_services: readInBuf:[ff fe fd 03 01 29 81 a9 ff ]
07-13 19:55:17.097  5553  6280 E mcu_services: MCU2APP : [ff fe fd 03 01 29 81 a9 ff ]
07-13 19:55:17.097  5553  5838 D mcu_services: processResponse - length: 3 - type: 1 - control: 29
07-13 19:55:17.098  5553  5851 D mcu_services: dispatchToClients - cmdId: 41 - data : [29 81 ]
07-13 19:55:17.101  7287  7287 W ContextImpl: Calling a method in the system process without a qualified user: android.app.ContextImpl.sendBroadcast:1045 android.content.ContextWrapper.sendBroadcast:448 com.qf.carsettings.service.CarSettingService$4.onMcuInfoChanged:670 android.qf.mcu.McuManager$ListenerTransport._handleMessage:106 android.qf.mcu.McuManager$ListenerTransport.access$700:72 
07-13 19:55:17.827  4128  4428 I chatty  : uid=1000(system) AlarmManager expire 4 lines
07-13 19:55:19.081  5553  6280 I mcu_services: readInBuf:[ff fe fd 03 01 29 81 a9 ff ]
07-13 19:55:19.081  5553  6280 E mcu_services: MCU2APP : [ff fe fd 03 01 29 81 a9 ff ]
07-13 19:55:19.082  5553  5838 D mcu_services: processResponse - length: 3 - type: 1 - control: 29
07-13 19:55:19.082  5553  5851 D mcu_services: dispatchToClients - cmdId: 41 - data : [29 81 ]
07-13 19:55:19.086  7287  7287 W ContextImpl: Calling a method in the system process without a qualified user: android.app.ContextImpl.sendBroadcast:1045 android.content.ContextWrapper.sendBroadcast:448 com.qf.carsettings.service.CarSettingService$4.onMcuInfoChanged:670 android.qf.mcu.McuManager$ListenerTransport._handleMessage:106 android.qf.mcu.McuManager$ListenerTransport.access$700:72 
07-13 19:55:19.397  4128  4994 I chatty  : uid=1000(system) Binder:4128_8 expire 21 lines
07-13 19:55:21.063  5553  6280 I mcu_services: readInBuf:[ff fe fd 03 01 29 81 a9 ff ]
07-13 19:55:21.063  5553  6280 E mcu_services: MCU2APP : [ff fe fd 03 01 29 81 a9 ff ]
07-13 19:55:21.063  5553  5838 D mcu_services: processResponse - length: 3 - type: 1 - control: 29
07-13 19:55:21.064  5553  5851 D mcu_services: dispatchToClients - cmdId: 41 - data : [29 81 ]
07-13 19:55:21.177  7287  7287 W ContextImpl: Calling a method in the system process without a qualified user: android.app.ContextImpl.sendBroadcast:1045 android.content.ContextWrapper.sendBroadcast:448 com.qf.carsettings.service.CarSettingService$4.onMcuInfoChanged:670 android.qf.mcu.McuManager$ListenerTransport._handleMessage:106 android.qf.mcu.McuManager$ListenerTransport.access$700:72 
07-13 19:55:21.515  4128  4150 I chatty  : uid=1000(system) Binder:4128_1 expire 11 lines
07-13 19:55:23.047  5553  6280 I mcu_services: readInBuf:[ff fe fd 03 01 29 81 a9 ff ]
07-13 19:55:23.047  5553  6280 E mcu_services: MCU2APP : [ff fe fd 03 01 29 81 a9 ff ]
07-13 19:55:23.048  5553  5838 D mcu_services: processResponse - length: 3 - type: 1 - control: 29
07-13 19:55:23.048  5553  5851 D mcu_services: dispatchToClients - cmdId: 41 - data : [29 81 ]
07-13 19:55:23.052  7287  7287 W ContextImpl: Calling a method in the system process without a qualified user: android.app.ContextImpl.sendBroadcast:1045 android.content.ContextWrapper.sendBroadcast:448 com.qf.carsettings.service.CarSettingService$4.onMcuInfoChanged:670 android.qf.mcu.McuManager$ListenerTransport._handleMessage:106 android.qf.mcu.McuManager$ListenerTransport.access$700:72 
07-13 19:55:23.995  4128  4995 I chatty  : uid=1000(system) Binder:4128_9 expire 12 lines
07-13 19:55:25.031  5553  6280 I mcu_services: readInBuf:[ff fe fd 03 01 29 81 a9 ff ]
07-13 19:55:25.031  5553  6280 E mcu_services: MCU2APP : [ff fe fd 03 01 29 81 a9 ff ]
07-13 19:55:25.032  5553  5838 D mcu_services: processResponse - length: 3 - type: 1 - control: 29
07-13 19:55:25.032  5553  5851 D mcu_services: dispatchToClients - cmdId: 41 - data : [29 81 ]
07-13 19:55:25.036  7287  7287 W ContextImpl: Calling a method in the system process without a qualified user: android.app.ContextImpl.sendBroadcast:1045 android.content.ContextWrapper.sendBroadcast:448 com.qf.carsettings.service.CarSettingService$4.onMcuInfoChanged:670 android.qf.mcu.McuManager$ListenerTransport._handleMessage:106 android.qf.mcu.McuManager$ListenerTransport.access$700:72 
07-13 19:55:27.016  5553  6280 I mcu_services: readInBuf:[ff fe fd 03 01 29 81 a9 ff ]
07-13 19:55:27.016  5553  6280 E mcu_services: MCU2APP : [ff fe fd 03 01 29 81 a9 ff ]
07-13 19:55:27.016  5553  5838 D mcu_services: processResponse - length: 3 - type: 1 - control: 29
07-13 19:55:27.016  5553  5851 D mcu_services: dispatchToClients - cmdId: 41 - data : [29 81 ]
07-13 19:55:27.020  7287  7287 W ContextImpl: Calling a method in the system process without a qualified user: android.app.ContextImpl.sendBroadcast:1045 android.content.ContextWrapper.sendBroadcast:448 com.qf.carsettings.service.CarSettingService$4.onMcuInfoChanged:670 android.qf.mcu.McuManager$ListenerTransport._handleMessage:106 android.qf.mcu.McuManager$ListenerTransport.access$700:72 
07-13 19:55:28.948  4128  4476 I chatty  : uid=1000(system) ConnectivitySer expire 35 lines
07-13 19:55:29.000  5553  6280 I mcu_services: readInBuf:[ff fe fd 03 01 29 81 a9 ff ]
07-13 19:55:29.000  5553  6280 E mcu_services: MCU2APP : [ff fe fd 03 01 29 81 a9 ff ]
07-13 19:55:29.000  5553  5838 D mcu_services: processResponse - length: 3 - type: 1 - control: 29
07-13 19:55:29.000  5553  5851 D mcu_services: dispatchToClients - cmdId: 41 - data : [29 81 ]
07-13 19:55:29.002  7287  7287 W ContextImpl: Calling a method in the system process without a qualified user: android.app.ContextImpl.sendBroadcast:1045 android.content.ContextWrapper.sendBroadcast:448 com.qf.carsettings.service.CarSettingService$4.onMcuInfoChanged:670 android.qf.mcu.McuManager$ListenerTransport._handleMessage:106 android.qf.mcu.McuManager$ListenerTransport.access$700:72 
07-13 19:55:29.970  4128  4167 I chatty  : uid=1000(system) ActivityManager expire 3 lines
07-13 19:55:30.985  5553  6280 I mcu_services: readInBuf:[ff fe fd 03 01 29 81 a9 ff ]
07-13 19:55:30.985  5553  6280 E mcu_services: MCU2APP : [ff fe fd 03 01 29 81 a9 ff ]
07-13 19:55:30.985  5553  5838 D mcu_services: processResponse - length: 3 - type: 1 - control: 29
07-13 19:55:30.985  5553  5851 D mcu_services: dispatchToClients - cmdId: 41 - data : [29 81 ]
07-13 19:55:30.988  7287  7287 W ContextImpl: Calling a method in the system process without a qualified user: android.app.ContextImpl.sendBroadcast:1045 android.content.ContextWrapper.sendBroadcast:448 com.qf.carsettings.service.CarSettingService$4.onMcuInfoChanged:670 android.qf.mcu.McuManager$ListenerTransport._handleMessage:106 android.qf.mcu.McuManager$ListenerTransport.access$700:72 
07-13 19:55:32.062  4128  4994 I chatty  : uid=1000(system) Binder:4128_8 expire 17 lines
07-13 19:55:32.949  5553  6280 I mcu_services: readInBuf:[ff fe fd 03 01 29 81 a9 ff ]
07-13 19:55:32.949  5553  6280 E mcu_services: MCU2APP : [ff fe fd 03 01 29 81 a9 ff ]
07-13 19:55:32.949  5553  5838 D mcu_services: processResponse - length: 3 - type: 1 - control: 29
07-13 19:55:32.949  5553  5851 D mcu_services: dispatchToClients - cmdId: 41 - data : [29 81 ]
07-13 19:55:32.952  7287  7287 W ContextImpl: Calling a method in the system process without a qualified user: android.app.ContextImpl.sendBroadcast:1045 android.content.ContextWrapper.sendBroadcast:448 com.qf.carsettings.service.CarSettingService$4.onMcuInfoChanged:670 android.qf.mcu.McuManager$ListenerTransport._handleMessage:106 android.qf.mcu.McuManager$ListenerTransport.access$700:72 
07-13 19:55:34.175  4128  4150 I chatty  : uid=1000(system) Binder:4128_1 expire 16 lines
07-13 19:55:34.176  4128  4167 I chatty  : uid=1000(system) ActivityManager expire 12 lines
07-13 19:55:34.933  5553  6280 I mcu_services: readInBuf:[ff fe fd 03 01 29 81 a9 ff ]
07-13 19:55:34.933  5553  6280 E mcu_services: MCU2APP : [ff fe fd 03 01 29 81 a9 ff ]
07-13 19:55:34.934  5553  5838 D mcu_services: processResponse - length: 3 - type: 1 - control: 29
07-13 19:55:34.934  5553  5851 D mcu_services: dispatchToClients - cmdId: 41 - data : [29 81 ]
07-13 19:55:34.938  7287  7287 W ContextImpl: Calling a method in the system process without a qualified user: android.app.ContextImpl.sendBroadcast:1045 android.content.ContextWrapper.sendBroadcast:448 com.qf.carsettings.service.CarSettingService$4.onMcuInfoChanged:670 android.qf.mcu.McuManager$ListenerTransport._handleMessage:106 android.qf.mcu.McuManager$ListenerTransport.access$700:72 
07-13 19:55:36.917  5553  6280 I mcu_services: readInBuf:[ff fe fd 03 01 29 81 a9 ff ]
07-13 19:55:36.918  5553  6280 E mcu_services: MCU2APP : [ff fe fd 03 01 29 81 a9 ff ]
07-13 19:55:36.918  5553  5838 D mcu_services: processResponse - length: 3 - type: 1 - control: 29
07-13 19:55:36.919  5553  5851 D mcu_services: dispatchToClients - cmdId: 41 - data : [29 81 ]
07-13 19:55:36.922  7287  7287 W ContextImpl: Calling a method in the system process without a qualified user: android.app.ContextImpl.sendBroadcast:1045 android.content.ContextWrapper.sendBroadcast:448 com.qf.carsettings.service.CarSettingService$4.onMcuInfoChanged:670 android.qf.mcu.McuManager$ListenerTransport._handleMessage:106 android.qf.mcu.McuManager$ListenerTransport.access$700:72 
07-13 19:55:38.401  4128  4995 I chatty  : uid=1000(system) Binder:4128_9 expire 12 lines
07-13 19:55:38.901  5553  6280 I mcu_services: readInBuf:[ff fe fd 03 01 29 81 a9 ff ]
07-13 19:55:38.902  5553  6280 E mcu_services: MCU2APP : [ff fe fd 03 01 29 81 a9 ff ]
07-13 19:55:38.902  5553  5838 D mcu_services: processResponse - length: 3 - type: 1 - control: 29
07-13 19:55:38.902  5553  5851 D mcu_services: dispatchToClients - cmdId: 41 - data : [29 81 ]
07-13 19:55:38.906  7287  7287 W ContextImpl: Calling a method in the system process without a qualified user: android.app.ContextImpl.sendBroadcast:1045 android.content.ContextWrapper.sendBroadcast:448 com.qf.carsettings.service.CarSettingService$4.onMcuInfoChanged:670 android.qf.mcu.McuManager$ListenerTransport._handleMessage:106 android.qf.mcu.McuManager$ListenerTransport.access$700:72 
07-13 19:55:40.886  5553  6280 I mcu_services: readInBuf:[ff fe fd 03 01 29 81 a9 ff ]
07-13 19:55:40.886  5553  6280 E mcu_services: MCU2APP : [ff fe fd 03 01 29 81 a9 ff ]
07-13 19:55:40.887  5553  5838 D mcu_services: processResponse - length: 3 - type: 1 - control: 29
