--------- beginning of main
07-13 17:39:06.585 I/QFApi   ( 6445): getCustomPlatform - customPlatform: 7862
07-13 17:39:06.717 I/chatty  ( 5597): uid=10127(com.txznet.txz) udpReceive expire 507 lines
07-13 17:39:06.760 I/Tpms3   (10574): mDataCheckTimer startDataTime:-1;datTime:1752442746
07-13 17:39:06.975 D/sd      ( 4594): uart send:3 byte/s
07-13 17:39:06.976 D/sd      ( 4594): uart recv:5 byte/s
07-13 17:39:07.009 D/WCND    ( 3798): is_cp2_alive_ok: open polling interface: /proc/mdbg/loopcheck, fd = 13
07-13 17:39:07.018 D/GnssHAL_V_GnssUtil( 3771): convertToGnssLocation_2_0: enter
07-13 17:39:07.018 D/GnssHAL_V_GnssUtil( 3771): convertToGnssLocation_2_0: latitudeDegrees:40.652482, longitudeDegrees: -73.757018, elapsedRealtime.flags:0, elapsedRealtime.timestampNs: 0, elapsedRealtime.timeUncertaintyNs: 0
07-13 17:39:07.024 I/LocationManagerService( 4123): incoming location: Location[gps 41******  -74******  hAcc=5 t=1752442747000 et=+3h8m7s537ms alt=-15.082 vel=0.0 bear=150.222 vAcc=12 sAcc=0 bAcc=45 {Bundle[{satellites=15, maxCn0=48, meanCn0=39}]}]
07-13 17:39:07.024 I/LocationManagerService( 4123): incoming location: Location[gps 41******  -74******  hAcc=5 t=1752442747000 et=+3h8m7s537ms alt=-15.082 vel=0.0 bear=150.222 vAcc=12 sAcc=0 bAcc=45 {Bundle[{satellites=15, maxCn0=48, meanCn0=39}]}]
07-13 17:39:07.027 I/LocationManagerService( 4123): incoming location: Location[fused 41******  -74******  hAcc=5 t=1752442747018 et=+3h8m7s537ms alt=-15.082 vel=1.231096E-4 vAcc=12 sAcc=0 bAcc=??? {Bundle[mParcelledData.dataSize=776]}]
07-13 17:39:07.027 I/FusedLocation( 5145): (REDACTED) location delivery to %s blocked - too fast
07-13 17:39:07.028 I/LocationManagerService( 4123): incoming location: Location[fused 41******  -74******  hAcc=5 t=1752442747018 et=+3h8m7s537ms alt=-15.082 vel=1.231096E-4 vAcc=12 sAcc=0 bAcc=??? {Bundle[{noGPSLocation=Location[fused 41******  -74******  hAcc=22 t=1752442624075 et=+3h6m4s611ms alt=-25.399999618530273 vAcc=3 sAcc=??? bAcc=??? {Bundle[mParcelledData.dataSize=580]}]}]}]
07-13 17:39:07.110 D/WCND    ( 3798): is_cp2_alive_ok: loop: /proc/mdbg/loopcheck is OK
07-13 17:39:07.536 D/ip_monitor-3641( 2058): fe80::747f:dfff:fe19:ec15 dev wlan0 lladdr 76:7f:df:1c:ef:18 router PROBE
07-13 17:39:07.560 D/ip_monitor-3641( 2059): fe80::747f:dfff:fe19:ec15 dev wlan0 lladdr 76:7f:df:1c:ef:18 router REACHABLE
07-13 17:39:07.590 I/QFApi   ( 6445): getCustomPlatform - customPlatform: 7862
07-13 17:39:07.782 D/ip_monitor-3641( 2061): 192.168.0.1 dev wlan0 lladdr 76:7f:df:1c:ef:18 PROBE
07-13 17:39:07.797 D/ip_monitor-3641( 2062): 192.168.0.1 dev wlan0 lladdr 76:7f:df:1c:ef:18 REACHABLE
07-13 17:39:08.001 D/GnssHAL_V_GnssUtil( 3771): convertToGnssLocation_2_0: enter
07-13 17:39:08.001 D/GnssHAL_V_GnssUtil( 3771): convertToGnssLocation_2_0: latitudeDegrees:40.652482, longitudeDegrees: -73.757018, elapsedRealtime.flags:0, elapsedRealtime.timestampNs: 0, elapsedRealtime.timeUncertaintyNs: 0
07-13 17:39:08.005 I/LocationManagerService( 4123): incoming location: Location[gps 41******  -74******  hAcc=5 t=1752442748000 et=+3h8m8s520ms alt=-15.082 vel=0.0 bear=150.222 vAcc=12 sAcc=0 bAcc=45 {Bundle[{satellites=15, maxCn0=48, meanCn0=38}]}]
07-13 17:39:08.009 I/LocationManagerService( 4123): incoming location: Location[gps 41******  -74******  hAcc=5 t=1752442748000 et=+3h8m8s520ms alt=-15.082 vel=0.0 bear=150.222 vAcc=12 sAcc=0 bAcc=45 {Bundle[{satellites=15, maxCn0=48, meanCn0=38}]}]
07-13 17:39:08.012 I/FusedLocation( 5145): (REDACTED) location delivery to %s blocked - too fast
07-13 17:39:08.013 I/LocationManagerService( 4123): incoming location: Location[fused 41******  -74******  hAcc=5 t=1752442748002 et=+3h8m8s520ms alt=-15.082 vel=2.1992744E-5 vAcc=12 sAcc=0 bAcc=??? {Bundle[mParcelledData.dataSize=776]}]
07-13 17:39:08.013 I/LocationManagerService( 4123): incoming location: Location[fused 41******  -74******  hAcc=5 t=1752442748002 et=+3h8m8s520ms alt=-15.082 vel=2.1992744E-5 vAcc=12 sAcc=0 bAcc=??? {Bundle[{noGPSLocation=Location[fused 41******  -74******  hAcc=22 t=1752442624075 et=+3h6m4s611ms alt=-25.399999618530273 vAcc=3 sAcc=??? bAcc=??? {Bundle[mParcelledData.dataSize=580]}]}]}]
--------- beginning of system
07-13 17:39:08.014 I/mcu_services( 5451): readInBuf:[ff fe fd 03 01 29 81 a9 ff ]
07-13 17:39:08.014 E/mcu_services( 5451): MCU2APP : [ff fe fd 03 01 29 81 a9 ff ]
07-13 17:39:08.014 D/mcu_services( 5451): processResponse - length: 3 - type: 1 - control: 29
07-13 17:39:08.014 D/mcu_services( 5451): dispatchToClients - cmdId: 41 - data : [29 81 ]
07-13 17:39:08.014 D/callback( 5451): callMcuInfoChanged: 29 81 
07-13 17:39:08.017 W/ContextImpl( 6445): Calling a method in the system process without a qualified user: android.app.ContextImpl.sendBroadcast:1045 android.content.ContextWrapper.sendBroadcast:448 com.qf.carsettings.service.CarSettingService$4.onMcuInfoChanged:670 android.qf.mcu.McuManager$ListenerTransport._handleMessage:106 android.qf.mcu.McuManager$ListenerTransport.access$700:72 
07-13 17:39:08.015 D/callback( 5451): callMcuInfoChanged: 29 81 
07-13 17:39:08.022 I/chatty  ( 5597): uid=10127(com.txznet.txz) expire 2 lines
07-13 17:39:08.080 D/Netd    ( 3473): app_netid:0x65 app_mark:0x65 dns_netid:0x65 dns_mark:0xf0065 uid:10121
07-13 17:39:08.187 D/btopt   ( 3755): zlink wake_up_apk_server: cmd = 'export PATH=$PATH:/system/bin/;am broadcast -a "zjinnova.android.intent.action.START_DAEMON_SERVICE" --include-stopped-packages "com.zjinnova.zlink"&'
07-13 17:39:08.242 V/ActivityManagerShellCommand( 4123): Received onCommand broadcast callUid=0 callpid=2105
07-13 17:39:08.296 I/chatty  ( 5597): uid=10127(com.txznet.txz) udpReceive expire 506 lines
07-13 17:39:08.594 I/QFApi   ( 6445): getCustomPlatform - customPlatform: 7862
07-13 17:39:09.036 D/GnssHAL_V_GnssUtil( 3771): convertToGnssLocation_2_0: enter
07-13 17:39:09.036 D/GnssHAL_V_GnssUtil( 3771): convertToGnssLocation_2_0: latitudeDegrees:40.652482, longitudeDegrees: -73.757018, elapsedRealtime.flags:0, elapsedRealtime.timestampNs: 0, elapsedRealtime.timeUncertaintyNs: 0
07-13 17:39:09.039 I/LocationManagerService( 4123): incoming location: Location[gps 41******  -74******  hAcc=5 t=1752442749000 et=+3h8m9s555ms alt=-15.082 vel=0.0 bear=150.222 vAcc=11 sAcc=0 bAcc=45 {Bundle[{satellites=15, maxCn0=48, meanCn0=39}]}]
07-13 17:39:09.040 I/LocationManagerService( 4123): incoming location: Location[gps 41******  -74******  hAcc=5 t=1752442749000 et=+3h8m9s555ms alt=-15.082 vel=0.0 bear=150.222 vAcc=11 sAcc=0 bAcc=45 {Bundle[{satellites=15, maxCn0=48, meanCn0=39}]}]
07-13 17:39:09.042 I/FusedLocation( 5145): (REDACTED) location delivery to %s blocked - too fast
07-13 17:39:09.042 I/LocationManagerService( 4123): incoming location: Location[fused 41******  -74******  hAcc=5 t=1752442749036 et=+3h8m9s555ms alt=-15.082 vel=1.2607778E-6 vAcc=11 sAcc=0 bAcc=??? {Bundle[mParcelledData.dataSize=776]}]
07-13 17:39:09.043 I/LocationManagerService( 4123): incoming location: Location[fused 41******  -74******  hAcc=5 t=1752442749036 et=+3h8m9s555ms alt=-15.082 vel=1.2607778E-6 vAcc=11 sAcc=0 bAcc=??? {Bundle[{noGPSLocation=Location[fused 41******  -74******  hAcc=22 t=1752442624075 et=+3h6m4s611ms alt=-25.399999618530273 vAcc=3 sAcc=??? bAcc=??? {Bundle[mParcelledData.dataSize=580]}]}]}]
07-13 17:39:09.217 W/System.err( 8823): java.net.BindException: bind failed: EADDRINUSE (Address already in use)
07-13 17:39:09.217 W/System.err( 8823): 	at libcore.io.IoBridge.bind(IoBridge.java:109)
07-13 17:39:09.218 W/System.err( 8823): 	at java.net.PlainDatagramSocketImpl.bind0(PlainDatagramSocketImpl.java:104)
07-13 17:39:09.218 W/System.err( 8823): 	at java.net.AbstractPlainDatagramSocketImpl.bind(AbstractPlainDatagramSocketImpl.java:112)
07-13 17:39:09.218 W/System.err( 8823): 	at java.net.DatagramSocket.bind(DatagramSocket.java:412)
07-13 17:39:09.218 W/System.err( 8823): 	at java.net.DatagramSocket.<init>(DatagramSocket.java:262)
07-13 17:39:09.218 W/System.err( 8823): 	at java.net.DatagramSocket.<init>(DatagramSocket.java:319)
07-13 17:39:09.218 W/System.err( 8823): 	at com.txznet.util.UdpServer.a(UdpServer.java:59)
07-13 17:39:09.218 W/System.err( 8823): 	at com.txznet.util.UdpServer.a(UdpServer.java:12)
07-13 17:39:09.218 W/System.err( 8823): 	at com.txznet.util.UdpServer$1.handleMessage(UdpServer.java:33)
07-13 17:39:09.218 W/System.err( 8823): 	at android.os.Handler.dispatchMessage(Handler.java:107)
07-13 17:39:09.218 W/System.err( 8823): 	at android.os.Looper.loop(Looper.java:214)
07-13 17:39:09.218 W/System.err( 8823): 	at android.os.HandlerThread.run(HandlerThread.java:67)
07-13 17:39:09.218 W/System.err( 8823): Caused by: android.system.ErrnoException: bind failed: EADDRINUSE (Address already in use)
07-13 17:39:09.218 W/System.err( 8823): 	at libcore.io.Linux.bind(Native Method)
07-13 17:39:09.218 W/System.err( 8823): 	at libcore.io.ForwardingOs.bind(ForwardingOs.java:75)
07-13 17:39:09.218 W/System.err( 8823): 	at libcore.io.ForwardingOs.bind(ForwardingOs.java:75)
07-13 17:39:09.218 W/System.err( 8823): 	at libcore.io.IoBridge.bind(IoBridge.java:105)
07-13 17:39:09.218 W/System.err( 8823): 	... 11 more
07-13 17:39:09.484 I/adbd    ( 5248): Tianyuan Current sh name:export ANDROID_LOG_TAGS=''; exec logcat '-c'
07-13 17:39:09.600 I/QFApi   ( 6445): getCustomPlatform - customPlatform: 7862
07-13 17:39:09.761 I/Tpms3   (10574): mDataCheckTimer startDataTime:-1;datTime:1752442749
07-13 17:39:09.999 I/mcu_services( 5451): readInBuf:[ff fe fd 03 01 29 81 a9 ff ]
07-13 17:39:09.999 E/mcu_services( 5451): MCU2APP : [ff fe fd 03 01 29 81 a9 ff ]
07-13 17:39:09.999 D/mcu_services( 5451): processResponse - length: 3 - type: 1 - control: 29
07-13 17:39:09.999 D/mcu_services( 5451): dispatchToClients - cmdId: 41 - data : [29 81 ]
07-13 17:39:09.999 D/callback( 5451): callMcuInfoChanged: 29 81 
07-13 17:39:10.002 W/ContextImpl( 6445): Calling a method in the system process without a qualified user: android.app.ContextImpl.sendBroadcast:1045 android.content.ContextWrapper.sendBroadcast:448 com.qf.carsettings.service.CarSettingService$4.onMcuInfoChanged:670 android.qf.mcu.McuManager$ListenerTransport._handleMessage:106 android.qf.mcu.McuManager$ListenerTransport.access$700:72 
07-13 17:39:10.000 D/callback( 5451): callMcuInfoChanged: 29 81 
07-13 17:39:10.003 D/GnssHAL_V_GnssUtil( 3771): convertToGnssLocation_2_0: enter
07-13 17:39:10.003 D/GnssHAL_V_GnssUtil( 3771): convertToGnssLocation_2_0: latitudeDegrees:40.652482, longitudeDegrees: -73.757018, elapsedRealtime.flags:0, elapsedRealtime.timestampNs: 0, elapsedRealtime.timeUncertaintyNs: 0
07-13 17:39:10.007 I/chatty  ( 5597): uid=10127(com.txznet.txz) expire 2 lines
07-13 17:39:10.009 I/LocationManagerService( 4123): incoming location: Location[gps 41******  -74******  hAcc=5 t=1752442750000 et=+3h8m10s522ms alt=-15.082 vel=0.0 bear=150.222 vAcc=10 sAcc=0 bAcc=45 {Bundle[{satellites=15, maxCn0=48, meanCn0=39}]}]
07-13 17:39:10.011 I/LocationManagerService( 4123): incoming location: Location[gps 41******  -74******  hAcc=5 t=1752442750000 et=+3h8m10s522ms alt=-15.082 vel=0.0 bear=150.222 vAcc=10 sAcc=0 bAcc=45 {Bundle[{satellites=15, maxCn0=48, meanCn0=39}]}]
07-13 17:39:10.015 I/FusedLocation( 5145): (REDACTED) location delivery to %s blocked - too fast
07-13 17:39:10.015 I/LocationManagerService( 4123): incoming location: Location[fused 41******  -74******  hAcc=5 t=1752442750003 et=+3h8m10s522ms alt=-15.082 vel=4.5370204E-8 vAcc=10 sAcc=0 bAcc=??? {Bundle[mParcelledData.dataSize=776]}]
07-13 17:39:10.016 I/LocationManagerService( 4123): incoming location: Location[fused 41******  -74******  hAcc=5 t=1752442750003 et=+3h8m10s522ms alt=-15.082 vel=4.5370204E-8 vAcc=10 sAcc=0 bAcc=??? {Bundle[{noGPSLocation=Location[fused 41******  -74******  hAcc=22 t=1752442624075 et=+3h6m4s611ms alt=-25.399999618530273 vAcc=3 sAcc=??? bAcc=??? {Bundle[mParcelledData.dataSize=580]}]}]}]
07-13 17:39:10.092 D/Netd    ( 3473): app_netid:0x65 app_mark:0x65 dns_netid:0x65 dns_mark:0xf0065 uid:10121
07-13 17:39:10.168 I/chatty  ( 5597): uid=10127(com.txznet.txz) udpReceive expire 248 lines
07-13 17:39:10.288 D/btopt   ( 3755): zlink wake_up_apk_server: cmd = 'export PATH=$PATH:/system/bin/;am broadcast -a "zjinnova.android.intent.action.START_DAEMON_SERVICE" --include-stopped-packages "com.zjinnova.zlink"&'
07-13 17:39:10.340 D/AlarmManagerService( 4123): set alarm to kernel: 11305.867000000, type=3 
07-13 17:39:10.340 D/AlarmManagerService( 4123): AlarmImpl::set, type=3
07-13 17:39:10.345 V/ActivityManagerShellCommand( 4123): Received onCommand broadcast callUid=0 callpid=2241
07-13 17:39:10.346 V/ActivityManagerShellCommand( 4123): runSendBroadcast start and waiting ---Intent { act=zjinnova.android.intent.action.START_DAEMON_SERVICE flg=0x400020 pkg=com.zjinnova.zlink }
07-13 17:39:10.347 D/PowerController.BgClean( 4123): judgeAppLaunchAllowed : com.zjinnova.zlink(uid:10087), callingPackage = null(uid:0), reason = send-broadcast
07-13 17:39:10.347 D/PowerController.BgClean( 4123): judgeAppLaunchAllowed : intent action:Intent { act=zjinnova.android.intent.action.START_DAEMON_SERVICE flg=0x400030 pkg=com.zjinnova.zlink }
07-13 17:39:10.347 W/BroadcastQueue( 4123):  enable com.zjinnova.zlink to start process!
07-13 17:39:10.352 D/zj      (21989): message received Intent { act=zjinnova.android.intent.action.START_DAEMON_SERVICE flg=0x400030 pkg=com.zjinnova.zlink cmp=com.zjinnova.zlink/com.zjinnova.android.zlink.features.service.StartupBroadcastReceiver }
07-13 17:39:10.353 D/PowerController.BgClean( 4123): judgeAppLaunchAllowed : com.zjinnova.zlink(uid:10087), callingPackage = com.zjinnova.zlink(uid:10087), reason = start-service
07-13 17:39:10.353 D/PowerController.BgClean( 4123): judgeAppLaunchAllowed : intent action:Intent { cmp=com.zjinnova.zlink/com.zjinnova.android.zlink.features.service.DaemonService }
07-13 17:39:10.353 W/ActivityManager( 4123): u0 Starting a service in packagecom.zjinnova.zlink requires a permissions review
07-13 17:39:10.354 V/ActivityManagerShellCommand( 4123): runSendBroadcast end ---Intent { act=zjinnova.android.intent.action.START_DAEMON_SERVICE flg=0x400020 pkg=com.zjinnova.zlink }
07-13 17:39:10.518 D/AlarmManagerService( 4123): set alarm to kernel: 11305.867000000, type=3 
07-13 17:39:10.518 D/AlarmManagerService( 4123): AlarmImpl::set, type=3
07-13 17:39:10.604 I/QFApi   ( 6445): getCustomPlatform - customPlatform: 7862
07-13 17:39:10.724 I/chatty  ( 5597): uid=10127(com.txznet.txz) AppBack expire 3 lines
07-13 17:39:10.727 D/Netd    ( 3473): app_netid:0x65 app_mark:0x65 dns_netid:0x65 dns_mark:0xf0065 uid:10127
07-13 17:39:10.731 I/chatty  ( 5597): uid=10127(com.txznet.txz) expire 3 lines
07-13 17:39:11.017 D/GnssHAL_V_GnssUtil( 3771): convertToGnssLocation_2_0: enter
07-13 17:39:11.017 D/GnssHAL_V_GnssUtil( 3771): convertToGnssLocation_2_0: latitudeDegrees:40.652482, longitudeDegrees: -73.757018, elapsedRealtime.flags:0, elapsedRealtime.timestampNs: 0, elapsedRealtime.timeUncertaintyNs: 0
07-13 17:39:11.024 I/LocationManagerService( 4123): incoming location: Location[gps 41******  -74******  hAcc=5 t=1752442751000 et=+3h8m11s536ms alt=-15.082 vel=0.0 bear=150.222 vAcc=9 sAcc=0 bAcc=45 {Bundle[{satellites=15, maxCn0=48, meanCn0=38}]}]
07-13 17:39:11.027 I/LocationManagerService( 4123): incoming location: Location[gps 41******  -74******  hAcc=5 t=1752442751000 et=+3h8m11s536ms alt=-15.082 vel=0.0 bear=150.222 vAcc=9 sAcc=0 bAcc=45 {Bundle[{satellites=15, maxCn0=48, meanCn0=38}]}]
07-13 17:39:11.031 I/FusedLocation( 5145): (REDACTED) location delivery to %s blocked - too fast
07-13 17:39:11.031 I/LocationManagerService( 4123): incoming location: Location[fused 41******  -74******  hAcc=5 t=1752442751017 et=+3h8m11s536ms alt=-15.082 vel=6.0271734E-9 vAcc=9 sAcc=0 bAcc=??? {Bundle[mParcelledData.dataSize=776]}]
07-13 17:39:11.031 I/LocationManagerService( 4123): incoming location: Location[fused 41******  -74******  hAcc=5 t=1752442751017 et=+3h8m11s536ms alt=-15.082 vel=6.0271734E-9 vAcc=9 sAcc=0 bAcc=??? {Bundle[{noGPSLocation=Location[fused 41******  -74******  hAcc=22 t=1752442624075 et=+3h6m4s611ms alt=-25.399999618530273 vAcc=3 sAcc=??? bAcc=??? {Bundle[mParcelledData.dataSize=580]}]}]}]
07-13 17:39:11.133 I/chatty  ( 5597): uid=10127(com.txznet.txz) udpReceive expire 249 lines
07-13 17:39:11.568 D/StatusBarSignalPolicy( 4656): updateWifiIconWithState state : WifiIconState(resId=2131231542, visible=true)
07-13 17:39:11.608 I/QFApi   ( 6445): getCustomPlatform - customPlatform: 7862
07-13 17:39:11.671 I/chatty  ( 5597): uid=10127(com.txznet.txz) expire 4 lines
07-13 17:39:11.984 I/mcu_services( 5451): readInBuf:[ff fe fd 03 01 29 81 a9 ff ]
07-13 17:39:11.984 E/mcu_services( 5451): MCU2APP : [ff fe fd 03 01 29 81 a9 ff ]
07-13 17:39:11.984 D/mcu_services( 5451): processResponse - length: 3 - type: 1 - control: 29
07-13 17:39:11.984 D/mcu_services( 5451): dispatchToClients - cmdId: 41 - data : [29 81 ]
07-13 17:39:11.984 D/callback( 5451): callMcuInfoChanged: 29 81 
07-13 17:39:11.987 W/ContextImpl( 6445): Calling a method in the system process without a qualified user: android.app.ContextImpl.sendBroadcast:1045 android.content.ContextWrapper.sendBroadcast:448 com.qf.carsettings.service.CarSettingService$4.onMcuInfoChanged:670 android.qf.mcu.McuManager$ListenerTransport._handleMessage:106 android.qf.mcu.McuManager$ListenerTransport.access$700:72 
07-13 17:39:11.985 D/callback( 5451): callMcuInfoChanged: 29 81 
07-13 17:39:11.989 D/sd      ( 4594): uart send:3 byte/s
07-13 17:39:11.989 D/sd      ( 4594): uart recv:5 byte/s
07-13 17:39:12.000 D/GnssHAL_V_GnssUtil( 3771): convertToGnssLocation_2_0: enter
07-13 17:39:12.000 D/GnssHAL_V_GnssUtil( 3771): convertToGnssLocation_2_0: latitudeDegrees:40.652482, longitudeDegrees: -73.757018, elapsedRealtime.flags:0, elapsedRealtime.timestampNs: 0, elapsedRealtime.timeUncertaintyNs: 0
07-13 17:39:12.005 I/LocationManagerService( 4123): incoming location: Location[gps 41******  -74******  hAcc=5 t=1752442752000 et=+3h8m12s519ms alt=-15.082 vel=0.0 bear=150.222 vAcc=9 sAcc=0 bAcc=45 {Bundle[{satellites=15, maxCn0=47, meanCn0=38}]}]
07-13 17:39:12.008 D/AlarmManagerService( 4123): Setting time of day to sec=1752442752
07-13 17:39:12.000 D/AlarmManager( 4123): waitForAlarm result:65536currentTime=1752442752000, elapsedRealtime=11292527
07-13 17:39:12.001 I/LocationManagerService( 4123): incoming location: Location[gps 41******  -74******  hAcc=5 t=1752442752000 et=+3h8m12s519ms alt=-15.082 vel=0.0 bear=150.222 vAcc=9 sAcc=0 bAcc=45 {Bundle[{satellites=15, maxCn0=47, meanCn0=38}]}]
07-13 17:39:12.004 I/FusedLocation( 5145): (REDACTED) location delivery to %s blocked - too fast
07-13 17:39:12.004 I/LocationManagerService( 4123): incoming location: Location[fused 41******  -74******  hAcc=5 t=1752442751992 et=+3h8m12s519ms alt=-15.082 vel=5.3403687E-10 vAcc=9 sAcc=0 bAcc=??? {Bundle[mParcelledData.dataSize=776]}]
07-13 17:39:12.005 I/LocationManagerService( 4123): incoming location: Location[fused 41******  -74******  hAcc=5 t=1752442751992 et=+3h8m12s519ms alt=-15.082 vel=5.3403687E-10 vAcc=9 sAcc=0 bAcc=??? {Bundle[{noGPSLocation=Location[fused 41******  -74******  hAcc=22 t=1752442624075 et=+3h6m4s611ms alt=-25.399999618530273 vAcc=3 sAcc=??? bAcc=??? {Bundle[mParcelledData.dataSize=580]}]}]}]
07-13 17:39:12.026 D/AlarmManagerService( 4123): AlarmImplTimerFd::setTime, drm_ntp, _delta: -61242387, delta_alarm: 0, tv->tv_sec: 1752442752, old_time.tv_sec: 1752442752.
07-13 17:39:12.094 D/Netd    ( 3473): app_netid:0x65 app_mark:0x65 dns_netid:0x65 dns_mark:0xf0065 uid:10121
07-13 17:39:12.101 I/chatty  ( 5597): uid=10127(com.txznet.txz) udpReceive expire 757 lines
07-13 17:39:12.105 D/WCND    ( 3798): is_cp2_alive_ok: open polling interface: /proc/mdbg/loopcheck, fd = 13
07-13 17:39:12.105 I/UsageStatsService( 4123): User[0] Flushing usage stats to disk
07-13 17:39:12.131 E/AppIdleHistory( 4123): Error writing app idle file for user 0
07-13 17:39:12.166 D/AlarmManagerService( 4123): set alarm to kernel: 11305.867000000, type=3 
07-13 17:39:12.166 D/AlarmManagerService( 4123): AlarmImpl::set, type=3
07-13 17:39:12.205 D/WCND    ( 3798): is_cp2_alive_ok: loop: /proc/mdbg/loopcheck is OK
07-13 17:39:12.214 W/System.err( 8823): java.net.BindException: bind failed: EADDRINUSE (Address already in use)
07-13 17:39:12.215 W/System.err( 8823): 	at libcore.io.IoBridge.bind(IoBridge.java:109)
07-13 17:39:12.215 W/System.err( 8823): 	at java.net.PlainDatagramSocketImpl.bind0(PlainDatagramSocketImpl.java:104)
07-13 17:39:12.215 W/System.err( 8823): 	at java.net.AbstractPlainDatagramSocketImpl.bind(AbstractPlainDatagramSocketImpl.java:112)
07-13 17:39:12.215 W/System.err( 8823): 	at java.net.DatagramSocket.bind(DatagramSocket.java:412)
07-13 17:39:12.215 W/System.err( 8823): 	at java.net.DatagramSocket.<init>(DatagramSocket.java:262)
07-13 17:39:12.215 W/System.err( 8823): 	at java.net.DatagramSocket.<init>(DatagramSocket.java:319)
07-13 17:39:12.215 W/System.err( 8823): 	at com.txznet.util.UdpServer.a(UdpServer.java:59)
07-13 17:39:12.215 W/System.err( 8823): 	at com.txznet.util.UdpServer.a(UdpServer.java:12)
07-13 17:39:12.215 W/System.err( 8823): 	at com.txznet.util.UdpServer$1.handleMessage(UdpServer.java:33)
07-13 17:39:12.215 W/System.err( 8823): 	at android.os.Handler.dispatchMessage(Handler.java:107)
07-13 17:39:12.215 W/System.err( 8823): 	at android.os.Looper.loop(Looper.java:214)
07-13 17:39:12.215 W/System.err( 8823): 	at android.os.HandlerThread.run(HandlerThread.java:67)
07-13 17:39:12.215 W/System.err( 8823): Caused by: android.system.ErrnoException: bind failed: EADDRINUSE (Address already in use)
07-13 17:39:12.215 W/System.err( 8823): 	at libcore.io.Linux.bind(Native Method)
07-13 17:39:12.215 W/System.err( 8823): 	at libcore.io.ForwardingOs.bind(ForwardingOs.java:75)
07-13 17:39:12.215 W/System.err( 8823): 	at libcore.io.ForwardingOs.bind(ForwardingOs.java:75)
07-13 17:39:12.215 W/System.err( 8823): 	at libcore.io.IoBridge.bind(IoBridge.java:105)
07-13 17:39:12.215 W/System.err( 8823): 	... 11 more
07-13 17:39:12.388 D/btopt   ( 3755): zlink wake_up_apk_server: cmd = 'export PATH=$PATH:/system/bin/;am broadcast -a "zjinnova.android.intent.action.START_DAEMON_SERVICE" --include-stopped-packages "com.zjinnova.zlink"&'
07-13 17:39:12.439 V/ActivityManagerShellCommand( 4123): Received onCommand broadcast callUid=0 callpid=2402
07-13 17:39:12.604 I/QFApi   ( 6445): getCustomPlatform - customPlatform: 7862
07-13 17:39:12.756 I/Tpms3   (10574): mDataCheckTimer startDataTime:-1;datTime:1752442752
07-13 17:39:13.009 D/GnssHAL_V_GnssUtil( 3771): convertToGnssLocation_2_0: enter
07-13 17:39:13.009 D/GnssHAL_V_GnssUtil( 3771): convertToGnssLocation_2_0: latitudeDegrees:40.652482, longitudeDegrees: -73.757018, elapsedRealtime.flags:0, elapsedRealtime.timestampNs: 0, elapsedRealtime.timeUncertaintyNs: 0
07-13 17:39:13.015 I/LocationManagerService( 4123): incoming location: Location[gps 41******  -74******  hAcc=5 t=1752442753000 et=+3h8m13s536ms alt=-15.082 vel=0.0 bear=150.222 vAcc=9 sAcc=0 bAcc=45 {Bundle[{satellites=14, maxCn0=47, meanCn0=39}]}]
07-13 17:39:13.017 I/LocationManagerService( 4123): incoming location: Location[gps 41******  -74******  hAcc=5 t=1752442753000 et=+3h8m13s536ms alt=-15.082 vel=0.0 bear=150.222 vAcc=9 sAcc=0 bAcc=45 {Bundle[{satellites=14, maxCn0=47, meanCn0=39}]}]
07-13 17:39:13.021 I/FusedLocation( 5145): (REDACTED) location delivery to %s blocked - too fast
07-13 17:39:13.021 I/LocationManagerService( 4123): incoming location: Location[fused 41******  -74******  hAcc=5 t=1752442753009 et=+3h8m13s536ms alt=-15.082 vel=6.1670016E-11 vAcc=9 sAcc=0 bAcc=??? {Bundle[mParcelledData.dataSize=776]}]
07-13 17:39:13.021 I/LocationManagerService( 4123): incoming location: Location[fused 41******  -74******  hAcc=5 t=1752442753009 et=+3h8m13s536ms alt=-15.082 vel=6.1670016E-11 vAcc=9 sAcc=0 bAcc=??? {Bundle[{noGPSLocation=Location[fused 41******  -74******  hAcc=22 t=1752442624075 et=+3h6m4s611ms alt=-25.399999618530273 vAcc=3 sAcc=??? bAcc=??? {Bundle[mParcelledData.dataSize=580]}]}]}]
07-13 17:39:13.181 I/searchSkipFileFilter( 5470): ---USBService---是否是过滤扫描目录：true   /storage/emulated/0/txz/log/text_all_9
07-13 17:39:13.181 I/MultiFileObserver( 5470): onEvent path: text_all_9,newPath:/storage/emulated/0/txz/log/text_all_9,mPath:/storage/emulated/0/txz/log,flag:true
07-13 17:39:13.183 I/searchSkipFileFilter( 5470): ---USBService---是否是过滤扫描目录：true   /storage/emulated/0/txz/log/text_all_8
07-13 17:39:13.183 I/MultiFileObserver( 5470): onEvent path: text_all_8,newPath:/storage/emulated/0/txz/log/text_all_8,mPath:/storage/emulated/0/txz/log,flag:true
07-13 17:39:13.183 I/searchSkipFileFilter( 5470): ---USBService---是否是过滤扫描目录：true   /storage/emulated/0/txz/log/text_all_9
07-13 17:39:13.183 I/MultiFileObserver( 5470): onEvent path: text_all_9,newPath:/storage/emulated/0/txz/log/text_all_9,mPath:/storage/emulated/0/txz/log,flag:true
07-13 17:39:13.183 I/searchSkipFileFilter( 5470): ---USBService---是否是过滤扫描目录：true   /storage/emulated/0/txz/log/text_all_7
07-13 17:39:13.183 I/MultiFileObserver( 5470): onEvent path: text_all_7,newPath:/storage/emulated/0/txz/log/text_all_7,mPath:/storage/emulated/0/txz/log,flag:true
07-13 17:39:13.184 I/searchSkipFileFilter( 5470): ---USBService---是否是过滤扫描目录：true   /storage/emulated/0/txz/log/text_all_8
07-13 17:39:13.184 I/MultiFileObserver( 5470): onEvent path: text_all_8,newPath:/storage/emulated/0/txz/log/text_all_8,mPath:/storage/emulated/0/txz/log,flag:true
07-13 17:39:13.184 I/searchSkipFileFilter( 5470): ---USBService---是否是过滤扫描目录：true   /storage/emulated/0/txz/log/text_all_6
07-13 17:39:13.184 I/MultiFileObserver( 5470): onEvent path: text_all_6,newPath:/storage/emulated/0/txz/log/text_all_6,mPath:/storage/emulated/0/txz/log,flag:true
07-13 17:39:13.184 I/searchSkipFileFilter( 5470): ---USBService---是否是过滤扫描目录：true   /storage/emulated/0/txz/log/text_all_7
07-13 17:39:13.184 I/MultiFileObserver( 5470): onEvent path: text_all_7,newPath:/storage/emulated/0/txz/log/text_all_7,mPath:/storage/emulated/0/txz/log,flag:true
07-13 17:39:13.185 I/searchSkipFileFilter( 5470): ---USBService---是否是过滤扫描目录：true   /storage/emulated/0/txz/log/text_all_5
07-13 17:39:13.185 I/MultiFileObserver( 5470): onEvent path: text_all_5,newPath:/storage/emulated/0/txz/log/text_all_5,mPath:/storage/emulated/0/txz/log,flag:true
07-13 17:39:13.185 I/searchSkipFileFilter( 5470): ---USBService---是否是过滤扫描目录：true   /storage/emulated/0/txz/log/text_all_6
07-13 17:39:13.185 I/MultiFileObserver( 5470): onEvent path: text_all_6,newPath:/storage/emulated/0/txz/log/text_all_6,mPath:/storage/emulated/0/txz/log,flag:true
07-13 17:39:13.186 I/searchSkipFileFilter( 5470): ---USBService---是否是过滤扫描目录：true   /storage/emulated/0/txz/log/text_all_4
07-13 17:39:13.186 I/MultiFileObserver( 5470): onEvent path: text_all_4,newPath:/storage/emulated/0/txz/log/text_all_4,mPath:/storage/emulated/0/txz/log,flag:true
07-13 17:39:13.186 I/searchSkipFileFilter( 5470): ---USBService---是否是过滤扫描目录：true   /storage/emulated/0/txz/log/text_all_5
07-13 17:39:13.186 I/MultiFileObserver( 5470): onEvent path: text_all_5,newPath:/storage/emulated/0/txz/log/text_all_5,mPath:/storage/emulated/0/txz/log,flag:true
07-13 17:39:13.186 I/searchSkipFileFilter( 5470): ---USBService---是否是过滤扫描目录：true   /storage/emulated/0/txz/log/text_all_3
07-13 17:39:13.186 I/MultiFileObserver( 5470): onEvent path: text_all_3,newPath:/storage/emulated/0/txz/log/text_all_3,mPath:/storage/emulated/0/txz/log,flag:true
07-13 17:39:13.187 I/searchSkipFileFilter( 5470): ---USBService---是否是过滤扫描目录：true   /storage/emulated/0/txz/log/text_all_4
07-13 17:39:13.187 I/MultiFileObserver( 5470): onEvent path: text_all_4,newPath:/storage/emulated/0/txz/log/text_all_4,mPath:/storage/emulated/0/txz/log,flag:true
07-13 17:39:13.187 I/searchSkipFileFilter( 5470): ---USBService---是否是过滤扫描目录：true   /storage/emulated/0/txz/log/text_all_2
07-13 17:39:13.187 I/MultiFileObserver( 5470): onEvent path: text_all_2,newPath:/storage/emulated/0/txz/log/text_all_2,mPath:/storage/emulated/0/txz/log,flag:true
07-13 17:39:13.187 I/searchSkipFileFilter( 5470): ---USBService---是否是过滤扫描目录：true   /storage/emulated/0/txz/log/text_all_3
07-13 17:39:13.187 I/MultiFileObserver( 5470): onEvent path: text_all_3,newPath:/storage/emulated/0/txz/log/text_all_3,mPath:/storage/emulated/0/txz/log,flag:true
07-13 17:39:13.187 I/searchSkipFileFilter( 5470): ---USBService---是否是过滤扫描目录：true   /storage/emulated/0/txz/log/text_all_1
07-13 17:39:13.187 I/MultiFileObserver( 5470): onEvent path: text_all_1,newPath:/storage/emulated/0/txz/log/text_all_1,mPath:/storage/emulated/0/txz/log,flag:true
07-13 17:39:13.188 I/searchSkipFileFilter( 5470): ---USBService---是否是过滤扫描目录：true   /storage/emulated/0/txz/log/text_all_2
07-13 17:39:13.188 I/MultiFileObserver( 5470): onEvent path: text_all_2,newPath:/storage/emulated/0/txz/log/text_all_2,mPath:/storage/emulated/0/txz/log,flag:true
07-13 17:39:13.188 I/searchSkipFileFilter( 5470): ---USBService---是否是过滤扫描目录：true   /storage/emulated/0/txz/log/text_all
07-13 17:39:13.188 I/MultiFileObserver( 5470): onEvent path: text_all,newPath:/storage/emulated/0/txz/log/text_all,mPath:/storage/emulated/0/txz/log,flag:true
07-13 17:39:13.188 I/searchSkipFileFilter( 5470): ---USBService---是否是过滤扫描目录：true   /storage/emulated/0/txz/log/text_all_1
07-13 17:39:13.188 I/MultiFileObserver( 5470): onEvent path: text_all_1,newPath:/storage/emulated/0/txz/log/text_all_1,mPath:/storage/emulated/0/txz/log,flag:true
07-13 17:39:13.189 I/searchSkipFileFilter( 5470): ---USBService---是否是过滤扫描目录：true   /storage/emulated/0/txz/log/text_all
07-13 17:39:13.189 I/MultiFileObserver( 5470): onEvent path: text_all,newPath:/storage/emulated/0/txz/log/text_all,mPath:/storage/emulated/0/txz/log,flag:true
07-13 17:39:13.609 I/QFApi   ( 6445): getCustomPlatform - customPlatform: 7862
07-13 17:39:13.960 I/mcu_services( 5451): readInBuf:[ff fe fd 03 01 29 81 a9 ff ]
07-13 17:39:13.960 E/mcu_services( 5451): MCU2APP : [ff fe fd 03 01 29 81 a9 ff ]
07-13 17:39:13.960 D/mcu_services( 5451): processResponse - length: 3 - type: 1 - control: 29
07-13 17:39:13.960 D/mcu_services( 5451): dispatchToClients - cmdId: 41 - data : [29 81 ]
07-13 17:39:13.960 D/callback( 5451): callMcuInfoChanged: 29 81 
07-13 17:39:13.964 W/ContextImpl( 6445): Calling a method in the system process without a qualified user: android.app.ContextImpl.sendBroadcast:1045 android.content.ContextWrapper.sendBroadcast:448 com.qf.carsettings.service.CarSettingService$4.onMcuInfoChanged:670 android.qf.mcu.McuManager$ListenerTransport._handleMessage:106 android.qf.mcu.McuManager$ListenerTransport.access$700:72 
07-13 17:39:13.961 D/callback( 5451): callMcuInfoChanged: 29 81 
07-13 17:39:13.969 I/chatty  ( 5597): uid=10127(com.txznet.txz) expire 2 lines
07-13 17:39:13.998 D/GnssHAL_V_GnssUtil( 3771): convertToGnssLocation_2_0: enter
07-13 17:39:13.999 D/GnssHAL_V_GnssUtil( 3771): convertToGnssLocation_2_0: latitudeDegrees:40.652482, longitudeDegrees: -73.757018, elapsedRealtime.flags:0, elapsedRealtime.timestampNs: 0, elapsedRealtime.timeUncertaintyNs: 0
07-13 17:39:14.004 I/LocationManagerService( 4123): incoming location: Location[gps 41******  -74******  hAcc=4 t=1752442754000 et=+3h8m14s526ms alt=-15.082 vel=0.0 bear=150.222 vAcc=10 sAcc=0 bAcc=45 {Bundle[{satellites=15, maxCn0=48, meanCn0=39}]}]
07-13 17:39:14.009 I/LocationManagerService( 4123): incoming location: Location[gps 41******  -74******  hAcc=4 t=1752442754000 et=+3h8m14s526ms alt=-15.082 vel=0.0 bear=150.222 vAcc=10 sAcc=0 bAcc=45 {Bundle[{satellites=15, maxCn0=48, meanCn0=39}]}]
07-13 17:39:14.013 I/FusedLocation( 5145): (REDACTED) location delivery to %s blocked - too fast
07-13 17:39:14.013 I/LocationManagerService( 4123): incoming location: Location[fused 41******  -74******  hAcc=5 t=1752442753999 et=+3h8m14s526ms alt=-15.082 vel=8.728575E-12 vAcc=10 sAcc=0 bAcc=??? {Bundle[mParcelledData.dataSize=776]}]
07-13 17:39:14.013 I/LocationManagerService( 4123): incoming location: Location[fused 41******  -74******  hAcc=5 t=1752442753999 et=+3h8m14s526ms alt=-15.082 vel=8.728575E-12 vAcc=10 sAcc=0 bAcc=??? {Bundle[{noGPSLocation=Location[fused 41******  -74******  hAcc=22 t=1752442624075 et=+3h6m4s611ms alt=-25.399999618530273 vAcc=3 sAcc=??? bAcc=??? {Bundle[mParcelledData.dataSize=580]}]}]}]
07-13 17:39:14.104 D/Netd    ( 3473): app_netid:0x65 app_mark:0x65 dns_netid:0x65 dns_mark:0xf0065 uid:10121
07-13 17:39:14.265 D/TXZ     ( 5597): [ReportManager][7066/2494]java.net.UnknownHostException: websocket.txzing.com
07-13 17:39:14.265 D/TXZ     ( 5597): [ReportManager][7066/2494]onClose() called with: code = -1, reason = websocket.txzing.com, remote = false
07-13 17:39:14.265 D/TXZ     ( 5597): [ReportManager][7066/7122]connect: finish
07-13 17:39:14.266 D/TXZ     ( 5597): [ReportManager][7066/7122]initWebSocket: url=wss://websocket.txzing.com/junsun/index?app_id=6a3643cb81c6e92137ccc63f536df874&tm=1752442754265&data=MsYaXox3Fxc94AvxNQF%2FtRUiXEoZAzRVkF7xCLSgAuc%3D&platform=car
07-13 17:39:14.266 D/TXZ     ( 5597): [ReportManager][7066/7122]connect: start
07-13 17:39:14.268 D/TXZ     ( 5597): [TXZWebSocketClient][7066/2495]onError: ex=java.net.UnknownHostException: websocket.txzing.com
07-13 17:39:14.268 D/TXZ     ( 5597): [ReportManager][7066/2495]java.net.UnknownHostException: websocket.txzing.com
07-13 17:39:14.268 D/TXZ     ( 5597): [ReportManager][7066/2495]onClose() called with: code = -1, reason = websocket.txzing.com, remote = false
07-13 17:39:14.268 D/TXZ     ( 5597): [ReportManager][7066/7122]connect: finish
07-13 17:39:14.288 D/TXZ     ( 5597): [ReportManager][7066/7122]initWebSocket: url=wss://websocket.txzing.com/junsun/index?app_id=6a3643cb81c6e92137ccc63f536df874&tm=1752442754287&data=GT4krzHYcNgaMP8uSikMPyIF2o7eUeXWkRtBPl2hqkY%3D&platform=car
07-13 17:39:14.288 D/TXZ     ( 5597): [ReportManager][7066/7122]connect: start
07-13 17:39:14.291 D/TXZ     ( 5597): [TXZWebSocketClient][7066/2496]onError: ex=java.net.UnknownHostException: websocket.txzing.com
07-13 17:39:14.291 D/TXZ     ( 5597): [ReportManager][7066/2496]java.net.UnknownHostException: websocket.txzing.com
07-13 17:39:14.291 D/TXZ     ( 5597): [ReportManager][7066/2496]onClose() called with: code = -1, reason = websocket.txzing.com, remote = false
07-13 17:39:14.291 D/TXZ     ( 5597): [ReportManager][7066/7122]connect: finish
07-13 17:39:14.306 D/TXZ     ( 5597): [ReportManager][7066/7122]initWebSocket: url=wss://websocket.txzing.com/junsun/index?app_id=6a3643cb81c6e92137ccc63f536df874&tm=1752442754304&data=M1trRJgt0T3mKlivlpgLjmMzhT21yiDh3uy3E9RCsyQ%3D&platform=car
07-13 17:39:14.306 D/TXZ     ( 5597): [ReportManager][7066/7122]connect: start
07-13 17:39:14.309 D/TXZ     ( 5597): [TXZWebSocketClient][7066/2497]onError: ex=java.net.UnknownHostException: websocket.txzing.com
07-13 17:39:14.309 D/TXZ     ( 5597): [ReportManager][7066/2497]java.net.UnknownHostException: websocket.txzing.com
07-13 17:39:14.309 D/TXZ     ( 5597): [ReportManager][7066/2497]onClose() called with: code = -1, reason = websocket.txzing.com, remote = false
07-13 17:39:14.312 D/TXZ     ( 5597): [ReportManager][7066/7122]connect: finish
07-13 17:39:14.323 D/TXZ     ( 5597): [ReportManager][7066/7122]initWebSocket: url=wss://websocket.txzing.com/junsun/index?app_id=6a3643cb81c6e92137ccc63f536df874&tm=1752442754322&data=%2F%2FzKuLoopmhZFjEbgfu4Nzpz%2BUxtAmuGm71DpdDpJI4%3D&platform=car
07-13 17:39:14.323 D/TXZ     ( 5597): [ReportManager][7066/7122]connect: start
07-13 17:39:14.326 D/TXZ     ( 5597): [TXZWebSocketClient][7066/2498]onError: ex=java.net.UnknownHostException: websocket.txzing.com
07-13 17:39:14.326 D/TXZ     ( 5597): [ReportManager][7066/2498]java.net.UnknownHostException: websocket.txzing.com
07-13 17:39:14.326 D/TXZ     ( 5597): [ReportManager][7066/2498]onClose() called with: code = -1, reason = websocket.txzing.com, remote = false
07-13 17:39:14.326 D/TXZ     ( 5597): [ReportManager][7066/7122]connect: finish
07-13 17:39:14.331 D/TXZ     ( 5597): [ReportManager][7066/7122]initWebSocket: url=wss://websocket.txzing.com/junsun/index?app_id=6a3643cb81c6e92137ccc63f536df874&tm=1752442754331&data=j8mPOGsvWdCijG%2FMMBggc8WahbhpUAj33dcjIvRENx8%3D&platform=car
07-13 17:39:14.332 D/TXZ     ( 5597): [ReportManager][7066/7122]connect: start
07-13 17:39:14.334 D/TXZ     ( 5597): [TXZWebSocketClient][7066/2499]onError: ex=java.net.UnknownHostException: websocket.txzing.com
07-13 17:39:14.334 D/TXZ     ( 5597): [ReportManager][7066/2499]java.net.UnknownHostException: websocket.txzing.com
07-13 17:39:14.334 D/TXZ     ( 5597): [ReportManager][7066/2499]onClose() called with: code = -1, reason = websocket.txzing.com, remote = false
07-13 17:39:14.335 D/TXZ     ( 5597): [ReportManager][7066/7122]connect: finish
07-13 17:39:14.340 D/TXZ     ( 5597): [ReportManager][7066/7122]initWebSocket: url=wss://websocket.txzing.com/junsun/index?app_id=6a3643cb81c6e92137ccc63f536df874&tm=1752442754339&data=GAM1rtKQlGyYVjfigeaF7z%2FN%2F5RjL0Ysm2UTacVoxK0%3D&platform=car
07-13 17:39:14.340 D/TXZ     ( 5597): [ReportManager][7066/7122]connect: start
07-13 17:39:14.342 D/TXZ     ( 5597): [TXZWebSocketClient][7066/2500]onError: ex=java.net.UnknownHostException: websocket.txzing.com
07-13 17:39:14.342 D/TXZ     ( 5597): [ReportManager][7066/2500]java.net.UnknownHostException: websocket.txzing.com
07-13 17:39:14.342 D/TXZ     ( 5597): [ReportManager][7066/2500]onClose() called with: code = -1, reason = websocket.txzing.com, remote = false
07-13 17:39:14.342 D/TXZ     ( 5597): [ReportManager][7066/7122]connect: finish
07-13 17:39:14.354 D/TXZ     ( 5597): [ReportManager][7066/7122]initWebSocket: url=wss://websocket.txzing.com/junsun/index?app_id=6a3643cb81c6e92137ccc63f536df874&tm=1752442754353&data=VZubA3F8fnu6I6%2Fo2PbymEaIsV2%2BYTPMH1546jX%2Bhfk%3D&platform=car
07-13 17:39:14.354 D/TXZ     ( 5597): [ReportManager][7066/7122]connect: start
07-13 17:39:14.357 D/TXZ     ( 5597): [TXZWebSocketClient][7066/2501]onError: ex=java.net.UnknownHostException: websocket.txzing.com
07-13 17:39:14.357 D/TXZ     ( 5597): [ReportManager][7066/2501]java.net.UnknownHostException: websocket.txzing.com
07-13 17:39:14.358 D/TXZ     ( 5597): [ReportManager][7066/2501]onClose() called with: code = -1, reason = websocket.txzing.com, remote = false
07-13 17:39:14.358 D/TXZ     ( 5597): [ReportManager][7066/7122]connect: finish
07-13 17:39:14.376 D/TXZ     ( 5597): [ReportManager][7066/7122]initWebSocket: url=wss://websocket.txzing.com/junsun/index?app_id=6a3643cb81c6e92137ccc63f536df874&tm=1752442754374&data=f%2FW8sp8MbMIdSJ4BUd7d1TAH%2BR1NJxhvkJRZa4Sxiqc%3D&platform=car
07-13 17:39:14.376 D/TXZ     ( 5597): [ReportManager][7066/7122]connect: start
07-13 17:39:14.378 D/TXZ     ( 5597): [TXZWebSocketClient][7066/2502]onError: ex=java.net.UnknownHostException: websocket.txzing.com
07-13 17:39:14.378 D/TXZ     ( 5597): [ReportManager][7066/2502]java.net.UnknownHostException: websocket.txzing.com
07-13 17:39:14.379 D/TXZ     ( 5597): [ReportManager][7066/2502]onClose() called with: code = -1, reason = websocket.txzing.com, remote = false
07-13 17:39:14.379 D/TXZ     ( 5597): [ReportManager][7066/7122]connect: finish
07-13 17:39:14.379 D/TXZ     ( 5597): [ReportManager][7066/7122]initWebSocket: url=wss://websocket.txzing.com/junsun/index?app_id=6a3643cb81c6e92137ccc63f536df874&tm=1752442754378&data=EdusSY4ANdHonGb1y%2FdD2Txf83cmA%2B0UmgXreH4wPRg%3D&platform=car
07-13 17:39:14.379 D/TXZ     ( 5597): [ReportManager][7066/7122]connect: start
07-13 17:39:14.381 D/TXZ     ( 5597): [TXZWebSocketClient][7066/2503]onError: ex=java.net.UnknownHostException: websocket.txzing.com
07-13 17:39:14.381 D/TXZ     ( 5597): [ReportManager][7066/2503]java.net.UnknownHostException: websocket.txzing.com
07-13 17:39:14.381 D/TXZ     ( 5597): [ReportManager][7066/2503]onClose() called with: code = -1, reason = websocket.txzing.com, remote = false
07-13 17:39:14.382 D/TXZ     ( 5597): [ReportManager][7066/7122]connect: finish
07-13 17:39:14.383 D/TXZ     ( 5597): [ReportManager][7066/7122]initWebSocket: url=wss://websocket.txzing.com/junsun/index?app_id=6a3643cb81c6e92137ccc63f536df874&tm=1752442754382&data=5YMsqaD2RmfE6bei8nG867ygzUiAGN7X8KnomctmA7w%3D&platform=car
07-13 17:39:14.383 D/TXZ     ( 5597): [ReportManager][7066/7122]connect: start
07-13 17:39:14.385 D/TXZ     ( 5597): [TXZWebSocketClient][7066/2504]onError: ex=java.net.UnknownHostException: websocket.txzing.com
07-13 17:39:14.385 D/TXZ     ( 5597): [ReportManager][7066/2504]java.net.UnknownHostException: websocket.txzing.com
07-13 17:39:14.385 D/TXZ     ( 5597): [ReportManager][7066/2504]onClose() called with: code = -1, reason = websocket.txzing.com, remote = false
07-13 17:39:14.386 D/TXZ     ( 5597): [ReportManager][7066/7122]connect: finish
07-13 17:39:14.391 D/TXZ     ( 5597): [ReportManager][7066/7122]initWebSocket: url=wss://websocket.txzing.com/junsun/index?app_id=6a3643cb81c6e92137ccc63f536df874&tm=1752442754390&data=F3NyZiY4joGins0DM00FPL2h1uRSk7hgdj59rt%2BMLVM%3D&platform=car
07-13 17:39:14.391 D/TXZ     ( 5597): [ReportManager][7066/7122]connect: start
07-13 17:39:14.393 D/TXZ     ( 5597): [TXZWebSocketClient][7066/2505]onError: ex=java.net.UnknownHostException: websocket.txzing.com
07-13 17:39:14.393 D/TXZ     ( 5597): [ReportManager][7066/2505]java.net.UnknownHostException: websocket.txzing.com
07-13 17:39:14.393 D/TXZ     ( 5597): [ReportManager][7066/2505]onClose() called with: code = -1, reason = websocket.txzing.com, remote = false
07-13 17:39:14.394 D/TXZ     ( 5597): [ReportManager][7066/7122]connect: finish
07-13 17:39:14.395 D/TXZ     ( 5597): [ReportManager][7066/7122]initWebSocket: url=wss://websocket.txzing.com/junsun/index?app_id=6a3643cb81c6e92137ccc63f536df874&tm=1752442754394&data=j33m7CTJGuEbha2CfT8LY40o8tjhe8TbPsuO5Pw912M%3D&platform=car
07-13 17:39:14.395 D/TXZ     ( 5597): [ReportManager][7066/7122]connect: start
07-13 17:39:14.397 D/TXZ     ( 5597): [TXZWebSocketClient][7066/2506]onError: ex=java.net.UnknownHostException: websocket.txzing.com
07-13 17:39:14.397 D/TXZ     ( 5597): [ReportManager][7066/2506]java.net.UnknownHostException: websocket.txzing.com
07-13 17:39:14.397 D/TXZ     ( 5597): [ReportManager][7066/2506]onClose() called with: code = -1, reason = websocket.txzing.com, remote = false
07-13 17:39:14.398 D/TXZ     ( 5597): [ReportManager][7066/7122]connect: finish
07-13 17:39:14.398 D/TXZ     ( 5597): [ReportManager][7066/7122]initWebSocket: url=wss://websocket.txzing.com/junsun/index?app_id=6a3643cb81c6e92137ccc63f536df874&tm=1752442754397&data=LelC1s0R6Cm7NP5CEtKmDeqa4b09ULeoDfy7UTJdjz8%3D&platform=car
07-13 17:39:14.398 D/TXZ     ( 5597): [ReportManager][7066/7122]connect: start
07-13 17:39:14.399 D/TXZ     ( 5597): [TXZWebSocketClient][7066/2507]onError: ex=java.net.UnknownHostException: websocket.txzing.com
07-13 17:39:14.400 D/TXZ     ( 5597): [ReportManager][7066/2507]java.net.UnknownHostException: websocket.txzing.com
07-13 17:39:14.400 D/TXZ     ( 5597): [ReportManager][7066/2507]onClose() called with: code = -1, reason = websocket.txzing.com, remote = false
07-13 17:39:14.400 D/TXZ     ( 5597): [ReportManager][7066/7122]connect: finish
07-13 17:39:14.415 D/TXZ     ( 5597): [ReportManager][7066/7122]initWebSocket: url=wss://websocket.txzing.com/junsun/index?app_id=6a3643cb81c6e92137ccc63f536df874&tm=1752442754414&data=z1r95rQEhQKwCsEp8BHZGId7z838h%2BKgp02ndB4k2BM%3D&platform=car
07-13 17:39:14.416 D/TXZ     ( 5597): [ReportManager][7066/7122]connect: start
07-13 17:39:14.425 D/TXZ     ( 5597): [TXZWebSocketClient][7066/2513]onError: ex=java.net.UnknownHostException: websocket.txzing.com
07-13 17:39:14.426 D/TXZ     ( 5597): [ReportManager][7066/2513]java.net.UnknownHostException: websocket.txzing.com
07-13 17:39:14.426 D/TXZ     ( 5597): [ReportManager][7066/2513]onClose() called with: code = -1, reason = websocket.txzing.com, remote = false
07-13 17:39:14.426 D/TXZ     ( 5597): [ReportManager][7066/7122]connect: finish
07-13 17:39:14.426 D/TXZ     ( 5597): [ReportManager][7066/7122]initWebSocket: url=wss://websocket.txzing.com/junsun/index?app_id=6a3643cb81c6e92137ccc63f536df874&tm=1752442754425&data=w%2BsiV1go7xBTS%2B74up35sb6dXXqHdIncAF%2BMdZ66yws%3D&platform=car
07-13 17:39:14.426 D/TXZ     ( 5597): [ReportManager][7066/7122]connect: start
07-13 17:39:14.427 D/TXZ     ( 5597): [TXZWebSocketClient][7066/2515]onError: ex=java.net.UnknownHostException: websocket.txzing.com
07-13 17:39:14.427 D/TXZ     ( 5597): [ReportManager][7066/2515]java.net.UnknownHostException: websocket.txzing.com
07-13 17:39:14.427 D/TXZ     ( 5597): [ReportManager][7066/2515]onClose() called with: code = -1, reason = websocket.txzing.com, remote = false
07-13 17:39:14.427 D/TXZ     ( 5597): [ReportManager][7066/7122]connect: finish
07-13 17:39:14.487 D/btopt   ( 3755): zlink wake_up_apk_server: cmd = 'export PATH=$PATH:/system/bin/;am broadcast -a "zjinnova.android.intent.action.START_DAEMON_SERVICE" --include-stopped-packages "com.zjinnova.zlink"&'
07-13 17:39:14.511 D/TXZ     ( 5597): [ReportManager][7066/7122]initWebSocket: url=wss://websocket.txzing.com/junsun/index?app_id=6a3643cb81c6e92137ccc63f536df874&tm=1752442754510&data=rk8hfjq%2BPjexPIy8FwXM10C%2Bv1FvS0L6zYbKNYPMIzU%3D&platform=car
07-13 17:39:14.511 D/TXZ     ( 5597): [ReportManager][7066/7122]connect: start
07-13 17:39:14.512 D/TXZ     ( 5597): [TXZWebSocketClient][7066/2524]onError: ex=java.net.UnknownHostException: websocket.txzing.com
07-13 17:39:14.513 D/TXZ     ( 5597): [ReportManager][7066/2524]java.net.UnknownHostException: websocket.txzing.com
07-13 17:39:14.513 D/TXZ     ( 5597): [ReportManager][7066/2524]onClose() called with: code = -1, reason = websocket.txzing.com, remote = false
07-13 17:39:14.513 D/TXZ     ( 5597): [ReportManager][7066/7122]connect: finish
07-13 17:39:14.533 V/ActivityManagerShellCommand( 4123): Received onCommand broadcast callUid=0 callpid=2523
07-13 17:39:14.533 V/ActivityManagerShellCommand( 4123): runSendBroadcast start and waiting ---Intent { act=zjinnova.android.intent.action.START_DAEMON_SERVICE flg=0x400020 pkg=com.zjinnova.zlink }
07-13 17:39:14.534 D/PowerController.BgClean( 4123): judgeAppLaunchAllowed : com.zjinnova.zlink(uid:10087), callingPackage = null(uid:0), reason = send-broadcast
07-13 17:39:14.534 D/PowerController.BgClean( 4123): judgeAppLaunchAllowed : intent action:Intent { act=zjinnova.android.intent.action.START_DAEMON_SERVICE flg=0x400030 pkg=com.zjinnova.zlink }
07-13 17:39:14.534 W/BroadcastQueue( 4123):  enable com.zjinnova.zlink to start process!
07-13 17:39:14.537 D/zj      (21989): message received Intent { act=zjinnova.android.intent.action.START_DAEMON_SERVICE flg=0x400030 pkg=com.zjinnova.zlink cmp=com.zjinnova.zlink/com.zjinnova.android.zlink.features.service.StartupBroadcastReceiver }
07-13 17:39:14.537 D/PowerController.BgClean( 4123): judgeAppLaunchAllowed : com.zjinnova.zlink(uid:10087), callingPackage = com.zjinnova.zlink(uid:10087), reason = start-service
07-13 17:39:14.537 D/PowerController.BgClean( 4123): judgeAppLaunchAllowed : intent action:Intent { cmp=com.zjinnova.zlink/com.zjinnova.android.zlink.features.service.DaemonService }
07-13 17:39:14.537 W/ActivityManager( 4123): u0 Starting a service in packagecom.zjinnova.zlink requires a permissions review
07-13 17:39:14.538 V/ActivityManagerShellCommand( 4123): runSendBroadcast end ---Intent { act=zjinnova.android.intent.action.START_DAEMON_SERVICE flg=0x400020 pkg=com.zjinnova.zlink }
07-13 17:39:14.576 D/StatusBarSignalPolicy( 4656): updateWifiIconWithState state : WifiIconState(resId=2131231542, visible=true)
07-13 17:39:14.613 I/QFApi   ( 6445): getCustomPlatform - customPlatform: 7862
07-13 17:39:14.679 D/TxzAccessibilityService( 5597): onAccessibilityEvent: event=EventType: TYPE_WINDOW_CONTENT_CHANGED; EventTime: 11295204; PackageName: com.android.systemui; MovementGranularity: 0; Action: 0; ContentChangeTypes: [CONTENT_CHANGE_TYPE_SUBTREE]; WindowChangeTypes: [] [ ClassName: android.widget.FrameLayout; Text: []; ContentDescription: null; ItemCount: -1; CurrentItemIndex: -1; Enabled: true; Password: false; Checked: false; FullScreen: false; Scrollable: false; BeforeText: null; FromIndex: -1; ToIndex: -1; ScrollX: -1; ScrollY: -1; MaxScrollX: -1; MaxScrollY: -1; AddedCount: -1; RemovedCount: -1; ParcelableData: null ]; recordCount: 0
07-13 17:39:14.679 D/TxzAccessibilityService( 5597): skip com.android.systemui
07-13 17:39:14.736 D/TXZ     ( 5597): [ReportManager][7066/7122]initWebSocket: url=wss://websocket.txzing.com/junsun/index?app_id=6a3643cb81c6e92137ccc63f536df874&tm=1752442754735&data=br6ldo9tXTtUkH%2BXhRlj2csZpfXyxrTXOxHuZGRnx%2B0%3D&platform=car
07-13 17:39:14.737 D/TXZ     ( 5597): [ReportManager][7066/7122]connect: start
07-13 17:39:14.739 D/TXZ     ( 5597): [TXZWebSocketClient][7066/2528]onError: ex=java.net.UnknownHostException: websocket.txzing.com
07-13 17:39:14.739 D/TXZ     ( 5597): [ReportManager][7066/2528]java.net.UnknownHostException: websocket.txzing.com
07-13 17:39:14.743 D/TXZ     ( 5597): [ReportManager][7066/2528]onClose() called with: code = -1, reason = websocket.txzing.com, remote = false
07-13 17:39:14.743 D/TXZ     ( 5597): [ReportManager][7066/7122]connect: finish
07-13 17:39:14.834 D/TXZ     ( 5597): [ReportManager][7066/7122]initWebSocket: url=wss://websocket.txzing.com/junsun/index?app_id=6a3643cb81c6e92137ccc63f536df874&tm=1752442754833&data=qqcN3zinLJ9Sr2AJk0SEy4UmhOxQ7%2FIugGX2Z9ieFPY%3D&platform=car
07-13 17:39:14.835 D/TXZ     ( 5597): [ReportManager][7066/7122]connect: start
07-13 17:39:14.836 D/TXZ     ( 5597): [TXZWebSocketClient][7066/2529]onError: ex=java.net.UnknownHostException: websocket.txzing.com
07-13 17:39:14.837 D/TXZ     ( 5597): [ReportManager][7066/2529]java.net.UnknownHostException: websocket.txzing.com
07-13 17:39:14.837 D/TXZ     ( 5597): [ReportManager][7066/2529]onClose() called with: code = -1, reason = websocket.txzing.com, remote = false
