07-13 17:39:14.837 D/TXZ     ( 5597): [ReportManager][7066/7122]connect: finish
07-13 17:39:14.937 D/TXZ     ( 5597): [ReportManager][7066/7122]initWebSocket: url=wss://websocket.txzing.com/junsun/index?app_id=6a3643cb81c6e92137ccc63f536df874&tm=1752442754935&data=CAoASGCYx%2FbBMccg7aB%2Bj4fIAQlFUCk%2FXHSi7QdQzfY%3D&platform=car
07-13 17:39:14.937 D/TXZ     ( 5597): [ReportManager][7066/7122]connect: start
07-13 17:39:14.940 D/TXZ     ( 5597): [TXZWebSocketClient][7066/2530]onError: ex=java.net.UnknownHostException: websocket.txzing.com
07-13 17:39:14.940 D/TXZ     ( 5597): [ReportManager][7066/2530]java.net.UnknownHostException: websocket.txzing.com
07-13 17:39:14.940 D/TXZ     ( 5597): [ReportManager][7066/2530]onClose() called with: code = -1, reason = websocket.txzing.com, remote = false
07-13 17:39:14.940 D/TXZ     ( 5597): [ReportManager][7066/7122]connect: finish
07-13 17:39:15.006 D/GnssHAL_V_GnssUtil( 3771): convertToGnssLocation_2_0: enter
07-13 17:39:15.006 D/GnssHAL_V_GnssUtil( 3771): convertToGnssLocation_2_0: latitudeDegrees:40.652482, longitudeDegrees: -73.757018, elapsedRealtime.flags:0, elapsedRealtime.timestampNs: 0, elapsedRealtime.timeUncertaintyNs: 0
07-13 17:39:15.008 I/LocationManagerService( 4123): incoming location: Location[gps 41******  -74******  hAcc=4 t=1752442755000 et=+3h8m15s533ms alt=-15.082 vel=0.0 bear=150.222 vAcc=10 sAcc=0 bAcc=45 {Bundle[{satellites=14, maxCn0=47, meanCn0=39}]}]
07-13 17:39:15.010 I/LocationManagerService( 4123): incoming location: Location[gps 41******  -74******  hAcc=4 t=1752442755000 et=+3h8m15s533ms alt=-15.082 vel=0.0 bear=150.222 vAcc=10 sAcc=0 bAcc=45 {Bundle[{satellites=14, maxCn0=47, meanCn0=39}]}]
07-13 17:39:15.013 I/FusedLocation( 5145): (REDACTED) location delivery to %s blocked - too fast
07-13 17:39:15.016 I/LocationManagerService( 4123): incoming location: Location[fused 41******  -74******  hAcc=4 t=1752442755006 et=+3h8m15s533ms alt=-15.082 vel=8.4018235E-12 vAcc=10 sAcc=0 bAcc=??? {Bundle[mParcelledData.dataSize=776]}]
07-13 17:39:15.016 I/LocationManagerService( 4123): incoming location: Location[fused 41******  -74******  hAcc=4 t=1752442755006 et=+3h8m15s533ms alt=-15.082 vel=8.4018235E-12 vAcc=10 sAcc=0 bAcc=??? {Bundle[{noGPSLocation=Location[fused 41******  -74******  hAcc=22 t=1752442624075 et=+3h6m4s611ms alt=-25.399999618530273 vAcc=3 sAcc=??? bAcc=??? {Bundle[mParcelledData.dataSize=580]}]}]}]
07-13 17:39:15.109 D/TXZ     ( 5597): [ReportManager][7066/7122]initWebSocket: url=wss://websocket.txzing.com/junsun/index?app_id=6a3643cb81c6e92137ccc63f536df874&tm=1752442755108&data=qXzfItzN8IjQqdl5WeRxYR4kSzK0BTQJYWoHq8Pl3Zk%3D&platform=car
07-13 17:39:15.109 D/TXZ     ( 5597): [ReportManager][7066/7122]connect: start
07-13 17:39:15.111 D/TXZ     ( 5597): [TXZWebSocketClient][7066/2531]onError: ex=java.net.UnknownHostException: websocket.txzing.com
07-13 17:39:15.111 D/TXZ     ( 5597): [ReportManager][7066/2531]java.net.UnknownHostException: websocket.txzing.com
07-13 17:39:15.111 D/TXZ     ( 5597): [ReportManager][7066/2531]onClose() called with: code = -1, reason = websocket.txzing.com, remote = false
07-13 17:39:15.111 D/TXZ     ( 5597): [ReportManager][7066/7122]connect: finish
07-13 17:39:15.111 D/TXZ     ( 5597): [ReportManager][7066/7122]initWebSocket: url=wss://websocket.txzing.com/junsun/index?app_id=6a3643cb81c6e92137ccc63f536df874&tm=1752442755110&data=n2HtZGeHL0SyvXuBfVSk98cUFxhDXve4WVrPApF6i48%3D&platform=car
07-13 17:39:15.113 D/TXZ     ( 5597): [ReportManager][7066/7122]connect: start
07-13 17:39:15.113 D/TXZ     ( 5597): [TXZWebSocketClient][7066/2532]onError: ex=java.net.UnknownHostException: websocket.txzing.com
07-13 17:39:15.113 D/TXZ     ( 5597): [ReportManager][7066/2532]java.net.UnknownHostException: websocket.txzing.com
07-13 17:39:15.114 D/TXZ     ( 5597): [ReportManager][7066/2532]onClose() called with: code = -1, reason = websocket.txzing.com, remote = false
07-13 17:39:15.114 D/TXZ     ( 5597): [ReportManager][7066/7122]connect: finish
07-13 17:39:15.114 D/TXZ     ( 5597): [ReportManager][7066/7122]initWebSocket: url=wss://websocket.txzing.com/junsun/index?app_id=6a3643cb81c6e92137ccc63f536df874&tm=1752442755114&data=gngBX%2BZdMiVxR6MRCg3rjhPQ4qE6cwnH80AD5nxucwU%3D&platform=car
07-13 17:39:15.115 D/TXZ     ( 5597): [ReportManager][7066/7122]connect: start
07-13 17:39:15.116 D/TXZ     ( 5597): [TXZWebSocketClient][7066/2533]onError: ex=java.net.UnknownHostException: websocket.txzing.com
07-13 17:39:15.116 D/TXZ     ( 5597): [ReportManager][7066/2533]java.net.UnknownHostException: websocket.txzing.com
07-13 17:39:15.117 D/TXZ     ( 5597): [ReportManager][7066/2533]onClose() called with: code = -1, reason = websocket.txzing.com, remote = false
07-13 17:39:15.117 D/TXZ     ( 5597): [ReportManager][7066/7122]connect: finish
07-13 17:39:15.117 D/TXZ     ( 5597): [ReportManager][7066/7122]initWebSocket: url=wss://websocket.txzing.com/junsun/index?app_id=6a3643cb81c6e92137ccc63f536df874&tm=1752442755116&data=GpeYR0UW4x%2BF8%2BZCQ8WTfbNeCmzTR7k%2Bf56Wzgwu77U%3D&platform=car
07-13 17:39:15.117 D/TXZ     ( 5597): [ReportManager][7066/7122]connect: start
07-13 17:39:15.119 D/TXZ     ( 5597): [TXZWebSocketClient][7066/2534]onError: ex=java.net.UnknownHostException: websocket.txzing.com
07-13 17:39:15.119 D/TXZ     ( 5597): [ReportManager][7066/2534]java.net.UnknownHostException: websocket.txzing.com
07-13 17:39:15.119 D/TXZ     ( 5597): [ReportManager][7066/2534]onClose() called with: code = -1, reason = websocket.txzing.com, remote = false
07-13 17:39:15.119 D/TXZ     ( 5597): [ReportManager][7066/7122]connect: finish
07-13 17:39:15.119 D/TXZ     ( 5597): [ReportManager][7066/7122]initWebSocket: url=wss://websocket.txzing.com/junsun/index?app_id=6a3643cb81c6e92137ccc63f536df874&tm=1752442755118&data=ydw2vzOcbrK%2B7Uv383HTGFzqe20AcpgKTwdU9maXyRo%3D&platform=car
07-13 17:39:15.120 D/TXZ     ( 5597): [ReportManager][7066/7122]connect: start
07-13 17:39:15.121 D/TXZ     ( 5597): [TXZWebSocketClient][7066/2535]onError: ex=java.net.UnknownHostException: websocket.txzing.com
07-13 17:39:15.122 D/TXZ     ( 5597): [ReportManager][7066/2535]java.net.UnknownHostException: websocket.txzing.com
07-13 17:39:15.123 D/TXZ     ( 5597): [ReportManager][7066/2535]onClose() called with: code = -1, reason = websocket.txzing.com, remote = false
07-13 17:39:15.124 D/TXZ     ( 5597): [ReportManager][7066/7122]connect: finish
07-13 17:39:15.124 D/TXZ     ( 5597): [ReportManager][7066/7122]initWebSocket: url=wss://websocket.txzing.com/junsun/index?app_id=6a3643cb81c6e92137ccc63f536df874&tm=1752442755123&data=yUsbpzKW0RMV71N7O33of6E3HwSD5ZB1MaEJA5UUE0g%3D&platform=car
07-13 17:39:15.124 D/TXZ     ( 5597): [ReportManager][7066/7122]connect: start
07-13 17:39:15.126 D/TXZ     ( 5597): [TXZWebSocketClient][7066/2536]onError: ex=java.net.UnknownHostException: websocket.txzing.com
07-13 17:39:15.126 D/TXZ     ( 5597): [ReportManager][7066/2536]java.net.UnknownHostException: websocket.txzing.com
07-13 17:39:15.126 D/TXZ     ( 5597): [ReportManager][7066/2536]onClose() called with: code = -1, reason = websocket.txzing.com, remote = false
07-13 17:39:15.126 D/TXZ     ( 5597): [ReportManager][7066/7122]connect: finish
07-13 17:39:15.126 D/TXZ     ( 5597): [ReportManager][7066/7122]initWebSocket: url=wss://websocket.txzing.com/junsun/index?app_id=6a3643cb81c6e92137ccc63f536df874&tm=1752442755126&data=LiTH7NlqP4aCmmdXgyn8tfAYDAg3MmDbUGwaGXTCXWA%3D&platform=car
07-13 17:39:15.127 D/TXZ     ( 5597): [ReportManager][7066/7122]connect: start
07-13 17:39:15.129 D/TXZ     ( 5597): [TXZWebSocketClient][7066/2537]onError: ex=java.net.UnknownHostException: websocket.txzing.com
07-13 17:39:15.129 D/TXZ     ( 5597): [ReportManager][7066/2537]java.net.UnknownHostException: websocket.txzing.com
07-13 17:39:15.129 D/TXZ     ( 5597): [ReportManager][7066/2537]onClose() called with: code = -1, reason = websocket.txzing.com, remote = false
07-13 17:39:15.129 D/TXZ     ( 5597): [ReportManager][7066/7122]connect: finish
07-13 17:39:15.129 D/TXZ     ( 5597): [ReportManager][7066/7122]initWebSocket: url=wss://websocket.txzing.com/junsun/index?app_id=6a3643cb81c6e92137ccc63f536df874&tm=1752442755129&data=I5sdv5%2Fs2L1NncUdGHz%2FOkJo1nLylM1V8EcsPSrk%2FpI%3D&platform=car
07-13 17:39:15.130 D/TXZ     ( 5597): [ReportManager][7066/7122]connect: start
07-13 17:39:15.131 D/TXZ     ( 5597): [TXZWebSocketClient][7066/2538]onError: ex=java.net.UnknownHostException: websocket.txzing.com
07-13 17:39:15.131 D/TXZ     ( 5597): [ReportManager][7066/2538]java.net.UnknownHostException: websocket.txzing.com
07-13 17:39:15.131 D/TXZ     ( 5597): [ReportManager][7066/2538]onClose() called with: code = -1, reason = websocket.txzing.com, remote = false
07-13 17:39:15.131 D/TXZ     ( 5597): [ReportManager][7066/7122]connect: finish
07-13 17:39:15.132 D/TXZ     ( 5597): [ReportManager][7066/7122]initWebSocket: url=wss://websocket.txzing.com/junsun/index?app_id=6a3643cb81c6e92137ccc63f536df874&tm=1752442755131&data=eO88lbcJ6K1ugoWOCliqmK%2F75OXGMsJBYKDAwlHkEkA%3D&platform=car
07-13 17:39:15.132 D/TXZ     ( 5597): [ReportManager][7066/7122]connect: start
07-13 17:39:15.133 D/TXZ     ( 5597): [TXZWebSocketClient][7066/2539]onError: ex=java.net.UnknownHostException: websocket.txzing.com
07-13 17:39:15.134 D/TXZ     ( 5597): [ReportManager][7066/2539]java.net.UnknownHostException: websocket.txzing.com
07-13 17:39:15.134 D/TXZ     ( 5597): [ReportManager][7066/2539]onClose() called with: code = -1, reason = websocket.txzing.com, remote = false
07-13 17:39:15.134 D/TXZ     ( 5597): [ReportManager][7066/7122]connect: finish
07-13 17:39:15.134 D/TXZ     ( 5597): [ReportManager][7066/7122]initWebSocket: url=wss://websocket.txzing.com/junsun/index?app_id=6a3643cb81c6e92137ccc63f536df874&tm=1752442755133&data=pnH9wUSXa2%2BywP8Ah9vv4wyAkVspYF%2FjjUFnowXUg3E%3D&platform=car
07-13 17:39:15.134 D/TXZ     ( 5597): [ReportManager][7066/7122]connect: start
07-13 17:39:15.136 D/TXZ     ( 5597): [TXZWebSocketClient][7066/2540]onError: ex=java.net.UnknownHostException: websocket.txzing.com
07-13 17:39:15.136 D/TXZ     ( 5597): [ReportManager][7066/2540]java.net.UnknownHostException: websocket.txzing.com
07-13 17:39:15.136 D/TXZ     ( 5597): [ReportManager][7066/2540]onClose() called with: code = -1, reason = websocket.txzing.com, remote = false
07-13 17:39:15.136 D/TXZ     ( 5597): [ReportManager][7066/7122]connect: finish
07-13 17:39:15.136 D/TXZ     ( 5597): [ReportManager][7066/7122]initWebSocket: url=wss://websocket.txzing.com/junsun/index?app_id=6a3643cb81c6e92137ccc63f536df874&tm=1752442755136&data=Ju%2F5Xp0HFw1QWvheMfZgMSopRCTEuS8kyYNd1VkUucc%3D&platform=car
07-13 17:39:15.137 D/TXZ     ( 5597): [ReportManager][7066/7122]connect: start
07-13 17:39:15.138 D/TXZ     ( 5597): [TXZWebSocketClient][7066/2541]onError: ex=java.net.UnknownHostException: websocket.txzing.com
07-13 17:39:15.139 D/TXZ     ( 5597): [ReportManager][7066/2541]java.net.UnknownHostException: websocket.txzing.com
07-13 17:39:15.139 D/TXZ     ( 5597): [ReportManager][7066/2541]onClose() called with: code = -1, reason = websocket.txzing.com, remote = false
07-13 17:39:15.139 D/TXZ     ( 5597): [ReportManager][7066/7122]connect: finish
07-13 17:39:15.139 D/TXZ     ( 5597): [ReportManager][7066/7122]initWebSocket: url=wss://websocket.txzing.com/junsun/index?app_id=6a3643cb81c6e92137ccc63f536df874&tm=1752442755138&data=gIoItzGc%2FbLyOhMIRaOnmmJcb%2BJNabAk6vPBiGV9qhM%3D&platform=car
07-13 17:39:15.139 D/TXZ     ( 5597): [ReportManager][7066/7122]connect: start
07-13 17:39:15.141 D/TXZ     ( 5597): [TXZWebSocketClient][7066/2542]onError: ex=java.net.UnknownHostException: websocket.txzing.com
07-13 17:39:15.141 D/TXZ     ( 5597): [ReportManager][7066/2542]java.net.UnknownHostException: websocket.txzing.com
07-13 17:39:15.141 D/TXZ     ( 5597): [ReportManager][7066/2542]onClose() called with: code = -1, reason = websocket.txzing.com, remote = false
07-13 17:39:15.141 D/TXZ     ( 5597): [ReportManager][7066/7122]connect: finish
07-13 17:39:15.144 D/TXZ     ( 5597): [ReportManager][7066/7122]initWebSocket: url=wss://websocket.txzing.com/junsun/index?app_id=6a3643cb81c6e92137ccc63f536df874&tm=1752442755142&data=xX%2F3dRXlzLIPmdO03IF3nvQqUyUlOvZVy%2Bk7MPxkVtM%3D&platform=car
07-13 17:39:15.144 D/TXZ     ( 5597): [ReportManager][7066/7122]connect: start
07-13 17:39:15.145 D/TXZ     ( 5597): [TXZWebSocketClient][7066/2543]onError: ex=java.net.UnknownHostException: websocket.txzing.com
07-13 17:39:15.145 D/TXZ     ( 5597): [ReportManager][7066/2543]java.net.UnknownHostException: websocket.txzing.com
07-13 17:39:15.145 D/TXZ     ( 5597): [ReportManager][7066/2543]onClose() called with: code = -1, reason = websocket.txzing.com, remote = false
07-13 17:39:15.145 D/TXZ     ( 5597): [ReportManager][7066/7122]connect: finish
07-13 17:39:15.148 D/TXZ     ( 5597): [ReportManager][7066/7122]initWebSocket: url=wss://websocket.txzing.com/junsun/index?app_id=6a3643cb81c6e92137ccc63f536df874&tm=1752442755148&data=SrEq%2F1GEdCSq%2B4uLnruPJdfBMJ8gmSdCNHa2XGETmVs%3D&platform=car
07-13 17:39:15.149 D/TXZ     ( 5597): [ReportManager][7066/7122]connect: start
07-13 17:39:15.151 D/TXZ     ( 5597): [TXZWebSocketClient][7066/2544]onError: ex=java.net.UnknownHostException: websocket.txzing.com
07-13 17:39:15.151 D/TXZ     ( 5597): [ReportManager][7066/2544]java.net.UnknownHostException: websocket.txzing.com
07-13 17:39:15.151 D/TXZ     ( 5597): [ReportManager][7066/2544]onClose() called with: code = -1, reason = websocket.txzing.com, remote = false
07-13 17:39:15.151 D/TXZ     ( 5597): [ReportManager][7066/7122]connect: finish
07-13 17:39:15.151 D/TXZ     ( 5597): [ReportManager][7066/7122]initWebSocket: url=wss://websocket.txzing.com/junsun/index?app_id=6a3643cb81c6e92137ccc63f536df874&tm=1752442755151&data=rRYp0mSUpr899kU90zVnrj%2FbaCQLB3aQEKEmVUA1wJA%3D&platform=car
07-13 17:39:15.152 D/TXZ     ( 5597): [ReportManager][7066/7122]connect: start
07-13 17:39:15.153 D/TXZ     ( 5597): [TXZWebSocketClient][7066/2545]onError: ex=java.net.UnknownHostException: websocket.txzing.com
07-13 17:39:15.154 D/TXZ     ( 5597): [ReportManager][7066/2545]java.net.UnknownHostException: websocket.txzing.com
07-13 17:39:15.154 D/TXZ     ( 5597): [ReportManager][7066/2545]onClose() called with: code = -1, reason = websocket.txzing.com, remote = false
07-13 17:39:15.154 D/TXZ     ( 5597): [ReportManager][7066/7122]connect: finish
07-13 17:39:15.159 D/TXZ     ( 5597): [ReportManager][7066/7122]initWebSocket: url=wss://websocket.txzing.com/junsun/index?app_id=6a3643cb81c6e92137ccc63f536df874&tm=1752442755158&data=QLhboml3xH1Pn3pwKFRpMN%2FFITEb85jMJ%2BJ65yJ40Pc%3D&platform=car
07-13 17:39:15.159 D/TXZ     ( 5597): [ReportManager][7066/7122]connect: start
07-13 17:39:15.161 D/TXZ     ( 5597): [TXZWebSocketClient][7066/2546]onError: ex=java.net.UnknownHostException: websocket.txzing.com
07-13 17:39:15.162 D/TXZ     ( 5597): [ReportManager][7066/2546]java.net.UnknownHostException: websocket.txzing.com
07-13 17:39:15.162 D/TXZ     ( 5597): [ReportManager][7066/2546]onClose() called with: code = -1, reason = websocket.txzing.com, remote = false
07-13 17:39:15.162 D/TXZ     ( 5597): [ReportManager][7066/7122]connect: finish
07-13 17:39:15.165 D/TXZ     ( 5597): [ReportManager][7066/7122]initWebSocket: url=wss://websocket.txzing.com/junsun/index?app_id=6a3643cb81c6e92137ccc63f536df874&tm=1752442755164&data=erk98rJUTdb5E6YPDQds%2Fqz21LlXfcYFoNfqUkScJEo%3D&platform=car
07-13 17:39:15.166 D/TXZ     ( 5597): [ReportManager][7066/7122]connect: start
07-13 17:39:15.168 D/TXZ     ( 5597): [TXZWebSocketClient][7066/2547]onError: ex=java.net.UnknownHostException: websocket.txzing.com
07-13 17:39:15.168 D/TXZ     ( 5597): [ReportManager][7066/2547]java.net.UnknownHostException: websocket.txzing.com
07-13 17:39:15.168 D/TXZ     ( 5597): [ReportManager][7066/2547]onClose() called with: code = -1, reason = websocket.txzing.com, remote = false
07-13 17:39:15.168 D/TXZ     ( 5597): [ReportManager][7066/7122]connect: finish
07-13 17:39:15.168 D/TXZ     ( 5597): [ReportManager][7066/7122]initWebSocket: url=wss://websocket.txzing.com/junsun/index?app_id=6a3643cb81c6e92137ccc63f536df874&tm=1752442755168&data=C018m3MOSUE6sDC%2BjpY6EAr2%2FbuKFPEXecodH26xZzc%3D&platform=car
07-13 17:39:15.168 D/TXZ     ( 5597): [ReportManager][7066/7122]connect: start
07-13 17:39:15.170 D/TXZ     ( 5597): [TXZWebSocketClient][7066/2548]onError: ex=java.net.UnknownHostException: websocket.txzing.com
07-13 17:39:15.170 D/TXZ     ( 5597): [ReportManager][7066/2548]java.net.UnknownHostException: websocket.txzing.com
07-13 17:39:15.171 D/TXZ     ( 5597): [ReportManager][7066/2548]onClose() called with: code = -1, reason = websocket.txzing.com, remote = false
07-13 17:39:15.171 D/TXZ     ( 5597): [ReportManager][7066/7122]connect: finish
07-13 17:39:15.171 D/TXZ     ( 5597): [ReportManager][7066/7122]initWebSocket: url=wss://websocket.txzing.com/junsun/index?app_id=6a3643cb81c6e92137ccc63f536df874&tm=1752442755170&data=XmHejIMed9lAcIaEyPe8n2C4gUzVSQax%2FZujxuI0bcw%3D&platform=car
07-13 17:39:15.171 D/TXZ     ( 5597): [ReportManager][7066/7122]connect: start
07-13 17:39:15.173 D/TXZ     ( 5597): [TXZWebSocketClient][7066/2549]onError: ex=java.net.UnknownHostException: websocket.txzing.com
07-13 17:39:15.173 D/TXZ     ( 5597): [ReportManager][7066/2549]java.net.UnknownHostException: websocket.txzing.com
07-13 17:39:15.173 D/TXZ     ( 5597): [ReportManager][7066/2549]onClose() called with: code = -1, reason = websocket.txzing.com, remote = false
07-13 17:39:15.173 D/TXZ     ( 5597): [ReportManager][7066/7122]connect: finish
07-13 17:39:15.173 D/TXZ     ( 5597): [ReportManager][7066/7122]initWebSocket: url=wss://websocket.txzing.com/junsun/index?app_id=6a3643cb81c6e92137ccc63f536df874&tm=1752442755173&data=Yy5xuW8fb4jbbhro6Q%2F6ItnRXlNNtJRJnTDly21Tc5c%3D&platform=car
07-13 17:39:15.174 D/TXZ     ( 5597): [ReportManager][7066/7122]connect: start
07-13 17:39:15.177 D/TXZ     ( 5597): [TXZWebSocketClient][7066/2550]onError: ex=java.net.UnknownHostException: websocket.txzing.com
07-13 17:39:15.178 D/TXZ     ( 5597): [ReportManager][7066/2550]java.net.UnknownHostException: websocket.txzing.com
07-13 17:39:15.178 D/TXZ     ( 5597): [ReportManager][7066/2550]onClose() called with: code = -1, reason = websocket.txzing.com, remote = false
07-13 17:39:15.178 D/TXZ     ( 5597): [ReportManager][7066/7122]connect: finish
07-13 17:39:15.178 D/TXZ     ( 5597): [ReportManager][7066/7122]initWebSocket: url=wss://websocket.txzing.com/junsun/index?app_id=6a3643cb81c6e92137ccc63f536df874&tm=1752442755175&data=IJJmDgkrH6oHruL60dOzu%2B%2B5skbQbGEqDOt1mz4sFOU%3D&platform=car
07-13 17:39:15.178 D/TXZ     ( 5597): [ReportManager][7066/7122]connect: start
07-13 17:39:15.178 D/TXZ     ( 5597): [TXZWebSocketClient][7066/2551]onError: ex=java.net.UnknownHostException: websocket.txzing.com
07-13 17:39:15.179 D/TXZ     ( 5597): [ReportManager][7066/2551]java.net.UnknownHostException: websocket.txzing.com
07-13 17:39:15.179 D/TXZ     ( 5597): [ReportManager][7066/2551]onClose() called with: code = -1, reason = websocket.txzing.com, remote = false
07-13 17:39:15.179 D/TXZ     ( 5597): [ReportManager][7066/7122]connect: finish
07-13 17:39:15.179 D/TXZ     ( 5597): [ReportManager][7066/7122]initWebSocket: url=wss://websocket.txzing.com/junsun/index?app_id=6a3643cb81c6e92137ccc63f536df874&tm=1752442755178&data=dNwEvlnyc4gILQHI9571kiszN16gLs8Dy%2BDyVl7uAeE%3D&platform=car
07-13 17:39:15.179 D/TXZ     ( 5597): [ReportManager][7066/7122]connect: start
07-13 17:39:15.180 D/TXZ     ( 5597): [TXZWebSocketClient][7066/2552]onError: ex=java.net.UnknownHostException: websocket.txzing.com
07-13 17:39:15.181 D/TXZ     ( 5597): [ReportManager][7066/2552]java.net.UnknownHostException: websocket.txzing.com
07-13 17:39:15.181 D/TXZ     ( 5597): [ReportManager][7066/2552]onClose() called with: code = -1, reason = websocket.txzing.com, remote = false
07-13 17:39:15.181 D/TXZ     ( 5597): [ReportManager][7066/7122]connect: finish
07-13 17:39:15.216 D/TXZ     ( 5597): [ReportManager][7066/7122]initWebSocket: url=wss://websocket.txzing.com/junsun/index?app_id=6a3643cb81c6e92137ccc63f536df874&tm=1752442755215&data=Uq98O1g1aZ9GGhDwnsu3gelkfYNcXa%2BQgCyMxKB0MFs%3D&platform=car
07-13 17:39:15.216 D/TXZ     ( 5597): [ReportManager][7066/7122]connect: start
07-13 17:39:15.218 D/TXZ     ( 5597): [TXZWebSocketClient][7066/2553]onError: ex=java.net.UnknownHostException: websocket.txzing.com
07-13 17:39:15.218 D/TXZ     ( 5597): [ReportManager][7066/2553]java.net.UnknownHostException: websocket.txzing.com
07-13 17:39:15.218 D/TXZ     ( 5597): [ReportManager][7066/2553]onClose() called with: code = -1, reason = websocket.txzing.com, remote = false
07-13 17:39:15.219 W/System.err( 8823): java.net.BindException: bind failed: EADDRINUSE (Address already in use)
07-13 17:39:15.219 W/System.err( 8823): 	at libcore.io.IoBridge.bind(IoBridge.java:109)
07-13 17:39:15.220 W/System.err( 8823): 	at java.net.PlainDatagramSocketImpl.bind0(PlainDatagramSocketImpl.java:104)
07-13 17:39:15.220 W/System.err( 8823): 	at java.net.AbstractPlainDatagramSocketImpl.bind(AbstractPlainDatagramSocketImpl.java:112)
07-13 17:39:15.220 W/System.err( 8823): 	at java.net.DatagramSocket.bind(DatagramSocket.java:412)
07-13 17:39:15.220 W/System.err( 8823): 	at java.net.DatagramSocket.<init>(DatagramSocket.java:262)
07-13 17:39:15.220 W/System.err( 8823): 	at java.net.DatagramSocket.<init>(DatagramSocket.java:319)
07-13 17:39:15.220 W/System.err( 8823): 	at com.txznet.util.UdpServer.a(UdpServer.java:59)
07-13 17:39:15.220 W/System.err( 8823): 	at com.txznet.util.UdpServer.a(UdpServer.java:12)
07-13 17:39:15.220 W/System.err( 8823): 	at com.txznet.util.UdpServer$1.handleMessage(UdpServer.java:33)
07-13 17:39:15.220 W/System.err( 8823): 	at android.os.Handler.dispatchMessage(Handler.java:107)
07-13 17:39:15.220 W/System.err( 8823): 	at android.os.Looper.loop(Looper.java:214)
07-13 17:39:15.220 W/System.err( 8823): 	at android.os.HandlerThread.run(HandlerThread.java:67)
07-13 17:39:15.220 W/System.err( 8823): Caused by: android.system.ErrnoException: bind failed: EADDRINUSE (Address already in use)
07-13 17:39:15.220 W/System.err( 8823): 	at libcore.io.Linux.bind(Native Method)
07-13 17:39:15.220 W/System.err( 8823): 	at libcore.io.ForwardingOs.bind(ForwardingOs.java:75)
07-13 17:39:15.220 W/System.err( 8823): 	at libcore.io.ForwardingOs.bind(ForwardingOs.java:75)
07-13 17:39:15.220 W/System.err( 8823): 	at libcore.io.IoBridge.bind(IoBridge.java:105)
07-13 17:39:15.220 W/System.err( 8823): 	... 11 more
07-13 17:39:15.221 D/TXZ     ( 5597): [ReportManager][7066/7122]connect: finish
07-13 17:39:15.221 D/TXZ     ( 5597): [ReportManager][7066/7122]initWebSocket: url=wss://websocket.txzing.com/junsun/index?app_id=6a3643cb81c6e92137ccc63f536df874&tm=1752442755218&data=9GvgBs86T2fo9ly6ari8IGl8Xj8XlMMHpWrWxoVFJvY%3D&platform=car
07-13 17:39:15.221 D/TXZ     ( 5597): [ReportManager][7066/7122]connect: start
07-13 17:39:15.222 D/TXZ     ( 5597): [TXZWebSocketClient][7066/2554]onError: ex=java.net.UnknownHostException: websocket.txzing.com
07-13 17:39:15.222 D/TXZ     ( 5597): [ReportManager][7066/2554]java.net.UnknownHostException: websocket.txzing.com
07-13 17:39:15.222 D/TXZ     ( 5597): [ReportManager][7066/2554]onClose() called with: code = -1, reason = websocket.txzing.com, remote = false
07-13 17:39:15.222 D/TXZ     ( 5597): [ReportManager][7066/7122]connect: finish
07-13 17:39:15.225 D/TXZ     ( 5597): [ReportManager][7066/7122]initWebSocket: url=wss://websocket.txzing.com/junsun/index?app_id=6a3643cb81c6e92137ccc63f536df874&tm=1752442755225&data=PVG0KEwIek7TOveD1%2BUUJMpMkcfRv7xmGSQ2wUX7ElQ%3D&platform=car
07-13 17:39:15.226 D/TXZ     ( 5597): [ReportManager][7066/7122]connect: start
07-13 17:39:15.228 D/TXZ     ( 5597): [TXZWebSocketClient][7066/2555]onError: ex=java.net.UnknownHostException: websocket.txzing.com
07-13 17:39:15.228 D/TXZ     ( 5597): [ReportManager][7066/2555]java.net.UnknownHostException: websocket.txzing.com
07-13 17:39:15.228 D/TXZ     ( 5597): [ReportManager][7066/2555]onClose() called with: code = -1, reason = websocket.txzing.com, remote = false
07-13 17:39:15.228 D/TXZ     ( 5597): [ReportManager][7066/7122]connect: finish
07-13 17:39:15.228 D/TXZ     ( 5597): [ReportManager][7066/7122]initWebSocket: url=wss://websocket.txzing.com/junsun/index?app_id=6a3643cb81c6e92137ccc63f536df874&tm=1752442755227&data=c5ety7CDvhnHobkxvWviFx7JXKVyzpBYXZFk7qyH30c%3D&platform=car
07-13 17:39:15.228 D/TXZ     ( 5597): [ReportManager][7066/7122]connect: start
07-13 17:39:15.230 D/TXZ     ( 5597): [TXZWebSocketClient][7066/2556]onError: ex=java.net.UnknownHostException: websocket.txzing.com
07-13 17:39:15.230 D/TXZ     ( 5597): [ReportManager][7066/2556]java.net.UnknownHostException: websocket.txzing.com
07-13 17:39:15.231 D/TXZ     ( 5597): [ReportManager][7066/2556]onClose() called with: code = -1, reason = websocket.txzing.com, remote = false
07-13 17:39:15.231 D/TXZ     ( 5597): [ReportManager][7066/7122]connect: finish
07-13 17:39:15.231 D/TXZ     ( 5597): [ReportManager][7066/7122]initWebSocket: url=wss://websocket.txzing.com/junsun/index?app_id=6a3643cb81c6e92137ccc63f536df874&tm=1752442755230&data=KCBeAD4GPXaOwTR%2Be7A1tEVzQbK2jNrtdN%2FSu6q%2B6LU%3D&platform=car
07-13 17:39:15.231 D/TXZ     ( 5597): [ReportManager][7066/7122]connect: start
07-13 17:39:15.233 D/TXZ     ( 5597): [TXZWebSocketClient][7066/2557]onError: ex=java.net.UnknownHostException: websocket.txzing.com
07-13 17:39:15.233 D/TXZ     ( 5597): [ReportManager][7066/2557]java.net.UnknownHostException: websocket.txzing.com
07-13 17:39:15.233 D/TXZ     ( 5597): [ReportManager][7066/2557]onClose() called with: code = -1, reason = websocket.txzing.com, remote = false
07-13 17:39:15.233 D/TXZ     ( 5597): [ReportManager][7066/7122]connect: finish
07-13 17:39:15.242 D/TXZ     ( 5597): [ReportManager][7066/7122]initWebSocket: url=wss://websocket.txzing.com/junsun/index?app_id=6a3643cb81c6e92137ccc63f536df874&tm=1752442755242&data=wCyxgibamqDK49IXFWg9CTWxgvOamYglHnry66er0nY%3D&platform=car
07-13 17:39:15.243 D/TXZ     ( 5597): [ReportManager][7066/7122]connect: start
07-13 17:39:15.244 D/TXZ     ( 5597): [TXZWebSocketClient][7066/2558]onError: ex=java.net.UnknownHostException: websocket.txzing.com
07-13 17:39:15.244 D/TXZ     ( 5597): [ReportManager][7066/2558]java.net.UnknownHostException: websocket.txzing.com
07-13 17:39:15.244 D/TXZ     ( 5597): [ReportManager][7066/2558]onClose() called with: code = -1, reason = websocket.txzing.com, remote = false
07-13 17:39:15.245 D/TXZ     ( 5597): [ReportManager][7066/7122]connect: finish
07-13 17:39:15.254 D/TXZ     ( 5597): [ReportManager][7066/7122]initWebSocket: url=wss://websocket.txzing.com/junsun/index?app_id=6a3643cb81c6e92137ccc63f536df874&tm=1752442755253&data=yNuhoGikYrlveNCpj%2BLO7YuTBHnVsONuhJjLxWPNMrc%3D&platform=car
07-13 17:39:15.254 D/TXZ     ( 5597): [ReportManager][7066/7122]connect: start
07-13 17:39:15.256 D/TXZ     ( 5597): [TXZWebSocketClient][7066/2559]onError: ex=java.net.UnknownHostException: websocket.txzing.com
07-13 17:39:15.256 D/TXZ     ( 5597): [ReportManager][7066/2559]java.net.UnknownHostException: websocket.txzing.com
07-13 17:39:15.256 D/TXZ     ( 5597): [ReportManager][7066/2559]onClose() called with: code = -1, reason = websocket.txzing.com, remote = false
07-13 17:39:15.256 D/TXZ     ( 5597): [ReportManager][7066/7122]connect: finish
07-13 17:39:15.264 D/TXZ     ( 5597): [ReportManager][7066/7122]initWebSocket: url=wss://websocket.txzing.com/junsun/index?app_id=6a3643cb81c6e92137ccc63f536df874&tm=1752442755263&data=R0GaBmcclHG2UFPG19uyyFi4puf%2FiG6Mkj%2Ba1cobFYw%3D&platform=car
07-13 17:39:15.265 D/TXZ     ( 5597): [ReportManager][7066/7122]connect: start
07-13 17:39:15.267 D/TXZ     ( 5597): [TXZWebSocketClient][7066/2560]onError: ex=java.net.UnknownHostException: websocket.txzing.com
07-13 17:39:15.267 D/TXZ     ( 5597): [ReportManager][7066/2560]java.net.UnknownHostException: websocket.txzing.com
07-13 17:39:15.267 D/TXZ     ( 5597): [ReportManager][7066/2560]onClose() called with: code = -1, reason = websocket.txzing.com, remote = false
07-13 17:39:15.267 D/TXZ     ( 5597): [ReportManager][7066/7122]connect: finish
07-13 17:39:15.267 D/TXZ     ( 5597): [ReportManager][7066/7122]initWebSocket: url=wss://websocket.txzing.com/junsun/index?app_id=6a3643cb81c6e92137ccc63f536df874&tm=1752442755267&data=4s%2Bijt4pR3INCjTA39YWqg6QuMoYdr1EfrulnFBOXvc%3D&platform=car
07-13 17:39:15.271 D/TXZ     ( 5597): [ReportManager][7066/7122]connect: start
07-13 17:39:15.271 D/TXZ     ( 5597): [TXZWebSocketClient][7066/2561]onError: ex=java.net.UnknownHostException: websocket.txzing.com
07-13 17:39:15.271 D/TXZ     ( 5597): [ReportManager][7066/2561]java.net.UnknownHostException: websocket.txzing.com
07-13 17:39:15.271 D/TXZ     ( 5597): [ReportManager][7066/2561]onClose() called with: code = -1, reason = websocket.txzing.com, remote = false
07-13 17:39:15.271 D/TXZ     ( 5597): [ReportManager][7066/7122]connect: finish
07-13 17:39:15.291 D/TXZ     ( 5597): [ReportManager][7066/7122]initWebSocket: url=wss://websocket.txzing.com/junsun/index?app_id=6a3643cb81c6e92137ccc63f536df874&tm=1752442755290&data=TwaB7aRBF332728CaOJmgmDUmgjaEP5L%2FNbyecxYN40%3D&platform=car
07-13 17:39:15.291 D/TXZ     ( 5597): [ReportManager][7066/7122]connect: start
07-13 17:39:15.293 D/TXZ     ( 5597): [TXZWebSocketClient][7066/2562]onError: ex=java.net.UnknownHostException: websocket.txzing.com
07-13 17:39:15.293 D/TXZ     ( 5597): [ReportManager][7066/2562]java.net.UnknownHostException: websocket.txzing.com
07-13 17:39:15.294 D/TXZ     ( 5597): [ReportManager][7066/2562]onClose() called with: code = -1, reason = websocket.txzing.com, remote = false
07-13 17:39:15.294 D/TXZ     ( 5597): [ReportManager][7066/7122]connect: finish
07-13 17:39:15.310 D/TXZ     ( 5597): [ReportManager][7066/7122]initWebSocket: url=wss://websocket.txzing.com/junsun/index?app_id=6a3643cb81c6e92137ccc63f536df874&tm=1752442755308&data=kRpkYalK%2BdQAzcjcHGj8FOkejuwsymA2CQojntqvc94%3D&platform=car
07-13 17:39:15.310 D/TXZ     ( 5597): [ReportManager][7066/7122]connect: start
07-13 17:39:15.312 D/TXZ     ( 5597): [TXZWebSocketClient][7066/2563]onError: ex=java.net.UnknownHostException: websocket.txzing.com
07-13 17:39:15.312 D/TXZ     ( 5597): [ReportManager][7066/2563]java.net.UnknownHostException: websocket.txzing.com
07-13 17:39:15.312 D/TXZ     ( 5597): [ReportManager][7066/2563]onClose() called with: code = -1, reason = websocket.txzing.com, remote = false
07-13 17:39:15.312 D/TXZ     ( 5597): [ReportManager][7066/7122]connect: finish
07-13 17:39:15.326 D/TXZ     ( 5597): [ReportManager][7066/7122]initWebSocket: url=wss://websocket.txzing.com/junsun/index?app_id=6a3643cb81c6e92137ccc63f536df874&tm=1752442755325&data=E%2BMCoKsh7%2Bb8%2BmDFYiy95mFWGFwDTw%2FcaaqGLBefnEk%3D&platform=car
07-13 17:39:15.326 D/TXZ     ( 5597): [ReportManager][7066/7122]connect: start
07-13 17:39:15.328 D/TXZ     ( 5597): [TXZWebSocketClient][7066/2564]onError: ex=java.net.UnknownHostException: websocket.txzing.com
07-13 17:39:15.328 D/TXZ     ( 5597): [ReportManager][7066/2564]java.net.UnknownHostException: websocket.txzing.com
07-13 17:39:15.328 D/TXZ     ( 5597): [ReportManager][7066/2564]onClose() called with: code = -1, reason = websocket.txzing.com, remote = false
07-13 17:39:15.328 D/TXZ     ( 5597): [ReportManager][7066/7122]connect: finish
07-13 17:39:15.335 D/TXZ     ( 5597): [ReportManager][7066/7122]initWebSocket: url=wss://websocket.txzing.com/junsun/index?app_id=6a3643cb81c6e92137ccc63f536df874&tm=1752442755334&data=k8LFlJXFTKhkwc6IM332S88xdBli8eqYlqPOpwH8mWU%3D&platform=car
07-13 17:39:15.335 D/TXZ     ( 5597): [ReportManager][7066/7122]connect: start
07-13 17:39:15.337 D/TXZ     ( 5597): [TXZWebSocketClient][7066/2565]onError: ex=java.net.UnknownHostException: websocket.txzing.com
07-13 17:39:15.337 D/TXZ     ( 5597): [ReportManager][7066/2565]java.net.UnknownHostException: websocket.txzing.com
07-13 17:39:15.338 D/TXZ     ( 5597): [ReportManager][7066/2565]onClose() called with: code = -1, reason = websocket.txzing.com, remote = false
07-13 17:39:15.338 D/TXZ     ( 5597): [ReportManager][7066/7122]connect: finish
07-13 17:39:15.342 D/TXZ     ( 5597): [ReportManager][7066/7122]initWebSocket: url=wss://websocket.txzing.com/junsun/index?app_id=6a3643cb81c6e92137ccc63f536df874&tm=1752442755341&data=Kbhdyqr8bfRn6p4PL8m6%2FJPImSS3JIchat3Fwu6zeUM%3D&platform=car
07-13 17:39:15.343 D/TXZ     ( 5597): [ReportManager][7066/7122]connect: start
07-13 17:39:15.345 D/TXZ     ( 5597): [TXZWebSocketClient][7066/2566]onError: ex=java.net.UnknownHostException: websocket.txzing.com
07-13 17:39:15.345 D/TXZ     ( 5597): [ReportManager][7066/2566]java.net.UnknownHostException: websocket.txzing.com
07-13 17:39:15.345 D/TXZ     ( 5597): [ReportManager][7066/2566]onClose() called with: code = -1, reason = websocket.txzing.com, remote = false
07-13 17:39:15.345 D/TXZ     ( 5597): [ReportManager][7066/7122]connect: finish
07-13 17:39:15.350 I/LocationManagerService( 4123): request a90ef0 network Request[POWER_LOW network requested=+10s0ms fastest=+10s0ms] from com.txznet.weather(10065 foreground)
07-13 17:39:15.351 I/LocationManagerService( 4123): applyRequirementsLocked to network prvider.
07-13 17:39:15.353 D/AlarmManagerService( 4123): set alarm to kernel: 11340.529000000, type=3 
07-13 17:39:15.353 D/AlarmManagerService( 4123): AlarmImpl::set, type=3
07-13 17:39:15.358 D/TXZ     ( 5597): [ReportManager][7066/7122]initWebSocket: url=wss://websocket.txzing.com/junsun/index?app_id=6a3643cb81c6e92137ccc63f536df874&tm=1752442755356&data=nN1J%2B%2B1UTQoVQzbKqh5PS8wRqiRdOYeubMlLF7oJoD8%3D&platform=car
07-13 17:39:15.358 D/TXZ     ( 5597): [ReportManager][7066/7122]connect: start
07-13 17:39:15.359 V/AlarmManager( 4123): set(PendingIntent{10326b4: PendingIntentRecord{75a82dd com.google.android.gms broadcastIntent}}) : type=3 listener=null listenerTag=null triggerAtTime=11295879 win=0 tElapsed=11300886 maxElapsed=11300886 interval=0 flags=0x1
07-13 17:39:15.359 D/AlarmManagerService( 4123): set alarm to kernel: 11300.886000000, type=3 
07-13 17:39:15.359 D/AlarmManagerService( 4123): AlarmImpl::set, type=3
07-13 17:39:15.360 D/TXZ     ( 5597): [TXZWebSocketClient][7066/2567]onError: ex=java.net.UnknownHostException: websocket.txzing.com
07-13 17:39:15.361 D/TXZ     ( 5597): [ReportManager][7066/2567]java.net.UnknownHostException: websocket.txzing.com
07-13 17:39:15.361 D/TXZ     ( 5597): [ReportManager][7066/2567]onClose() called with: code = -1, reason = websocket.txzing.com, remote = false
07-13 17:39:15.361 D/TXZ     ( 5597): [ReportManager][7066/7122]connect: finish
07-13 17:39:15.362 D/AlarmManagerService( 4123): set alarm to kernel: 11340.529000000, type=3 
07-13 17:39:15.362 D/AlarmManagerService( 4123): AlarmImpl::set, type=3
07-13 17:39:15.367 V/AlarmManager( 4123): set(PendingIntent{f06ed9e: PendingIntentRecord{88d807f com.google.android.gms broadcastIntent}}) : type=3 listener=null listenerTag=null triggerAtTime=11315890 win=0 tElapsed=11315890 maxElapsed=11315890 interval=0 flags=0x1
07-13 17:39:15.367 D/AlarmManagerService( 4123): set alarm to kernel: 11315.890000000, type=3 
07-13 17:39:15.367 D/AlarmManagerService( 4123): AlarmImpl::set, type=3
07-13 17:39:15.369 I/LocationManagerService( 4123): incoming location: Location[network 41******  -74******  hAcc=100 t=1752442755363 et=+3h8m15s890ms alt=-25.399999618530273 vAcc=49 sAcc=??? bAcc=??? {Bundle[mParcelledData.dataSize=300]}]
07-13 17:39:15.369 I/LocationManagerService( 4123): incoming location: Location[network 41******  -74******  hAcc=100 t=1752442755363 et=+3h8m15s890ms alt=-25.399999618530273 vAcc=49 sAcc=??? bAcc=??? {Bundle[{noGPSLocation=Location[network 41******  -74******  hAcc=100 t=1752442755363 et=+3h8m15s890ms alt=-25.399999618530273 vAcc=49 sAcc=??? bAcc=??? {Bundle[mParcelledData.dataSize=52]}], verticalAccuracy=2.735752}]}]
07-13 17:39:15.370 D/GPS_HAL ( 3771): gps_injectLocation entry  latitude = 40.6524,longitude= -73.7572 accuracy =100.000000
07-13 17:39:15.371 D/LocationClientOfAndroid( 7691): get new location: 40.652357,-73.757157,network
07-13 17:39:15.371 D/LocationManager( 7691): update location:[-73.7571573,40.6523568]
07-13 17:39:15.379 D/TXZ     ( 5597): [ReportManager][7066/7122]initWebSocket: url=wss://websocket.txzing.com/junsun/index?app_id=6a3643cb81c6e92137ccc63f536df874&tm=1752442755378&data=sY08AEaXI6LowHWetpLhHszfoZ49eUwJaTPqgMqNPFA%3D&platform=car
07-13 17:39:15.380 D/TXZ     ( 5597): [ReportManager][7066/7122]connect: start
07-13 17:39:15.382 D/TXZ     ( 5597): [TXZWebSocketClient][7066/2568]onError: ex=java.net.UnknownHostException: websocket.txzing.com
07-13 17:39:15.382 D/TXZ     ( 5597): [ReportManager][7066/2568]java.net.UnknownHostException: websocket.txzing.com
07-13 17:39:15.383 D/TXZ     ( 5597): [ReportManager][7066/2568]onClose() called with: code = -1, reason = websocket.txzing.com, remote = false
07-13 17:39:15.383 D/TXZ     ( 5597): [ReportManager][7066/7122]connect: finish
07-13 17:39:15.383 D/TXZ     ( 5597): [ReportManager][7066/7122]initWebSocket: url=wss://websocket.txzing.com/junsun/index?app_id=6a3643cb81c6e92137ccc63f536df874&tm=1752442755382&data=AkFgipf%2Bn5nqdHo0kAulT0nJKzJ%2FRfHJgzMgbMO58Fo%3D&platform=car
07-13 17:39:15.383 D/TXZ     ( 5597): [ReportManager][7066/7122]connect: start
07-13 17:39:15.384 D/TXZ     ( 5597): [TXZWebSocketClient][7066/2569]onError: ex=java.net.UnknownHostException: websocket.txzing.com
07-13 17:39:15.385 D/TXZ     ( 5597): [ReportManager][7066/2569]java.net.UnknownHostException: websocket.txzing.com
07-13 17:39:15.385 D/TXZ     ( 5597): [ReportManager][7066/2569]onClose() called with: code = -1, reason = websocket.txzing.com, remote = false
07-13 17:39:15.385 D/TXZ     ( 5597): [ReportManager][7066/7122]connect: finish
07-13 17:39:15.386 D/TXZ     ( 5597): [ReportManager][7066/7122]initWebSocket: url=wss://websocket.txzing.com/junsun/index?app_id=6a3643cb81c6e92137ccc63f536df874&tm=1752442755385&data=XkQStbMRQOQ82p5ctxvMR95ZfHupMT5KHwdgY4IbClE%3D&platform=car
07-13 17:39:15.387 D/TXZ     ( 5597): [ReportManager][7066/7122]connect: start
07-13 17:39:15.389 D/TXZ     ( 5597): [TXZWebSocketClient][7066/2570]onError: ex=java.net.UnknownHostException: websocket.txzing.com
07-13 17:39:15.389 D/TXZ     ( 5597): [ReportManager][7066/2570]java.net.UnknownHostException: websocket.txzing.com
07-13 17:39:15.389 D/TXZ     ( 5597): [ReportManager][7066/2570]onClose() called with: code = -1, reason = websocket.txzing.com, remote = false
07-13 17:39:15.389 D/TXZ     ( 5597): [ReportManager][7066/7122]connect: finish
07-13 17:39:15.394 D/TXZ     ( 5597): [ReportManager][7066/7122]initWebSocket: url=wss://websocket.txzing.com/junsun/index?app_id=6a3643cb81c6e92137ccc63f536df874&tm=1752442755394&data=rIP8XgoXUpsv7wLgHC73LP%2B77XDuMYROSpp1gRANyPc%3D&platform=car
07-13 17:39:15.395 D/TXZ     ( 5597): [ReportManager][7066/7122]connect: start
07-13 17:39:15.396 D/TXZ     ( 5597): [TXZWebSocketClient][7066/2572]onError: ex=java.net.UnknownHostException: websocket.txzing.com
07-13 17:39:15.397 D/TXZ     ( 5597): [ReportManager][7066/2572]java.net.UnknownHostException: websocket.txzing.com
07-13 17:39:15.397 D/TXZ     ( 5597): [ReportManager][7066/2572]onClose() called with: code = -1, reason = websocket.txzing.com, remote = false
07-13 17:39:15.397 D/TXZ     ( 5597): [ReportManager][7066/7122]connect: finish
07-13 17:39:15.399 D/TXZ     ( 5597): [ReportManager][7066/7122]initWebSocket: url=wss://websocket.txzing.com/junsun/index?app_id=6a3643cb81c6e92137ccc63f536df874&tm=1752442755398&data=bCKcrK4hECBybwAi2QG7b3UOsGOIrFRLs1pgyiPPx%2Bo%3D&platform=car
07-13 17:39:15.399 D/TXZ     ( 5597): [ReportManager][7066/7122]connect: start
07-13 17:39:15.400 D/TXZ     ( 5597): [TXZWebSocketClient][7066/2573]onError: ex=java.net.UnknownHostException: websocket.txzing.com
07-13 17:39:15.400 D/TXZ     ( 5597): [ReportManager][7066/2573]java.net.UnknownHostException: websocket.txzing.com
07-13 17:39:15.400 D/TXZ     ( 5597): [ReportManager][7066/2573]onClose() called with: code = -1, reason = websocket.txzing.com, remote = false
07-13 17:39:15.401 D/TXZ     ( 5597): [ReportManager][7066/7122]connect: finish
07-13 17:39:15.401 D/TXZ     ( 5597): [ReportManager][7066/7122]initWebSocket: url=wss://websocket.txzing.com/junsun/index?app_id=6a3643cb81c6e92137ccc63f536df874&tm=1752442755400&data=cW3avOhD0n3UcvbkpBTyEG36YfA1gvKBRfAh2GQptXQ%3D&platform=car
07-13 17:39:15.401 D/TXZ     ( 5597): [ReportManager][7066/7122]connect: start
07-13 17:39:15.403 D/TXZ     ( 5597): [TXZWebSocketClient][7066/2574]onError: ex=java.net.UnknownHostException: websocket.txzing.com
07-13 17:39:15.403 D/TXZ     ( 5597): [ReportManager][7066/2574]java.net.UnknownHostException: websocket.txzing.com
07-13 17:39:15.403 D/TXZ     ( 5597): [ReportManager][7066/2574]onClose() called with: code = -1, reason = websocket.txzing.com, remote = false
07-13 17:39:15.403 D/TXZ     ( 5597): [ReportManager][7066/7122]connect: finish
07-13 17:39:15.425 D/TXZ     ( 5597): [ReportManager][7066/7122]initWebSocket: url=wss://websocket.txzing.com/junsun/index?app_id=6a3643cb81c6e92137ccc63f536df874&tm=1752442755424&data=YawJgldgC%2Bbr0G3BYcSmCGFQTEDx3kutl%2BmF5PGeh%2BY%3D&platform=car
07-13 17:39:15.425 D/TXZ     ( 5597): [ReportManager][7066/7122]connect: start
07-13 17:39:15.427 D/TXZ     ( 5597): [TXZWebSocketClient][7066/2575]onError: ex=java.net.UnknownHostException: websocket.txzing.com
07-13 17:39:15.427 D/TXZ     ( 5597): [ReportManager][7066/2575]java.net.UnknownHostException: websocket.txzing.com
07-13 17:39:15.427 D/TXZ     ( 5597): [ReportManager][7066/2575]onClose() called with: code = -1, reason = websocket.txzing.com, remote = false
07-13 17:39:15.427 D/TXZ     ( 5597): [ReportManager][7066/7122]connect: finish
07-13 17:39:15.428 D/TXZ     ( 5597): [ReportManager][7066/7122]initWebSocket: url=wss://websocket.txzing.com/junsun/index?app_id=6a3643cb81c6e92137ccc63f536df874&tm=1752442755427&data=kFV6EduuOMsOBzaPrlnHGxr0fMvI0flYOtpmMqMhPXA%3D&platform=car
07-13 17:39:15.428 D/TXZ     ( 5597): [ReportManager][7066/7122]connect: start
07-13 17:39:15.429 D/TXZ     ( 5597): [TXZWebSocketClient][7066/2576]onError: ex=java.net.UnknownHostException: websocket.txzing.com
07-13 17:39:15.430 D/TXZ     ( 5597): [ReportManager][7066/2576]java.net.UnknownHostException: websocket.txzing.com
07-13 17:39:15.430 D/TXZ     ( 5597): [ReportManager][7066/2576]onClose() called with: code = -1, reason = websocket.txzing.com, remote = false
07-13 17:39:15.430 D/TXZ     ( 5597): [ReportManager][7066/7122]connect: finish
07-13 17:39:15.514 D/TXZ     ( 5597): [ReportManager][7066/7122]initWebSocket: url=wss://websocket.txzing.com/junsun/index?app_id=6a3643cb81c6e92137ccc63f536df874&tm=1752442755513&data=6hlWVHn1ai6ygmrcOcW9SHuL8TwS06pQDXNHjCAOZbI%3D&platform=car
07-13 17:39:15.515 D/TXZ     ( 5597): [ReportManager][7066/7122]connect: start
07-13 17:39:15.517 D/TXZ     ( 5597): [TXZWebSocketClient][7066/2577]onError: ex=java.net.UnknownHostException: websocket.txzing.com
07-13 17:39:15.517 D/TXZ     ( 5597): [ReportManager][7066/2577]java.net.UnknownHostException: websocket.txzing.com
07-13 17:39:15.517 D/TXZ     ( 5597): [ReportManager][7066/2577]onClose() called with: code = -1, reason = websocket.txzing.com, remote = false
07-13 17:39:15.517 D/TXZ     ( 5597): [ReportManager][7066/7122]connect: finish
07-13 17:39:15.617 I/QFApi   ( 6445): getCustomPlatform - customPlatform: 7862
07-13 17:39:15.725 D/LongConnectManager( 5597): getSign: sb=1324694101380b71caa0005d6c97fcedae32d868e4da260c717524427557256a3643cb81c6e92137ccc63f536df874abroad
07-13 17:39:15.725 D/com.txznet.longconnection.a@b( 5597): LongConnectManager::initWebSocket: url=wss://tsp.txzing.com/api/conn/ws?appId=6a3643cb81c6e92137ccc63f536df874&uid=132469410&timeStamp=1752442755725&vin=&app=abroad&sign=D4F60A51795B9B610A91618092A0818520622CC9
07-13 17:39:15.726 D/LongConnectManager( 5597): initWebSocket: connecting
07-13 17:39:15.727 D/Netd    ( 3473): app_netid:0x65 app_mark:0x65 dns_netid:0x65 dns_mark:0xf0065 uid:10127
07-13 17:39:15.729 E/TXZWebSocketClient( 5597): onError: ex=java.net.UnknownHostException: tsp.txzing.com
07-13 17:39:15.730 E/LongConnectManager( 5597): onError: ex=java.net.UnknownHostException: tsp.txzing.com
07-13 17:39:15.730 E/LongConnectManager( 5597): java.net.UnknownHostException: tsp.txzing.com
07-13 17:39:15.730 E/LongConnectManager( 5597): 	at java.net.AbstractPlainSocketImpl.connect(AbstractPlainSocketImpl.java:208)
07-13 17:39:15.730 E/LongConnectManager( 5597): 	at java.net.Socket.connect(Socket.java:621)
07-13 17:39:15.730 E/LongConnectManager( 5597): 	at org.b.a.a.run(Proguard:395)
07-13 17:39:15.730 E/LongConnectManager( 5597): 	at java.lang.Thread.run(Thread.java:919)
07-13 17:39:15.730 D/LongConnectManager( 5597): onClose: code=-1, reason=tsp.txzing.com, remote=false
07-13 17:39:15.739 D/TXZ     ( 5597): [ReportManager][7066/7122]initWebSocket: url=wss://websocket.txzing.com/junsun/index?app_id=6a3643cb81c6e92137ccc63f536df874&tm=1752442755739&data=vP%2FZ4Vi%2Fp0Gj5b%2FylEKIhtmKBk16n%2B8l97%2BvV%2BgJcY0%3D&platform=car
07-13 17:39:15.740 D/TXZ     ( 5597): [ReportManager][7066/7122]connect: start
07-13 17:39:15.741 D/TXZ     ( 5597): [TXZWebSocketClient][7066/2585]onError: ex=java.net.UnknownHostException: websocket.txzing.com
07-13 17:39:15.741 D/TXZ     ( 5597): [ReportManager][7066/2585]java.net.UnknownHostException: websocket.txzing.com
07-13 17:39:15.741 D/TXZ     ( 5597): [ReportManager][7066/2585]onClose() called with: code = -1, reason = websocket.txzing.com, remote = false
07-13 17:39:15.741 D/TXZ     ( 5597): [ReportManager][7066/7122]connect: finish
07-13 17:39:15.757 I/Tpms3   (10574): mDataCheckTimer startDataTime:-1;datTime:1752442755
07-13 17:39:15.838 D/TXZ     ( 5597): [ReportManager][7066/7122]initWebSocket: url=wss://websocket.txzing.com/junsun/index?app_id=6a3643cb81c6e92137ccc63f536df874&tm=1752442755836&data=%2B9FsscdGWLe8d3X6ydD2Vw4RlqCeNoN0kN%2FpfviDcng%3D&platform=car
07-13 17:39:15.838 D/TXZ     ( 5597): [ReportManager][7066/7122]connect: start
07-13 17:39:15.840 D/TXZ     ( 5597): [TXZWebSocketClient][7066/2586]onError: ex=java.net.UnknownHostException: websocket.txzing.com
07-13 17:39:15.840 D/TXZ     ( 5597): [ReportManager][7066/2586]java.net.UnknownHostException: websocket.txzing.com
07-13 17:39:15.840 D/TXZ     ( 5597): [ReportManager][7066/2586]onClose() called with: code = -1, reason = websocket.txzing.com, remote = false
07-13 17:39:15.840 D/TXZ     ( 5597): [ReportManager][7066/7122]connect: finish
07-13 17:39:15.939 D/TXZ     ( 5597): [ReportManager][7066/7122]initWebSocket: url=wss://websocket.txzing.com/junsun/index?app_id=6a3643cb81c6e92137ccc63f536df874&tm=1752442755938&data=hDXcTk9gSCIMURbKxi7TbhL4hto16wlZ%2FeAZ9dPEys4%3D&platform=car
07-13 17:39:15.940 D/TXZ     ( 5597): [ReportManager][7066/7122]connect: start
07-13 17:39:15.942 D/TXZ     ( 5597): [TXZWebSocketClient][7066/2587]onError: ex=java.net.UnknownHostException: websocket.txzing.com
07-13 17:39:15.942 D/TXZ     ( 5597): [ReportManager][7066/2587]java.net.UnknownHostException: websocket.txzing.com
07-13 17:39:15.942 D/TXZ     ( 5597): [ReportManager][7066/2587]onClose() called with: code = -1, reason = websocket.txzing.com, remote = false
07-13 17:39:15.942 D/TXZ     ( 5597): [ReportManager][7066/7122]connect: finish
07-13 17:39:15.944 I/mcu_services( 5451): readInBuf:[ff fe fd 03 01 29 81 a9 ff ]
07-13 17:39:15.944 E/mcu_services( 5451): MCU2APP : [ff fe fd 03 01 29 81 a9 ff ]
07-13 17:39:15.945 D/mcu_services( 5451): processResponse - length: 3 - type: 1 - control: 29
07-13 17:39:15.945 D/mcu_services( 5451): dispatchToClients - cmdId: 41 - data : [29 81 ]
07-13 17:39:15.945 D/callback( 5451): callMcuInfoChanged: 29 81 
07-13 17:39:15.948 W/ContextImpl( 6445): Calling a method in the system process without a qualified user: android.app.ContextImpl.sendBroadcast:1045 android.content.ContextWrapper.sendBroadcast:448 com.qf.carsettings.service.CarSettingService$4.onMcuInfoChanged:670 android.qf.mcu.McuManager$ListenerTransport._handleMessage:106 android.qf.mcu.McuManager$ListenerTransport.access$700:72 
07-13 17:39:15.946 D/callback( 5451): callMcuInfoChanged: 29 81 
07-13 17:39:15.952 D/TxzAccessibilityService( 5597): onAccessibilityEvent: event=EventType: TYPE_WINDOW_CONTENT_CHANGED; EventTime: 11296478; PackageName: com.android.systemui; MovementGranularity: 0; Action: 0; ContentChangeTypes: [CONTENT_CHANGE_TYPE_TEXT]; WindowChangeTypes: [] [ ClassName: android.widget.TextView; Text: []; ContentDescription: null; ItemCount: -1; CurrentItemIndex: -1; Enabled: true; Password: false; Checked: false; FullScreen: false; Scrollable: false; BeforeText: null; FromIndex: -1; ToIndex: -1; ScrollX: -1; ScrollY: -1; MaxScrollX: -1; MaxScrollY: -1; AddedCount: -1; RemovedCount: -1; ParcelableData: null ]; recordCount: 1
07-13 17:39:15.952 D/TxzAccessibilityService( 5597): skip com.android.systemui
07-13 17:39:16.000 D/GnssHAL_V_GnssUtil( 3771): convertToGnssLocation_2_0: enter
07-13 17:39:16.000 D/GnssHAL_V_GnssUtil( 3771): convertToGnssLocation_2_0: latitudeDegrees:40.652482, longitudeDegrees: -73.757018, elapsedRealtime.flags:0, elapsedRealtime.timestampNs: 0, elapsedRealtime.timeUncertaintyNs: 0
07-13 17:39:16.007 I/LocationManagerService( 4123): incoming location: Location[gps 41******  -74******  hAcc=4 t=1752442756000 et=+3h8m16s527ms alt=-15.082 vel=0.0 bear=150.222 vAcc=11 sAcc=0 bAcc=45 {Bundle[{satellites=14, maxCn0=48, meanCn0=39}]}]
07-13 17:39:16.007 I/LocationManagerService( 4123): incoming location: Location[gps 41******  -74******  hAcc=4 t=1752442756000 et=+3h8m16s527ms alt=-15.082 vel=0.0 bear=150.222 vAcc=11 sAcc=0 bAcc=45 {Bundle[{satellites=14, maxCn0=48, meanCn0=39}]}]
