07-13 17:39:20.324 D/TXZ     ( 5597): [ReportManager][7066/7122]initWebSocket: url=wss://websocket.txzing.com/junsun/index?app_id=6a3643cb81c6e92137ccc63f536df874&tm=1752442760323&data=NjHqsY9JU5yPh9vhOri1knRhSZK8crAaYbYE7l4Q5oA%3D&platform=car
07-13 17:39:20.325 D/TXZ     ( 5597): [ReportManager][7066/7122]connect: start
07-13 17:39:20.326 D/TXZ     ( 5597): [TXZWebSocketClient][7066/2865]onError: ex=java.net.UnknownHostException: websocket.txzing.com
07-13 17:39:20.326 D/TXZ     ( 5597): [ReportManager][7066/2865]java.net.UnknownHostException: websocket.txzing.com
07-13 17:39:20.327 D/TXZ     ( 5597): [ReportManager][7066/2865]onClose() called with: code = -1, reason = websocket.txzing.com, remote = false
07-13 17:39:20.327 D/TXZ     ( 5597): [ReportManager][7066/7122]connect: finish
07-13 17:39:20.341 D/TXZ     ( 5597): [ReportManager][7066/7122]initWebSocket: url=wss://websocket.txzing.com/junsun/index?app_id=6a3643cb81c6e92137ccc63f536df874&tm=1752442760340&data=JXKfvMcOeYo7EWFRGBTuhc2gIVceJ3ADRAXU9NjxcZo%3D&platform=car
07-13 17:39:20.341 D/TXZ     ( 5597): [ReportManager][7066/7122]connect: start
07-13 17:39:20.342 D/TXZ     ( 5597): [TXZWebSocketClient][7066/2866]onError: ex=java.net.UnknownHostException: websocket.txzing.com
07-13 17:39:20.342 D/TXZ     ( 5597): [ReportManager][7066/2866]java.net.UnknownHostException: websocket.txzing.com
07-13 17:39:20.343 D/TXZ     ( 5597): [ReportManager][7066/2866]onClose() called with: code = -1, reason = websocket.txzing.com, remote = false
07-13 17:39:20.343 D/TXZ     ( 5597): [ReportManager][7066/7122]connect: finish
07-13 17:39:20.349 D/TXZ     ( 5597): [ReportManager][7066/7122]initWebSocket: url=wss://websocket.txzing.com/junsun/index?app_id=6a3643cb81c6e92137ccc63f536df874&tm=1752442760348&data=csI74njQNaK1U%2BXaQE5%2F7mDN55KU7p5jn%2FFgXDje35Y%3D&platform=car
07-13 17:39:20.349 D/TXZ     ( 5597): [ReportManager][7066/7122]connect: start
07-13 17:39:20.351 D/TXZ     ( 5597): [TXZWebSocketClient][7066/2867]onError: ex=java.net.UnknownHostException: websocket.txzing.com
07-13 17:39:20.351 D/TXZ     ( 5597): [ReportManager][7066/2867]java.net.UnknownHostException: websocket.txzing.com
07-13 17:39:20.351 D/TXZ     ( 5597): [ReportManager][7066/2867]onClose() called with: code = -1, reason = websocket.txzing.com, remote = false
07-13 17:39:20.352 D/TXZ     ( 5597): [ReportManager][7066/7122]connect: finish
07-13 17:39:20.358 D/TXZ     ( 5597): [ReportManager][7066/7122]initWebSocket: url=wss://websocket.txzing.com/junsun/index?app_id=6a3643cb81c6e92137ccc63f536df874&tm=1752442760357&data=Zyi2cNJQtyCsY6yjBWgx48DE8fMYujOox2PqJ3xaAV0%3D&platform=car
07-13 17:39:20.358 D/TXZ     ( 5597): [ReportManager][7066/7122]connect: start
07-13 17:39:20.359 D/TXZ     ( 5597): [TXZWebSocketClient][7066/2868]onError: ex=java.net.UnknownHostException: websocket.txzing.com
07-13 17:39:20.360 D/TXZ     ( 5597): [ReportManager][7066/2868]java.net.UnknownHostException: websocket.txzing.com
07-13 17:39:20.360 D/TXZ     ( 5597): [ReportManager][7066/2868]onClose() called with: code = -1, reason = websocket.txzing.com, remote = false
07-13 17:39:20.360 D/TXZ     ( 5597): [ReportManager][7066/7122]connect: finish
07-13 17:39:20.373 D/TXZ     ( 5597): [ReportManager][7066/7122]initWebSocket: url=wss://websocket.txzing.com/junsun/index?app_id=6a3643cb81c6e92137ccc63f536df874&tm=1752442760372&data=vxQp28p07PNdQyCaFRuYw2fM3d2q%2F5XVRdVSAOiAes4%3D&platform=car
07-13 17:39:20.374 D/TXZ     ( 5597): [ReportManager][7066/7122]connect: start
07-13 17:39:20.375 D/TXZ     ( 5597): [TXZWebSocketClient][7066/2869]onError: ex=java.net.UnknownHostException: websocket.txzing.com
07-13 17:39:20.376 D/TXZ     ( 5597): [ReportManager][7066/2869]java.net.UnknownHostException: websocket.txzing.com
07-13 17:39:20.376 D/TXZ     ( 5597): [ReportManager][7066/2869]onClose() called with: code = -1, reason = websocket.txzing.com, remote = false
07-13 17:39:20.376 D/TXZ     ( 5597): [ReportManager][7066/7122]connect: finish
07-13 17:39:20.395 D/TXZ     ( 5597): [ReportManager][7066/7122]initWebSocket: url=wss://websocket.txzing.com/junsun/index?app_id=6a3643cb81c6e92137ccc63f536df874&tm=1752442760394&data=tcJiFdFtciufxWPLj8%2F4Gh85E7ZjNXap07CFrZ9x7Xw%3D&platform=car
07-13 17:39:20.395 D/TXZ     ( 5597): [ReportManager][7066/7122]connect: start
07-13 17:39:20.397 D/TXZ     ( 5597): [TXZWebSocketClient][7066/2870]onError: ex=java.net.UnknownHostException: websocket.txzing.com
07-13 17:39:20.397 D/TXZ     ( 5597): [ReportManager][7066/2870]java.net.UnknownHostException: websocket.txzing.com
07-13 17:39:20.397 D/TXZ     ( 5597): [ReportManager][7066/2870]onClose() called with: code = -1, reason = websocket.txzing.com, remote = false
07-13 17:39:20.397 D/TXZ     ( 5597): [ReportManager][7066/7122]connect: finish
07-13 17:39:20.397 D/TXZ     ( 5597): [ReportManager][7066/7122]initWebSocket: url=wss://websocket.txzing.com/junsun/index?app_id=6a3643cb81c6e92137ccc63f536df874&tm=1752442760397&data=Ch6SE8sQcF8sljrYybuAie0%2FI5cUt3ZOAnCqQiGqexM%3D&platform=car
07-13 17:39:20.398 D/TXZ     ( 5597): [ReportManager][7066/7122]connect: start
07-13 17:39:20.400 D/TXZ     ( 5597): [TXZWebSocketClient][7066/2871]onError: ex=java.net.UnknownHostException: websocket.txzing.com
07-13 17:39:20.400 D/TXZ     ( 5597): [ReportManager][7066/2871]java.net.UnknownHostException: websocket.txzing.com
07-13 17:39:20.400 D/TXZ     ( 5597): [ReportManager][7066/2871]onClose() called with: code = -1, reason = websocket.txzing.com, remote = false
07-13 17:39:20.400 D/TXZ     ( 5597): [ReportManager][7066/7122]connect: finish
07-13 17:39:20.402 D/TXZ     ( 5597): [ReportManager][7066/7122]initWebSocket: url=wss://websocket.txzing.com/junsun/index?app_id=6a3643cb81c6e92137ccc63f536df874&tm=1752442760401&data=CogM2fc%2BH0ppR7bBXyOt%2Bls23v%2Bg4RmpfZogac287AI%3D&platform=car
07-13 17:39:20.402 D/TXZ     ( 5597): [ReportManager][7066/7122]connect: start
07-13 17:39:20.404 D/TXZ     ( 5597): [TXZWebSocketClient][7066/2872]onError: ex=java.net.UnknownHostException: websocket.txzing.com
07-13 17:39:20.404 D/TXZ     ( 5597): [ReportManager][7066/2872]java.net.UnknownHostException: websocket.txzing.com
07-13 17:39:20.404 D/TXZ     ( 5597): [ReportManager][7066/2872]onClose() called with: code = -1, reason = websocket.txzing.com, remote = false
07-13 17:39:20.404 D/TXZ     ( 5597): [ReportManager][7066/7122]connect: finish
07-13 17:39:20.410 D/TXZ     ( 5597): [ReportManager][7066/7122]initWebSocket: url=wss://websocket.txzing.com/junsun/index?app_id=6a3643cb81c6e92137ccc63f536df874&tm=1752442760409&data=db2wllThiKg9kHm0taK5g96uPdeTi9p4lpuN4MxC7qc%3D&platform=car
07-13 17:39:20.410 D/TXZ     ( 5597): [ReportManager][7066/7122]connect: start
07-13 17:39:20.412 D/TXZ     ( 5597): [TXZWebSocketClient][7066/2873]onError: ex=java.net.UnknownHostException: websocket.txzing.com
07-13 17:39:20.412 D/TXZ     ( 5597): [ReportManager][7066/2873]java.net.UnknownHostException: websocket.txzing.com
07-13 17:39:20.413 D/TXZ     ( 5597): [ReportManager][7066/2873]onClose() called with: code = -1, reason = websocket.txzing.com, remote = false
07-13 17:39:20.413 D/TXZ     ( 5597): [ReportManager][7066/7122]connect: finish
07-13 17:39:20.413 D/TXZ     ( 5597): [ReportManager][7066/7122]initWebSocket: url=wss://websocket.txzing.com/junsun/index?app_id=6a3643cb81c6e92137ccc63f536df874&tm=1752442760412&data=3%2BNmyCPgsdhCtjkXWCZx95w%2FmqKw4RNaHy%2B6y0SFQ3U%3D&platform=car
07-13 17:39:20.413 D/TXZ     ( 5597): [ReportManager][7066/7122]connect: start
07-13 17:39:20.415 D/TXZ     ( 5597): [TXZWebSocketClient][7066/2874]onError: ex=java.net.UnknownHostException: websocket.txzing.com
07-13 17:39:20.415 D/TXZ     ( 5597): [ReportManager][7066/2874]java.net.UnknownHostException: websocket.txzing.com
07-13 17:39:20.415 D/TXZ     ( 5597): [ReportManager][7066/2874]onClose() called with: code = -1, reason = websocket.txzing.com, remote = false
07-13 17:39:20.415 D/TXZ     ( 5597): [ReportManager][7066/7122]connect: finish
07-13 17:39:20.416 D/TXZ     ( 5597): [ReportManager][7066/7122]initWebSocket: url=wss://websocket.txzing.com/junsun/index?app_id=6a3643cb81c6e92137ccc63f536df874&tm=1752442760416&data=b%2BNfqduIwA9mJBca3atr1HUtifxC2GDQVJ6T4whYWbs%3D&platform=car
07-13 17:39:20.416 D/TXZ     ( 5597): [ReportManager][7066/7122]connect: start
07-13 17:39:20.418 D/TXZ     ( 5597): [TXZWebSocketClient][7066/2875]onError: ex=java.net.UnknownHostException: websocket.txzing.com
07-13 17:39:20.418 D/TXZ     ( 5597): [ReportManager][7066/2875]java.net.UnknownHostException: websocket.txzing.com
07-13 17:39:20.418 D/TXZ     ( 5597): [ReportManager][7066/2875]onClose() called with: code = -1, reason = websocket.txzing.com, remote = false
07-13 17:39:20.418 D/TXZ     ( 5597): [ReportManager][7066/7122]connect: finish
07-13 17:39:20.439 D/TXZ     ( 5597): [ReportManager][7066/7122]initWebSocket: url=wss://websocket.txzing.com/junsun/index?app_id=6a3643cb81c6e92137ccc63f536df874&tm=1752442760438&data=%2BcIAfWpKhKIYRIe9iAlVpq93ZzTdBnPx4ZGuNwevLQw%3D&platform=car
07-13 17:39:20.439 D/TXZ     ( 5597): [ReportManager][7066/7122]connect: start
07-13 17:39:20.442 D/TXZ     ( 5597): [TXZWebSocketClient][7066/2876]onError: ex=java.net.UnknownHostException: websocket.txzing.com
07-13 17:39:20.442 D/TXZ     ( 5597): [ReportManager][7066/2876]java.net.UnknownHostException: websocket.txzing.com
07-13 17:39:20.442 D/TXZ     ( 5597): [ReportManager][7066/2876]onClose() called with: code = -1, reason = websocket.txzing.com, remote = false
07-13 17:39:20.443 D/TXZ     ( 5597): [ReportManager][7066/7122]connect: finish
07-13 17:39:20.443 D/TXZ     ( 5597): [ReportManager][7066/7122]initWebSocket: url=wss://websocket.txzing.com/junsun/index?app_id=6a3643cb81c6e92137ccc63f536df874&tm=1752442760442&data=6SVdy2pmjBhjMaB3DDYBPwY%2FUFwZNxixzyVDaAmhgOo%3D&platform=car
07-13 17:39:20.443 D/TXZ     ( 5597): [ReportManager][7066/7122]connect: start
07-13 17:39:20.444 D/TXZ     ( 5597): [TXZWebSocketClient][7066/2877]onError: ex=java.net.UnknownHostException: websocket.txzing.com
07-13 17:39:20.444 D/TXZ     ( 5597): [ReportManager][7066/2877]java.net.UnknownHostException: websocket.txzing.com
07-13 17:39:20.444 D/TXZ     ( 5597): [ReportManager][7066/2877]onClose() called with: code = -1, reason = websocket.txzing.com, remote = false
07-13 17:39:20.444 D/TXZ     ( 5597): [ReportManager][7066/7122]connect: finish
07-13 17:39:20.530 D/TXZ     ( 5597): [ReportManager][7066/7122]initWebSocket: url=wss://websocket.txzing.com/junsun/index?app_id=6a3643cb81c6e92137ccc63f536df874&tm=1752442760529&data=yp7HsC%2B%2FTVvrcCwGCKOKPdZWh6PXDA3bTuLxvv5EET8%3D&platform=car
07-13 17:39:20.530 D/TXZ     ( 5597): [ReportManager][7066/7122]connect: start
07-13 17:39:20.532 D/TXZ     ( 5597): [TXZWebSocketClient][7066/2878]onError: ex=java.net.UnknownHostException: websocket.txzing.com
07-13 17:39:20.532 D/TXZ     ( 5597): [ReportManager][7066/2878]java.net.UnknownHostException: websocket.txzing.com
07-13 17:39:20.532 D/TXZ     ( 5597): [ReportManager][7066/2878]onClose() called with: code = -1, reason = websocket.txzing.com, remote = false
07-13 17:39:20.532 D/TXZ     ( 5597): [ReportManager][7066/7122]connect: finish
07-13 17:39:20.620 D/StatusBarSignalPolicy( 4656): updateWifiIconWithState state : WifiIconState(resId=2131231542, visible=true)
07-13 17:39:20.634 I/QFApi   ( 6445): getCustomPlatform - customPlatform: 7862
07-13 17:39:20.723 D/TxzAccessibilityService( 5597): onAccessibilityEvent: event=EventType: TYPE_WINDOW_CONTENT_CHANGED; EventTime: 11301248; PackageName: com.android.systemui; MovementGranularity: 0; Action: 0; ContentChangeTypes: [CONTENT_CHANGE_TYPE_SUBTREE]; WindowChangeTypes: [] [ ClassName: android.widget.FrameLayout; Text: []; ContentDescription: null; ItemCount: -1; CurrentItemIndex: -1; Enabled: true; Password: false; Checked: false; FullScreen: false; Scrollable: false; BeforeText: null; FromIndex: -1; ToIndex: -1; ScrollX: -1; ScrollY: -1; MaxScrollX: -1; MaxScrollY: -1; AddedCount: -1; RemovedCount: -1; ParcelableData: null ]; recordCount: 0
07-13 17:39:20.723 D/TxzAccessibilityService( 5597): skip com.android.systemui
07-13 17:39:20.732 D/LongConnectManager( 5597): getSign: sb=1324694101380b71caa0005d6c97fcedae32d868e4da260c717524427607326a3643cb81c6e92137ccc63f536df874abroad
07-13 17:39:20.733 D/com.txznet.longconnection.a@b( 5597): LongConnectManager::initWebSocket: url=wss://tsp.txzing.com/api/conn/ws?appId=6a3643cb81c6e92137ccc63f536df874&uid=132469410&timeStamp=1752442760732&vin=&app=abroad&sign=0805A62DF736A6C76FD2531D8C844E74BCE4B8D0
07-13 17:39:20.734 D/LongConnectManager( 5597): initWebSocket: connecting
07-13 17:39:20.735 D/Netd    ( 3473): app_netid:0x65 app_mark:0x65 dns_netid:0x65 dns_mark:0xf0065 uid:10127
07-13 17:39:20.738 E/TXZWebSocketClient( 5597): onError: ex=java.net.UnknownHostException: tsp.txzing.com
07-13 17:39:20.738 E/LongConnectManager( 5597): onError: ex=java.net.UnknownHostException: tsp.txzing.com
07-13 17:39:20.738 E/LongConnectManager( 5597): java.net.UnknownHostException: tsp.txzing.com
07-13 17:39:20.738 E/LongConnectManager( 5597): 	at java.net.AbstractPlainSocketImpl.connect(AbstractPlainSocketImpl.java:208)
07-13 17:39:20.738 E/LongConnectManager( 5597): 	at java.net.Socket.connect(Socket.java:621)
07-13 17:39:20.738 E/LongConnectManager( 5597): 	at org.b.a.a.run(Proguard:395)
07-13 17:39:20.738 E/LongConnectManager( 5597): 	at java.lang.Thread.run(Thread.java:919)
07-13 17:39:20.738 D/LongConnectManager( 5597): onClose: code=-1, reason=tsp.txzing.com, remote=false
07-13 17:39:20.756 D/TXZ     ( 5597): [ReportManager][7066/7122]initWebSocket: url=wss://websocket.txzing.com/junsun/index?app_id=6a3643cb81c6e92137ccc63f536df874&tm=1752442760754&data=7i%2FO27dPgsOugYOPzkWYuOYRIUjXnQcxQo6flGzSpCA%3D&platform=car
07-13 17:39:20.756 D/TXZ     ( 5597): [ReportManager][7066/7122]connect: start
07-13 17:39:20.762 D/TXZ     ( 5597): [TXZWebSocketClient][7066/2887]onError: ex=java.net.UnknownHostException: websocket.txzing.com
07-13 17:39:20.762 D/TXZ     ( 5597): [ReportManager][7066/2887]java.net.UnknownHostException: websocket.txzing.com
07-13 17:39:20.762 D/TXZ     ( 5597): [ReportManager][7066/2887]onClose() called with: code = -1, reason = websocket.txzing.com, remote = false
07-13 17:39:20.762 D/TXZ     ( 5597): [ReportManager][7066/7122]connect: finish
07-13 17:39:20.793 D/TXZ     ( 5597): [TXZ][5726/5726]sIsLoadFile = false, sIsLoadRemote = false
07-13 17:39:20.793 D/TXZ     ( 5597): [AppLogicUtil][5726/5726]updateResourceConfig: configuration not changed
07-13 17:39:20.793 D/TXZ     ( 5597): [TXZ][5726/5726]getRemoteAssetsData:model/com.txznet.smartadapter.cfg
07-13 17:39:20.793 D/TXZ     ( 5597): [AssetsUtil][5726/5726]model/com.txznet.smartadapter.cfg not exists
07-13 17:39:20.794 D/TXZ     ( 5597): [AssetsUtil][5726/5726]model/com.txznet.smartadapter.cfg not exists
07-13 17:39:20.814 D/btopt   ( 3755): zlink wake_up_apk_server: cmd = 'export PATH=$PATH:/system/bin/;am broadcast -a "zjinnova.android.intent.action.START_DAEMON_SERVICE" --include-stopped-packages "com.zjinnova.zlink"&'
07-13 17:39:20.854 D/TXZ     ( 5597): [ReportManager][7066/7122]initWebSocket: url=wss://websocket.txzing.com/junsun/index?app_id=6a3643cb81c6e92137ccc63f536df874&tm=1752442760854&data=pIEBZHuq0DSxqv%2BS1LJCP6DkPfVyN7wMpAcL4meB%2BUg%3D&platform=car
07-13 17:39:20.855 D/TXZ     ( 5597): [ReportManager][7066/7122]connect: start
07-13 17:39:20.856 D/TXZ     ( 5597): [TXZWebSocketClient][7066/2892]onError: ex=java.net.UnknownHostException: websocket.txzing.com
07-13 17:39:20.857 D/TXZ     ( 5597): [ReportManager][7066/2892]java.net.UnknownHostException: websocket.txzing.com
07-13 17:39:20.857 V/ActivityManagerShellCommand( 4123): Received onCommand broadcast callUid=0 callpid=2891
07-13 17:39:20.857 D/TXZ     ( 5597): [ReportManager][7066/2892]onClose() called with: code = -1, reason = websocket.txzing.com, remote = false
07-13 17:39:20.857 D/TXZ     ( 5597): [ReportManager][7066/7122]connect: finish
07-13 17:39:20.945 I/adbd    ( 5248): Tianyuan Current sh name:am start -n com.serenegiant.usbcameratest8/.MainActivity
07-13 17:39:20.955 D/TXZ     ( 5597): [ReportManager][7066/7122]initWebSocket: url=wss://websocket.txzing.com/junsun/index?app_id=6a3643cb81c6e92137ccc63f536df874&tm=1752442760954&data=WRoK7Eo8mKmG%2F4jk%2FDdKy3Wghw%2BvRUCyX01G5dlZXhA%3D&platform=car
07-13 17:39:20.955 D/TXZ     ( 5597): [ReportManager][7066/7122]connect: start
07-13 17:39:20.957 D/TXZ     ( 5597): [TXZWebSocketClient][7066/2897]onError: ex=java.net.UnknownHostException: websocket.txzing.com
07-13 17:39:20.957 D/TXZ     ( 5597): [ReportManager][7066/2897]java.net.UnknownHostException: websocket.txzing.com
07-13 17:39:20.957 D/TXZ     ( 5597): [ReportManager][7066/2897]onClose() called with: code = -1, reason = websocket.txzing.com, remote = false
07-13 17:39:20.958 D/TXZ     ( 5597): [ReportManager][7066/7122]connect: finish
07-13 17:39:20.991 V/ActivityManagerShellCommand( 4123): Received onCommand start callUid=0 callpid=2898
07-13 17:39:20.991 I/ActivityTaskManager( 4123): execute - ComponentName: ComponentInfo{com.serenegiant.usbcameratest8/com.serenegiant.usbcameratest8.MainActivity} - mService: com.android.server.wm.ActivityTaskManagerService@48e6255 - callingPackage: null - caller: null
07-13 17:39:20.991 I/ActivityTaskManager( 4123): START u0 {flg=0x10000000 cmp=com.serenegiant.usbcameratest8/.MainActivity} from uid 0, pid 2898
07-13 17:39:20.991 D/PowerController.BgClean( 4123): judgeAppLaunchAllowed : com.serenegiant.usbcameratest8(uid:10246), callingPackage = null(uid:0), reason = start-activity
07-13 17:39:20.991 D/PowerController.BgClean( 4123): judgeAppLaunchAllowed : intent action:Intent { flg=0x10000000 cmp=com.serenegiant.usbcameratest8/.MainActivity }
07-13 17:39:21.004 D/PowerHAL( 3546): ###Enter launch scene bgn###
07-13 17:39:21.004 D/PowerHAL( 3546): Enter common_set_for_release_when_close: enable:1, duration: 0, /dev/cluster0_freq_max: 1BC560
07-13 17:39:21.004 D/PowerHAL( 3546): Set /dev/cluster0_freq_max: 1BC560
07-13 17:39:21.004 D/PowerHAL( 3546): Enter common_set_for_release_when_close: enable:1, duration: 0, /dev/cluster0_freq_min: 1BC560
07-13 17:39:21.004 D/PowerHAL( 3546): Set /dev/cluster0_freq_min: 1BC560
07-13 17:39:21.005 D/PowerHAL( 3546): Enter common_set_for_release_when_close: enable:1, duration: 0, /dev/cluster1_freq_max: 1EF1E0
07-13 17:39:21.005 D/PowerHAL( 3546): Set /dev/cluster1_freq_max: 1EF1E0
07-13 17:39:21.005 D/PowerHAL( 3546): Enter common_set_for_release_when_close: enable:1, duration: 0, /dev/cluster1_freq_min: 1EF1E0
07-13 17:39:21.005 D/PowerHAL( 3546): Set /dev/cluster1_freq_min: 1EF1E0
07-13 17:39:21.005 D/PowerHAL( 3546): Enter devfreq_ddr_set: enable:1, duration: 0, /sys/class/devfreq/scene-frequency/sprd_governor/scene_boost_dfs: max
07-13 17:39:21.005 D/PowerHAL( 3546): ###Enter launch scene end###
07-13 17:39:21.006 D/GnssHAL_V_GnssUtil( 3771): convertToGnssLocation_2_0: enter
07-13 17:39:21.006 D/GnssHAL_V_GnssUtil( 3771): convertToGnssLocation_2_0: latitudeDegrees:40.652482, longitudeDegrees: -73.757018, elapsedRealtime.flags:0, elapsedRealtime.timestampNs: 0, elapsedRealtime.timeUncertaintyNs: 0
07-13 17:39:21.006 I/ActivityTaskManager( 4123): ->startActivity for ActivityRecord{6fd6d5a u0 com.serenegiant.usbcameratest8/.MainActivity t55} result:START_SUCCESS
07-13 17:39:21.007 I/LocationManagerService( 4123): incoming location: Location[gps 41******  -74******  hAcc=4 t=1752442761000 et=+3h8m21s533ms alt=-15.082 vel=0.0 bear=150.222 vAcc=12 sAcc=0 bAcc=32 {Bundle[{satellites=15, maxCn0=47, meanCn0=38}]}]
07-13 17:39:21.007 I/BarController( 4123): setBarShowingLw - win: 15df344 StatusBar - show: true
07-13 17:39:21.008 I/LocationManagerService( 4123): incoming location: Location[gps 41******  -74******  hAcc=4 t=1752442761000 et=+3h8m21s533ms alt=-15.082 vel=0.0 bear=150.222 vAcc=12 sAcc=0 bAcc=32 {Bundle[{satellites=15, maxCn0=47, meanCn0=38}]}]
07-13 17:39:21.011 I/FusedLocation( 5145): (REDACTED) location delivery to %s blocked - too fast
07-13 17:39:21.014 D/SSense  ( 4123): windowsChanged
07-13 17:39:21.015 D/Launcher3( 7438): Launcher, (Launcher)onPause: this = com.android.launcher3.Launcher@b426e16
07-13 17:39:21.015 D/Launcher3( 7438): Launcher.DragController, cancelDrag: mDragging = false, mLastDropTarget = null
07-13 17:39:21.016 I/LocationManagerService( 4123): incoming location: Location[fused 41******  -74******  hAcc=4 t=1752442761006 et=+3h8m21s533ms alt=-15.082 vel=2.8338185E-14 vAcc=12 sAcc=0 bAcc=??? {Bundle[mParcelledData.dataSize=776]}]
07-13 17:39:21.020 D/PowerController.RecogA( 4123): packageName:com.android.launcher.gradient.black mFgEvent:MOVE_TO_BACKGROUND mLastTimeFgEventChanged:11301547 mLastLaunchTime:11096771 mProcState:PROCESS_STATE_CACHED_EMPTY mLastTimeProcStateChanged:0 mNotificationState:0 mLastTimeNotificationStateChanged:0 mAudioState:0 mLastTimeAudioStateChanged:0 mRequestGps:true mAvoidConstraintGps:false mBehaviorType:0 mScreenOn:true mLastTimeScreenStateChanged:0 mLastBgTime:11301547 mFgDuration:6145035 mAudioDuration:0 mBgAudioDuration:0 mHasNoClearNotificationWhenNavi:false
07-13 17:39:21.021 I/DisplayContent( 4123): computeSizeRangesAndScreenLayout - screenHeightDp: 648 - screenWidthDp: 1280 - appWidth: 1280 - appHeight: 720 - smallestScreenWidthDp: 720
07-13 17:39:21.022 I/LocationManagerService( 4123): incoming location: Location[fused 41******  -74******  hAcc=4 t=1752442761006 et=+3h8m21s533ms alt=-15.082 vel=2.8338185E-14 vAcc=12 sAcc=0 bAcc=??? {Bundle[{noGPSLocation=Location[fused 41******  -74******  hAcc=22 t=1752442624075 et=+3h6m4s611ms alt=-25.399999618530273 vAcc=3 sAcc=??? bAcc=??? {Bundle[mParcelledData.dataSize=580]}]}]}]
07-13 17:39:21.022 D/SceneRecognizer( 4123): notifySceneStatusChanged: notify 1 receivers
07-13 17:39:21.022 E/PowerHintCallback( 4123): sceneId: 0 is invalid
07-13 17:39:21.022 D/AppSceneRecognizer( 4123): ###handle app Event: Exit
07-13 17:39:21.022 I/BarController( 4123): setBarShowingLw - win: 15df344 StatusBar - show: true
07-13 17:39:21.025 E/system_server( 4123): Invalid ID 0x00000000.
07-13 17:39:21.026 I/PhoneWindow( 4123): requestFeature - pkg: com.serenegiant.usbcameratest8 - naviStr: com.google.android.apps.maps
07-13 17:39:21.026 W/ActivityManager( 4123): ProcessRecord{268f567 0:com.serenegiant.usbcameratest8/u0a246}: ART verification disabled
07-13 17:39:21.026 I/ActivityManager( 4123): startProcessLocked - launcherPackage: com.android.launcher.gradient.black - app.pid: 0 - app.processName: com.serenegiant.usbcameratest8
07-13 17:39:21.026 I/PhoneWindow( 4123): requestFeature - pkg: com.serenegiant.usbcameratest8 - naviStr: com.google.android.apps.maps
07-13 17:39:21.026 I/PhoneWindow( 4123): generateLayout - pkg: com.serenegiant.usbcameratest8 - naviStr: com.google.android.apps.maps
07-13 17:39:21.026 I/PhoneWindow( 4123): generateLayout - params.softInputMode: 0
07-13 17:39:21.028 I/xxb     ( 4123): thread[android.anim, 23] (WindowManagerImpl.java:98): topname = com.android.launcher.gradient.black---Window = com.serenegiant.usbcameratest8
07-13 17:39:21.036 D/Zygote  ( 3474): Forked child process 2906
07-13 17:39:21.038 I/ActivityManager( 4123): Start proc 2906:com.serenegiant.usbcameratest8/u0a246 for activity {com.serenegiant.usbcameratest8/com.serenegiant.usbcameratest8.MainActivity}
07-13 17:39:21.038 D/SceneRecognizer( 4123): notifySceneStatusChanged: notify 1 receivers
07-13 17:39:21.038 E/PowerHintCallback( 4123): sceneId: 0 is invalid
07-13 17:39:21.038 D/AppSceneRecognizer( 4123): ###handle app Event: Exit
07-13 17:39:21.039 I/Zygote  ( 2906): seccomp disabled by setenforce 0
07-13 17:39:21.043 I/BarController( 4123): setBarShowingLw - win: 15df344 StatusBar - show: true
07-13 17:39:21.043 D/TxzAccessibilityService( 5597): onAccessibilityEvent: event=EventType: TYPE_WINDOW_CONTENT_CHANGED; EventTime: 11301569; PackageName: com.serenegiant.usbcameratest8; MovementGranularity: 0; Action: 0; ContentChangeTypes: [CONTENT_CHANGE_TYPE_SUBTREE]; WindowChangeTypes: [] [ ClassName: android.widget.FrameLayout; Text: []; ContentDescription: null; ItemCount: -1; CurrentItemIndex: -1; Enabled: true; Password: false; Checked: false; FullScreen: false; Scrollable: false; BeforeText: null; FromIndex: -1; ToIndex: -1; ScrollX: -1; ScrollY: -1; MaxScrollX: -1; MaxScrollY: -1; AddedCount: -1; RemovedCount: -1; ParcelableData: null ]; recordCount: 0
07-13 17:39:21.043 I/.usbcameratest( 2906): Late-enabling -Xcheck:jni
07-13 17:39:21.046 D/WindowManager( 4123): Input focus has changed to null
07-13 17:39:21.046 D/SSense  ( 4123): windowsChanged
07-13 17:39:21.049 D/TxzAccessibilityService( 5597): onAccessibilityEvent: event=EventType: TYPE_WINDOW_CONTENT_CHANGED; EventTime: 11301573; PackageName: com.serenegiant.usbcameratest8; MovementGranularity: 0; Action: 0; ContentChangeTypes: [CONTENT_CHANGE_TYPE_SUBTREE]; WindowChangeTypes: [] [ ClassName: android.widget.FrameLayout; Text: []; ContentDescription: null; ItemCount: -1; CurrentItemIndex: -1; Enabled: true; Password: false; Checked: false; FullScreen: false; Scrollable: false; BeforeText: null; FromIndex: -1; ToIndex: -1; ScrollX: -1; ScrollY: -1; MaxScrollX: -1; MaxScrollY: -1; AddedCount: -1; RemovedCount: -1; ParcelableData: null ]; recordCount: 0
07-13 17:39:21.049 D/TxzAccessibilityService( 5597): onAccessibilityEvent: event=EventType: TYPE_WINDOW_STATE_CHANGED; EventTime: 11301573; PackageName: com.serenegiant.usbcameratest8; MovementGranularity: 0; Action: 0; ContentChangeTypes: []; WindowChangeTypes: [] [ ClassName: android.widget.FrameLayout; Text: []; ContentDescription: null; ItemCount: -1; CurrentItemIndex: -1; Enabled: true; Password: false; Checked: false; FullScreen: false; Scrollable: false; BeforeText: null; FromIndex: -1; ToIndex: -1; ScrollX: -1; ScrollY: -1; MaxScrollX: -1; MaxScrollY: -1; AddedCount: -1; RemovedCount: -1; ParcelableData: null ]; recordCount: 0
07-13 17:39:21.049 I/gralloc ( 3497): mali_gralloc_select_format CPU R/W do not support AFBC
07-13 17:39:21.050 I/gralloc ( 3497): gralloc=>alloc, share_fd=9, share_attr_fd=10, magic=51647890, format=1, internal_format=1, byte_stride=5120, flags=4, usage=0x966, size=3686400, width=1280, height=720, internalWidth=1280, internalHeight=720, stride=1280, ADP_VSTRIDE=720,base=0x709721c000, cpu_read=0, cpu_write=0, attr_base=0xffffffffffffffff, yuv_info=0, fd=-1, buf_idx=0, offset=0, min_pgsz=4096, phyaddr=0
07-13 17:39:21.050 I/gralloc ( 3497): gralloc_unregister_buffer hnd=0x709bc26200, share_fd=9, share_attr_fd=10, magic=51647890, format=1, internal_format=1, byte_stride=5120, flags=4, usage=0x966, size=3686400, width=1280, height=720, internalWidth=1280, internalHeight=720, stride=1280, base=0x709721c000, cpu_read=0,cpu_write=0, attr_base=0xffffffffffffffff, yuv_info=0, fd=-1, buf_idx=0, offset=0, min_pgsz=4096, phyaddr=0
07-13 17:39:21.050 I/gralloc ( 3497): gralloc=>free hnd=0x709bc26200, share_fd=9, share_attr_fd=10, magic=51647890, format=1, internal_format=1, byte_stride=5120, flags=4, usage=0x966, size=3686400, width=1280, height=720, internalWidth=1280, internalHeight=720, stride=1280, base=0x709721c000, cpu_read=0,cpu_write=0, attr_base=0xffffffffffffffff, yuv_info=0, fd=-1, buf_idx=0, offset=0, min_pgsz=4096, phyaddr=0
07-13 17:39:21.050 I/gralloc ( 3580): gralloc_register_buffer hnd=0x7f66041300, share_fd=105, share_attr_fd=117, magic=51647890, format=1, internal_format=1, byte_stride=5120, flags=4, usage=0x966, size=3686400, width=1280, height=720, internalWidth=1280, internalHeight=720, stride=1280, base=0x7f4cfdc000, cpu_read=0,cpu_write=0, attr_base=0xffffffffffffffff, yuv_info=0, fd=-1, buf_idx=0, offset=0, min_pgsz=4096, phyaddr=0
07-13 17:39:21.051 I/gralloc ( 4123): gralloc_register_buffer hnd=0x7338a3b800, share_fd=377, share_attr_fd=378, magic=51647890, format=1, internal_format=1, byte_stride=5120, flags=4, usage=0x966, size=3686400, width=1280, height=720, internalWidth=1280, internalHeight=720, stride=1280, base=0x72ea7c4000, cpu_read=0,cpu_write=0, attr_base=0xffffffffffffffff, yuv_info=0, fd=-1, buf_idx=0, offset=0, min_pgsz=4096, phyaddr=0
07-13 17:39:21.051 I/gralloc ( 4123): mali_gralloc_select_format CPU R/W do not support AFBC
07-13 17:39:21.056 I/BarController( 4123): setBarShowingLw - win: 15df344 StatusBar - show: true
07-13 17:39:21.063 D/com.txznet.smartwakeup.module.accessibility.TxzAccessibilityService@onAccessibilityEvent( 5597): current packageName com.android.launcher.gradient.black
07-13 17:39:21.069 E/.usbcameratest( 2906): Unknown bits set in runtime_flags: 0x8000
07-13 17:39:21.082 I/DisplayContent( 4123): computeSizeRangesAndScreenLayout - screenHeightDp: 648 - screenWidthDp: 1280 - appWidth: 1280 - appHeight: 720 - smallestScreenWidthDp: 720
07-13 17:39:21.083 I/BarController( 4123): setBarShowingLw - win: 15df344 StatusBar - show: true
07-13 17:39:21.084 I/DisplayContent( 4123): computeSizeRangesAndScreenLayout - screenHeightDp: 648 - screenWidthDp: 1280 - appWidth: 1280 - appHeight: 720 - smallestScreenWidthDp: 720
07-13 17:39:21.085 V/WindowManager( 4123): Set focused app to: AppWindowToken{c8a1468 token=Token{ed52b8b ActivityRecord{6fd6d5a u0 com.serenegiant.usbcameratest8/.MainActivity t55}}} moveFocusNow=true displayId=0
07-13 17:39:21.102 I/RecentTasks( 4123): findRemoveIndexForAddTask - isSameActivity - task.realActivity: ComponentInfo{com.serenegiant.usbcameratest8/com.serenegiant.usbcameratest8.MainActivity}
07-13 17:39:21.102 I/DisplayContent( 4123): computeSizeRangesAndScreenLayout - screenHeightDp: 648 - screenWidthDp: 1280 - appWidth: 1280 - appHeight: 720 - smallestScreenWidthDp: 720
07-13 17:39:21.103 D/SectionHabit( 4123): update pkgName:com.serenegiant.usbcameratest8,type:4,data:package:com.serenegiant.usbcameratest8 ,count :7,launchCountIndex:0,fgtime:62373,fgtimeIndex:0
07-13 17:39:21.103 D/android.hardware.power@4.0-impl( 3546): Enter getSceneIdByName: sceneName:com.serenegiant.usbcameratest8
07-13 17:39:21.105 I/BarController( 4123): setBarShowingLw - win: 15df344 StatusBar - show: true
07-13 17:39:21.109 I/DisplayContent( 4123): computeSizeRangesAndScreenLayout - screenHeightDp: 648 - screenWidthDp: 1280 - appWidth: 1280 - appHeight: 720 - smallestScreenWidthDp: 720
07-13 17:39:21.110 I/BarController( 4123): setBarShowingLw - win: 15df344 StatusBar - show: true
07-13 17:39:21.111 I/OutsideTempView( 4656): onDarkChanged - area: Rect(0, 0 - 0, 0) - darkIntensity: 1.0 - tint: -1728053248
07-13 17:39:21.111 I/KeyButtonView( 4656): onDarkChanged - darkIntensity: 1.0
07-13 17:39:21.111 I/KeyButtonView( 4656): onDarkChanged - darkIntensity: 1.0
07-13 17:39:21.111 I/CustomBatteryWidget( 4656): onDarkChanged - area: Rect(0, 0 - 0, 0) - darkIntensity: 1.0 - tint: -1728053248
07-13 17:39:21.111 I/OutsideTempView( 4656): onDarkChanged - area: Rect(0, 0 - 0, 0) - darkIntensity: 1.0 - tint: -1728053248
07-13 17:39:21.111 I/VolumeView( 4656): onDarkChanged - area: Rect(0, 0 - 0, 0) - darkIntensity: 1.0 - tint: -1728053248 - areaTint: 0X99000000
07-13 17:39:21.111 I/VolumeView( 4656): onDarkChanged - area: Rect(0, 0 - 0, 0) - darkIntensity: 1.0 - tint: -1728053248 - areaTint: 0X99000000
07-13 17:39:21.111 I/BatteryPowerView( 4656): onDarkChanged - area: Rect(0, 0 - 0, 0) - darkIntensity: 1.0 - tint: -1728053248 - areaTint: 0x99000000
07-13 17:39:21.111 I/KeyButtonView( 4656): onDarkChanged - darkIntensity: 1.0
07-13 17:39:21.111 I/CustomBatteryWidget( 4656): onDarkChanged - area: Rect(0, 0 - 0, 0) - darkIntensity: 1.0 - tint: -1728053248
07-13 17:39:21.111 I/BatteryPowerView( 4656): onDarkChanged - area: Rect(0, 0 - 0, 0) - darkIntensity: 1.0 - tint: -1728053248 - areaTint: 0x99000000
07-13 17:39:21.112 I/OutsideTempView( 4656): onDarkChanged - area: Rect(0, 0 - 0, 0) - darkIntensity: 1.0 - tint: -1728053248
07-13 17:39:21.112 I/KeyButtonView( 4656): onDarkChanged - darkIntensity: 1.0
07-13 17:39:21.112 I/KeyButtonView( 4656): onDarkChanged - darkIntensity: 1.0
07-13 17:39:21.112 I/CustomBatteryWidget( 4656): onDarkChanged - area: Rect(0, 0 - 0, 0) - darkIntensity: 1.0 - tint: -1728053248
07-13 17:39:21.112 I/OutsideTempView( 4656): onDarkChanged - area: Rect(0, 0 - 0, 0) - darkIntensity: 1.0 - tint: -1728053248
07-13 17:39:21.112 I/VolumeView( 4656): onDarkChanged - area: Rect(0, 0 - 0, 0) - darkIntensity: 1.0 - tint: -1728053248 - areaTint: 0X99000000
07-13 17:39:21.112 I/VolumeView( 4656): onDarkChanged - area: Rect(0, 0 - 0, 0) - darkIntensity: 1.0 - tint: -1728053248 - areaTint: 0X99000000
07-13 17:39:21.112 I/BatteryPowerView( 4656): onDarkChanged - area: Rect(0, 0 - 0, 0) - darkIntensity: 1.0 - tint: -1728053248 - areaTint: 0x99000000
07-13 17:39:21.112 I/KeyButtonView( 4656): onDarkChanged - darkIntensity: 1.0
07-13 17:39:21.112 I/CustomBatteryWidget( 4656): onDarkChanged - area: Rect(0, 0 - 0, 0) - darkIntensity: 1.0 - tint: -1728053248
07-13 17:39:21.112 I/BatteryPowerView( 4656): onDarkChanged - area: Rect(0, 0 - 0, 0) - darkIntensity: 1.0 - tint: -1728053248 - areaTint: 0x99000000
07-13 17:39:21.120 D/SceneRecognizer( 4123): notifySceneStatusChanged: notify 1 receivers
07-13 17:39:21.120 E/PowerHintCallback( 4123): sceneId: 0 is invalid
07-13 17:39:21.120 D/AppSceneRecognizer( 4123): ###handle app Event: Exit
07-13 17:39:21.122 I/RecentTasks( 4123): getRecentTasksImpl - maxNum: 48
07-13 17:39:21.133 I/adbd    ( 5248): Tianyuan Current sh name:export ANDROID_LOG_TAGS=''; exec logcat '-v' 'time'
07-13 17:39:21.136 I/OutsideTempView( 4656): onDarkChanged - area: Rect(0, 0 - 0, 0) - darkIntensity: 0.5 - tint: -860177734
07-13 17:39:21.136 I/KeyButtonView( 4656): onDarkChanged - darkIntensity: 0.5
07-13 17:39:21.136 I/KeyButtonView( 4656): onDarkChanged - darkIntensity: 0.5
07-13 17:39:21.136 I/CustomBatteryWidget( 4656): onDarkChanged - area: Rect(0, 0 - 0, 0) - darkIntensity: 0.5 - tint: -860177734
07-13 17:39:21.136 I/OutsideTempView( 4656): onDarkChanged - area: Rect(0, 0 - 0, 0) - darkIntensity: 0.5 - tint: -860177734
07-13 17:39:21.136 I/VolumeView( 4656): onDarkChanged - area: Rect(0, 0 - 0, 0) - darkIntensity: 0.5 - tint: -860177734 - areaTint: 0Xffe8eaff
07-13 17:39:21.137 I/VolumeView( 4656): onDarkChanged - area: Rect(0, 0 - 0, 0) - darkIntensity: 0.5 - tint: -860177734 - areaTint: 0Xffe8eaff
07-13 17:39:21.137 I/BatteryPowerView( 4656): onDarkChanged - area: Rect(0, 0 - 0, 0) - darkIntensity: 0.5 - tint: -860177734 - areaTint: 0xffe8eaff
07-13 17:39:21.137 I/KeyButtonView( 4656): onDarkChanged - darkIntensity: 0.5
07-13 17:39:21.137 I/CustomBatteryWidget( 4656): onDarkChanged - area: Rect(0, 0 - 0, 0) - darkIntensity: 0.5 - tint: -860177734
07-13 17:39:21.137 I/BatteryPowerView( 4656): onDarkChanged - area: Rect(0, 0 - 0, 0) - darkIntensity: 0.5 - tint: -860177734 - areaTint: 0xffe8eaff
07-13 17:39:21.139 I/gralloc ( 3580): gralloc_unregister_buffer hnd=0x7f66041b00, share_fd=108, share_attr_fd=115, magic=51647890, format=1, internal_format=300000001, byte_stride=2880, flags=4, usage=0x20000b00, size=3744768, width=720, height=1280, internalWidth=720, internalHeight=1280, stride=720, base=0x7f4cc49000, cpu_read=0,cpu_write=0, attr_base=0xffffffffffffffff, yuv_info=0, fd=-1, buf_idx=0, offset=0, min_pgsz=4096, phyaddr=0
07-13 17:39:21.141 D/TXZ     ( 5597): [ReportManager][7066/7122]initWebSocket: url=wss://websocket.txzing.com/junsun/index?app_id=6a3643cb81c6e92137ccc63f536df874&tm=1752442761138&data=nLDRJMo2TAvtq7aJEvo83cwbP2fSc3MBQQ2I1CB5%2FAA%3D&platform=car
07-13 17:39:21.141 D/TXZ     ( 5597): [ReportManager][7066/7122]connect: start
07-13 17:39:21.143 D/TXZ     ( 5597): [TXZWebSocketClient][7066/2929]onError: ex=java.net.UnknownHostException: websocket.txzing.com
07-13 17:39:21.143 D/TXZ     ( 5597): [ReportManager][7066/2929]java.net.UnknownHostException: websocket.txzing.com
07-13 17:39:21.143 D/TXZ     ( 5597): [ReportManager][7066/2929]onClose() called with: code = -1, reason = websocket.txzing.com, remote = false
07-13 17:39:21.143 D/TXZ     ( 5597): [ReportManager][7066/7122]connect: finish
07-13 17:39:21.143 D/TXZ     ( 5597): [ReportManager][7066/7122]initWebSocket: url=wss://websocket.txzing.com/junsun/index?app_id=6a3643cb81c6e92137ccc63f536df874&tm=1752442761142&data=Rd8x8IrRleXkYhUwnI9rR4Fr6Hs3V%2FMNQDaQbLvNSNM%3D&platform=car
07-13 17:39:21.143 D/TXZ     ( 5597): [ReportManager][7066/7122]connect: start
07-13 17:39:21.147 D/TXZ     ( 5597): [TXZWebSocketClient][7066/2930]onError: ex=java.net.UnknownHostException: websocket.txzing.com
07-13 17:39:21.148 D/TXZ     ( 5597): [ReportManager][7066/2930]java.net.UnknownHostException: websocket.txzing.com
07-13 17:39:21.148 D/TXZ     ( 5597): [ReportManager][7066/2930]onClose() called with: code = -1, reason = websocket.txzing.com, remote = false
07-13 17:39:21.148 D/TXZ     ( 5597): [ReportManager][7066/7122]connect: finish
07-13 17:39:21.148 D/TXZ     ( 5597): [ReportManager][7066/7122]initWebSocket: url=wss://websocket.txzing.com/junsun/index?app_id=6a3643cb81c6e92137ccc63f536df874&tm=1752442761147&data=s2Ny7KkqdIsEmRxXLgt%2BxhMMdEeETsVs1cLST60n4Ow%3D&platform=car
07-13 17:39:21.148 D/TXZ     ( 5597): [ReportManager][7066/7122]connect: start
07-13 17:39:21.149 D/TXZ     ( 5597): [TXZWebSocketClient][7066/2931]onError: ex=java.net.UnknownHostException: websocket.txzing.com
07-13 17:39:21.150 D/TXZ     ( 5597): [ReportManager][7066/2931]java.net.UnknownHostException: websocket.txzing.com
07-13 17:39:21.150 D/TXZ     ( 5597): [ReportManager][7066/2931]onClose() called with: code = -1, reason = websocket.txzing.com, remote = false
07-13 17:39:21.150 D/TXZ     ( 5597): [ReportManager][7066/7122]connect: finish
07-13 17:39:21.150 D/TXZ     ( 5597): [ReportManager][7066/7122]initWebSocket: url=wss://websocket.txzing.com/junsun/index?app_id=6a3643cb81c6e92137ccc63f536df874&tm=1752442761149&data=Ac09rFey4X4gKAmnKP0eTFngs8AkKFx7UK8V1tAOPlM%3D&platform=car
07-13 17:39:21.150 D/TXZ     ( 5597): [ReportManager][7066/7122]connect: start
07-13 17:39:21.152 D/TXZ     ( 5597): [TXZWebSocketClient][7066/2932]onError: ex=java.net.UnknownHostException: websocket.txzing.com
07-13 17:39:21.152 D/TXZ     ( 5597): [ReportManager][7066/2932]java.net.UnknownHostException: websocket.txzing.com
07-13 17:39:21.152 D/TXZ     ( 5597): [ReportManager][7066/2932]onClose() called with: code = -1, reason = websocket.txzing.com, remote = false
07-13 17:39:21.152 D/TXZ     ( 5597): [ReportManager][7066/7122]connect: finish
07-13 17:39:21.152 D/TXZ     ( 5597): [ReportManager][7066/7122]initWebSocket: url=wss://websocket.txzing.com/junsun/index?app_id=6a3643cb81c6e92137ccc63f536df874&tm=1752442761152&data=t%2B0sDMMZ9eUhPD2LShLk8AwcPwOWo8Yn7E2PXxGcuHo%3D&platform=car
07-13 17:39:21.153 D/TXZ     ( 5597): [ReportManager][7066/7122]connect: start
07-13 17:39:21.158 D/TXZ     ( 5597): [TXZWebSocketClient][7066/2933]onError: ex=java.net.UnknownHostException: websocket.txzing.com
07-13 17:39:21.158 D/TXZ     ( 5597): [ReportManager][7066/2933]java.net.UnknownHostException: websocket.txzing.com
07-13 17:39:21.158 D/TXZ     ( 5597): [ReportManager][7066/2933]onClose() called with: code = -1, reason = websocket.txzing.com, remote = false
07-13 17:39:21.158 D/TXZ     ( 5597): [ReportManager][7066/7122]connect: finish
07-13 17:39:21.159 D/TXZ     ( 5597): [ReportManager][7066/7122]initWebSocket: url=wss://websocket.txzing.com/junsun/index?app_id=6a3643cb81c6e92137ccc63f536df874&tm=1752442761158&data=j5PgGpxNksY1B%2Bl8A%2Fig%2FVnumus2ike4vPKE7gTaHq8%3D&platform=car
07-13 17:39:21.160 D/TXZ     ( 5597): [ReportManager][7066/7122]connect: start
07-13 17:39:21.160 I/OutsideTempView( 4656): onDarkChanged - area: Rect(0, 0 - 0, 0) - darkIntensity: 0.24599552 - tint: -421469984
07-13 17:39:21.160 I/KeyButtonView( 4656): onDarkChanged - darkIntensity: 0.24599552
07-13 17:39:21.160 I/KeyButtonView( 4656): onDarkChanged - darkIntensity: 0.24599552
07-13 17:39:21.161 I/CustomBatteryWidget( 4656): onDarkChanged - area: Rect(0, 0 - 0, 0) - darkIntensity: 0.24599552 - tint: -421469984
07-13 17:39:21.161 I/OutsideTempView( 4656): onDarkChanged - area: Rect(0, 0 - 0, 0) - darkIntensity: 0.24599552 - tint: -421469984
07-13 17:39:21.161 I/VolumeView( 4656): onDarkChanged - area: Rect(0, 0 - 0, 0) - darkIntensity: 0.24599552 - tint: -421469984 - areaTint: 0Xffe8eaff
07-13 17:39:21.161 I/VolumeView( 4656): onDarkChanged - area: Rect(0, 0 - 0, 0) - darkIntensity: 0.24599552 - tint: -421469984 - areaTint: 0Xffe8eaff
07-13 17:39:21.161 I/BatteryPowerView( 4656): onDarkChanged - area: Rect(0, 0 - 0, 0) - darkIntensity: 0.24599552 - tint: -421469984 - areaTint: 0xffe8eaff
07-13 17:39:21.161 I/KeyButtonView( 4656): onDarkChanged - darkIntensity: 0.24599552
07-13 17:39:21.161 I/CustomBatteryWidget( 4656): onDarkChanged - area: Rect(0, 0 - 0, 0) - darkIntensity: 0.24599552 - tint: -421469984
07-13 17:39:21.161 I/BatteryPowerView( 4656): onDarkChanged - area: Rect(0, 0 - 0, 0) - darkIntensity: 0.24599552 - tint: -421469984 - areaTint: 0xffe8eaff
07-13 17:39:21.162 D/TXZ     ( 5597): [TXZWebSocketClient][7066/2935]onError: ex=java.net.UnknownHostException: websocket.txzing.com
07-13 17:39:21.162 D/TXZ     ( 5597): [ReportManager][7066/2935]java.net.UnknownHostException: websocket.txzing.com
07-13 17:39:21.163 D/TXZ     ( 5597): [ReportManager][7066/2935]onClose() called with: code = -1, reason = websocket.txzing.com, remote = false
07-13 17:39:21.163 D/TXZ     ( 5597): [ReportManager][7066/7122]connect: finish
07-13 17:39:21.163 D/TXZ     ( 5597): [ReportManager][7066/7122]initWebSocket: url=wss://websocket.txzing.com/junsun/index?app_id=6a3643cb81c6e92137ccc63f536df874&tm=1752442761160&data=Ec0HrpgeT3Ax%2FNEnFR0xbpThX9hrIkAea4icCuG4NsA%3D&platform=car
07-13 17:39:21.163 D/TXZ     ( 5597): [ReportManager][7066/7122]connect: start
07-13 17:39:21.163 D/TXZ     ( 5597): [TXZWebSocketClient][7066/2937]onError: ex=java.net.UnknownHostException: websocket.txzing.com
07-13 17:39:21.163 D/TXZ     ( 5597): [ReportManager][7066/2937]java.net.UnknownHostException: websocket.txzing.com
07-13 17:39:21.163 D/TXZ     ( 5597): [ReportManager][7066/2937]onClose() called with: code = -1, reason = websocket.txzing.com, remote = false
07-13 17:39:21.163 D/TXZ     ( 5597): [ReportManager][7066/7122]connect: finish
07-13 17:39:21.163 D/TXZ     ( 5597): [ReportManager][7066/7122]initWebSocket: url=wss://websocket.txzing.com/junsun/index?app_id=6a3643cb81c6e92137ccc63f536df874&tm=1752442761163&data=wYnW9quy0Dqs4iO9S3jg2kl3bBH5VGIiWm5VZCl%2B3DY%3D&platform=car
07-13 17:39:21.164 D/TXZ     ( 5597): [ReportManager][7066/7122]connect: start
07-13 17:39:21.167 D/TXZ     ( 5597): [TXZWebSocketClient][7066/2938]onError: ex=java.net.UnknownHostException: websocket.txzing.com
07-13 17:39:21.168 D/TXZ     ( 5597): [ReportManager][7066/2938]java.net.UnknownHostException: websocket.txzing.com
07-13 17:39:21.168 D/TXZ     ( 5597): [ReportManager][7066/2938]onClose() called with: code = -1, reason = websocket.txzing.com, remote = false
07-13 17:39:21.168 D/TXZ     ( 5597): [ReportManager][7066/7122]connect: finish
07-13 17:39:21.168 D/TXZ     ( 5597): [ReportManager][7066/7122]initWebSocket: url=wss://websocket.txzing.com/junsun/index?app_id=6a3643cb81c6e92137ccc63f536df874&tm=1752442761166&data=raulEra5RPJmdcdSS7yWZccOeIHIcTIfUa8Lb178Qlw%3D&platform=car
07-13 17:39:21.168 D/TXZ     ( 5597): [ReportManager][7066/7122]connect: start
07-13 17:39:21.168 D/TXZ     ( 5597): [TXZWebSocketClient][7066/2939]onError: ex=java.net.UnknownHostException: websocket.txzing.com
07-13 17:39:21.169 D/TXZ     ( 5597): [ReportManager][7066/2939]java.net.UnknownHostException: websocket.txzing.com
07-13 17:39:21.169 D/TXZ     ( 5597): [ReportManager][7066/2939]onClose() called with: code = -1, reason = websocket.txzing.com, remote = false
07-13 17:39:21.170 D/TXZ     ( 5597): [ReportManager][7066/7122]connect: finish
07-13 17:39:21.170 D/TXZ     ( 5597): [ReportManager][7066/7122]initWebSocket: url=wss://websocket.txzing.com/junsun/index?app_id=6a3643cb81c6e92137ccc63f536df874&tm=1752442761169&data=rWPnBxkRgWwo%2Bn4Wx6lY3zNNUH1XzGUE6oztgHbPUJE%3D&platform=car
07-13 17:39:21.170 D/TXZ     ( 5597): [ReportManager][7066/7122]connect: start
07-13 17:39:21.171 D/TXZ     ( 5597): [TXZWebSocketClient][7066/2940]onError: ex=java.net.UnknownHostException: websocket.txzing.com
07-13 17:39:21.171 D/TXZ     ( 5597): [ReportManager][7066/2940]java.net.UnknownHostException: websocket.txzing.com
07-13 17:39:21.171 D/TXZ     ( 5597): [ReportManager][7066/2940]onClose() called with: code = -1, reason = websocket.txzing.com, remote = false
07-13 17:39:21.171 D/TXZ     ( 5597): [ReportManager][7066/7122]connect: finish
07-13 17:39:21.171 D/TXZ     ( 5597): [ReportManager][7066/7122]initWebSocket: url=wss://websocket.txzing.com/junsun/index?app_id=6a3643cb81c6e92137ccc63f536df874&tm=1752442761171&data=cUukGN6buuCkm9%2BRYuNl0DZL5Xcbz9tuuRn5MZT9lVM%3D&platform=car
07-13 17:39:21.171 D/TXZ     ( 5597): [ReportManager][7066/7122]connect: start
07-13 17:39:21.173 D/TXZ     ( 5597): [TXZWebSocketClient][7066/2941]onError: ex=java.net.UnknownHostException: websocket.txzing.com
07-13 17:39:21.173 D/TXZ     ( 5597): [ReportManager][7066/2941]java.net.UnknownHostException: websocket.txzing.com
07-13 17:39:21.173 D/TXZ     ( 5597): [ReportManager][7066/2941]onClose() called with: code = -1, reason = websocket.txzing.com, remote = false
07-13 17:39:21.173 D/TXZ     ( 5597): [ReportManager][7066/7122]connect: finish
07-13 17:39:21.173 D/TXZ     ( 5597): [ReportManager][7066/7122]initWebSocket: url=wss://websocket.txzing.com/junsun/index?app_id=6a3643cb81c6e92137ccc63f536df874&tm=1752442761172&data=HJkldPat7rlH18VMfW808bchkpq%2BMOEbliQqTNCCivM%3D&platform=car
07-13 17:39:21.173 D/TXZ     ( 5597): [ReportManager][7066/7122]connect: start
07-13 17:39:21.174 D/TXZ     ( 5597): [TXZWebSocketClient][7066/2942]onError: ex=java.net.UnknownHostException: websocket.txzing.com
07-13 17:39:21.175 D/TXZ     ( 5597): [ReportManager][7066/2942]java.net.UnknownHostException: websocket.txzing.com
07-13 17:39:21.175 D/TXZ     ( 5597): [ReportManager][7066/2942]onClose() called with: code = -1, reason = websocket.txzing.com, remote = false
07-13 17:39:21.175 D/TXZ     ( 5597): [ReportManager][7066/7122]connect: finish
07-13 17:39:21.175 D/TXZ     ( 5597): [ReportManager][7066/7122]initWebSocket: url=wss://websocket.txzing.com/junsun/index?app_id=6a3643cb81c6e92137ccc63f536df874&tm=1752442761174&data=J8I%2FSs8axRT6Z%2B9KzkOxUZ4ar4IWSExw54B1JVLBxHg%3D&platform=car
07-13 17:39:21.175 D/TXZ     ( 5597): [ReportManager][7066/7122]connect: start
07-13 17:39:21.177 D/TXZ     ( 5597): [TXZWebSocketClient][7066/2943]onError: ex=java.net.UnknownHostException: websocket.txzing.com
07-13 17:39:21.177 D/TXZ     ( 5597): [ReportManager][7066/2943]java.net.UnknownHostException: websocket.txzing.com
07-13 17:39:21.177 D/TXZ     ( 5597): [ReportManager][7066/2943]onClose() called with: code = -1, reason = websocket.txzing.com, remote = false
07-13 17:39:21.177 D/TXZ     ( 5597): [ReportManager][7066/7122]connect: finish
07-13 17:39:21.177 D/TXZ     ( 5597): [ReportManager][7066/7122]initWebSocket: url=wss://websocket.txzing.com/junsun/index?app_id=6a3643cb81c6e92137ccc63f536df874&tm=1752442761176&data=6X2FEZrJgf0XpExGpbF14hfD48U9QFUary3hwG4woUs%3D&platform=car
07-13 17:39:21.177 D/TXZ     ( 5597): [ReportManager][7066/7122]connect: start
07-13 17:39:21.178 D/TXZ     ( 5597): [TXZWebSocketClient][7066/2946]onError: ex=java.net.UnknownHostException: websocket.txzing.com
07-13 17:39:21.178 D/TXZ     ( 5597): [ReportManager][7066/2946]java.net.UnknownHostException: websocket.txzing.com
07-13 17:39:21.178 D/TXZ     ( 5597): [ReportManager][7066/2946]onClose() called with: code = -1, reason = websocket.txzing.com, remote = false
07-13 17:39:21.178 D/TXZ     ( 5597): [ReportManager][7066/7122]connect: finish
07-13 17:39:21.178 D/TXZ     ( 5597): [ReportManager][7066/7122]initWebSocket: url=wss://websocket.txzing.com/junsun/index?app_id=6a3643cb81c6e92137ccc63f536df874&tm=1752442761178&data=g7I%2F0JAHYiAmNR5b%2B3uk6KlftcofHduCxjUX7fVtvRk%3D&platform=car
07-13 17:39:21.179 D/TXZ     ( 5597): [ReportManager][7066/7122]connect: start
07-13 17:39:21.180 D/TXZ     ( 5597): [TXZWebSocketClient][7066/2947]onError: ex=java.net.UnknownHostException: websocket.txzing.com
07-13 17:39:21.180 D/TXZ     ( 5597): [ReportManager][7066/2947]java.net.UnknownHostException: websocket.txzing.com
07-13 17:39:21.180 D/TXZ     ( 5597): [ReportManager][7066/2947]onClose() called with: code = -1, reason = websocket.txzing.com, remote = false
07-13 17:39:21.180 D/TXZ     ( 5597): [ReportManager][7066/7122]connect: finish
07-13 17:39:21.180 D/TXZ     ( 5597): [ReportManager][7066/7122]initWebSocket: url=wss://websocket.txzing.com/junsun/index?app_id=6a3643cb81c6e92137ccc63f536df874&tm=1752442761180&data=gRxMU8Gmy81dm8ijXgzz8UVLG3hf3epTDHrpDlN55LE%3D&platform=car
07-13 17:39:21.181 D/TXZ     ( 5597): [ReportManager][7066/7122]connect: start
07-13 17:39:21.182 D/TXZ     ( 5597): [TXZWebSocketClient][7066/2949]onError: ex=java.net.UnknownHostException: websocket.txzing.com
07-13 17:39:21.182 D/TXZ     ( 5597): [ReportManager][7066/2949]java.net.UnknownHostException: websocket.txzing.com
07-13 17:39:21.182 D/TXZ     ( 5597): [ReportManager][7066/2949]onClose() called with: code = -1, reason = websocket.txzing.com, remote = false
07-13 17:39:21.184 I/OutsideTempView( 4656): onDarkChanged - area: Rect(0, 0 - 0, 0) - darkIntensity: 0.09829825 - tint: -168561677
07-13 17:39:21.184 I/KeyButtonView( 4656): onDarkChanged - darkIntensity: 0.09829825
07-13 17:39:21.184 I/KeyButtonView( 4656): onDarkChanged - darkIntensity: 0.09829825
07-13 17:39:21.184 I/CustomBatteryWidget( 4656): onDarkChanged - area: Rect(0, 0 - 0, 0) - darkIntensity: 0.09829825 - tint: -168561677
07-13 17:39:21.184 I/OutsideTempView( 4656): onDarkChanged - area: Rect(0, 0 - 0, 0) - darkIntensity: 0.09829825 - tint: -168561677
