07-13 17:39:21.454 I/gralloc ( 3497): gralloc_unregister_buffer hnd=0x709bc26200, share_fd=9, share_attr_fd=10, magic=51647890, format=1, internal_format=300000001, byte_stride=2880, flags=4, usage=0x20000b00, size=3744768, width=720, height=1280, internalWidth=720, internalHeight=1280, stride=720, base=0x709720d000, cpu_read=0,cpu_write=0, attr_base=0xffffffffffffffff, yuv_info=0, fd=-1, buf_idx=0, offset=0, min_pgsz=4096, phyaddr=0
07-13 17:39:21.454 I/gralloc ( 3497): gralloc=>free hnd=0x709bc26200, share_fd=9, share_attr_fd=10, magic=51647890, format=1, internal_format=300000001, byte_stride=2880, flags=4, usage=0x20000b00, size=3744768, width=720, height=1280, internalWidth=720, internalHeight=1280, stride=720, base=0x709720d000, cpu_read=0,cpu_write=0, attr_base=0xffffffffffffffff, yuv_info=0, fd=-1, buf_idx=0, offset=0, min_pgsz=4096, phyaddr=0
07-13 17:39:21.454 I/gralloc ( 3580): gralloc_register_buffer hnd=0x7f69bc9e00, share_fd=69, share_attr_fd=118, magic=51647890, format=1, internal_format=300000001, byte_stride=2880, flags=4, usage=0x20000b00, size=3744768, width=720, height=1280, internalWidth=720, internalHeight=1280, stride=720, base=0x7f4ac82000, cpu_read=0,cpu_write=0, attr_base=0xffffffffffffffff, yuv_info=0, fd=-1, buf_idx=0, offset=0, min_pgsz=4096, phyaddr=0
07-13 17:39:21.455 I/hwservicemanager( 3152): getTransport: Cannot find entry android.hardware.graphics.mapper@3.0::IMapper/default in either framework or device manifest.
07-13 17:39:21.455 W/Gralloc3( 2906): mapper 3.x is not supported
07-13 17:39:21.457 I/gralloc ( 2906): gralloc_register_buffer hnd=0x73ae0f8600, share_fd=63, share_attr_fd=65, magic=51647890, format=1, internal_format=300000001, byte_stride=2880, flags=4, usage=0x20000b00, size=3744768, width=720, height=1280, internalWidth=720, internalHeight=1280, stride=720, base=0x734b8c0000, cpu_read=0,cpu_write=0, attr_base=0xffffffffffffffff, yuv_info=0, fd=-1, buf_idx=0, offset=0, min_pgsz=4096, phyaddr=0
07-13 17:39:21.457 W/gralloc ( 2906): WARNING: internal format modifier bits not mutually exclusive. AFBC basic bit is always set, so extended AFBC support bits must always be checked.
07-13 17:39:21.531 I/BarController( 4123): setBarShowingLw - win: 15df344 StatusBar - show: true
07-13 17:39:21.532 D/TXZ     ( 5597): [ReportManager][7066/7122]initWebSocket: url=wss://websocket.txzing.com/junsun/index?app_id=6a3643cb81c6e92137ccc63f536df874&tm=1752442761531&data=urg75MDfSBt6IVmJRKhXhyiumUBtcal%2FWq%2BVnx%2B%2BgZ4%3D&platform=car
07-13 17:39:21.532 D/TXZ     ( 5597): [ReportManager][7066/7122]connect: start
07-13 17:39:21.533 I/BarController( 4123): setBarShowingLw - win: 15df344 StatusBar - show: true
07-13 17:39:21.536 D/TXZ     ( 5597): [TXZWebSocketClient][7066/3009]onError: ex=java.net.UnknownHostException: websocket.txzing.com
07-13 17:39:21.536 D/TXZ     ( 5597): [ReportManager][7066/3009]java.net.UnknownHostException: websocket.txzing.com
07-13 17:39:21.536 D/TXZ     ( 5597): [ReportManager][7066/3009]onClose() called with: code = -1, reason = websocket.txzing.com, remote = false
07-13 17:39:21.536 D/TXZ     ( 5597): [ReportManager][7066/7122]connect: finish
07-13 17:39:21.536 D/Surface ( 4123): release Surface,mNativeObject=495286784000, this Surface(name=null)/@0xd2822c5, caller: android.view.ViewRootImpl.destroySurface:1646 android.view.ViewRootImpl.dispatchDetachedFromWindow:4211 android.view.ViewRootImpl.doDie:7199 android.view.ViewRootImpl$ViewRootHandler.handleMessage:4583 android.os.Handler.dispatchMessage:107 android.os.Looper.loop:214 
07-13 17:39:21.536 I/ActivityTaskManager( 4123): Displayed com.serenegiant.usbcameratest8/.MainActivity: +543ms
07-13 17:39:21.536 I/gralloc ( 4123): gralloc_unregister_buffer hnd=0x7338a3b800, share_fd=377, share_attr_fd=378, magic=51647890, format=1, internal_format=1, byte_stride=5120, flags=4, usage=0x966, size=3686400, width=1280, height=720, internalWidth=1280, internalHeight=720, stride=1280, base=0x72ea7c4000, cpu_read=0,cpu_write=0, attr_base=0xffffffffffffffff, yuv_info=0, fd=-1, buf_idx=0, offset=0, min_pgsz=4096, phyaddr=0
07-13 17:39:21.539 I/BarController( 4123): setBarShowingLw - win: 15df344 StatusBar - show: true
07-13 17:39:21.544 I/gralloc ( 3580): gralloc_unregister_buffer hnd=0x7f69bc9700, share_fd=95, share_attr_fd=97, magic=51647890, format=1, internal_format=300000001, byte_stride=5120, flags=4, usage=0x20000b00, size=3744768, width=1280, height=720, internalWidth=1280, internalHeight=720, stride=1280, base=0x7f4cc49000, cpu_read=0,cpu_write=0, attr_base=0xffffffffffffffff, yuv_info=0, fd=-1, buf_idx=0, offset=0, min_pgsz=4096, phyaddr=0
07-13 17:39:21.544 I/BarController( 4123): setBarShowingLw - win: 15df344 StatusBar - show: true
07-13 17:39:21.546 I/gralloc ( 3497): gralloc=>alloc, share_fd=9, share_attr_fd=10, magic=51647890, format=1, internal_format=300000001, byte_stride=2880, flags=4, usage=0x20000b00, size=3744768, width=720, height=1280, internalWidth=720, internalHeight=1280, stride=720, ADP_VSTRIDE=1280,base=0x709720d000, cpu_read=0, cpu_write=0, attr_base=0xffffffffffffffff, yuv_info=0, fd=-1, buf_idx=0, offset=0, min_pgsz=4096, phyaddr=0
07-13 17:39:21.546 I/gralloc ( 3497): gralloc_unregister_buffer hnd=0x709bc26200, share_fd=9, share_attr_fd=10, magic=51647890, format=1, internal_format=300000001, byte_stride=2880, flags=4, usage=0x20000b00, size=3744768, width=720, height=1280, internalWidth=720, internalHeight=1280, stride=720, base=0x709720d000, cpu_read=0,cpu_write=0, attr_base=0xffffffffffffffff, yuv_info=0, fd=-1, buf_idx=0, offset=0, min_pgsz=4096, phyaddr=0
07-13 17:39:21.546 I/gralloc ( 3497): gralloc=>free hnd=0x709bc26200, share_fd=9, share_attr_fd=10, magic=51647890, format=1, internal_format=300000001, byte_stride=2880, flags=4, usage=0x20000b00, size=3744768, width=720, height=1280, internalWidth=720, internalHeight=1280, stride=720, base=0x709720d000, cpu_read=0,cpu_write=0, attr_base=0xffffffffffffffff, yuv_info=0, fd=-1, buf_idx=0, offset=0, min_pgsz=4096, phyaddr=0
07-13 17:39:21.546 I/gralloc ( 3580): gralloc_register_buffer hnd=0x7f69bc9700, share_fd=21, share_attr_fd=97, magic=51647890, format=1, internal_format=300000001, byte_stride=2880, flags=4, usage=0x20000b00, size=3744768, width=720, height=1280, internalWidth=720, internalHeight=1280, stride=720, base=0x7f4cc49000, cpu_read=0,cpu_write=0, attr_base=0xffffffffffffffff, yuv_info=0, fd=-1, buf_idx=0, offset=0, min_pgsz=4096, phyaddr=0
07-13 17:39:21.547 I/gralloc ( 2906): gralloc_register_buffer hnd=0x73ae1b7500, share_fd=66, share_attr_fd=67, magic=51647890, format=1, internal_format=300000001, byte_stride=2880, flags=4, usage=0x20000b00, size=3744768, width=720, height=1280, internalWidth=720, internalHeight=1280, stride=720, base=0x7338c6d000, cpu_read=0,cpu_write=0, attr_base=0xffffffffffffffff, yuv_info=0, fd=-1, buf_idx=0, offset=0, min_pgsz=4096, phyaddr=0
07-13 17:39:21.552 I/GoogleInputMethodService(19869): GoogleInputMethodService.onFinishInput():2045 
07-13 17:39:21.553 I/Module  (19869): DeviceLockedStatusModuleProvider$Module.updateDeviceLockedStatus():100 repeatCheckTimes = 0, locked = false
07-13 17:39:21.554 I/GoogleInputMethodService(19869): GoogleInputMethodService.onStartInput():1311 onStartInput(EditorInfo{EditorInfo{packageName=com.serenegiant.usbcameratest8, inputType=0, inputTypeString=NULL, enableLearning=false, autoCorrection=false, autoComplete=false, imeOptions=0, privateImeOptions=null, actionName=UNSPECIFIED, actionLabel=null, initialSelStart=-1, initialSelEnd=-1, initialCapsMode=0, label=null, fieldId=-1, fieldName=null, extras=null, hintText=null, hintLocales=[]}}, false)
07-13 17:39:21.555 I/Module  (19869): DeviceLockedStatusModuleProvider$Module.updateDeviceLockedStatus():100 repeatCheckTimes = 1, locked = false
07-13 17:39:21.565 I/gralloc ( 3580): gralloc_unregister_buffer hnd=0x7f66041600, share_fd=75, share_attr_fd=90, magic=51647890, format=1, internal_format=300000001, byte_stride=5120, flags=4, usage=0x20000b00, size=3744768, width=1280, height=720, internalWidth=1280, internalHeight=720, stride=1280, base=0x7f4d360000, cpu_read=0,cpu_write=0, attr_base=0xffffffffffffffff, yuv_info=0, fd=-1, buf_idx=0, offset=0, min_pgsz=4096, phyaddr=0
07-13 17:39:21.567 I/gralloc ( 3497): gralloc=>alloc, share_fd=9, share_attr_fd=10, magic=51647890, format=1, internal_format=300000001, byte_stride=2880, flags=4, usage=0x20000b00, size=3744768, width=720, height=1280, internalWidth=720, internalHeight=1280, stride=720, ADP_VSTRIDE=1280,base=0x709720d000, cpu_read=0, cpu_write=0, attr_base=0xffffffffffffffff, yuv_info=0, fd=-1, buf_idx=0, offset=0, min_pgsz=4096, phyaddr=0
07-13 17:39:21.567 I/gralloc ( 3497): gralloc_unregister_buffer hnd=0x709bc26200, share_fd=9, share_attr_fd=10, magic=51647890, format=1, internal_format=300000001, byte_stride=2880, flags=4, usage=0x20000b00, size=3744768, width=720, height=1280, internalWidth=720, internalHeight=1280, stride=720, base=0x709720d000, cpu_read=0,cpu_write=0, attr_base=0xffffffffffffffff, yuv_info=0, fd=-1, buf_idx=0, offset=0, min_pgsz=4096, phyaddr=0
07-13 17:39:21.567 I/gralloc ( 3497): gralloc=>free hnd=0x709bc26200, share_fd=9, share_attr_fd=10, magic=51647890, format=1, internal_format=300000001, byte_stride=2880, flags=4, usage=0x20000b00, size=3744768, width=720, height=1280, internalWidth=720, internalHeight=1280, stride=720, base=0x709720d000, cpu_read=0,cpu_write=0, attr_base=0xffffffffffffffff, yuv_info=0, fd=-1, buf_idx=0, offset=0, min_pgsz=4096, phyaddr=0
07-13 17:39:21.567 I/gralloc ( 3580): gralloc_register_buffer hnd=0x7f66041600, share_fd=90, share_attr_fd=95, magic=51647890, format=1, internal_format=300000001, byte_stride=2880, flags=4, usage=0x20000b00, size=3744768, width=720, height=1280, internalWidth=720, internalHeight=1280, stride=720, base=0x7f4d360000, cpu_read=0,cpu_write=0, attr_base=0xffffffffffffffff, yuv_info=0, fd=-1, buf_idx=0, offset=0, min_pgsz=4096, phyaddr=0
07-13 17:39:21.567 I/gralloc ( 2906): gralloc_register_buffer hnd=0x73ae1b7a00, share_fd=72, share_attr_fd=73, magic=51647890, format=1, internal_format=300000001, byte_stride=2880, flags=4, usage=0x20000b00, size=3744768, width=720, height=1280, internalWidth=720, internalHeight=1280, stride=720, base=0x73388da000, cpu_read=0,cpu_write=0, attr_base=0xffffffffffffffff, yuv_info=0, fd=-1, buf_idx=0, offset=0, min_pgsz=4096, phyaddr=0
07-13 17:39:21.576 D/com.txznet.smartwakeup.module.accessibility.TxzAccessibilityService@onAccessibilityEvent( 5597): current packageName com.serenegiant.usbcameratest8
07-13 17:39:21.579 D/PowerController.RecogA( 4123): packageName:com.txznet.weather mFgEvent:SYSTEM_INTERACTION mLastTimeFgEventChanged:1565237 mLastLaunchTime:0 mProcState:PROCESS_STATE_FOREGROUND_SERVICE mLastTimeProcStateChanged:11302106 mNotificationState:0 mLastTimeNotificationStateChanged:0 mAudioState:0 mLastTimeAudioStateChanged:0 mRequestGps:true mAvoidConstraintGps:false mBehaviorType:0 mScreenOn:true mLastTimeScreenStateChanged:0 mLastBgTime:0 mFgDuration:0 mAudioDuration:0 mBgAudioDuration:0 mHasNoClearNotificationWhenNavi:false
07-13 17:39:21.580 D/Launcher3( 7438): Launcher,  onSaveInstanceState: outState = Bundle[{launcher.state=1, apps_customize_currentTab=APPS, android:viewHierarchyState=Bundle[{android:views={1=android.view.AbsSavedState$1@651416f, 2=android.view.AbsSavedState$1@651416f, 3=android.view.AbsSavedState$1@651416f, 4=android.view.AbsSavedState$1@651416f, 5=android.view.AbsSavedState$1@651416f, 6=android.view.AbsSavedState$1@651416f, 7=android.view.AbsSavedState$1@651416f, 8=android.view.AbsSavedState$1@651416f, 9=android.view.AbsSavedState$1@651416f, 10=android.view.AbsSavedState$1@651416f, 11=android.view.AbsSavedState$1@651416f, 12=android.view.AbsSavedState$1@651416f, 13=android.view.AbsSavedState$1@651416f, 14=android.view.AbsSavedState$1@651416f, 15=android.view.AbsSavedState$1@651416f, 16=android.view.AbsSavedState$1@651416f, 17=android.view.AbsSavedState$1@651416f, 18=android.view.AbsSavedState$1@651416f, 19=android.view.AbsSavedState$1@651416f, 20=android.view.AbsSavedState$1@651416f, 21=android.view.AbsSavedState$1@651416f, 22=android.view.AbsSavedState$1@651416f, 23=android.view.AbsSavedState$1@651416f, 24=android.view.AbsSavedState$1@651416f, 25=android.view.AbsSavedState$1@651416f, 26=android.view.AbsSavedState$1@651416f, 27=android.view.AbsSavedState$1@651416f, 28=android.view.AbsSavedState$1@651416f, 29=android.view.AbsSavedState$1@651416f, 30=android.view.AbsSavedState$1@651416f, 31=android.view.AbsSavedState$1@651416f, 32=android.view.AbsSavedState$1@651416f, 33=android.view.AbsSavedState$1@651416f, 34=android.view.AbsSavedState$1@651416f, 35=android.view.AbsSavedState$1@651416f, 36=android.view.AbsSavedState$1@651416f, 37=android.view.AbsSavedState$1@651416f, 38=android.view.AbsSavedState$1@651416f, 39=android.view.AbsSavedState$1@651416f, 40=android.view.AbsSavedState$1@651416f, 41=android.view.AbsSavedState$1@651416f, 42=android.view.AbsSavedState$1@651416f, 43=android.view.AbsSavedState$1@651416f, 44=android.view.AbsSavedState$1@651416f, 45=android.view.AbsSavedState$1@651416f, 46=android.view.AbsSavedState$1@651416f, 47=android.view.AbsSavedState$1@651416f, 48=android.view.AbsSavedState$1@651416f, 49=android.view.AbsSavedState$1@651416f, 50=android.view.AbsSavedState$1@651416f, 51=android.view.AbsSavedState$1@651416f, 52=android.view.AbsSavedState$1@651416f, 53=android.view.AbsSavedState$1@651416f, 54=android.view.AbsSavedState$1@651416f, 55=android.view.AbsSavedState$1@651416f, 56=android.view.AbsSavedState$1@651416f, 57=android.view.AbsSavedState$1@651416f, 58=android.view.AbsSavedState$1@651416f, 59=android.view.AbsSavedState$1@651416f, 60=android.view.AbsSavedState$1@651416f, 61=android.view.AbsSavedState$1@651416f, 62=android.view.AbsSavedState$1@651416f, 63=android.view.AbsSavedState$1@651416f, 64=android.view.AbsSavedState$1@651416f, 65=android.view.AbsSavedState$1@651416f, 66=android.view.AbsSavedState$1@651416f, 67=android.view.AbsSavedState$1@651416f, 68=android.view.AbsSavedState$1@651416f, 69=android.view.AbsSavedState$1@651416f, 70=android.view.AbsSavedState$1@651416f, 71=android.view.AbsSavedState$1@651416f, 72=android.view.AbsSavedState$1@651416f, 73=android.view.AbsSavedState$1@651416f, 74=android.view.AbsSavedState$1@651416f, 75=android.view.AbsSavedState$1@651416f, 76=android.view.AbsSavedState$1@651416f, 77=android.view.AbsSavedState$1@651416f, 78=android.view.AbsSavedState$1@651416f, 79=android.view.AbsSavedState$1@651416f, 80=android.view.AbsSavedState$1@651416f, 81=android.view.AbsSavedState$1@651416f, 82=android.view.AbsSavedState$1@651416f, 83=android.view.AbsSavedState$1@651416f, 84=android.view.AbsSavedState$1@651416f, 85=android.view.AbsSavedState$1@651416f, 86=android.view.AbsSavedState$1@651416f, 87=android.view.AbsSavedState$1@651416f, 88=android.view.AbsSavedState$1@651416f, 89=android.view.AbsSavedState$1@651416f, 90=android.view.AbsSavedState$1@651416f, 91=android.view.AbsSavedState$1@651416f, 92=android.view.AbsSavedState$1@651416f, 93=android.view.AbsSavedState$1@651416f, 94=android.view.AbsSavedState$1@651416f, 95=android.view.AbsSavedState$1@651416f, 96=android.view.Abs
07-13 17:39:21.580 D/Surface ( 7438): release Surface,mNativeObject=0, this Surface(name=null)/@0x4e7e56a, caller: android.view.ViewRootImpl.destroySurface:1646 android.view.ViewRootImpl.setWindowStopped:1592 android.view.WindowManagerGlobal.setStoppedState:726 android.app.Activity.performStop:8148 android.app.ActivityThread.callActivityOnStop:4742 android.app.ActivityThread.performStopActivityInner:4720 
07-13 17:39:21.580 D/Launcher3( 7438): Launcher, (Launcher)onStop: this = com.android.launcher3.Launcher@b426e16
07-13 17:39:21.580 D/Launcher3( 7438): Launcher, (Launcher)onStop: set SharedPreferences for MMS
07-13 17:39:21.581 D/Launcher3( 7438): Launcher, (Launcher)onStop: PowerManager.isScreenOn() = fasle, don't set SharedPreferences
07-13 17:39:21.581 D/Launcher3( 7438): Launcher, (Launcher)onStop: set SharedPreferences for MMS,end
07-13 17:39:21.581 I/LinkTurboReg( 7438): after performStop current mActovities size is: 1
07-13 17:39:21.582 D/TxzAccessibilityService( 5597): onAccessibilityEvent: event=EventType: TYPE_WINDOWS_CHANGED; EventTime: 11301933; PackageName: null; MovementGranularity: 0; Action: 0; ContentChangeTypes: []; WindowChangeTypes: [WINDOWS_CHANGE_BOUNDS] [ ClassName: null; Text: []; ContentDescription: null; ItemCount: -1; CurrentItemIndex: -1; Enabled: false; Password: false; Checked: false; FullScreen: false; Scrollable: false; BeforeText: null; FromIndex: -1; ToIndex: -1; ScrollX: -1; ScrollY: -1; MaxScrollX: -1; MaxScrollY: -1; AddedCount: -1; RemovedCount: -1; ParcelableData: null ]; recordCount: 0
07-13 17:39:21.583 D/TxzAccessibilityService( 5597): skip null
07-13 17:39:21.583 D/TxzAccessibilityService( 5597): onAccessibilityEvent: event=EventType: TYPE_WINDOW_CONTENT_CHANGED; EventTime: 11302062; PackageName: com.serenegiant.usbcameratest8; MovementGranularity: 0; Action: 0; ContentChangeTypes: [CONTENT_CHANGE_TYPE_SUBTREE]; WindowChangeTypes: [] [ ClassName: android.widget.FrameLayout; Text: []; ContentDescription: null; ItemCount: -1; CurrentItemIndex: -1; Enabled: true; Password: false; Checked: false; FullScreen: false; Scrollable: false; BeforeText: null; FromIndex: -1; ToIndex: -1; ScrollX: -1; ScrollY: -1; MaxScrollX: -1; MaxScrollY: -1; AddedCount: -1; RemovedCount: -1; ParcelableData: null ]; recordCount: 0
07-13 17:39:21.589 D/TxzAccessibilityService( 5597): subtree: EventType: TYPE_WINDOW_CONTENT_CHANGED; EventTime: 11302062; PackageName: com.serenegiant.usbcameratest8; MovementGranularity: 0; Action: 0; ContentChangeTypes: [CONTENT_CHANGE_TYPE_SUBTREE]; WindowChangeTypes: [] [ ClassName: android.widget.FrameLayout; Text: []; ContentDescription: null; ItemCount: -1; CurrentItemIndex: -1; Enabled: true; Password: false; Checked: false; FullScreen: false; Scrollable: false; BeforeText: null; FromIndex: -1; ToIndex: -1; ScrollX: -1; ScrollY: -1; MaxScrollX: -1; MaxScrollY: -1; AddedCount: -1; RemovedCount: -1; ParcelableData: null ]; recordCount: 0
07-13 17:39:21.592 D/PowerController.RecogA( 4123): packageName:com.android.launcher.gradient.black mFgEvent:ACTIVITY_STOPPED mLastTimeFgEventChanged:11302119 mLastLaunchTime:11096771 mProcState:PROCESS_STATE_CACHED_EMPTY mLastTimeProcStateChanged:0 mNotificationState:0 mLastTimeNotificationStateChanged:0 mAudioState:0 mLastTimeAudioStateChanged:0 mRequestGps:true mAvoidConstraintGps:false mBehaviorType:0 mScreenOn:true mLastTimeScreenStateChanged:0 mLastBgTime:11301547 mFgDuration:6145035 mAudioDuration:0 mBgAudioDuration:0 mHasNoClearNotificationWhenNavi:false
07-13 17:39:21.618 I/gralloc ( 3580): gralloc_unregister_buffer hnd=0x7f69bc9d00, share_fd=98, share_attr_fd=101, magic=51647890, format=1, internal_format=300000001, byte_stride=2880, flags=4, usage=0x20000b00, size=3744768, width=720, height=1280, internalWidth=720, internalHeight=1280, stride=720, base=0x7f4a8ef000, cpu_read=0,cpu_write=0, attr_base=0xffffffffffffffff, yuv_info=0, fd=-1, buf_idx=0, offset=0, min_pgsz=4096, phyaddr=0
07-13 17:39:21.637 D/TxzAccessibilityService( 5597): onAccessibilityEvent: event=EventType: TYPE_WINDOW_CONTENT_CHANGED; EventTime: 11302162; PackageName: com.serenegiant.usbcameratest8; MovementGranularity: 0; Action: 0; ContentChangeTypes: [CONTENT_CHANGE_TYPE_SUBTREE]; WindowChangeTypes: [] [ ClassName: android.support.v7.widget.LinearLayoutCompat; Text: []; ContentDescription: null; ItemCount: -1; CurrentItemIndex: -1; Enabled: true; Password: false; Checked: false; FullScreen: false; Scrollable: false; BeforeText: null; FromIndex: -1; ToIndex: -1; ScrollX: -1; ScrollY: -1; MaxScrollX: -1; MaxScrollY: -1; AddedCount: -1; RemovedCount: -1; ParcelableData: null ]; recordCount: 0
07-13 17:39:21.637 I/QFApi   ( 6445): getCustomPlatform - customPlatform: 7862
07-13 17:39:21.644 D/TxzAccessibilityService( 5597): subtree: EventType: TYPE_WINDOW_CONTENT_CHANGED; EventTime: 11302162; PackageName: com.serenegiant.usbcameratest8; MovementGranularity: 0; Action: 0; ContentChangeTypes: [CONTENT_CHANGE_TYPE_SUBTREE]; WindowChangeTypes: [] [ ClassName: android.support.v7.widget.LinearLayoutCompat; Text: []; ContentDescription: null; ItemCount: -1; CurrentItemIndex: -1; Enabled: true; Password: false; Checked: false; FullScreen: false; Scrollable: false; BeforeText: null; FromIndex: -1; ToIndex: -1; ScrollX: -1; ScrollY: -1; MaxScrollX: -1; MaxScrollY: -1; AddedCount: -1; RemovedCount: -1; ParcelableData: null ]; recordCount: 0
07-13 17:39:21.711 I/BarController( 4123): setBarShowingLw - win: 15df344 StatusBar - show: true
07-13 17:39:21.714 D/SSense  ( 4123): windowsChanged
07-13 17:39:21.736 I/BarController( 4123): setBarShowingLw - win: 15df344 StatusBar - show: true
07-13 17:39:21.738 I/gralloc ( 3580): gralloc_unregister_buffer hnd=0x7f66041300, share_fd=105, share_attr_fd=117, magic=51647890, format=1, internal_format=1, byte_stride=5120, flags=4, usage=0x966, size=3686400, width=1280, height=720, internalWidth=1280, internalHeight=720, stride=1280, base=0x7f4cfdc000, cpu_read=0,cpu_write=0, attr_base=0xffffffffffffffff, yuv_info=0, fd=-1, buf_idx=0, offset=0, min_pgsz=4096, phyaddr=0
07-13 17:39:21.759 I/Tpms3   (10574): mDataCheckTimer startDataTime:-1;datTime:1752442761
07-13 17:39:21.762 D/TXZ     ( 5597): [ReportManager][7066/7122]initWebSocket: url=wss://websocket.txzing.com/junsun/index?app_id=6a3643cb81c6e92137ccc63f536df874&tm=1752442761761&data=aGqaGbz4V3ns7pRlKWSKsF9nRfxTM2rRhSkHUIlG8Ks%3D&platform=car
07-13 17:39:21.762 D/TXZ     ( 5597): [ReportManager][7066/7122]connect: start
07-13 17:39:21.764 D/TXZ     ( 5597): [TXZWebSocketClient][7066/3011]onError: ex=java.net.UnknownHostException: websocket.txzing.com
07-13 17:39:21.764 D/TXZ     ( 5597): [ReportManager][7066/3011]java.net.UnknownHostException: websocket.txzing.com
07-13 17:39:21.764 D/TXZ     ( 5597): [ReportManager][7066/3011]onClose() called with: code = -1, reason = websocket.txzing.com, remote = false
07-13 17:39:21.764 D/TXZ     ( 5597): [ReportManager][7066/7122]connect: finish
07-13 17:39:21.857 D/TXZ     ( 5597): [ReportManager][7066/7122]initWebSocket: url=wss://websocket.txzing.com/junsun/index?app_id=6a3643cb81c6e92137ccc63f536df874&tm=1752442761856&data=CV3i1pvvgY3fwlYeDsVkNAfTEahdMRTjdywbwznZE7M%3D&platform=car
07-13 17:39:21.857 D/TXZ     ( 5597): [ReportManager][7066/7122]connect: start
07-13 17:39:21.859 D/TXZ     ( 5597): [TXZWebSocketClient][7066/3012]onError: ex=java.net.UnknownHostException: websocket.txzing.com
07-13 17:39:21.859 D/TXZ     ( 5597): [ReportManager][7066/3012]java.net.UnknownHostException: websocket.txzing.com
07-13 17:39:21.859 D/TXZ     ( 5597): [ReportManager][7066/3012]onClose() called with: code = -1, reason = websocket.txzing.com, remote = false
07-13 17:39:21.859 D/TXZ     ( 5597): [ReportManager][7066/7122]connect: finish
07-13 17:39:21.898 D/TXZ     ( 5597): [TXZ][5726/5726]sIsLoadFile = false, sIsLoadRemote = false
07-13 17:39:21.898 D/TXZ     ( 5597): [AppLogicUtil][5726/5726]updateResourceConfig: configuration not changed
07-13 17:39:21.898 I/mcu_services( 5451): readInBuf:[ff fe fd 03 01 29 81 a9 ff ]
07-13 17:39:21.898 E/mcu_services( 5451): MCU2APP : [ff fe fd 03 01 29 81 a9 ff ]
07-13 17:39:21.899 D/mcu_services( 5451): processResponse - length: 3 - type: 1 - control: 29
07-13 17:39:21.899 D/mcu_services( 5451): dispatchToClients - cmdId: 41 - data : [29 81 ]
07-13 17:39:21.899 D/callback( 5451): callMcuInfoChanged: 29 81 
07-13 17:39:21.901 W/ContextImpl( 6445): Calling a method in the system process without a qualified user: android.app.ContextImpl.sendBroadcast:1045 android.content.ContextWrapper.sendBroadcast:448 com.qf.carsettings.service.CarSettingService$4.onMcuInfoChanged:670 android.qf.mcu.McuManager$ListenerTransport._handleMessage:106 android.qf.mcu.McuManager$ListenerTransport.access$700:72 
07-13 17:39:21.899 D/callback( 5451): callMcuInfoChanged: 29 81 
07-13 17:39:21.904 D/TxzAccessibilityService( 5597): onAccessibilityEvent: event=EventType: TYPE_WINDOW_CONTENT_CHANGED; EventTime: 11302430; PackageName: com.android.systemui; MovementGranularity: 0; Action: 0; ContentChangeTypes: [CONTENT_CHANGE_TYPE_TEXT]; WindowChangeTypes: [] [ ClassName: android.widget.TextView; Text: []; ContentDescription: null; ItemCount: -1; CurrentItemIndex: -1; Enabled: true; Password: false; Checked: false; FullScreen: false; Scrollable: false; BeforeText: null; FromIndex: -1; ToIndex: -1; ScrollX: -1; ScrollY: -1; MaxScrollX: -1; MaxScrollY: -1; AddedCount: -1; RemovedCount: -1; ParcelableData: null ]; recordCount: 1
07-13 17:39:21.904 D/TxzAccessibilityService( 5597): skip com.android.systemui
07-13 17:39:21.958 D/TXZ     ( 5597): [ReportManager][7066/7122]initWebSocket: url=wss://websocket.txzing.com/junsun/index?app_id=6a3643cb81c6e92137ccc63f536df874&tm=1752442761957&data=lVHCt0OejxWD7zIllgC%2FXG1UuRRyVSoJOSkKiKF85XI%3D&platform=car
07-13 17:39:21.958 D/TXZ     ( 5597): [ReportManager][7066/7122]connect: start
07-13 17:39:21.959 D/TXZ     ( 5597): [TXZWebSocketClient][7066/3013]onError: ex=java.net.UnknownHostException: websocket.txzing.com
07-13 17:39:21.960 D/TXZ     ( 5597): [ReportManager][7066/3013]java.net.UnknownHostException: websocket.txzing.com
07-13 17:39:21.960 D/TXZ     ( 5597): [ReportManager][7066/3013]onClose() called with: code = -1, reason = websocket.txzing.com, remote = false
07-13 17:39:21.961 D/TXZ     ( 5597): [ReportManager][7066/7122]connect: finish
07-13 17:39:22.009 D/sd      ( 4594): uart send:3 byte/s
07-13 17:39:22.009 D/sd      ( 4594): uart recv:4 byte/s
07-13 17:39:22.143 D/TXZ     ( 5597): [ReportManager][7066/7122]initWebSocket: url=wss://websocket.txzing.com/junsun/index?app_id=6a3643cb81c6e92137ccc63f536df874&tm=1752442762143&data=DT4s1tblHOIPEpMyMI8QlDtmIvNB%2FKwJPbmq0G0XHCw%3D&platform=car
07-13 17:39:22.144 D/TXZ     ( 5597): [ReportManager][7066/7122]connect: start
07-13 17:39:22.144 D/Netd    ( 3473): app_netid:0x65 app_mark:0x65 dns_netid:0x65 dns_mark:0xf0065 uid:10121
07-13 17:39:22.147 D/TXZ     ( 5597): [TXZWebSocketClient][7066/3019]onError: ex=java.net.UnknownHostException: websocket.txzing.com
07-13 17:39:22.147 D/TXZ     ( 5597): [ReportManager][7066/3019]java.net.UnknownHostException: websocket.txzing.com
07-13 17:39:22.147 D/TXZ     ( 5597): [ReportManager][7066/3019]onClose() called with: code = -1, reason = websocket.txzing.com, remote = false
07-13 17:39:22.147 D/TXZ     ( 5597): [ReportManager][7066/7122]connect: finish
07-13 17:39:22.147 D/TXZ     ( 5597): [ReportManager][7066/7122]initWebSocket: url=wss://websocket.txzing.com/junsun/index?app_id=6a3643cb81c6e92137ccc63f536df874&tm=1752442762147&data=RGgobjc1CAmEEDwcnCLl%2Bb2DMTfkfo%2FWoDO91DBRp4U%3D&platform=car
07-13 17:39:22.148 D/TXZ     ( 5597): [ReportManager][7066/7122]connect: start
07-13 17:39:22.149 D/TXZ     ( 5597): [TXZWebSocketClient][7066/3021]onError: ex=java.net.UnknownHostException: websocket.txzing.com
07-13 17:39:22.149 D/TXZ     ( 5597): [ReportManager][7066/3021]java.net.UnknownHostException: websocket.txzing.com
07-13 17:39:22.149 D/TXZ     ( 5597): [ReportManager][7066/3021]onClose() called with: code = -1, reason = websocket.txzing.com, remote = false
07-13 17:39:22.149 D/TXZ     ( 5597): [ReportManager][7066/7122]connect: finish
07-13 17:39:22.150 D/TXZ     ( 5597): [ReportManager][7066/7122]initWebSocket: url=wss://websocket.txzing.com/junsun/index?app_id=6a3643cb81c6e92137ccc63f536df874&tm=1752442762150&data=AEmsrMTRr9CI%2FUynt%2BOdnCAzGSAd%2FtyZOHd%2FPhtxvXA%3D&platform=car
07-13 17:39:22.150 D/TXZ     ( 5597): [ReportManager][7066/7122]connect: start
07-13 17:39:22.151 D/TXZ     ( 5597): [TXZWebSocketClient][7066/3022]onError: ex=java.net.UnknownHostException: websocket.txzing.com
07-13 17:39:22.151 D/TXZ     ( 5597): [ReportManager][7066/3022]java.net.UnknownHostException: websocket.txzing.com
07-13 17:39:22.151 D/TXZ     ( 5597): [ReportManager][7066/3022]onClose() called with: code = -1, reason = websocket.txzing.com, remote = false
07-13 17:39:22.152 D/TXZ     ( 5597): [ReportManager][7066/7122]connect: finish
07-13 17:39:22.153 D/TXZ     ( 5597): [ReportManager][7066/7122]initWebSocket: url=wss://websocket.txzing.com/junsun/index?app_id=6a3643cb81c6e92137ccc63f536df874&tm=1752442762152&data=jbzHPaeTffjxC2oYxq97ry6RCI34dIiA6cltu6L%2BmFI%3D&platform=car
07-13 17:39:22.153 D/TXZ     ( 5597): [ReportManager][7066/7122]connect: start
07-13 17:39:22.155 D/TXZ     ( 5597): [TXZWebSocketClient][7066/3023]onError: ex=java.net.UnknownHostException: websocket.txzing.com
07-13 17:39:22.155 D/TXZ     ( 5597): [ReportManager][7066/3023]java.net.UnknownHostException: websocket.txzing.com
07-13 17:39:22.155 D/TXZ     ( 5597): [ReportManager][7066/3023]onClose() called with: code = -1, reason = websocket.txzing.com, remote = false
07-13 17:39:22.155 D/TXZ     ( 5597): [ReportManager][7066/7122]connect: finish
07-13 17:39:22.159 D/TXZ     ( 5597): [ReportManager][7066/7122]initWebSocket: url=wss://websocket.txzing.com/junsun/index?app_id=6a3643cb81c6e92137ccc63f536df874&tm=1752442762158&data=9bbcqlDW5t58EizwuNa9iyJVc0CML4Mbv872KvJBRLI%3D&platform=car
07-13 17:39:22.159 D/TXZ     ( 5597): [ReportManager][7066/7122]connect: start
07-13 17:39:22.160 D/TXZ     ( 5597): [TXZWebSocketClient][7066/3024]onError: ex=java.net.UnknownHostException: websocket.txzing.com
07-13 17:39:22.161 D/TXZ     ( 5597): [ReportManager][7066/3024]java.net.UnknownHostException: websocket.txzing.com
07-13 17:39:22.161 D/TXZ     ( 5597): [ReportManager][7066/3024]onClose() called with: code = -1, reason = websocket.txzing.com, remote = false
07-13 17:39:22.161 D/TXZ     ( 5597): [ReportManager][7066/7122]connect: finish
07-13 17:39:22.161 D/TXZ     ( 5597): [ReportManager][7066/7122]initWebSocket: url=wss://websocket.txzing.com/junsun/index?app_id=6a3643cb81c6e92137ccc63f536df874&tm=1752442762160&data=nkGFWcSx3ANbSepLg1H46Ga28V%2B5RhXiAtlv%2FGnH2SI%3D&platform=car
07-13 17:39:22.162 D/TXZ     ( 5597): [ReportManager][7066/7122]connect: start
07-13 17:39:22.163 D/TXZ     ( 5597): [TXZWebSocketClient][7066/3025]onError: ex=java.net.UnknownHostException: websocket.txzing.com
07-13 17:39:22.163 D/TXZ     ( 5597): [ReportManager][7066/3025]java.net.UnknownHostException: websocket.txzing.com
07-13 17:39:22.163 D/TXZ     ( 5597): [ReportManager][7066/3025]onClose() called with: code = -1, reason = websocket.txzing.com, remote = false
07-13 17:39:22.163 D/TXZ     ( 5597): [ReportManager][7066/7122]connect: finish
07-13 17:39:22.163 D/TXZ     ( 5597): [ReportManager][7066/7122]initWebSocket: url=wss://websocket.txzing.com/junsun/index?app_id=6a3643cb81c6e92137ccc63f536df874&tm=1752442762163&data=%2BLwip2XOzaMzYZje8fphWB%2Bu2B%2BT1EXKrM0cqI8Vtcw%3D&platform=car
07-13 17:39:22.163 D/TXZ     ( 5597): [ReportManager][7066/7122]connect: start
07-13 17:39:22.165 D/TXZ     ( 5597): [TXZWebSocketClient][7066/3026]onError: ex=java.net.UnknownHostException: websocket.txzing.com
07-13 17:39:22.165 D/TXZ     ( 5597): [ReportManager][7066/3026]java.net.UnknownHostException: websocket.txzing.com
07-13 17:39:22.165 D/TXZ     ( 5597): [ReportManager][7066/3026]onClose() called with: code = -1, reason = websocket.txzing.com, remote = false
07-13 17:39:22.166 D/TXZ     ( 5597): [ReportManager][7066/7122]connect: finish
07-13 17:39:22.167 D/TXZ     ( 5597): [ReportManager][7066/7122]initWebSocket: url=wss://websocket.txzing.com/junsun/index?app_id=6a3643cb81c6e92137ccc63f536df874&tm=1752442762166&data=KGH5o0rA%2BIK5I3vMRbrkiZYIqW4EBRfQZkDxh4tgRHc%3D&platform=car
07-13 17:39:22.167 D/TXZ     ( 5597): [ReportManager][7066/7122]connect: start
07-13 17:39:22.168 D/TXZ     ( 5597): [TXZWebSocketClient][7066/3027]onError: ex=java.net.UnknownHostException: websocket.txzing.com
07-13 17:39:22.168 D/TXZ     ( 5597): [ReportManager][7066/3027]java.net.UnknownHostException: websocket.txzing.com
07-13 17:39:22.168 D/TXZ     ( 5597): [ReportManager][7066/3027]onClose() called with: code = -1, reason = websocket.txzing.com, remote = false
07-13 17:39:22.168 D/TXZ     ( 5597): [ReportManager][7066/7122]connect: finish
07-13 17:39:22.168 D/TXZ     ( 5597): [ReportManager][7066/7122]initWebSocket: url=wss://websocket.txzing.com/junsun/index?app_id=6a3643cb81c6e92137ccc63f536df874&tm=1752442762168&data=mTtOgAH8hPLLWr%2FHO5OP6uH6xIrIKLREjcR%2Fe0H2k88%3D&platform=car
07-13 17:39:22.169 D/TXZ     ( 5597): [ReportManager][7066/7122]connect: start
07-13 17:39:22.170 D/TXZ     ( 5597): [TXZWebSocketClient][7066/3028]onError: ex=java.net.UnknownHostException: websocket.txzing.com
07-13 17:39:22.170 D/TXZ     ( 5597): [ReportManager][7066/3028]java.net.UnknownHostException: websocket.txzing.com
07-13 17:39:22.170 D/TXZ     ( 5597): [ReportManager][7066/3028]onClose() called with: code = -1, reason = websocket.txzing.com, remote = false
07-13 17:39:22.170 D/TXZ     ( 5597): [ReportManager][7066/7122]connect: finish
07-13 17:39:22.171 D/TXZ     ( 5597): [ReportManager][7066/7122]initWebSocket: url=wss://websocket.txzing.com/junsun/index?app_id=6a3643cb81c6e92137ccc63f536df874&tm=1752442762171&data=1oBaZZV9Jzj5qItb%2BXmfkOPUvzeO88NXPHfk3sKpyM8%3D&platform=car
07-13 17:39:22.171 D/TXZ     ( 5597): [ReportManager][7066/7122]connect: start
07-13 17:39:22.173 D/TXZ     ( 5597): [TXZWebSocketClient][7066/3029]onError: ex=java.net.UnknownHostException: websocket.txzing.com
07-13 17:39:22.173 D/TXZ     ( 5597): [ReportManager][7066/3029]java.net.UnknownHostException: websocket.txzing.com
07-13 17:39:22.173 D/TXZ     ( 5597): [ReportManager][7066/3029]onClose() called with: code = -1, reason = websocket.txzing.com, remote = false
07-13 17:39:22.173 D/TXZ     ( 5597): [ReportManager][7066/7122]connect: finish
07-13 17:39:22.173 D/TXZ     ( 5597): [ReportManager][7066/7122]initWebSocket: url=wss://websocket.txzing.com/junsun/index?app_id=6a3643cb81c6e92137ccc63f536df874&tm=1752442762173&data=%2FYzOnN%2FB91CeFcALz4BIdTMDwdsy0%2BFKXYVf3isoMJU%3D&platform=car
07-13 17:39:22.175 D/TXZ     ( 5597): [ReportManager][7066/7122]connect: start
07-13 17:39:22.175 D/TXZ     ( 5597): [TXZWebSocketClient][7066/3030]onError: ex=java.net.UnknownHostException: websocket.txzing.com
07-13 17:39:22.175 D/TXZ     ( 5597): [ReportManager][7066/3030]java.net.UnknownHostException: websocket.txzing.com
07-13 17:39:22.175 D/TXZ     ( 5597): [ReportManager][7066/3030]onClose() called with: code = -1, reason = websocket.txzing.com, remote = false
07-13 17:39:22.175 D/TXZ     ( 5597): [ReportManager][7066/7122]connect: finish
07-13 17:39:22.175 D/TXZ     ( 5597): [ReportManager][7066/7122]initWebSocket: url=wss://websocket.txzing.com/junsun/index?app_id=6a3643cb81c6e92137ccc63f536df874&tm=1752442762174&data=O9VaHdujJxreG2Tq3zssL27yzCZINg37bONe49wOnvU%3D&platform=car
07-13 17:39:22.175 D/TXZ     ( 5597): [ReportManager][7066/7122]connect: start
07-13 17:39:22.175 D/TXZ     ( 5597): [TXZWebSocketClient][7066/3031]onError: ex=java.net.UnknownHostException: websocket.txzing.com
07-13 17:39:22.176 D/TXZ     ( 5597): [ReportManager][7066/3031]java.net.UnknownHostException: websocket.txzing.com
07-13 17:39:22.176 D/TXZ     ( 5597): [ReportManager][7066/3031]onClose() called with: code = -1, reason = websocket.txzing.com, remote = false
07-13 17:39:22.176 D/TXZ     ( 5597): [ReportManager][7066/7122]connect: finish
07-13 17:39:22.177 D/TXZ     ( 5597): [ReportManager][7066/7122]initWebSocket: url=wss://websocket.txzing.com/junsun/index?app_id=6a3643cb81c6e92137ccc63f536df874&tm=1752442762176&data=%2FpSq6ZBaI9MQDhfb3FO0VmVgbgsW7x96LIBbeZr1nig%3D&platform=car
07-13 17:39:22.177 D/TXZ     ( 5597): [ReportManager][7066/7122]connect: start
07-13 17:39:22.178 D/TXZ     ( 5597): [TXZWebSocketClient][7066/3032]onError: ex=java.net.UnknownHostException: websocket.txzing.com
07-13 17:39:22.178 D/TXZ     ( 5597): [ReportManager][7066/3032]java.net.UnknownHostException: websocket.txzing.com
07-13 17:39:22.178 D/TXZ     ( 5597): [ReportManager][7066/3032]onClose() called with: code = -1, reason = websocket.txzing.com, remote = false
07-13 17:39:22.178 D/TXZ     ( 5597): [ReportManager][7066/7122]connect: finish
07-13 17:39:22.178 D/TXZ     ( 5597): [ReportManager][7066/7122]initWebSocket: url=wss://websocket.txzing.com/junsun/index?app_id=6a3643cb81c6e92137ccc63f536df874&tm=1752442762178&data=rhxOD3RN3nt6m%2BVjlSUZ93ybByLgSvjz3GJn2m9Xijs%3D&platform=car
07-13 17:39:22.179 D/TXZ     ( 5597): [ReportManager][7066/7122]connect: start
07-13 17:39:22.180 D/TXZ     ( 5597): [TXZWebSocketClient][7066/3033]onError: ex=java.net.UnknownHostException: websocket.txzing.com
07-13 17:39:22.180 D/TXZ     ( 5597): [ReportManager][7066/3033]java.net.UnknownHostException: websocket.txzing.com
07-13 17:39:22.180 D/TXZ     ( 5597): [ReportManager][7066/3033]onClose() called with: code = -1, reason = websocket.txzing.com, remote = false
07-13 17:39:22.181 D/TXZ     ( 5597): [ReportManager][7066/7122]connect: finish
07-13 17:39:22.181 D/TXZ     ( 5597): [ReportManager][7066/7122]initWebSocket: url=wss://websocket.txzing.com/junsun/index?app_id=6a3643cb81c6e92137ccc63f536df874&tm=1752442762180&data=m1WGQG5gpyHPUfTLVSRFEqIOU9m8tHL6rQqf1YeOQD0%3D&platform=car
07-13 17:39:22.181 D/TXZ     ( 5597): [ReportManager][7066/7122]connect: start
07-13 17:39:22.181 D/TXZ     ( 5597): [TXZWebSocketClient][7066/3034]onError: ex=java.net.UnknownHostException: websocket.txzing.com
07-13 17:39:22.181 D/TXZ     ( 5597): [ReportManager][7066/3034]java.net.UnknownHostException: websocket.txzing.com
07-13 17:39:22.181 D/TXZ     ( 5597): [ReportManager][7066/3034]onClose() called with: code = -1, reason = websocket.txzing.com, remote = false
07-13 17:39:22.181 D/TXZ     ( 5597): [ReportManager][7066/7122]connect: finish
07-13 17:39:22.182 D/TXZ     ( 5597): [ReportManager][7066/7122]initWebSocket: url=wss://websocket.txzing.com/junsun/index?app_id=6a3643cb81c6e92137ccc63f536df874&tm=1752442762181&data=sLawhrIiLi9Llp4pJrNu%2FV%2F2%2F%2FMxrpJUHW4tx90MJ2k%3D&platform=car
07-13 17:39:22.182 D/TXZ     ( 5597): [ReportManager][7066/7122]connect: start
07-13 17:39:22.183 D/TXZ     ( 5597): [TXZWebSocketClient][7066/3035]onError: ex=java.net.UnknownHostException: websocket.txzing.com
07-13 17:39:22.183 D/TXZ     ( 5597): [ReportManager][7066/3035]java.net.UnknownHostException: websocket.txzing.com
07-13 17:39:22.183 D/TXZ     ( 5597): [ReportManager][7066/3035]onClose() called with: code = -1, reason = websocket.txzing.com, remote = false
07-13 17:39:22.183 D/TXZ     ( 5597): [ReportManager][7066/7122]connect: finish
07-13 17:39:22.188 D/TXZ     ( 5597): [ReportManager][7066/7122]initWebSocket: url=wss://websocket.txzing.com/junsun/index?app_id=6a3643cb81c6e92137ccc63f536df874&tm=1752442762188&data=H9doLLYWQxZh9NnYcr0WP42eKTFCiyUtsWuAkFBgfkY%3D&platform=car
07-13 17:39:22.188 D/TXZ     ( 5597): [ReportManager][7066/7122]connect: start
07-13 17:39:22.190 D/TXZ     ( 5597): [TXZWebSocketClient][7066/3036]onError: ex=java.net.UnknownHostException: websocket.txzing.com
07-13 17:39:22.190 D/TXZ     ( 5597): [ReportManager][7066/3036]java.net.UnknownHostException: websocket.txzing.com
07-13 17:39:22.190 D/TXZ     ( 5597): [ReportManager][7066/3036]onClose() called with: code = -1, reason = websocket.txzing.com, remote = false
07-13 17:39:22.190 D/TXZ     ( 5597): [ReportManager][7066/7122]connect: finish
07-13 17:39:22.192 D/TXZ     ( 5597): [ReportManager][7066/7122]initWebSocket: url=wss://websocket.txzing.com/junsun/index?app_id=6a3643cb81c6e92137ccc63f536df874&tm=1752442762192&data=v9tlBr4JFeqjGRwfCMEYOrh55xmJUTXTQa5yQ7etyk0%3D&platform=car
07-13 17:39:22.192 D/TXZ     ( 5597): [ReportManager][7066/7122]connect: start
07-13 17:39:22.194 D/TXZ     ( 5597): [TXZWebSocketClient][7066/3037]onError: ex=java.net.UnknownHostException: websocket.txzing.com
07-13 17:39:22.194 D/TXZ     ( 5597): [ReportManager][7066/3037]java.net.UnknownHostException: websocket.txzing.com
07-13 17:39:22.194 D/TXZ     ( 5597): [ReportManager][7066/3037]onClose() called with: code = -1, reason = websocket.txzing.com, remote = false
07-13 17:39:22.194 D/TXZ     ( 5597): [ReportManager][7066/7122]connect: finish
07-13 17:39:22.195 D/TXZ     ( 5597): [ReportManager][7066/7122]initWebSocket: url=wss://websocket.txzing.com/junsun/index?app_id=6a3643cb81c6e92137ccc63f536df874&tm=1752442762194&data=L3nAzIRBTnOKGOCuv7PakkzNuLw5c%2F9zFKwJMabDIiI%3D&platform=car
07-13 17:39:22.195 D/TXZ     ( 5597): [ReportManager][7066/7122]connect: start
07-13 17:39:22.196 D/TXZ     ( 5597): [TXZWebSocketClient][7066/3038]onError: ex=java.net.UnknownHostException: websocket.txzing.com
07-13 17:39:22.196 D/TXZ     ( 5597): [ReportManager][7066/3038]java.net.UnknownHostException: websocket.txzing.com
07-13 17:39:22.196 D/TXZ     ( 5597): [ReportManager][7066/3038]onClose() called with: code = -1, reason = websocket.txzing.com, remote = false
07-13 17:39:22.196 D/TXZ     ( 5597): [ReportManager][7066/7122]connect: finish
07-13 17:39:22.196 D/TXZ     ( 5597): [ReportManager][7066/7122]initWebSocket: url=wss://websocket.txzing.com/junsun/index?app_id=6a3643cb81c6e92137ccc63f536df874&tm=1752442762196&data=fQbAI67o64DxDb4l1AFcEN2paxo%2FrITQi%2BectNLxmrU%3D&platform=car
07-13 17:39:22.197 D/TXZ     ( 5597): [ReportManager][7066/7122]connect: start
07-13 17:39:22.198 D/TXZ     ( 5597): [TXZWebSocketClient][7066/3039]onError: ex=java.net.UnknownHostException: websocket.txzing.com
07-13 17:39:22.198 D/TXZ     ( 5597): [ReportManager][7066/3039]java.net.UnknownHostException: websocket.txzing.com
07-13 17:39:22.198 D/TXZ     ( 5597): [ReportManager][7066/3039]onClose() called with: code = -1, reason = websocket.txzing.com, remote = false
07-13 17:39:22.198 D/TXZ     ( 5597): [ReportManager][7066/7122]connect: finish
07-13 17:39:22.200 D/TXZ     ( 5597): [ReportManager][7066/7122]initWebSocket: url=wss://websocket.txzing.com/junsun/index?app_id=6a3643cb81c6e92137ccc63f536df874&tm=1752442762200&data=Dh6kFJPsulm0vI5rGprtJZxPSvPN80VsVFDcVJXMn34%3D&platform=car
07-13 17:39:22.200 D/TXZ     ( 5597): [ReportManager][7066/7122]connect: start
07-13 17:39:22.201 D/TXZ     ( 5597): [TXZWebSocketClient][7066/3040]onError: ex=java.net.UnknownHostException: websocket.txzing.com
07-13 17:39:22.201 D/TXZ     ( 5597): [ReportManager][7066/3040]java.net.UnknownHostException: websocket.txzing.com
07-13 17:39:22.201 D/TXZ     ( 5597): [ReportManager][7066/3040]onClose() called with: code = -1, reason = websocket.txzing.com, remote = false
07-13 17:39:22.203 D/TXZ     ( 5597): [ReportManager][7066/7122]connect: finish
07-13 17:39:22.203 D/TXZ     ( 5597): [ReportManager][7066/7122]initWebSocket: url=wss://websocket.txzing.com/junsun/index?app_id=6a3643cb81c6e92137ccc63f536df874&tm=1752442762201&data=uQG2juDhwfXX9f1MvUOcvJryH1L1dhVFArJlUPESTGg%3D&platform=car
07-13 17:39:22.203 D/TXZ     ( 5597): [ReportManager][7066/7122]connect: start
07-13 17:39:22.203 D/TXZ     ( 5597): [TXZWebSocketClient][7066/3041]onError: ex=java.net.UnknownHostException: websocket.txzing.com
07-13 17:39:22.203 D/TXZ     ( 5597): [ReportManager][7066/3041]java.net.UnknownHostException: websocket.txzing.com
07-13 17:39:22.203 D/TXZ     ( 5597): [ReportManager][7066/3041]onClose() called with: code = -1, reason = websocket.txzing.com, remote = false
07-13 17:39:22.203 D/TXZ     ( 5597): [ReportManager][7066/7122]connect: finish
07-13 17:39:22.232 D/TXZ     ( 5597): [ReportManager][7066/7122]initWebSocket: url=wss://websocket.txzing.com/junsun/index?app_id=6a3643cb81c6e92137ccc63f536df874&tm=1752442762232&data=MhIx%2B3VtMgZXgfEo8%2B3MrK5llBpp4Hy4U9phYtmMv7Q%3D&platform=car
07-13 17:39:22.232 D/TXZ     ( 5597): [ReportManager][7066/7122]connect: start
07-13 17:39:22.234 D/TXZ     ( 5597): [TXZWebSocketClient][7066/3042]onError: ex=java.net.UnknownHostException: websocket.txzing.com
07-13 17:39:22.234 D/TXZ     ( 5597): [ReportManager][7066/3042]java.net.UnknownHostException: websocket.txzing.com
07-13 17:39:22.234 D/TXZ     ( 5597): [ReportManager][7066/3042]onClose() called with: code = -1, reason = websocket.txzing.com, remote = false
07-13 17:39:22.234 D/TXZ     ( 5597): [ReportManager][7066/7122]connect: finish
07-13 17:39:22.236 D/TXZ     ( 5597): [ReportManager][7066/7122]initWebSocket: url=wss://websocket.txzing.com/junsun/index?app_id=6a3643cb81c6e92137ccc63f536df874&tm=1752442762236&data=4ugOWz076uv%2B2i2iXZFLtME8W8j1QA2GFdxqcYNSl4I%3D&platform=car
07-13 17:39:22.237 D/TXZ     ( 5597): [ReportManager][7066/7122]connect: start
07-13 17:39:22.238 D/TXZ     ( 5597): [TXZWebSocketClient][7066/3043]onError: ex=java.net.UnknownHostException: websocket.txzing.com
07-13 17:39:22.238 D/TXZ     ( 5597): [ReportManager][7066/3043]java.net.UnknownHostException: websocket.txzing.com
07-13 17:39:22.238 D/TXZ     ( 5597): [ReportManager][7066/3043]onClose() called with: code = -1, reason = websocket.txzing.com, remote = false
07-13 17:39:22.238 D/TXZ     ( 5597): [ReportManager][7066/7122]connect: finish
07-13 17:39:22.245 D/TXZ     ( 5597): [ReportManager][7066/7122]initWebSocket: url=wss://websocket.txzing.com/junsun/index?app_id=6a3643cb81c6e92137ccc63f536df874&tm=1752442762245&data=0NxF32XzRpARtEK5SMfSBMgl%2FQ6jLi8%2F0tz8b41n6r0%3D&platform=car
07-13 17:39:22.246 D/TXZ     ( 5597): [ReportManager][7066/7122]connect: start
07-13 17:39:22.247 D/TXZ     ( 5597): [TXZWebSocketClient][7066/3044]onError: ex=java.net.UnknownHostException: websocket.txzing.com
07-13 17:39:22.247 D/TXZ     ( 5597): [ReportManager][7066/3044]java.net.UnknownHostException: websocket.txzing.com
07-13 17:39:22.247 D/TXZ     ( 5597): [ReportManager][7066/3044]onClose() called with: code = -1, reason = websocket.txzing.com, remote = false
07-13 17:39:22.247 D/TXZ     ( 5597): [ReportManager][7066/7122]connect: finish
07-13 17:39:22.247 D/TXZ     ( 5597): [ReportManager][7066/7122]initWebSocket: url=wss://websocket.txzing.com/junsun/index?app_id=6a3643cb81c6e92137ccc63f536df874&tm=1752442762247&data=ZvOepGj3HCPfKO13u9e07AzUDIv5EL6TVWx4excAVJM%3D&platform=car
07-13 17:39:22.247 D/TXZ     ( 5597): [ReportManager][7066/7122]connect: start
07-13 17:39:22.248 D/TXZ     ( 5597): [TXZWebSocketClient][7066/3045]onError: ex=java.net.UnknownHostException: websocket.txzing.com
07-13 17:39:22.248 D/TXZ     ( 5597): [ReportManager][7066/3045]java.net.UnknownHostException: websocket.txzing.com
07-13 17:39:22.248 D/TXZ     ( 5597): [ReportManager][7066/3045]onClose() called with: code = -1, reason = websocket.txzing.com, remote = false
07-13 17:39:22.248 D/TXZ     ( 5597): [ReportManager][7066/7122]connect: finish
07-13 17:39:22.248 D/TXZ     ( 5597): [ReportManager][7066/7122]initWebSocket: url=wss://websocket.txzing.com/junsun/index?app_id=6a3643cb81c6e92137ccc63f536df874&tm=1752442762248&data=ERophbpMR07nb8pyN3GS5do%2BAR7la3%2Fhfp3FaWgd1G0%3D&platform=car
07-13 17:39:22.249 D/TXZ     ( 5597): [ReportManager][7066/7122]connect: start
07-13 17:39:22.250 D/TXZ     ( 5597): [TXZWebSocketClient][7066/3046]onError: ex=java.net.UnknownHostException: websocket.txzing.com
07-13 17:39:22.250 D/TXZ     ( 5597): [ReportManager][7066/3046]java.net.UnknownHostException: websocket.txzing.com
07-13 17:39:22.250 D/TXZ     ( 5597): [ReportManager][7066/3046]onClose() called with: code = -1, reason = websocket.txzing.com, remote = false
07-13 17:39:22.250 D/TXZ     ( 5597): [ReportManager][7066/7122]connect: finish
07-13 17:39:22.262 D/TXZ     ( 5597): [ReportManager][7066/7122]initWebSocket: url=wss://websocket.txzing.com/junsun/index?app_id=6a3643cb81c6e92137ccc63f536df874&tm=1752442762262&data=jZ%2Bk5cuJbgFA%2Fw29Zyn61nqGgVCHJmJfT8YcmPGBVn8%3D&platform=car
07-13 17:39:22.263 D/TXZ     ( 5597): [ReportManager][7066/7122]connect: start
07-13 17:39:22.264 D/TXZ     ( 5597): [TXZWebSocketClient][7066/3047]onError: ex=java.net.UnknownHostException: websocket.txzing.com
07-13 17:39:22.264 D/TXZ     ( 5597): [ReportManager][7066/3047]java.net.UnknownHostException: websocket.txzing.com
07-13 17:39:22.264 D/TXZ     ( 5597): [ReportManager][7066/3047]onClose() called with: code = -1, reason = websocket.txzing.com, remote = false
07-13 17:39:22.265 D/TXZ     ( 5597): [ReportManager][7066/7122]connect: finish
07-13 17:39:22.273 D/TXZ     ( 5597): [ReportManager][7066/7122]initWebSocket: url=wss://websocket.txzing.com/junsun/index?app_id=6a3643cb81c6e92137ccc63f536df874&tm=1752442762273&data=FlHOJXoPVpMK02tQNdU8oevX1gh0N%2BSQ%2F%2BE6rcp6Bvs%3D&platform=car
07-13 17:39:22.273 D/TXZ     ( 5597): [ReportManager][7066/7122]connect: start
07-13 17:39:22.275 D/TXZ     ( 5597): [TXZWebSocketClient][7066/3048]onError: ex=java.net.UnknownHostException: websocket.txzing.com
07-13 17:39:22.275 D/TXZ     ( 5597): [ReportManager][7066/3048]java.net.UnknownHostException: websocket.txzing.com
07-13 17:39:22.275 D/TXZ     ( 5597): [ReportManager][7066/3048]onClose() called with: code = -1, reason = websocket.txzing.com, remote = false
07-13 17:39:22.275 D/TXZ     ( 5597): [ReportManager][7066/7122]connect: finish
07-13 17:39:22.283 D/TXZ     ( 5597): [ReportManager][7066/7122]initWebSocket: url=wss://websocket.txzing.com/junsun/index?app_id=6a3643cb81c6e92137ccc63f536df874&tm=1752442762283&data=Kw%2BpOAiHOGH42o86OB3lhRVfSFbUBnokYrgwMSyErQQ%3D&platform=car
07-13 17:39:22.283 D/TXZ     ( 5597): [ReportManager][7066/7122]connect: start
07-13 17:39:22.285 D/TXZ     ( 5597): [TXZWebSocketClient][7066/3049]onError: ex=java.net.UnknownHostException: websocket.txzing.com
07-13 17:39:22.285 D/TXZ     ( 5597): [ReportManager][7066/3049]java.net.UnknownHostException: websocket.txzing.com
07-13 17:39:22.285 D/TXZ     ( 5597): [ReportManager][7066/3049]onClose() called with: code = -1, reason = websocket.txzing.com, remote = false
07-13 17:39:22.285 D/TXZ     ( 5597): [ReportManager][7066/7122]connect: finish
