07-13 18:34:43.714 D/QueryTaskManager( 8887): QueryDetail: query: getWeather from cache ,result:TXZWeather(city=Queens, date=2025-07-13 Sunday, dateOfWeek=Sunday, phrase=Mostly Cloudy, phraseID=weather_duoyun.png, temperUnit=°F, temperature=82, minTemperature=73, maxTemperature=82, sensibleTemperature=88, windSpeed=20km/h, humidity=75%, rainingProbability=5%, snowingProbability=, atmosphericPressure=1018.96, visibility=16.09km, uvIndex=5, hoursData=[HourWeather(time=16:00, temperature=82, phrase=Mostly Cloudy, phraseID=weather_duoyun.png), HourWeather(time=17:00, temperature=81, phrase=Mostly Cloudy, phraseID=weather_duoyun.png), HourWeather(time=18:00, temperature=79, phrase=Mostly Cloudy, phraseID=weather_duoyun.png), HourWeather(time=19:00, temperature=77, phrase=Mostly Cloudy, phraseID=weather_duoyun.png), HourWeather(time=20:00, temperature=75, phrase=Mostly Cloudy, phraseID=weather_duoyun.png), HourWeather(time=21:00, temperature=75, phrase=Cloudy, phraseID=weather_duoyun.png), HourWeather(time=22:00, temperature=75, phrase=Cloudy, phraseID=weather_duoyun.png), HourWeather(time=23:00, temperature=75, phrase=Cloudy, phraseID=weather_duoyun.png), HourWeather(time=00:00, temperature=75, phrase=Cloudy, phraseID=weather_duoyun.png), HourWeather(time=01:00, temperature=75, phrase=Cloudy, phraseID=weather_duoyun.png), HourWeather(time=02:00, temperature=75, phrase=Cloudy, phraseID=weather_duoyun.png), HourWeather(time=03:00, temperature=75, phrase=Cloudy, phraseID=weather_duoyun.png), HourWeather(time=04:00, temperature=75, phrase=Cloudy, phraseID=weather_duoyun.png), HourWeather(time=05:00, temperature=75, phrase=Mostly Cloudy, phraseID=weather_duoyun.png), HourWeather(time=06:00, temperature=75, phrase=Mostly Cloudy, phraseID=weather_duoyun.png), HourWeather(time=07:00, temperature=75, phrase=Cloudy, phraseID=weather_duoyun.png), HourWeather(time=08:00, temperature=77, phrase=Cloudy, phraseID=weather_duoyun.png), HourWeather(time=09:00, temperature=79, phrase=Mostly Cloudy, phraseID=weather_duoyun.png), HourWeather(time=10:00, temperature=79, phrase=Cloudy, phraseID=weather_duoyun.png), HourWeather(time=11:00, temperature=81, phrase=Mostly Cloudy, phraseID=weather_duoyun.png), HourWeather(time=12:00, temperature=81, phrase=Mostly Cloudy, phraseID=weather_duoyun.png), HourWeather(time=13:00, temperature=82, phrase=Partly Cloudy, phraseID=weather_duoyun.png), HourWeather(time=14:00, temperature=82, phrase=Partly Cloudy, phraseID=weather_duoyun.png), HourWeather(time=15:00, temperature=82, phrase=Partly Cloudy, phraseID=weather_duoyun.png)], weekData=[WeekWeather(dayOfWeek=Sunday, minTemperature=73, maxTemperature=84, phrase=Mostly Cloudy, phraseID=weather_duoyun.png), WeekWeather(dayOfWeek=Monday, minTemperature=73, maxTemperature=82, phrase=PM Thunderstorms, phraseID=weather_leizhenyu.png), WeekWeather(dayOfWeek=Tuesday, minTemperature=75, maxTemperature=84, phrase=AM Showers, phraseID=weather_zhenyu.png), WeekWeather(dayOfWeek=Wednesday, minTemperature=75, maxTemperature=86, phrase=PM Showers, phraseID=weather_zhenyu.png), WeekWeather(dayOfWeek=Thursday, minTemperature=77, maxTemperature=88, phrase=Partly Cloudy, phraseID=weather_duoyun.png), WeekWeather(dayOfWeek=Friday, minTemperature=73, maxTemperature=90, phrase=Partly Cloudy, phraseID=weather_duoyun.png), WeekWeather(dayOfWeek=Saturday, minTemperature=73, maxTemperature=86, phrase=Partly Cloudy, phraseID=weather_duoyun.png)])
07-13 18:34:43.715 D/TXZ     ( 5736): [TimeUtil][8887/8963]getCurrentTime bootTime:1752446016399, elapsedRealtime:67119
07-13 18:34:43.715 I/Finsky  ( 7872): [404] Setup::DSE: Android ID is non-zero.
07-13 18:34:43.715 D/HourDataUtil( 8887): genHourData:curTime:2025-07-13 18 dataStartClock:16, offset:3
07-13 18:34:43.715 D/TXZ     ( 5736): [TimeUtil][8887/8963]getCurrentTime bootTime:1752446016399, elapsedRealtime:67120
07-13 18:34:43.716 I/Finsky  ( 7872): [404] Setup::DSE: Phenotype experiments synced with status: NO_UPDATE
07-13 18:34:43.716 D/QueryTaskManager( 8887): refreshWeather: errorCode:0, weather: TXZWeather(city=Queens, date=2025-07-13 Sunday, dateOfWeek=Sunday, phrase=Mostly Cloudy, phraseID=weather_duoyun.png, temperUnit=°F, temperature=82, minTemperature=73, maxTemperature=82, sensibleTemperature=88, windSpeed=20km/h, humidity=75%, rainingProbability=5%, snowingProbability=, atmosphericPressure=1018.96, visibility=16.09km, uvIndex=5, hoursData=[HourWeather(time=19:00, temperature=77, phrase=Mostly Cloudy, phraseID=weather_duoyun.png), HourWeather(time=20:00, temperature=75, phrase=Mostly Cloudy, phraseID=weather_duoyun.png), HourWeather(time=21:00, temperature=75, phrase=Cloudy, phraseID=weather_duoyun.png), HourWeather(time=22:00, temperature=75, phrase=Cloudy, phraseID=weather_duoyun.png), HourWeather(time=23:00, temperature=75, phrase=Cloudy, phraseID=weather_duoyun.png), HourWeather(time=00:00, temperature=75, phrase=Cloudy, phraseID=weather_duoyun.png), HourWeather(time=01:00, temperature=75, phrase=Cloudy, phraseID=weather_duoyun.png), HourWeather(time=02:00, temperature=75, phrase=Cloudy, phraseID=weather_duoyun.png), HourWeather(time=03:00, temperature=75, phrase=Cloudy, phraseID=weather_duoyun.png), HourWeather(time=04:00, temperature=75, phrase=Cloudy, phraseID=weather_duoyun.png), HourWeather(time=05:00, temperature=75, phrase=Mostly Cloudy, phraseID=weather_duoyun.png), HourWeather(time=06:00, temperature=75, phrase=Mostly Cloudy, phraseID=weather_duoyun.png), HourWeather(time=07:00, temperature=75, phrase=Cloudy, phraseID=weather_duoyun.png), HourWeather(time=08:00, temperature=77, phrase=Cloudy, phraseID=weather_duoyun.png), HourWeather(time=09:00, temperature=79, phrase=Mostly Cloudy, phraseID=weather_duoyun.png), HourWeather(time=10:00, temperature=79, phrase=Cloudy, phraseID=weather_duoyun.png), HourWeather(time=11:00, temperature=81, phrase=Mostly Cloudy, phraseID=weather_duoyun.png), HourWeather(time=12:00, temperature=81, phrase=Mostly Cloudy, phraseID=weather_duoyun.png), HourWeather(time=13:00, temperature=82, phrase=Partly Cloudy, phraseID=weather_duoyun.png), HourWeather(time=14:00, temperature=82, phrase=Partly Cloudy, phraseID=weather_duoyun.png), HourWeather(time=15:00, temperature=82, phrase=Partly Cloudy, phraseID=weather_duoyun.png)], weekData=[WeekWeather(dayOfWeek=Sunday, minTemperature=73, maxTemperature=84, phrase=Mostly Cloudy, phraseID=weather_duoyun.png), WeekWeather(dayOfWeek=Monday, minTemperature=73, maxTemperature=82, phrase=PM Thunderstorms, phraseID=weather_leizhenyu.png), WeekWeather(dayOfWeek=Tuesday, minTemperature=75, maxTemperature=84, phrase=AM Showers, phraseID=weather_zhenyu.png), WeekWeather(dayOfWeek=Wednesday, minTemperature=75, maxTemperature=86, phrase=PM Showers, phraseID=weather_zhenyu.png), WeekWeather(dayOfWeek=Thursday, minTemperature=77, maxTemperature=88, phrase=Partly Cloudy, phraseID=weather_duoyun.png), WeekWeather(dayOfWeek=Friday, minTemperature=73, maxTemperature=90, phrase=Partly Cloudy, phraseID=weather_duoyun.png), WeekWeather(dayOfWeek=Saturday, minTemperature=73, maxTemperature=86, phrase=Partly Cloudy, phraseID=weather_duoyun.png)])
07-13 18:34:43.716 I/Finsky  ( 7872): [341] Triggered update for experiment package com.google.android.finsky.stable.
07-13 18:34:43.716 D/QueryTaskManager( 8887): refreshWeather: index: 0, task:com.txznet.weather.QueryTaskManager$QueryTask@cc0346d get receive
07-13 18:34:43.716 D/WeatherDataRefresher( 8887): into queryTask get result: errCode:0
07-13 18:34:43.716 D/WeatherDataRefresher( 8887): refreshWeatherTask: add weather query task,run after 30 min,this is the 1
07-13 18:34:43.716 D/WeatherDataRefresher( 8887): weatherApp send weather change notice to sdk
07-13 18:34:43.717 D/QueryTaskManager( 8887): refreshWeather: after refresh task quantity:0
07-13 18:34:43.719 I/Finsky  ( 7872): [404] Package com.android.chrome is verified.
07-13 18:34:43.721 I/Finsky  ( 7872): [404] DSE: Set Settings.Secure.play_determined_dma_eligibility to: 0 (success=true)
07-13 18:34:43.736 I/Zygote  ( 4838): Process 9082 exited due to signal 9 (Killed)
07-13 18:34:43.736 V/ActivityManager( 4128): Clean up application record for ProcessRecord{a99509a 9082:com.google.android.webview:sandboxed_process0:org.chromium.content.app.SandboxedProcessService0:0/u0a65i1} restarting=false allowRestart=true index=-1 replacingPid=false
07-13 18:34:43.739 D/PowerController.BgClean( 4128): judgeAppLaunchAllowed : com.google.android.gms(uid:10106), callingPackage = com.google.android.gms(uid:10106), reason = start-service
07-13 18:34:43.739 D/PowerController.BgClean( 4128): judgeAppLaunchAllowed : intent action:Intent { cmp=com.google.android.gms/.chimera.GmsApiService (has extras) }
07-13 18:34:43.762 I/Finsky  ( 7872): [341] Already at the latest configurations for experiment package com.google.android.finsky.stable.
07-13 18:34:43.773 W/PhBaseOp( 5272): Phenotype API error. Event: # gbew@988849eb, EventCode: GET_EXP [CONTEXT service_id=51 ]
07-13 18:34:43.773 W/PhBaseOp( 5272): dhbw: 29505: No config packages for log source, or config package not registered
07-13 18:34:43.773 W/PhBaseOp( 5272): 	at dheq.f(:com.google.android.gms@252560013@25.25.60 (100400-774967611):77)
07-13 18:34:43.773 W/PhBaseOp( 5272): 	at dheo.i(:com.google.android.gms@252560013@25.25.60 (100400-774967611):3)
07-13 18:34:43.773 W/PhBaseOp( 5272): 	at dhdq.h(:com.google.android.gms@252560013@25.25.60 (100400-774967611):35)
07-13 18:34:43.773 W/PhBaseOp( 5272): 	at dhdq.f(:com.google.android.gms@252560013@25.25.60 (100400-774967611):17)
07-13 18:34:43.773 W/PhBaseOp( 5272): 	at cfks.fK(:com.google.android.gms@252560013@25.25.60 (100400-774967611):1)
07-13 18:34:43.773 W/PhBaseOp( 5272): 	at cfkw.run(:com.google.android.gms@252560013@25.25.60 (100400-774967611):140)
07-13 18:34:43.773 W/PhBaseOp( 5272): 	at exda.run(:com.google.android.gms@252560013@25.25.60 (100400-774967611):21)
07-13 18:34:43.773 W/PhBaseOp( 5272): 	at ayqb.c(:com.google.android.gms@252560013@25.25.60 (100400-774967611):50)
07-13 18:34:43.773 W/PhBaseOp( 5272): 	at ayqb.run(:com.google.android.gms@252560013@25.25.60 (100400-774967611):70)
07-13 18:34:43.773 W/PhBaseOp( 5272): 	at java.util.concurrent.ThreadPoolExecutor.runWorker(ThreadPoolExecutor.java:1167)
07-13 18:34:43.773 W/PhBaseOp( 5272): 	at java.util.concurrent.ThreadPoolExecutor$Worker.run(ThreadPoolExecutor.java:641)
07-13 18:34:43.773 W/PhBaseOp( 5272): 	at ayvt.run(:com.google.android.gms@252560013@25.25.60 (100400-774967611):8)
07-13 18:34:43.773 W/PhBaseOp( 5272): 	at java.lang.Thread.run(Thread.java:919)
07-13 18:34:43.774 W/AsyncOperation( 5272): operation=GetExperimentTokensOperationCall, opStatusCode=29505 [CONTEXT service_id=51 ]
07-13 18:34:43.774 W/AsyncOperation( 5272): OperationException[Status{statusCode=No config packages for log source, or config package not registered, resolution=null}]
07-13 18:34:43.774 W/AsyncOperation( 5272): 	at dhdq.h(:com.google.android.gms@252560013@25.25.60 (100400-774967611):65)
07-13 18:34:43.774 W/AsyncOperation( 5272): 	at dhdq.f(:com.google.android.gms@252560013@25.25.60 (100400-774967611):17)
07-13 18:34:43.774 W/AsyncOperation( 5272): 	at cfks.fK(:com.google.android.gms@252560013@25.25.60 (100400-774967611):1)
07-13 18:34:43.774 W/AsyncOperation( 5272): 	at cfkw.run(:com.google.android.gms@252560013@25.25.60 (100400-774967611):140)
07-13 18:34:43.774 W/AsyncOperation( 5272): 	at exda.run(:com.google.android.gms@252560013@25.25.60 (100400-774967611):21)
07-13 18:34:43.774 W/AsyncOperation( 5272): 	at ayqb.c(:com.google.android.gms@252560013@25.25.60 (100400-774967611):50)
07-13 18:34:43.774 W/AsyncOperation( 5272): 	at ayqb.run(:com.google.android.gms@252560013@25.25.60 (100400-774967611):70)
07-13 18:34:43.774 W/AsyncOperation( 5272): 	at java.util.concurrent.ThreadPoolExecutor.runWorker(ThreadPoolExecutor.java:1167)
07-13 18:34:43.774 W/AsyncOperation( 5272): 	at java.util.concurrent.ThreadPoolExecutor$Worker.run(ThreadPoolExecutor.java:641)
07-13 18:34:43.774 W/AsyncOperation( 5272): 	at ayvt.run(:com.google.android.gms@252560013@25.25.60 (100400-774967611):8)
07-13 18:34:43.774 W/AsyncOperation( 5272): 	at java.lang.Thread.run(Thread.java:919)
07-13 18:34:43.776 V/ActivityManager( 4128): Clean up application record for ProcessRecord{92bdc66 10763:com.sprd.dm.mbselfreg/1000} restarting=false allowRestart=true index=-1 replacingPid=false
07-13 18:34:43.776 I/Zygote  ( 3472): Process 10763 exited due to signal 9 (Killed)
07-13 18:34:43.781 D/PowerController.BgClean( 4128): judgeAppLaunchAllowed : com.google.android.gms(uid:10106), callingPackage = com.google.android.gms(uid:10106), reason = start-service
07-13 18:34:43.781 D/PowerController.BgClean( 4128): judgeAppLaunchAllowed : intent action:Intent { cmp=com.google.android.gms/.chimera.GmsBoundBrokerService (has extras) }
07-13 18:34:43.788 D/PowerController.BgClean( 4128): judgeAppLaunchAllowed : com.google.android.gms(uid:10106), callingPackage = com.google.android.gms(uid:10106), reason = start-service
07-13 18:34:43.788 D/PowerController.BgClean( 4128): judgeAppLaunchAllowed : intent action:Intent { cmp=com.google.android.gms/.chimera.GmsApiService (has extras) }
07-13 18:34:43.925 I/ActivityManager( 4128): Killing 10799:com.google.android.tts/u0a110 (adj 995): empty #17
07-13 18:34:43.992 V/ActivityManager( 4128): Clean up application record for ProcessRecord{d9b066 10799:com.google.android.tts/u0a110} restarting=false allowRestart=true index=-1 replacingPid=false
07-13 18:34:43.992 I/Zygote  ( 3472): Process 10799 exited due to signal 9 (Killed)
07-13 18:34:44.000 D/AlarmManager( 4128): waitForAlarm result:65536currentTime=1752446084000, elapsedRealtime=67470
07-13 18:34:44.005 I/FusedLocation( 5272): (REDACTED) location delivery to %s blocked - too fast
07-13 18:34:44.014 W/JavaBinder(11398): BinderProxy is being destroyed but the application did not call unlinkToDeath to unlink all of its death recipients beforehand.  Releasing leaked death recipient: cf5
07-13 18:34:44.206 I/chatty  ( 4128): uid=1000(system) AlarmManager expire 2 lines
07-13 18:34:44.214 V/AlarmManager( 4128): set(PendingIntent{140cb43: PendingIntentRecord{f5725c0 com.google.android.gms broadcastIntent}}) : type=3 listener=null listenerTag=null triggerAtTime=89466 win=0 tElapsed=89466 maxElapsed=89466 interval=0 flags=0x1
07-13 18:34:44.346 I/mcu_services( 5553): readInBuf:[ff fe fd 03 01 29 81 a9 ff ]
07-13 18:34:44.346 E/mcu_services( 5553): MCU2APP : [ff fe fd 03 01 29 81 a9 ff ]
07-13 18:34:44.346 D/mcu_services( 5553): processResponse - length: 3 - type: 1 - control: 29
07-13 18:34:44.347 D/mcu_services( 5553): dispatchToClients - cmdId: 41 - data : [29 81 ]
07-13 18:34:44.347 D/callback( 5553): callMcuInfoChanged: 29 81 
07-13 18:34:44.351 W/ContextImpl( 7287): Calling a method in the system process without a qualified user: android.app.ContextImpl.sendBroadcast:1045 android.content.ContextWrapper.sendBroadcast:448 com.qf.carsettings.service.CarSettingService$4.onMcuInfoChanged:670 android.qf.mcu.McuManager$ListenerTransport._handleMessage:106 android.qf.mcu.McuManager$ListenerTransport.access$700:72 
07-13 18:34:44.348 D/callback( 5553): callMcuInfoChanged: 29 81 
07-13 18:34:44.354 E/SPRDHWComposer( 3497): SPRD_SR SprdHWComposer2::GET_ACTIVE_CONFIG[466] *outConfig:0
07-13 18:34:44.356 D/TxzAccessibilityService( 5736): onAccessibilityEvent: event=EventType: TYPE_WINDOW_CONTENT_CHANGED; EventTime: 67825; PackageName: com.android.systemui; MovementGranularity: 0; Action: 0; ContentChangeTypes: [CONTENT_CHANGE_TYPE_TEXT]; WindowChangeTypes: [] [ ClassName: android.widget.TextView; Text: []; ContentDescription: null; ItemCount: -1; CurrentItemIndex: -1; Enabled: true; Password: false; Checked: false; FullScreen: false; Scrollable: false; BeforeText: null; FromIndex: -1; ToIndex: -1; ScrollX: -1; ScrollY: -1; MaxScrollX: -1; MaxScrollY: -1; AddedCount: -1; RemovedCount: -1; ParcelableData: null ]; recordCount: 1
07-13 18:34:44.357 D/TxzAccessibilityService( 5736): skip com.android.systemui
07-13 18:34:44.477 D/sd      ( 4655): uart recv:12 byte/s
07-13 18:34:44.477 D/sd      ( 4655): uart send:7 byte/s
07-13 18:34:44.477 D/sd      ( 4655): send_hf_disconnected
07-13 18:34:44.478 D/sd      ( 4655): send_ind:: IA
07-13 18:34:44.478 D/sd      ( 4655): send_ind:: MF10
07-13 18:34:44.478 D/sd      ( 4655): send_ind:: MG1
07-13 18:34:44.478 D/sd      ( 4655): switch mic succeed - mic status:1
07-13 18:34:44.478 D/btread  ( 5610): run: read serial data length = 6
07-13 18:34:44.478 D/sd      ( 4655): send_ind:: IO1
07-13 18:34:44.478 D/sd      ( 4655): s_iap_handle = 0x0 is_iap_connected =255
07-13 18:34:44.478 D/btread  ( 5610): realBytes: 0D 0A 49 41 0D 0A
07-13 18:34:44.478 D/sd      ( 4655): visiable(1)
07-13 18:34:44.478 D/btread  ( 5610): read from bt: []
07-13 18:34:44.478 D/btread  ( 5610): read from bt: [IA]
07-13 18:34:44.479 D/btread  ( 5610): bt read thread running...
07-13 18:34:44.479 D/SuDingBTModule8761( 5610): handleBTModuleCMD: read from ext bt module cmd = IA
07-13 18:34:44.479 D/TechBTService( 5610): get BTSettings Change
07-13 18:34:44.479 D/PhoneCallDialog( 5610): onPhoneHangup, isShow = false,, hfp state = 1
07-13 18:34:44.479 D/TechBTPBAPManager( 5610): setBeingsynchronized, isBeingsynchronized=false
07-13 18:34:44.480 D/qf_bt   ( 5610): [com.qf.btsdk.manager.TechBTSettingManager:662,update()] -sdk settingManager update() type = 4
07-13 18:34:44.481 D/TechBTSettingManager( 5610): setCurrentConnectedAddress to ""
07-13 18:34:44.482 D/TechBTSettingManager( 5610): setCurrentConnectedAddressToProp(), set prop(persist.sys.qf.bt.connect.addr) value()
07-13 18:34:44.488 I/QFApi   ( 7287): getCustomPlatform - customPlatform: 7862
07-13 18:34:44.489 D/btread  ( 5610): run: read serial data length = 22
07-13 18:34:44.489 D/btread  ( 5610): realBytes: 0D 0A 4D 46 31 30 0D 0A 0D 0A 4D 47 31 0D 0A 0D 0A 49 4F 31 0D 0A
07-13 18:34:44.490 D/btread  ( 5610): read from bt: []
07-13 18:34:44.490 D/btread  ( 5610): read from bt: [MF10]
07-13 18:34:44.490 D/btread  ( 5610): read from bt: []
07-13 18:34:44.490 D/btread  ( 5610): read from bt: [MG1]
07-13 18:34:44.490 D/btread  ( 5610): read from bt: []
07-13 18:34:44.490 D/btread  ( 5610): read from bt: [IO1]
07-13 18:34:44.490 D/btread  ( 5610): bt read thread running...
07-13 18:34:44.493 V/ClearcutMetricXmitter(10825): Transmission is done.
07-13 18:34:44.498 D/TechBTSettingManager( 5610): setCurrentConnectedAddress(), isAccOn=true, autoConnect=true, current addr=, record addr = 
07-13 18:34:44.498 D/qf_bt   ( 5610): [com.qf.btsdk.manager.TechBTSettingManager:1252,setHfpConnectState()] HFP:  0
07-13 18:34:44.499 W/System.err( 8861): java.net.BindException: bind failed: EADDRINUSE (Address already in use)
07-13 18:34:44.499 W/System.err( 8861): 	at libcore.io.IoBridge.bind(IoBridge.java:109)
07-13 18:34:44.499 W/System.err( 8861): 	at java.net.PlainDatagramSocketImpl.bind0(PlainDatagramSocketImpl.java:104)
07-13 18:34:44.499 W/System.err( 8861): 	at java.net.AbstractPlainDatagramSocketImpl.bind(AbstractPlainDatagramSocketImpl.java:112)
07-13 18:34:44.499 W/System.err( 8861): 	at java.net.DatagramSocket.bind(DatagramSocket.java:412)
07-13 18:34:44.499 W/System.err( 8861): 	at java.net.DatagramSocket.<init>(DatagramSocket.java:262)
07-13 18:34:44.499 W/System.err( 8861): 	at java.net.DatagramSocket.<init>(DatagramSocket.java:319)
07-13 18:34:44.499 W/System.err( 8861): 	at com.txznet.util.UdpServer.a(UdpServer.java:59)
07-13 18:34:44.499 W/System.err( 8861): 	at com.txznet.util.UdpServer.a(UdpServer.java:12)
07-13 18:34:44.499 W/System.err( 8861): 	at com.txznet.util.UdpServer$1.handleMessage(UdpServer.java:33)
07-13 18:34:44.499 W/System.err( 8861): 	at android.os.Handler.dispatchMessage(Handler.java:107)
07-13 18:34:44.499 W/System.err( 8861): 	at android.os.Looper.loop(Looper.java:214)
07-13 18:34:44.499 W/System.err( 8861): 	at android.os.HandlerThread.run(HandlerThread.java:67)
07-13 18:34:44.499 W/System.err( 8861): Caused by: android.system.ErrnoException: bind failed: EADDRINUSE (Address already in use)
07-13 18:34:44.499 W/System.err( 8861): 	at libcore.io.Linux.bind(Native Method)
07-13 18:34:44.500 W/System.err( 8861): 	at libcore.io.ForwardingOs.bind(ForwardingOs.java:75)
07-13 18:34:44.500 W/System.err( 8861): 	at libcore.io.ForwardingOs.bind(ForwardingOs.java:75)
07-13 18:34:44.500 W/System.err( 8861): 	at libcore.io.IoBridge.bind(IoBridge.java:105)
07-13 18:34:44.500 D/BTState ( 5610): onHfpStateChanged: state = 0
07-13 18:34:44.500 W/System.err( 8861): 	... 11 more
07-13 18:34:44.500 D/BTState ( 5610): onHfpStateChanged: map size = 0,,current is main thread = true
07-13 18:34:44.500 D/TXZHandlerManager( 5519): systemToTXZAction - statusObj: com.qf.ai_lib.controller.txz.send.BluetoothStatusModule@f392e93 - mIsHWVersion: true
07-13 18:34:44.500 D/TXZHandlerManager( 5519): systemToTXZAction - action: bluetooth.disconnect - name: null - number: null - contact: null - key_type: 2010
07-13 18:34:44.502 D/BtPhone ( 5519): onBluetoothStateChange false
07-13 18:34:44.503 D/BtUtils ( 5610): sendBTStateBroadcast(), state=5, connect = false
07-13 18:34:44.503 W/ContextImpl( 5610): Calling a method in the system process without a qualified user: android.app.ContextImpl.sendBroadcast:1045 android.content.ContextWrapper.sendBroadcast:448 com.qf.btsdk.other.BtUtils.sendBTStateBroadcast:44 com.qf.btsdk.manager.TechBTSettingManager.update:797 java.util.Observable.notifyObservers:163 
07-13 18:34:44.503 D/TXZ     ( 5736): [OverseaAdapter][5870/5870]txz broadcast ╔════════════════════════════════════════════════════════════
07-13 18:34:44.504 D/TXZ     ( 5736): [OverseaAdapter][5870/5870]txz broadcast ║ com.txznet.smartadapter.recv
07-13 18:34:44.504 D/TXZ     ( 5736): [OverseaAdapter][5870/5870]txz broadcast ║------------------------------------------------------------
07-13 18:34:44.504 D/TXZ     ( 5736): [OverseaAdapter][5870/5870]txz broadcast ║ action: bluetooth.disconnect
07-13 18:34:44.504 D/TXZ     ( 5736): [OverseaAdapter][5870/5870]txz broadcast ║ number: null
07-13 18:34:44.504 D/TXZ     ( 5736): [OverseaAdapter][5870/5870]txz broadcast ║ name: null
07-13 18:34:44.504 D/TXZ     ( 5736): [OverseaAdapter][5870/5870]txz broadcast ║ key_type: 2010
07-13 18:34:44.504 D/TXZ     ( 5736): [OverseaAdapter][5870/5870]txz broadcast ║ contact: null
07-13 18:34:44.504 D/TXZ     ( 5736): [OverseaAdapter][5870/5870]txz broadcast ╚════════════════════════════════════════════════════════════
07-13 18:34:44.505 D/qf_bt   ( 5610): [com.qf.btsdk.service.TechBTService:168,abandonBTMusicAudioFocus()] abandon BTMusicFocus
07-13 18:34:44.505 D/BluetoothController( 4713): onReceive: action = com.qf.action.BT_STATE,,mConnectionState = 0
07-13 18:34:44.505 D/qf_bt   ( 5610): [com.qf.btsdk.manager.TechBTAudioFocusManager:126,setAudioFocusBTMusic()] setBtMusicFocus:  false
07-13 18:34:44.505 D/BTClient( 4713): clientTransactToServer: T t = false,,transactCode = 4096,,params = null
07-13 18:34:44.505 D/qf_bt   ( 5610): [com.qf.btsdk.manager.TechBTAudioFocusManager:156,pauseBTMusicWhenLossAudioFocus()] 蓝牙音乐失去焦点，停止蓝牙音乐
07-13 18:34:44.505 D/TechBTMusicCommandManager( 5610): pause()
07-13 18:34:44.506 D/TechBTMusicManager( 5610): setBtMusicPlayState 2
07-13 18:34:44.506 D/TechBTSettingServer( 5610): TechBTSettingServer -> onTransact: code = 4096,,call pid = 4713
07-13 18:34:44.506 D/btwrite ( 5610): start send AT command:  AT#MB
07-13 18:34:44.506 D/BTClient( 4713): clientTransactToServer: T t = false,,transactCode = 16384,,params = null
07-13 18:34:44.506 D/btwrite ( 5610): sendAT=====end
07-13 18:34:44.506 D/TechBTSettingServer( 5610): TechBTSettingServer -> onTransact: code = 16384,,call pid = 4713
07-13 18:34:44.506 D/BluetoothController( 4713): updateConnected: remoteBTIsConnect = false,,btEnable = true,,mEnabled = true
07-13 18:34:44.506 I/BluetoothCustomController( 4713): onReceive - action: com.qf.action.BT_STATE - mConnectionState: 0
07-13 18:34:44.506 D/BTClient( 4713): clientTransactToServer: T t = false,,transactCode = 4096,,params = null
07-13 18:34:44.506 D/TechBTSettingServer( 5610): TechBTSettingServer -> onTransact: code = 4096,,call pid = 4713
07-13 18:34:44.507 D/BTClient( 4713): clientTransactToServer: T t = false,,transactCode = 16384,,params = null
07-13 18:34:44.507 D/TechBTSettingServer( 5610): TechBTSettingServer -> onTransact: code = 16384,,call pid = 4713
07-13 18:34:44.507 D/BluetoothCustomController( 4713): 5updateConnected: isBTActivated=true, mConnectionState=0, state=0, mEnabled=true
07-13 18:34:44.507 D/BluetoothCustomController( 4713): isBluetoothEnabled - mEnabled: true - mConnectionState: 0
07-13 18:34:44.507 I/BluetoothCustomController( 4713): onReceive - action: com.qf.action.BT_STATE - mConnectionState: 0
07-13 18:34:44.507 D/BTClient( 4713): clientTransactToServer: T t = false,,transactCode = 4096,,params = null
07-13 18:34:44.508 D/TechBTSettingServer( 5610): TechBTSettingServer -> onTransact: code = 4096,,call pid = 4713
07-13 18:34:44.508 D/BTClient( 4713): clientTransactToServer: T t = false,,transactCode = 16384,,params = null
07-13 18:34:44.508 D/TechBTService( 5610): unregisterHeadSetEvent, 注销蓝牙音乐线控
07-13 18:34:44.508 D/TechBTSettingServer( 5610): TechBTSettingServer -> onTransact: code = 16384,,call pid = 4713
07-13 18:34:44.508 D/BluetoothCustomController( 4713): 5updateConnected: isBTActivated=true, mConnectionState=0, state=0, mEnabled=true
07-13 18:34:44.508 D/BluetoothCustomController( 4713): isBluetoothEnabled - mEnabled: true - mConnectionState: 0
07-13 18:34:44.508 D/qf_bt   ( 5610): [com.qf.btsdk.service.TechBTService:131,abandonBTPhoneAudioFocus()] 释放蓝牙电话焦点
07-13 18:34:44.508 D/qf_bt   ( 5610): [com.qf.btsdk.manager.TechBTAudioFocusManager:89,setAudioFocusPhone()] setAudioFocusPhone() : false
07-13 18:34:44.510 D/qf_bt   ( 5610): [com.qf.btsdk.manager.TechBTAudioFocusManager:89,setAudioFocusPhone()] setAudioFocusPhone() : false
07-13 18:34:44.510 D/TechBTMusicManager( 5610): setBtA2DPConnectState(), hfp State=0, a2dp state=0
07-13 18:34:44.511 D/PhoneCallDialog( 5610): onPhoneHangupInHandler, isShow = false,, hfp state = 1
07-13 18:34:44.511 D/PhoneCallDialog( 5610): hide(), before lock, isShow=false
07-13 18:34:44.511 D/PhoneCallDialog( 5610): hide(), before lock, isShow=false
07-13 18:34:44.511 D/SuDingBTModule8761( 5610): handleBTModuleCMD: read from ext bt module cmd = MF10
07-13 18:34:44.511 D/TechBTService( 5610): get BTSettings Change
07-13 18:34:44.511 D/qf_bt   ( 5610): [com.qf.btsdk.manager.TechBTSettingManager:662,update()] -sdk settingManager update() type = 10
07-13 18:34:44.511 D/TechBTService( 5610): get BTSettings Change
07-13 18:34:44.511 D/qf_bt   ( 5610): [com.qf.btsdk.manager.TechBTSettingManager:662,update()] -sdk settingManager update() type = 13
07-13 18:34:44.511 D/SuDingBTModule8761( 5610): handleBTModuleCMD: read from ext bt module cmd = MG1
07-13 18:34:44.511 D/TechBTService( 5610): get BTSettings Change
07-13 18:34:44.512 D/PhoneCallDialog( 5610): onPhoneHangup, isShow = false,, hfp state = 1
07-13 18:34:44.512 D/TechBTPBAPManager( 5610): setBeingsynchronized, isBeingsynchronized=false
07-13 18:34:44.513 D/qf_bt   ( 5610): [com.qf.btsdk.manager.TechBTSettingManager:662,update()] -sdk settingManager update() type = 4
07-13 18:34:44.513 D/TechBTSettingManager( 5610): setCurrentConnectedAddress to ""
07-13 18:34:44.514 D/TechBTSettingManager( 5610): setCurrentConnectedAddressToProp(), set prop(persist.sys.qf.bt.connect.addr) value()
07-13 18:34:44.521 D/sd      ( 4655): [command:]AT#MB
07-13 18:34:44.521 D/sd      ( 4655): ON_PAUSE_MUSIC
07-13 18:34:44.521 D/sd      ( 4655): send_ind:: OK
07-13 18:34:44.522 D/btread  ( 5610): run: read serial data length = 6
07-13 18:34:44.522 D/btread  ( 5610): realBytes: 0D 0A 4F 4B 0D 0A
07-13 18:34:44.522 D/btread  ( 5610): read from bt: []
07-13 18:34:44.522 D/btread  ( 5610): read from bt: [OK]
07-13 18:34:44.522 D/btread  ( 5610): bt read thread running...
07-13 18:34:44.522 D/TechBTSettingManager( 5610): setCurrentConnectedAddress(), isAccOn=true, autoConnect=true, current addr=, record addr = 
07-13 18:34:44.523 D/qf_bt   ( 5610): [com.qf.btsdk.manager.TechBTSettingManager:1252,setHfpConnectState()] HFP:  0
07-13 18:34:44.524 D/BTState ( 5610): onHfpStateChanged: state = 0
07-13 18:34:44.524 D/BTState ( 5610): onHfpStateChanged: map size = 0,,current is main thread = true
07-13 18:34:44.525 D/TXZHandlerManager( 5519): systemToTXZAction - statusObj: com.qf.ai_lib.controller.txz.send.BluetoothStatusModule@3bced0 - mIsHWVersion: true
07-13 18:34:44.525 D/TXZHandlerManager( 5519): systemToTXZAction - action: bluetooth.disconnect - name: null - number: null - contact: null - key_type: 2010
07-13 18:34:44.527 D/BtPhone ( 5519): onBluetoothStateChange false
07-13 18:34:44.527 D/BtUtils ( 5610): sendBTStateBroadcast(), state=5, connect = false
07-13 18:34:44.528 D/TXZ     ( 5736): [OverseaAdapter][5870/5870]txz broadcast ╔════════════════════════════════════════════════════════════
07-13 18:34:44.528 D/TXZ     ( 5736): [OverseaAdapter][5870/5870]txz broadcast ║ com.txznet.smartadapter.recv
07-13 18:34:44.528 D/TXZ     ( 5736): [OverseaAdapter][5870/5870]txz broadcast ║------------------------------------------------------------
07-13 18:34:44.528 D/TXZ     ( 5736): [OverseaAdapter][5870/5870]txz broadcast ║ action: bluetooth.disconnect
07-13 18:34:44.528 D/TXZ     ( 5736): [OverseaAdapter][5870/5870]txz broadcast ║ number: null
07-13 18:34:44.528 D/TXZ     ( 5736): [OverseaAdapter][5870/5870]txz broadcast ║ name: null
07-13 18:34:44.528 D/TXZ     ( 5736): [OverseaAdapter][5870/5870]txz broadcast ║ key_type: 2010
07-13 18:34:44.528 D/TXZ     ( 5736): [OverseaAdapter][5870/5870]txz broadcast ║ contact: null
07-13 18:34:44.529 D/qf_bt   ( 5610): [com.qf.btsdk.service.TechBTService:168,abandonBTMusicAudioFocus()] abandon BTMusicFocus
07-13 18:34:44.529 D/BluetoothController( 4713): onReceive: action = com.qf.action.BT_STATE,,mConnectionState = 0
07-13 18:34:44.529 D/BTClient( 4713): clientTransactToServer: T t = false,,transactCode = 4096,,params = null
07-13 18:34:44.529 D/qf_bt   ( 5610): [com.qf.btsdk.manager.TechBTAudioFocusManager:126,setAudioFocusBTMusic()] setBtMusicFocus:  false
07-13 18:34:44.530 D/TechBTSettingServer( 5610): TechBTSettingServer -> onTransact: code = 4096,,call pid = 4713
07-13 18:34:44.530 D/qf_bt   ( 5610): [com.qf.btsdk.manager.TechBTAudioFocusManager:156,pauseBTMusicWhenLossAudioFocus()] 蓝牙音乐失去焦点，停止蓝牙音乐
07-13 18:34:44.530 D/TechBTMusicCommandManager( 5610): pause()
07-13 18:34:44.530 D/TechBTMusicManager( 5610): setBtMusicPlayState 2
07-13 18:34:44.530 D/BTClient( 4713): clientTransactToServer: T t = false,,transactCode = 16384,,params = null
07-13 18:34:44.530 D/btwrite ( 5610): start send AT command:  AT#MB
07-13 18:34:44.530 D/TechBTSettingServer( 5610): TechBTSettingServer -> onTransact: code = 16384,,call pid = 4713
07-13 18:34:44.530 D/btwrite ( 5610): sendAT=====end
07-13 18:34:44.530 D/BluetoothController( 4713): updateConnected: remoteBTIsConnect = false,,btEnable = true,,mEnabled = true
07-13 18:34:44.530 I/BluetoothCustomController( 4713): onReceive - action: com.qf.action.BT_STATE - mConnectionState: 0
07-13 18:34:44.530 D/BTClient( 4713): clientTransactToServer: T t = false,,transactCode = 4096,,params = null
07-13 18:34:44.530 D/TechBTSettingServer( 5610): TechBTSettingServer -> onTransact: code = 4096,,call pid = 4713
07-13 18:34:44.530 D/BTClient( 4713): clientTransactToServer: T t = false,,transactCode = 16384,,params = null
07-13 18:34:44.530 D/TechBTSettingServer( 5610): TechBTSettingServer -> onTransact: code = 16384,,call pid = 4713
07-13 18:34:44.531 D/TXZ     ( 5736): [OverseaAdapter][5870/5870]txz broadcast ╚════════════════════════════════════════════════════════════
07-13 18:34:44.531 D/BluetoothCustomController( 4713): 5updateConnected: isBTActivated=true, mConnectionState=0, state=0, mEnabled=true
07-13 18:34:44.531 D/BluetoothCustomController( 4713): isBluetoothEnabled - mEnabled: true - mConnectionState: 0
07-13 18:34:44.531 I/BluetoothCustomController( 4713): onReceive - action: com.qf.action.BT_STATE - mConnectionState: 0
07-13 18:34:44.531 D/BTClient( 4713): clientTransactToServer: T t = false,,transactCode = 4096,,params = null
07-13 18:34:44.531 D/TechBTSettingServer( 5610): TechBTSettingServer -> onTransact: code = 4096,,call pid = 4713
07-13 18:34:44.531 D/TechBTService( 5610): unregisterHeadSetEvent, 注销蓝牙音乐线控
07-13 18:34:44.532 D/BTClient( 4713): clientTransactToServer: T t = false,,transactCode = 16384,,params = null
07-13 18:34:44.532 D/TechBTSettingServer( 5610): TechBTSettingServer -> onTransact: code = 16384,,call pid = 4713
07-13 18:34:44.532 D/qf_bt   ( 5610): [com.qf.btsdk.service.TechBTService:131,abandonBTPhoneAudioFocus()] 释放蓝牙电话焦点
07-13 18:34:44.532 D/qf_bt   ( 5610): [com.qf.btsdk.manager.TechBTAudioFocusManager:89,setAudioFocusPhone()] setAudioFocusPhone() : false
07-13 18:34:44.533 D/BluetoothCustomController( 4713): 5updateConnected: isBTActivated=true, mConnectionState=0, state=0, mEnabled=true
07-13 18:34:44.533 D/BluetoothCustomController( 4713): isBluetoothEnabled - mEnabled: true - mConnectionState: 0
07-13 18:34:44.534 D/qf_bt   ( 5610): [com.qf.btsdk.manager.TechBTAudioFocusManager:89,setAudioFocusPhone()] setAudioFocusPhone() : false
07-13 18:34:44.534 D/TechBTMusicManager( 5610): setBtA2DPConnectState(), hfp State=0, a2dp state=0
07-13 18:34:44.534 D/SuDingBTModule8761( 5610): handleBTModuleCMD: read from ext bt module cmd = IO1
07-13 18:34:44.535 D/PhoneCallDialog( 5610): multible changeBtConnected MSG_PHONE_HANGUP
07-13 18:34:44.535 D/PhoneCallDialog( 5610): onPhoneHangupInHandler, isShow = false,, hfp state = 1
07-13 18:34:44.535 D/PhoneCallDialog( 5610): hide(), before lock, isShow=false
07-13 18:34:44.535 D/PhoneCallDialog( 5610): hide(), before lock, isShow=false
07-13 18:34:44.535 D/PhoneCallDialog( 5610): onPhoneHangupInHandler, isShow = false,, hfp state = 1
07-13 18:34:44.535 D/PhoneCallDialog( 5610): hide(), before lock, isShow=false
07-13 18:34:44.535 D/PhoneCallDialog( 5610): hide(), before lock, isShow=false
07-13 18:34:44.572 D/sd      ( 4655): [command:]AT#MB
07-13 18:34:44.572 D/sd      ( 4655): ON_PAUSE_MUSIC
07-13 18:34:44.572 D/sd      ( 4655): send_ind:: OK
07-13 18:34:44.572 D/btread  ( 5610): run: read serial data length = 6
07-13 18:34:44.572 D/btread  ( 5610): realBytes: 0D 0A 4F 4B 0D 0A
07-13 18:34:44.572 D/btread  ( 5610): read from bt: []
07-13 18:34:44.573 D/btread  ( 5610): read from bt: [OK]
07-13 18:34:44.573 D/btread  ( 5610): bt read thread running...
07-13 18:34:44.746 D/NetworkSecurityConfig(11318): Using Network Security Config from resource network_security_config debugBuild: false
07-13 18:34:44.750 D/Netd    ( 3471): app_netid:0x64 app_mark:0x40064 dns_netid:0x64 dns_mark:0xf0064 uid:10087
07-13 18:34:44.796 I/Tpms3   ( 8587): mDataCheckTimer startDataTime:-1;datTime:1752446084
07-13 18:34:44.973 D/sd      ( 4655): bt_aa_rfcomm_disconnect s_aa_rfcomm_handle = 0x0 is_aa_rfcomm_connected =255
07-13 18:34:45.011 I/FusedLocation( 5272): (REDACTED) location delivery to %s blocked - too fast
07-13 18:34:44.528 W/ContextImpl( 5610): Calling a method in the system process without a qualified user: android.app.ContextImpl.sendBroadcast:1045 android.content.ContextWrapper.sendBroadcast:448 com.qf.btsdk.other.BtUtils.sendBTStateBroadcast:44 com.qf.btsdk.manager.TechBTSettingManager.update:797 java.util.Observable.notifyObservers:163 
07-13 18:34:45.014 V/AlarmManager( 4128): set(PendingIntent{74386ee: PendingIntentRecord{4f1278f com.google.android.gms broadcastIntent}}) : type=3 listener=null listenerTag=null triggerAtTime=90472 win=0 tElapsed=90472 maxElapsed=90472 interval=0 flags=0x1
07-13 18:34:45.327 I/android.youtub(11203): Waiting for a blocking GC ProfileSaver
07-13 18:34:45.351 I/android.youtub(11203): WaitForGcToComplete blocked ProfileSaver on ClassLinker for 24.143ms
07-13 18:34:45.492 I/QFApi   ( 7287): getCustomPlatform - customPlatform: 7862
07-13 18:34:45.517 D/Tools   ( 7287): CarSettings main (Tools.java:617) isNetworkConnected: isNetworkConnected - type: 1
07-13 18:34:45.555 D/SSense  ( 4128): onTouchRateChanged: rate:0.0
07-13 18:34:45.593 D/ConnectivityService( 4128): requestNetwork for uid/pid:10119/11398 NetworkRequest [ TRACK_DEFAULT id=87, [ Capabilities: INTERNET&NOT_RESTRICTED&TRUSTED Uid: 10119] ]
07-13 18:34:45.594 D/ConnectivityService( 4128): rematching NetworkAgentInfo [WIFI () - 100]
07-13 18:34:45.594 D/ConnectivityService( 4128):  network has: [ Transports: WIFI Capabilities: NOT_METERED&INTERNET&NOT_RESTRICTED&TRUSTED&NOT_VPN&VALIDATED&NOT_ROAMING&FOREGROUND&NOT_CONGESTED&NOT_SUSPENDED LinkUpBandwidth>=1048576Kbps LinkDnBandwidth>=1048576Kbps Specifier: <WifiNetworkAgentSpecifier [WifiConfiguration=, SSID="T-Mobile Hotspot_5693_2.4GHz", BSSID=68:79:12:a4:cc:c9, mOriginalRequestorUid=-1, mOriginalRequestorPackageName=]> SignalStrength: -25 SSID: "T-Mobile Hotspot_5693_2.4GHz"]
07-13 18:34:45.594 D/ConnectivityService( 4128): Network NetworkAgentInfo [WIFI () - 100] was already satisfying request 51. No change.
07-13 18:34:45.594 D/ConnectivityService( 4128): Network NetworkAgentInfo [WIFI () - 100] was already satisfying request 7. No change.
07-13 18:34:45.594 D/ConnectivityService( 4128):   checking if request is satisfied: NetworkRequest [ BACKGROUND_REQUEST id=2, [ Transports: CELLULAR Capabilities: INTERNET&NOT_RESTRICTED&TRUSTED&NOT_VPN] ]
07-13 18:34:45.594 D/ConnectivityService( 4128): Network NetworkAgentInfo [WIFI () - 100] was already satisfying request 18. No change.
07-13 18:34:45.594 D/ConnectivityService( 4128): Network NetworkAgentInfo [WIFI () - 100] was already satisfying request 84. No change.
07-13 18:34:45.594 D/ConnectivityService( 4128): Network NetworkAgentInfo [WIFI () - 100] was already satisfying request 37. No change.
07-13 18:34:45.594 D/ConnectivityService( 4128): Network NetworkAgentInfo [WIFI () - 100] was already satisfying request 73. No change.
07-13 18:34:45.594 D/ConnectivityService( 4128): Network NetworkAgentInfo [WIFI () - 100] was already satisfying request 23. No change.
07-13 18:34:45.594 D/ConnectivityService( 4128): Network NetworkAgentInfo [WIFI () - 100] was already satisfying request 13. No change.
07-13 18:34:45.594 D/ConnectivityService( 4128): Network NetworkAgentInfo [WIFI () - 100] was already satisfying request 21. No change.
07-13 18:34:45.594 D/ConnectivityService( 4128): Network NetworkAgentInfo [WIFI () - 100] was already satisfying request 25. No change.
07-13 18:34:45.594 D/ConnectivityService( 4128): Network NetworkAgentInfo [WIFI () - 100] was already satisfying request 63. No change.
07-13 18:34:45.595 D/ConnectivityService( 4128):   checking if request is satisfied: NetworkRequest [ TRACK_DEFAULT id=87, [ Capabilities: INTERNET&NOT_RESTRICTED&TRUSTED Uid: 10119] ]
07-13 18:34:45.595 D/ConnectivityService( 4128): currentScore = 0, newScore = 60
07-13 18:34:45.595 D/ConnectivityService( 4128): rematch for NetworkAgentInfo [WIFI () - 100]
07-13 18:34:45.595 D/ConnectivityService( 4128):    accepting network in place of null
07-13 18:34:45.595 D/ConnectivityService( 4128): sending new Min Network Score(60): NetworkRequest [ TRACK_DEFAULT id=87, [ Capabilities: INTERNET&NOT_RESTRICTED&TRUSTED Uid: 10119] ]
07-13 18:34:45.595 D/ConnectivityService( 4128): Network NetworkAgentInfo [WIFI () - 100] was already satisfying request 46. No change.
07-13 18:34:45.595 D/ConnectivityService( 4128): Network NetworkAgentInfo [WIFI () - 100] was already satisfying request 76. No change.
07-13 18:34:45.595 D/ConnectivityService( 4128): Network NetworkAgentInfo [WIFI () - 100] was already satisfying request 11. No change.
07-13 18:34:45.595 D/ConnectivityService( 4128): Network NetworkAgentInfo [WIFI () - 100] was already satisfying request 36. No change.
07-13 18:34:45.595 D/ConnectivityService( 4128): Network NetworkAgentInfo [WIFI () - 100] was already satisfying request 28. No change.
07-13 18:34:45.595 D/ConnectivityService( 4128): Network NetworkAgentInfo [WIFI () - 100] was already satisfying request 53. No change.
07-13 18:34:45.596 D/ConnectivityService( 4128): Network NetworkAgentInfo [WIFI () - 100] was already satisfying request 69. No change.
07-13 18:34:45.596 D/ConnectivityService( 4128): Network NetworkAgentInfo [WIFI () - 100] was already satisfying request 74. No change.
07-13 18:34:45.596 D/ConnectivityService( 4128): Network NetworkAgentInfo [WIFI () - 100] was already satisfying request 75. No change.
07-13 18:34:45.596 D/ConnectivityService( 4128): Network NetworkAgentInfo [WIFI () - 100] was already satisfying request 78. No change.
07-13 18:34:45.596 D/ConnectivityService( 4128): Network NetworkAgentInfo [WIFI () - 100] was already satisfying request 85. No change.
07-13 18:34:45.596 D/PhoneSwitcherNetworkRequstListener( 4622): got request NetworkRequest [ TRACK_DEFAULT id=87, [ Capabilities: INTERNET&NOT_RESTRICTED&TRUSTED Uid: 10119] ] with score 60 and serial -1
07-13 18:34:45.596 D/ConnectivityService( 4128): Network NetworkAgentInfo [WIFI () - 100] was already satisfying request 1. No change.
07-13 18:34:45.596 D/ConnectivityService( 4128): Network NetworkAgentInfo [WIFI () - 100] was already satisfying request 82. No change.
07-13 18:34:45.596 D/ConnectivityService( 4128): Network NetworkAgentInfo [WIFI () - 100] was already satisfying request 79. No change.
07-13 18:34:45.596 D/ConnectivityService( 4128): sending notification CALLBACK_AVAILABLE for NetworkRequest [ TRACK_DEFAULT id=87, [ Capabilities: INTERNET&NOT_RESTRICTED&TRUSTED Uid: 10119] ]
07-13 18:34:45.597 D/ConnectivityService( 4128): listenForNetwork for uid/pid:10119/11398 NetworkRequest [ LISTEN id=88, [ Capabilities: INTERNET&NOT_RESTRICTED&TRUSTED&FOREGROUND Uid: 10119] ]
07-13 18:34:45.597 D/ConnectivityService( 4128): rematching NetworkAgentInfo [WIFI () - 100]
07-13 18:34:45.598 D/ConnectivityService( 4128):  network has: [ Transports: WIFI Capabilities: NOT_METERED&INTERNET&NOT_RESTRICTED&TRUSTED&NOT_VPN&VALIDATED&NOT_ROAMING&FOREGROUND&NOT_CONGESTED&NOT_SUSPENDED LinkUpBandwidth>=1048576Kbps LinkDnBandwidth>=1048576Kbps Specifier: <WifiNetworkAgentSpecifier [WifiConfiguration=, SSID="T-Mobile Hotspot_5693_2.4GHz", BSSID=68:79:12:a4:cc:c9, mOriginalRequestorUid=-1, mOriginalRequestorPackageName=]> SignalStrength: -25 SSID: "T-Mobile Hotspot_5693_2.4GHz"]
07-13 18:34:45.598 D/ConnectivityService( 4128): Network NetworkAgentInfo [WIFI () - 100] was already satisfying request 51. No change.
07-13 18:34:45.598 D/ConnectivityService( 4128): Network NetworkAgentInfo [WIFI () - 100] was already satisfying request 7. No change.
07-13 18:34:45.598 D/ConnectivityService( 4128):   checking if request is satisfied: NetworkRequest [ BACKGROUND_REQUEST id=2, [ Transports: CELLULAR Capabilities: INTERNET&NOT_RESTRICTED&TRUSTED&NOT_VPN] ]
07-13 18:34:45.598 D/ConnectivityService( 4128): Network NetworkAgentInfo [WIFI () - 100] was already satisfying request 18. No change.
07-13 18:34:45.598 D/ConnectivityService( 4128): Network NetworkAgentInfo [WIFI () - 100] was already satisfying request 84. No change.
07-13 18:34:45.598 D/ConnectivityService( 4128): Network NetworkAgentInfo [WIFI () - 100] was already satisfying request 37. No change.
07-13 18:34:45.598 D/ConnectivityService( 4128): Network NetworkAgentInfo [WIFI () - 100] was already satisfying request 73. No change.
07-13 18:34:45.598 D/ConnectivityService( 4128): Network NetworkAgentInfo [WIFI () - 100] was already satisfying request 23. No change.
07-13 18:34:45.598 D/ConnectivityService( 4128): Network NetworkAgentInfo [WIFI () - 100] was already satisfying request 13. No change.
07-13 18:34:45.598 D/ConnectivityService( 4128): Network NetworkAgentInfo [WIFI () - 100] was already satisfying request 21. No change.
07-13 18:34:45.598 D/ConnectivityService( 4128): Network NetworkAgentInfo [WIFI () - 100] was already satisfying request 25. No change.
07-13 18:34:45.598 D/ConnectivityService( 4128): Network NetworkAgentInfo [WIFI () - 100] was already satisfying request 63. No change.
07-13 18:34:45.598 D/ConnectivityService( 4128): Network NetworkAgentInfo [WIFI () - 100] was already satisfying request 87. No change.
07-13 18:34:45.598 D/ConnectivityService( 4128): Network NetworkAgentInfo [WIFI () - 100] was already satisfying request 46. No change.
07-13 18:34:45.598 D/ConnectivityService( 4128): Network NetworkAgentInfo [WIFI () - 100] was already satisfying request 76. No change.
07-13 18:34:45.598 D/ConnectivityService( 4128): Network NetworkAgentInfo [WIFI () - 100] was already satisfying request 11. No change.
07-13 18:34:45.598 D/ConnectivityService( 4128): Network NetworkAgentInfo [WIFI () - 100] was already satisfying request 36. No change.
07-13 18:34:45.598 D/ConnectivityService( 4128): Network NetworkAgentInfo [WIFI () - 100] was already satisfying request 28. No change.
07-13 18:34:45.598 D/ConnectivityService( 4128): Network NetworkAgentInfo [WIFI () - 100] was already satisfying request 53. No change.
07-13 18:34:45.599 D/ConnectivityService( 4128): Network NetworkAgentInfo [WIFI () - 100] was already satisfying request 69. No change.
07-13 18:34:45.599 D/ConnectivityService( 4128): Network NetworkAgentInfo [WIFI () - 100] was already satisfying request 74. No change.
07-13 18:34:45.599 D/ConnectivityService( 4128): Network NetworkAgentInfo [WIFI () - 100] was already satisfying request 75. No change.
07-13 18:34:45.599 D/ConnectivityService( 4128): Network NetworkAgentInfo [WIFI () - 100] was already satisfying request 78. No change.
07-13 18:34:45.599 D/ConnectivityService( 4128): Network NetworkAgentInfo [WIFI () - 100] was already satisfying request 85. No change.
07-13 18:34:45.599 D/ConnectivityService( 4128): Network NetworkAgentInfo [WIFI () - 100] was already satisfying request 1. No change.
07-13 18:34:45.599 D/ConnectivityService( 4128): Network NetworkAgentInfo [WIFI () - 100] was already satisfying request 82. No change.
07-13 18:34:45.599 D/ConnectivityService( 4128): Network NetworkAgentInfo [WIFI () - 100] was already satisfying request 79. No change.
07-13 18:34:45.599 D/ConnectivityService( 4128): sending notification CALLBACK_AVAILABLE for NetworkRequest [ LISTEN id=88, [ Capabilities: INTERNET&NOT_RESTRICTED&TRUSTED&FOREGROUND Uid: 10119] ]
07-13 18:34:45.697 I/chatty  ( 3830): uid=1000(system) LCSMGT_TASK expire 94 lines
07-13 18:34:45.698 D/btopt   ( 3774): zlink wake_up_apk_server: cmd = 'export PATH=$PATH:/system/bin/;am broadcast -a "zjinnova.android.intent.action.START_DAEMON_SERVICE" --include-stopped-packages "com.zjinnova.zlink"&'
07-13 18:34:45.709 I/chatty  ( 3830): uid=1000(system) LCSAGT_READER expire 297 lines
07-13 18:34:45.755 V/ActivityManagerShellCommand( 4128): Received onCommand broadcast callUid=0 callpid=11676
07-13 18:34:45.755 V/ActivityManagerShellCommand( 4128): runSendBroadcast start and waiting ---Intent { act=zjinnova.android.intent.action.START_DAEMON_SERVICE flg=0x400020 pkg=com.zjinnova.zlink }
07-13 18:34:45.760 I/chatty  ( 3830): uid=1000(system) LCSMGT_TASK expire 16 lines
07-13 18:34:45.764 I/chatty  ( 3830): uid=1000(system) LCSAGT_READER expire 1 line
07-13 18:34:45.764 I/chatty  ( 3830): uid=1000(system) LCSMGT_TASK expire 3 lines
07-13 18:34:45.768 I/chatty  ( 3830): uid=1000(system) LCSAGT_READER expire 14 lines
07-13 18:34:45.768 D/LCS_MGT ( 3830): [lcs_sc_generate_status_bytes] enter, sw1 0x90, sw2 0x00
07-13 18:34:45.768 D/LCS_MGT ( 3830): [agps_agent_get_valid_byte_num] enter, dataLen 38
07-13 18:34:45.768 W/LCS_MGT ( 3830): [agps_agent_get_valid_byte_num], valid data Len 38
07-13 18:34:45.768 D/LCS_MGT ( 3830): [lcs_sc_check_status_bytes] enter, status bytes 0x9000
07-13 18:34:45.768 D/LCS_MGT ( 3830): enter pkcs15_parseDir
07-13 18:34:45.768 D/LCS_MGT ( 3830): enter pkcs15_decodeTag
07-13 18:34:45.768 D/LCS_MGT ( 3830): enter pkcs15_getTagLen
07-13 18:34:45.768 D/LCS_MGT ( 3830): pkcs15_getTagLen: tag length = 38
07-13 18:34:45.768 E/LCS_MGT ( 3830): pkcs15_decodeTag: tag length 38 is too long, not supported, 
07-13 18:34:45.768 D/LCS_MGT ( 3830): pkcs15_parseDir: tag = 0
07-13 18:34:45.768 W/LCS_MGT ( 3830): pkcs15_parseDir: Error, invalid tag(aid tag)
07-13 18:34:45.769 W/LCS_MGT ( 3830): [agps_agent_handle_efdir_record_response], EFDIR record decode error
07-13 18:34:45.769 D/LCS_MGT ( 3830): [agps_agent_read_efdir_next_record] enter, record Index 4, Num 4
07-13 18:34:45.769 D/LCS_MGT ( 3830): [agps_agent_read_efdir_record] enter, recordReadIndex 4, recordNum 4, reacordLen 38
07-13 18:34:45.769 W/LCS_MGT ( 3830): [agps_agent_read_efdir_record] Has Red All Record in EFdir
07-13 18:34:45.769 D/LCS_MGT ( 3830): [agps_agent_read_hslp_fail] enter, previous AT Cmd 1, retryCount 5
07-13 18:34:45.769 D/LCS_MGT ( 3830): [agps_agent_sc_free_context] enter
07-13 18:34:45.769 D/LCS_MGT ( 3830): [agps_agent_sc_free_at_cmd] enter, AT Cmd 1
07-13 18:34:45.769 D/LCS_MGT ( 3830): [agps_agent_sc_free_at_rsp] enter, AT Rsp 1
07-13 18:34:45.769 D/LCS_MGT ( 3830): [agps_agent_sc_free_cmd_apdu] enter, instruction byte 0xa4
07-13 18:34:45.769 D/LCS_MGT ( 3830): [agps_agent_sc_free_binary_param] enter
07-13 18:34:45.769 D/LCS_MGT ( 3830): [agps_agent_stop_timer] enter, timer 3
07-13 18:34:45.769 D/LCS_MGT ( 3830): [LCSMGT_sendAsyncEvent]: send event(0xa002), body maxsize(12)
07-13 18:34:45.769 D/LCS_MGT ( 3830): LCSMGT Version:AGNSS_W20.40.2_V1.6.1, android:V10(64bit), gcc:V4.2.1 Compatible Android (5484270 based on r353983c) Clang 9.0.3 (https://android.googlesource.com/toolchain/clang 745b335211bb9eadfa6aa6301f84715cee4b37c5) (https://android.googlesource.com/toolchain/llvm 60cf23e54e46c807513f7a36d0a7b777920b5881), build time:Oct 23 2020, 17:06:10
07-13 18:34:45.769 D/LCS_MGT ( 3830): [LCSMGT_sendAsyncEve