07-13 18:34:42.794 D/StrictMode(11203): 	at sun.nio.ch.FileChannelImpl.map(FileChannelImpl.java:945)
07-13 18:34:42.794 D/StrictMode(11203): 	at bmg.f(PG:36)
07-13 18:34:42.794 D/StrictMode(11203): 	at byj.a(PG:174)
07-13 18:34:42.794 D/StrictMode(11203): 	at bej.run(PG:59)
07-13 18:34:42.794 D/StrictMode(11203): 	at android.os.Handler.handleCallback(Handler.java:883)
07-13 18:34:42.794 D/StrictMode(11203): 	at android.os.Handler.dispatchMessage(Handler.java:100)
07-13 18:34:42.794 D/StrictMode(11203): 	at android.os.Looper.loop(Looper.java:214)
07-13 18:34:42.794 D/StrictMode(11203): 	at rql.run(PG:13)
07-13 18:34:42.794 D/StrictMode(11203): 	at qyu.run(PG:257)
07-13 18:34:42.794 D/StrictMode(11203): 	at java.lang.Thread.run(Thread.java:919)
07-13 18:34:42.794 D/StrictMode(11203): 	at rrt.run(PG:61)
07-13 18:34:42.795 D/StrictMode(11203): StrictMode policy violation; ~duration=48 ms: android.os.strictmode.DiskReadViolation
07-13 18:34:42.795 D/StrictMode(11203): 	at android.os.StrictMode$AndroidBlockGuardPolicy.onReadFromDisk(StrictMode.java:1556)
07-13 18:34:42.795 D/StrictMode(11203): 	at sun.nio.ch.FileChannelImpl.map(FileChannelImpl.java:982)
07-13 18:34:42.795 D/StrictMode(11203): 	at bmg.f(PG:36)
07-13 18:34:42.795 D/StrictMode(11203): 	at byj.a(PG:174)
07-13 18:34:42.795 D/StrictMode(11203): 	at bej.run(PG:59)
07-13 18:34:42.795 D/StrictMode(11203): 	at android.os.Handler.handleCallback(Handler.java:883)
07-13 18:34:42.795 D/StrictMode(11203): 	at android.os.Handler.dispatchMessage(Handler.java:100)
07-13 18:34:42.795 D/StrictMode(11203): 	at android.os.Looper.loop(Looper.java:214)
07-13 18:34:42.795 D/StrictMode(11203): 	at rql.run(PG:13)
07-13 18:34:42.795 D/StrictMode(11203): 	at qyu.run(PG:257)
07-13 18:34:42.795 D/StrictMode(11203): 	at java.lang.Thread.run(Thread.java:919)
07-13 18:34:42.795 D/StrictMode(11203): 	at rrt.run(PG:61)
07-13 18:34:42.798 W/chromium(11398): [WARNING:net/dns/dns_config_service_android.cc:69] Failed to read DnsConfig.
07-13 18:34:42.818 W/ChimeraUtils( 5272): Module com.google.android.gms.notifications missing resource null(0)
07-13 18:34:42.819 I/NotificationChannelHelp( 5272): (REDACTED) Creating notification channcel: %s
07-13 18:34:42.819 I/NotificationChannelHelp( 5272): (REDACTED) Creating notification channcel group: %s
07-13 18:34:42.819 W/ChimeraUtils( 5272): Module com.google.android.gms.notifications missing resource null(0)
07-13 18:34:42.821 I/chatty  ( 5272): uid=10106(com.google.android.gms) actvpool[3] identical 2 lines
07-13 18:34:42.825 W/ChimeraUtils( 5272): Module com.google.android.gms.notifications missing resource null(0)
07-13 18:34:42.826 I/PlayCore(11398): UID: [10119]  PID: [11398] AppUpdateService : requestUpdateInfo(com.android.chrome)
07-13 18:34:42.826 W/ChimeraUtils( 5272): Module com.google.android.gms.notifications missing resource null(0)
07-13 18:34:42.828 I/PlayCore(11398): UID: [10119]  PID: [11398] AppUpdateService : Initiate binding to the service.
07-13 18:34:42.829 D/PowerController.BgClean( 4128): judgeAppLaunchAllowed : com.android.vending(uid:10100), callingPackage = com.android.chrome(uid:10119), reason = bind-service
07-13 18:34:42.829 I/chromium(11398): [INFO:components/enterprise/browser/controller/chrome_browser_cloud_management_controller.cc:279] Deferring CBCM Controller Initialization until it is unblocked.
07-13 18:34:42.830 D/PowerController.BgClean( 4128): judgeAppLaunchAllowed : intent action:Intent { act=com.google.android.play.core.install.BIND_UPDATE_SERVICE pkg=com.android.vending }
07-13 18:34:42.830 D/PowerController.BgClean( 4128): Start Proc : com.android.vending, callingPackage = com.android.chrome, reason = bind-service: already started!! (ProcState:PROCESS_STATE_RECEIVER mState:NONE)
07-13 18:34:42.833 W/ChimeraUtils( 5272): Module com.google.android.gms.notifications missing resource null(0)
07-13 18:34:42.838 D/PowerController.BgClean( 4128): judgeAppLaunchAllowed : com.android.chrome(uid:10119), callingPackage = com.android.chrome(uid:10119), reason = bind-service
07-13 18:34:42.838 D/PowerController.BgClean( 4128): judgeAppLaunchAllowed : intent action:Intent { cmp=com.android.chrome/org.chromium.content.app.PrivilegedProcessService0 (has extras) }
07-13 18:34:42.838 D/PowerController.BgClean( 4128): Start Proc : com.android.chrome, callingPackage = com.android.chrome, reason = bind-service: already started!! (ProcState:PROCESS_STATE_SERVICE mState:NONE)
07-13 18:34:42.839 I/ActivityManager( 4128): startProcessLocked - launcherPackage: com.android.launcher.gradient.black - app.pid: 0 - app.processName: com.android.chrome:privileged_process0
07-13 18:34:42.841 D/PowerController.BgClean( 4128): judgeAppLaunchAllowed : com.android.chrome(uid:10119), callingPackage = com.android.chrome(uid:10119), reason = bind-service
07-13 18:34:42.841 D/PowerController.BgClean( 4128): judgeAppLaunchAllowed : intent action:Intent { cmp=com.android.chrome/org.chromium.content.app.PrivilegedProcessService0 (has extras) }
07-13 18:34:42.841 D/PowerController.BgClean( 4128): Start Proc : com.android.chrome, callingPackage = com.android.chrome, reason = bind-service: already started!! (ProcState:PROCESS_STATE_SERVICE mState:NONE)
07-13 18:34:42.848 W/ChimeraUtils( 5272): Module com.google.android.gms.notifications missing resource null(0)
07-13 18:34:42.855 D/Zygote  ( 3472): Forked child process 11532
07-13 18:34:42.857 D/PowerController.BgClean( 4128): judgeAppLaunchAllowed : com.android.vending(uid:10100), callingPackage = com.android.chrome(uid:10119), reason = bind-service
07-13 18:34:42.857 D/PowerController.BgClean( 4128): judgeAppLaunchAllowed : intent action:Intent { act=com.android.vending.setup.IDseService.BIND pkg=com.android.vending }
07-13 18:34:42.857 D/PowerController.BgClean( 4128): Start Proc : com.android.vending, callingPackage = com.android.chrome, reason = bind-service: already started!! (ProcState:PROCESS_STATE_SERVICE mState:NONE)
07-13 18:34:42.857 I/Zygote  (11532): seccomp disabled by setenforce 0
07-13 18:34:42.860 I/GmsCoreXrpcWrapper( 5272): (REDACTED) Returning a channel provider with trafficStatsTag=%d trafficStatsUid=%d
07-13 18:34:42.863 D/PowerController.BgClean( 4128): judgeAppLaunchAllowed : com.google.android.gms(uid:10106), callingPackage = com.google.android.youtube(uid:10129), reason = bind-service
07-13 18:34:42.863 D/PowerController.BgClean( 4128): judgeAppLaunchAllowed : intent action:Intent { act=com.google.android.gms.measurement.START pkg=com.google.android.gms }
07-13 18:34:42.863 I/Finsky  ( 7872): [2] Setup::DSE: Phenotype experiments synced with status: NO_UPDATE
07-13 18:34:42.863 I/Finsky  ( 7872): [341] Triggered update for experiment package com.google.android.finsky.stable.
07-13 18:34:42.866 I/ActivityManager( 4128): Start proc 11532:com.android.chrome:privileged_process0/u0a119 for service {com.android.chrome/org.chromium.content.app.PrivilegedProcessService0}
07-13 18:34:42.878 W/cr_SearchEngineDelegate(11398): ensureIsDeviceChoiceRequiredSupplier() called on ineligible device
07-13 18:34:42.922 W/chromium(11398): [WARNING:components/gcm_driver/instance_id/instance_id_android.cc:101] Non-zero TTL requested for InstanceID token, while TTLs are not supported by Android Firebase IID API.
07-13 18:34:42.930 I/Finsky  ( 7872): [341] Already at the latest configurations for experiment package com.google.android.finsky.stable.
07-13 18:34:42.944 W/InstanceID(11398): Instance ID SDK is deprecated, com.android.chrome should update to use Firebase Instance ID
07-13 18:34:42.948 D/NetworkSecurityConfig(11091): No Network Security Config specified, using platform default
07-13 18:34:42.950 W/ileged_process(11532): JIT profile information will not be recorded: profile file does not exits.
07-13 18:34:42.954 D/PowerController.BgClean( 4128): judgeAppLaunchAllowed : com.google.android.gms(uid:10106), callingPackage = com.android.chrome(uid:10119), reason = bind-service
07-13 18:34:42.954 D/PowerController.BgClean( 4128): judgeAppLaunchAllowed : intent action:Intent { act=com.google.android.chimera.BoundService.START dat=chimera-action:com.google.android.gms.auth.key.retrieval.service.START cmp=com.google.android.gms/.chimera.GmsApiService }
07-13 18:34:42.955 D/TxzAccessibilityService( 5736): onAccessibilityEvent: event=EventType: TYPE_NOTIFICATION_STATE_CHANGED; EventTime: 66356; PackageName: com.google.android.gms; MovementGranularity: 0; Action: 0; ContentChangeTypes: []; WindowChangeTypes: [] [ ClassName: android.app.Notification; Text: [New sign-in on K706]; ContentDescription: null; ItemCount: -1; CurrentItemIndex: -1; Enabled: false; Password: false; Checked: false; FullScreen: false; Scrollable: false; BeforeText: null; FromIndex: -1; ToIndex: -1; ScrollX: -1; ScrollY: -1; MaxScrollX: -1; MaxScrollY: -1; AddedCount: -1; RemovedCount: -1; ParcelableData: Notification(channel=com.google.android.gms.notifications::SECURITY_ALERTS pri=0 contentView=null vibrate=null sound=null tick defaults=0x0 flags=0x100 color=0x00000000 actions=1 vis=PRIVATE publicVersion=Notification(channel=null pri=0 contentView=null vibrate=null sound=null defaults=0x0 flags=0x0 color=0x00000000 vis=PRIVATE)) ]; recordCount: 0
07-13 18:34:42.955 D/TxzAccessibilityService( 5736): unprocessed event: EventType: TYPE_NOTIFICATION_STATE_CHANGED; EventTime: 66356; PackageName: com.google.android.gms; MovementGranularity: 0; Action: 0; ContentChangeTypes: []; WindowChangeTypes: [] [ ClassName: android.app.Notification; Text: [New sign-in on K706]; ContentDescription: null; ItemCount: -1; CurrentItemIndex: -1; Enabled: false; Password: false; Checked: false; FullScreen: false; Scrollable: false; BeforeText: null; FromIndex: -1; ToIndex: -1; ScrollX: -1; ScrollY: -1; MaxScrollX: -1; MaxScrollY: -1; AddedCount: -1; RemovedCount: -1; ParcelableData: Notification(channel=com.google.android.gms.notifications::SECURITY_ALERTS pri=0 contentView=null vibrate=null sound=null tick defaults=0x0 flags=0x100 color=0x00000000 actions=1 vis=PRIVATE publicVersion=Notification(channel=null pri=0 contentView=null vibrate=null sound=null defaults=0x0 flags=0x0 color=0x00000000 vis=PRIVATE)) ]; recordCount: 0
07-13 18:34:42.968 E/PushService( 8827): startXmppConnection:not-authorized(401)
07-13 18:34:42.968 E/PushService( 8827): cellular registration failed
07-13 18:34:42.968 I/PushService( 8827): registration: retry in 0
07-13 18:34:42.970 D/PowerController.BgClean( 4128): judgeAppLaunchAllowed : com.google.android.gms(uid:10106), callingPackage = com.android.chrome(uid:10119), reason = bind-service
07-13 18:34:42.970 D/PowerController.BgClean( 4128): judgeAppLaunchAllowed : intent action:Intent { act=com.google.android.chimera.BoundService.START dat=chimera-action:com.google.android.gms.credential.manager.service.firstparty.START cmp=com.google.android.gms/.chimera.GmsApiService }
07-13 18:34:42.975 I/cr_SplitCompatApp(11532): version=138.0.7204.63 (720406333) minSdkVersion=29 isBundle=true processName=com.android.chrome:privileged_process0 isIsolatedProcess=false
07-13 18:34:42.981 W/chromium(11398): [WARNING:components/gcm_driver/instance_id/instance_id_android.cc:101] Non-zero TTL requested for InstanceID token, while TTLs are not supported by Android Firebase IID API.
07-13 18:34:42.981 W/chromium(11398): [WARNING:components/gcm_driver/instance_id/instance_id_android.cc:101] Non-zero TTL requested for InstanceID token, while TTLs are not supported by Android Firebase IID API.
07-13 18:34:42.988 I/cn_CronetUrlRequestContext( 5272): destroyNativeStreamLocked org.chromium.net.impl.CronetBidirectionalStream@74b528d
07-13 18:34:42.988 E/StackScroller( 4713): Attempting to re-position  view {com.android.systemui.statusbar.notification.row.FooterView{7179b45 V.E...... ......I. 0,0-0,0}}
07-13 18:34:42.988 E/StackScroller( 4713): Attempting to re-position  view {com.android.systemui.statusbar.EmptyShadeView{2ba529a G.E...... ......I. 0,0-0,0}}
07-13 18:34:42.988 E/StackScroller( 4713): Attempting to re-position  view {com.android.systemui.statusbar.NotificationShelf{ceac7f7 VFE...C.. ......I. 0,0-0,0}}
07-13 18:34:42.989 D/NotificationMediaManager( 4713): finishUpdateMediaMetaData metaDataChanged =false,allowEnterAnimation =true
07-13 18:34:42.989 I/cr_SmsProviderGms(11398): construction successfull Tw5@ef70b9a, Qw5@7d50ccb
07-13 18:34:42.989 D/NotificationMediaManager( 4713): finishUpdateMediaMetaData need to hide the album art
07-13 18:34:43.010 I/LoadedApk(11532): No resource references to update in package com.google.android.trichromelibrary
07-13 18:34:43.014 I/cr_ChildProcessService(11532): Creating new ChildProcessService pid=11532
07-13 18:34:43.026 W/linker  (11532): Warning: "/data/app/com.android.chrome-5WINx9hrT-JUMNsK_6KBAQ==/base.apk!/lib/arm64-v8a/libchromium_android_linker.so" unused DT entry: unknown processor-specific (type 0x70000001 arg 0x0) (ignoring)
07-13 18:34:43.029 I/cr_LibraryLoader(11532): Loading monochrome_64 from within /data/app/com.android.chrome-5WINx9hrT-JUMNsK_6KBAQ==/base.apk
07-13 18:34:43.029 I/cr_Linker(11532): loadLibraryImplLocked: monochrome_64, relroMode=2
07-13 18:34:43.032 W/linker  (11532): Warning: "/data/app/com.google.android.trichromelibrary_720406333--aNH55Ssgaczp3zsOi9KGQ==/base.apk!/lib/arm64-v8a/libmonochrome_64.so" unused DT entry: unknown processor-specific (type 0x70000001 arg 0x0) (ignoring)
07-13 18:34:43.047 W/DynamiteModule(11398): Local module descriptor class for com.google.android.gms.googlecertificates not found.
07-13 18:34:43.049 I/cr_LibraryLoader(11532): Successfully loaded native library
07-13 18:34:43.050 I/cr_CachingUmaRecorder(11532): Flushed 4 samples from 4 histograms, 0 samples were dropped.
07-13 18:34:43.064 W/cr_KnoxSettingsProvider(11398): Permission to read device policy denied.
07-13 18:34:43.064 I/cr_CombinedPProvider(11398): #registerProvider() provider:Y04@80373f2 isPolicyCacheEnabled:true policyProvidersSize:0
07-13 18:34:43.064 I/cr_PolicyProvider(11398): #setManagerAndSource() 0
07-13 18:34:43.064 I/cr_CombinedPProvider(11398): #registerProvider() provider:hs@5f84a43 isPolicyCacheEnabled:false policyProvidersSize:1
07-13 18:34:43.065 I/cr_PolicyProvider(11398): #setManagerAndSource() 1
07-13 18:34:43.066 I/cr_AppResProvider(11398): #getApplicationRestrictionsFromUserManager() Bundle[EMPTY_PARCEL]
07-13 18:34:43.066 I/cr_PolicyProvider(11398): #notifySettingsAvailable() 1
07-13 18:34:43.066 I/cr_CombinedPProvider(11398): #onSettingsAvailable() 1
07-13 18:34:43.076 I/DynamiteModule(11398): Considering local module com.google.android.gms.googlecertificates:0 and remote module com.google.android.gms.googlecertificates:7
07-13 18:34:43.076 I/DynamiteModule(11398): Selected remote version of com.google.android.gms.googlecertificates, version >= 7
07-13 18:34:43.083 I/FusedLocation( 5272): (REDACTED) location delivery to %s blocked - too fast
07-13 18:34:43.086 D/ConnectivityService( 4128): requestNetwork for uid/pid:10129/11203 NetworkRequest [ TRACK_DEFAULT id=84, [ Capabilities: INTERNET&NOT_RESTRICTED&TRUSTED Uid: 10129] ]
07-13 18:34:43.086 D/ConnectivityService( 4128): rematching NetworkAgentInfo [WIFI () - 100]
07-13 18:34:43.086 D/ConnectivityService( 4128):  network has: [ Transports: WIFI Capabilities: NOT_METERED&INTERNET&NOT_RESTRICTED&TRUSTED&NOT_VPN&VALIDATED&NOT_ROAMING&FOREGROUND&NOT_CONGESTED&NOT_SUSPENDED LinkUpBandwidth>=1048576Kbps LinkDnBandwidth>=1048576Kbps Specifier: <WifiNetworkAgentSpecifier [WifiConfiguration=, SSID="T-Mobile Hotspot_5693_2.4GHz", BSSID=68:79:12:a4:cc:c9, mOriginalRequestorUid=-1, mOriginalRequestorPackageName=]> SignalStrength: -25 SSID: "T-Mobile Hotspot_5693_2.4GHz"]
07-13 18:34:43.086 D/ConnectivityService( 4128): Network NetworkAgentInfo [WIFI () - 100] was already satisfying request 51. No change.
07-13 18:34:43.086 D/ConnectivityService( 4128): Network NetworkAgentInfo [WIFI () - 100] was already satisfying request 7. No change.
07-13 18:34:43.086 D/ConnectivityService( 4128):   checking if request is satisfied: NetworkRequest [ BACKGROUND_REQUEST id=2, [ Transports: CELLULAR Capabilities: INTERNET&NOT_RESTRICTED&TRUSTED&NOT_VPN] ]
07-13 18:34:43.086 D/ConnectivityService( 4128): Network NetworkAgentInfo [WIFI () - 100] was already satisfying request 18. No change.
07-13 18:34:43.086 D/ConnectivityService( 4128):   checking if request is satisfied: NetworkRequest [ TRACK_DEFAULT id=84, [ Capabilities: INTERNET&NOT_RESTRICTED&TRUSTED Uid: 10129] ]
07-13 18:34:43.086 D/ConnectivityService( 4128): currentScore = 0, newScore = 60
07-13 18:34:43.086 D/ConnectivityService( 4128): rematch for NetworkAgentInfo [WIFI () - 100]
07-13 18:34:43.086 D/ConnectivityService( 4128):    accepting network in place of null
07-13 18:34:43.086 D/ConnectivityService( 4128): sending new Min Network Score(60): NetworkRequest [ TRACK_DEFAULT id=84, [ Capabilities: INTERNET&NOT_RESTRICTED&TRUSTED Uid: 10129] ]
07-13 18:34:43.086 D/ConnectivityService( 4128): Network NetworkAgentInfo [WIFI () - 100] was already satisfying request 37. No change.
07-13 18:34:43.086 D/ConnectivityService( 4128): Network NetworkAgentInfo [WIFI () - 100] was already satisfying request 73. No change.
07-13 18:34:43.086 D/ConnectivityService( 4128): Network NetworkAgentInfo [WIFI () - 100] was already satisfying request 23. No change.
07-13 18:34:43.086 D/ConnectivityService( 4128): Network NetworkAgentInfo [WIFI () - 100] was already satisfying request 13. No change.
07-13 18:34:43.087 D/ConnectivityService( 4128): Network NetworkAgentInfo [WIFI () - 100] was already satisfying request 21. No change.
07-13 18:34:43.087 D/ConnectivityService( 4128): Network NetworkAgentInfo [WIFI () - 100] was already satisfying request 25. No change.
07-13 18:34:43.087 D/ConnectivityService( 4128): Network NetworkAgentInfo [WIFI () - 100] was already satisfying request 63. No change.
07-13 18:34:43.087 D/ConnectivityService( 4128): Network NetworkAgentInfo [WIFI () - 100] was already satisfying request 46. No change.
07-13 18:34:43.087 D/ConnectivityService( 4128): Network NetworkAgentInfo [WIFI () - 100] was already satisfying request 76. No change.
07-13 18:34:43.087 D/ConnectivityService( 4128): Network NetworkAgentInfo [WIFI () - 100] was already satisfying request 11. No change.
07-13 18:34:43.087 D/ConnectivityService( 4128): Network NetworkAgentInfo [WIFI () - 100] was already satisfying request 36. No change.
07-13 18:34:43.087 D/ConnectivityService( 4128): Network NetworkAgentInfo [WIFI () - 100] was already satisfying request 28. No change.
07-13 18:34:43.087 D/ConnectivityService( 4128): Network NetworkAgentInfo [WIFI () - 100] was already satisfying request 53. No change.
07-13 18:34:43.087 D/ConnectivityService( 4128): Network NetworkAgentInfo [WIFI () - 100] was already satisfying request 69. No change.
07-13 18:34:43.087 D/ConnectivityService( 4128): Network NetworkAgentInfo [WIFI () - 100] was already satisfying request 74. No change.
07-13 18:34:43.087 D/ConnectivityService( 4128): Network NetworkAgentInfo [WIFI () - 100] was already satisfying request 75. No change.
07-13 18:34:43.087 D/ConnectivityService( 4128): Network NetworkAgentInfo [WIFI () - 100] was already satisfying request 78. No change.
07-13 18:34:43.087 D/PhoneSwitcherNetworkRequstListener( 4622): got request NetworkRequest [ TRACK_DEFAULT id=84, [ Capabilities: INTERNET&NOT_RESTRICTED&TRUSTED Uid: 10129] ] with score 60 and serial -1
07-13 18:34:43.087 D/ConnectivityService( 4128): Network NetworkAgentInfo [WIFI () - 100] was already satisfying request 49. No change.
07-13 18:34:43.087 D/ConnectivityService( 4128): Network NetworkAgentInfo [WIFI () - 100] was already satisfying request 1. No change.
07-13 18:34:43.087 D/ConnectivityService( 4128): Network NetworkAgentInfo [WIFI () - 100] was already satisfying request 82. No change.
07-13 18:34:43.087 D/ConnectivityService( 4128): Network NetworkAgentInfo [WIFI () - 100] was already satisfying request 79. No change.
07-13 18:34:43.087 D/ConnectivityService( 4128): sending notification CALLBACK_AVAILABLE for NetworkRequest [ TRACK_DEFAULT id=84, [ Capabilities: INTERNET&NOT_RESTRICTED&TRUSTED Uid: 10129] ]
07-13 18:34:43.092 V/AlarmManager( 4128): set(PendingIntent{7579d04: PendingIntentRecord{73d42ed com.google.android.gms broadcastIntent}}) : type=3 listener=null listenerTag=null triggerAtTime=88475 win=0 tElapsed=88475 maxElapsed=88475 interval=0 flags=0x1
07-13 18:34:43.095 D/PowerController.BgClean( 4128): judgeAppLaunchAllowed : com.google.android.gms(uid:10106), callingPackage = com.android.chrome(uid:10119), reason = bind-service
07-13 18:34:43.095 D/PowerController.BgClean( 4128): judgeAppLaunchAllowed : intent action:Intent { act=com.google.android.chimera.BoundService.START dat=chimera-action:com.google.android.gms.gmscompliance.service.START cmp=com.google.android.gms/.chimera.PersistentBoundBrokerService }
07-13 18:34:43.097 D/PowerController.BgClean( 4128): judgeAppLaunchAllowed : com.android.chrome(uid:10119), callingPackage = com.android.chrome(uid:10119), reason = bind-service
07-13 18:34:43.098 D/PowerController.BgClean( 4128): judgeAppLaunchAllowed : intent action:Intent { cmp=com.android.chrome/org.chromium.content.app.SandboxedProcessService0 (has extras) }
07-13 18:34:43.098 D/PowerController.BgClean( 4128): Start Proc : com.android.chrome, callingPackage = com.android.chrome, reason = bind-service: already started!! (ProcState:PROCESS_STATE_SERVICE mState:NONE)
07-13 18:34:43.099 I/ActivityManager( 4128): startProcessLocked - launcherPackage: com.android.launcher.gradient.black - app.pid: 0 - app.processName: com.android.chrome:sandboxed_process0:org.chromium.content.app.SandboxedProcessService0:0
07-13 18:34:43.101 D/PowerController.BgClean( 4128): judgeAppLaunchAllowed : com.android.chrome(uid:10119), callingPackage = com.android.chrome(uid:10119), reason = bind-service
07-13 18:34:43.101 D/PowerController.BgClean( 4128): judgeAppLaunchAllowed : intent action:Intent { cmp=com.android.chrome/org.chromium.content.app.SandboxedProcessService0 (has extras) }
07-13 18:34:43.101 D/PowerController.BgClean( 4128): Start Proc : com.android.chrome, callingPackage = com.android.chrome, reason = bind-service: already started!! (ProcState:PROCESS_STATE_SERVICE mState:NONE)
07-13 18:34:43.104 D/Netd    ( 3471): app_netid:0x64 app_mark:0x64 dns_netid:0x64 dns_mark:0xf0064 uid:10119
07-13 18:34:43.107 I/cn_CronetUrlRequestContext(11091): destroyNativeStreamLocked org.chromium.net.impl.CronetBidirectionalStream@b79bb60
07-13 18:34:43.107 D/Zygote  (10357): Forked child process 11581
07-13 18:34:43.110 I/ActivityManager( 4128): Start proc 11581:com.android.chrome:sandboxed_process0:org.chromium.content.app.SandboxedProcessService0:0/u0ai1 for  {com.android.chrome/org.chromium.content.app.SandboxedProcessService0:0}
07-13 18:34:43.110 I/Zygote  (11581): seccomp disabled by setenforce 0
07-13 18:34:43.116 D/ConnectivityService( 4128): requestNetwork for uid/pid:10119/11398 NetworkRequest [ TRACK_DEFAULT id=85, [ Capabilities: INTERNET&NOT_RESTRICTED&TRUSTED Uid: 10119] ]
07-13 18:34:43.117 D/ConnectivityService( 4128): rematching NetworkAgentInfo [WIFI () - 100]
07-13 18:34:43.117 D/ConnectivityService( 4128):  network has: [ Transports: WIFI Capabilities: NOT_METERED&INTERNET&NOT_RESTRICTED&TRUSTED&NOT_VPN&VALIDATED&NOT_ROAMING&FOREGROUND&NOT_CONGESTED&NOT_SUSPENDED LinkUpBandwidth>=1048576Kbps LinkDnBandwidth>=1048576Kbps Specifier: <WifiNetworkAgentSpecifier [WifiConfiguration=, SSID="T-Mobile Hotspot_5693_2.4GHz", BSSID=68:79:12:a4:cc:c9, mOriginalRequestorUid=-1, mOriginalRequestorPackageName=]> SignalStrength: -25 SSID: "T-Mobile Hotspot_5693_2.4GHz"]
07-13 18:34:43.117 D/ConnectivityService( 4128): Network NetworkAgentInfo [WIFI () - 100] was already satisfying request 51. No change.
07-13 18:34:43.117 D/ConnectivityService( 4128): Network NetworkAgentInfo [WIFI () - 100] was already satisfying request 7. No change.
07-13 18:34:43.117 D/ConnectivityService( 4128):   checking if request is satisfied: NetworkRequest [ BACKGROUND_REQUEST id=2, [ Transports: CELLULAR Capabilities: INTERNET&NOT_RESTRICTED&TRUSTED&NOT_VPN] ]
07-13 18:34:43.117 D/ConnectivityService( 4128): Network NetworkAgentInfo [WIFI () - 100] was already satisfying request 18. No change.
07-13 18:34:43.117 D/ConnectivityService( 4128): Network NetworkAgentInfo [WIFI () - 100] was already satisfying request 84. No change.
07-13 18:34:43.117 D/ConnectivityService( 4128): Network NetworkAgentInfo [WIFI () - 100] was already satisfying request 37. No change.
07-13 18:34:43.117 D/ConnectivityService( 4128): Network NetworkAgentInfo [WIFI () - 100] was already satisfying request 73. No change.
07-13 18:34:43.117 D/ConnectivityService( 4128): Network NetworkAgentInfo [WIFI () - 100] was already satisfying request 23. No change.
07-13 18:34:43.117 D/ConnectivityService( 4128): Network NetworkAgentInfo [WIFI () - 100] was already satisfying request 13. No change.
07-13 18:34:43.117 D/ConnectivityService( 4128): Network NetworkAgentInfo [WIFI () - 100] was already satisfying request 21. No change.
07-13 18:34:43.117 D/ConnectivityService( 4128): Network NetworkAgentInfo [WIFI () - 100] was already satisfying request 25. No change.
07-13 18:34:43.117 D/ConnectivityService( 4128): Network NetworkAgentInfo [WIFI () - 100] was already satisfying request 63. No change.
07-13 18:34:43.117 D/ConnectivityService( 4128): Network NetworkAgentInfo [WIFI () - 100] was already satisfying request 46. No change.
07-13 18:34:43.117 D/ConnectivityService( 4128): Network NetworkAgentInfo [WIFI () - 100] was already satisfying request 76. No change.
07-13 18:34:43.117 D/ConnectivityService( 4128): Network NetworkAgentInfo [WIFI () - 100] was already satisfying request 11. No change.
07-13 18:34:43.117 D/ConnectivityService( 4128): Network NetworkAgentInfo [WIFI () - 100] was already satisfying request 36. No change.
07-13 18:34:43.117 D/ConnectivityService( 4128): Network NetworkAgentInfo [WIFI () - 100] was already satisfying request 28. No change.
07-13 18:34:43.117 D/ConnectivityService( 4128): Network NetworkAgentInfo [WIFI () - 100] was already satisfying request 53. No change.
07-13 18:34:43.117 D/ConnectivityService( 4128): Network NetworkAgentInfo [WIFI () - 100] was already satisfying request 69. No change.
07-13 18:34:43.117 D/ConnectivityService( 4128): Network NetworkAgentInfo [WIFI () - 100] was already satisfying request 74. No change.
07-13 18:34:43.117 D/ConnectivityService( 4128): Network NetworkAgentInfo [WIFI () - 100] was already satisfying request 75. No change.
07-13 18:34:43.117 D/ConnectivityService( 4128): Network NetworkAgentInfo [WIFI () - 100] was already satisfying request 78. No change.
07-13 18:34:43.117 D/ConnectivityService( 4128):   checking if request is satisfied: NetworkRequest [ TRACK_DEFAULT id=85, [ Capabilities: INTERNET&NOT_RESTRICTED&TRUSTED Uid: 10119] ]
07-13 18:34:43.117 D/ConnectivityService( 4128): currentScore = 0, newScore = 60
07-13 18:34:43.117 D/ConnectivityService( 4128): rematch for NetworkAgentInfo [WIFI () - 100]
07-13 18:34:43.117 D/ConnectivityService( 4128):    accepting network in place of null
07-13 18:34:43.117 D/ConnectivityService( 4128): sending new Min Network Score(60): NetworkRequest [ TRACK_DEFAULT id=85, [ Capabilities: INTERNET&NOT_RESTRICTED&TRUSTED Uid: 10119] ]
07-13 18:34:43.118 D/ConnectivityService( 4128): Network NetworkAgentInfo [WIFI () - 100] was already satisfying request 49. No change.
07-13 18:34:43.118 D/ConnectivityService( 4128): Network NetworkAgentInfo [WIFI () - 100] was already satisfying request 1. No change.
07-13 18:34:43.118 D/ConnectivityService( 4128): Network NetworkAgentInfo [WIFI () - 100] was already satisfying request 82. No change.
07-13 18:34:43.118 D/ConnectivityService( 4128): Network NetworkAgentInfo [WIFI () - 100] was already satisfying request 79. No change.
07-13 18:34:43.118 D/PhoneSwitcherNetworkRequstListener( 4622): got request NetworkRequest [ TRACK_DEFAULT id=85, [ Capabilities: INTERNET&NOT_RESTRICTED&TRUSTED Uid: 10119] ] with score 60 and serial -1
07-13 18:34:43.118 D/ConnectivityService( 4128): sending notification CALLBACK_AVAILABLE for NetworkRequest [ TRACK_DEFAULT id=85, [ Capabilities: INTERNET&NOT_RESTRICTED&TRUSTED Uid: 10119] ]
07-13 18:34:43.119 D/ConnectivityService( 4128): listenForNetwork for uid/pid:10119/11398 NetworkRequest [ LISTEN id=86, [ Capabilities: INTERNET&NOT_RESTRICTED&TRUSTED&FOREGROUND Uid: 10119] ]
07-13 18:34:43.119 D/ConnectivityService( 4128): rematching NetworkAgentInfo [WIFI () - 100]
07-13 18:34:43.119 D/ConnectivityService( 4128):  network has: [ Transports: WIFI Capabilities: NOT_METERED&INTERNET&NOT_RESTRICTED&TRUSTED&NOT_VPN&VALIDATED&NOT_ROAMING&FOREGROUND&NOT_CONGESTED&NOT_SUSPENDED LinkUpBandwidth>=1048576Kbps LinkDnBandwidth>=1048576Kbps Specifier: <WifiNetworkAgentSpecifier [WifiConfiguration=, SSID="T-Mobile Hotspot_5693_2.4GHz", BSSID=68:79:12:a4:cc:c9, mOriginalRequestorUid=-1, mOriginalRequestorPackageName=]> SignalStrength: -25 SSID: "T-Mobile Hotspot_5693_2.4GHz"]
07-13 18:34:43.119 D/ConnectivityService( 4128): Network NetworkAgentInfo [WIFI () - 100] was already satisfying request 51. No change.
07-13 18:34:43.120 D/ConnectivityService( 4128): Network NetworkAgentInfo [WIFI () - 100] was already satisfying request 7. No change.
07-13 18:34:43.120 D/ConnectivityService( 4128):   checking if request is satisfied: NetworkRequest [ BACKGROUND_REQUEST id=2, [ Transports: CELLULAR Capabilities: INTERNET&NOT_RESTRICTED&TRUSTED&NOT_VPN] ]
07-13 18:34:43.120 D/ConnectivityService( 4128): Network NetworkAgentInfo [WIFI () - 100] was already satisfying request 18. No change.
07-13 18:34:43.120 D/ConnectivityService( 4128): Network NetworkAgentInfo [WIFI () - 100] was already satisfying request 84. No change.
07-13 18:34:43.120 D/ConnectivityService( 4128): Network NetworkAgentInfo [WIFI () - 100] was already satisfying request 37. No change.
07-13 18:34:43.120 D/ConnectivityService( 4128): Network NetworkAgentInfo [WIFI () - 100] was already satisfying request 73. No change.
07-13 18:34:43.120 D/ConnectivityService( 4128): Network NetworkAgentInfo [WIFI () - 100] was already satisfying request 23. No change.
07-13 18:34:43.120 D/ConnectivityService( 4128): Network NetworkAgentInfo [WIFI () - 100] was already satisfying request 13. No change.
07-13 18:34:43.120 D/ConnectivityService( 4128): Network NetworkAgentInfo [WIFI () - 100] was already satisfying request 21. No change.
07-13 18:34:43.120 D/ConnectivityService( 4128): Network NetworkAgentInfo [WIFI () - 100] was already satisfying request 25. No change.
07-13 18:34:43.120 D/ConnectivityService( 4128): Network NetworkAgentInfo [WIFI () - 100] was already satisfying request 63. No change.
07-13 18:34:43.120 D/ConnectivityService( 4128): Network NetworkAgentInfo [WIFI () - 100] was already satisfying request 46. No change.
07-13 18:34:43.120 D/ConnectivityService( 4128): Network NetworkAgentInfo [WIFI () - 100] was already satisfying request 76. No change.
07-13 18:34:43.120 D/ConnectivityService( 4128): Network NetworkAgentInfo [WIFI () - 100] was already satisfying request 11. No change.
07-13 18:34:43.120 D/ConnectivityService( 4128): Network NetworkAgentInfo [WIFI () - 100] was already satisfying request 36. No change.
07-13 18:34:43.120 D/ConnectivityService( 4128): Network NetworkAgentInfo [WIFI () - 100] was already satisfying request 28. No change.
07-13 18:34:43.120 D/ConnectivityService( 4128): Network NetworkAgentInfo [WIFI () - 100] was already satisfying request 53. No change.
07-13 18:34:43.120 D/ConnectivityService( 4128): Network NetworkAgentInfo [WIFI () - 100] was already satisfying request 69. No change.
07-13 18:34:43.120 D/ConnectivityService( 4128): Network NetworkAgentInfo [WIFI () - 100] was already satisfying request 74. No change.
07-13 18:34:43.120 D/ConnectivityService( 4128): Network NetworkAgentInfo [WIFI () - 100] was already satisfying request 75. No change.
07-13 18:34:43.120 D/ConnectivityService( 4128): Network NetworkAgentInfo [WIFI () - 100] was already satisfying request 78. No change.
07-13 18:34:43.120 D/ConnectivityService( 4128): Network NetworkAgentInfo [WIFI () - 100] was already satisfying request 85. No change.
07-13 18:34:43.120 D/ConnectivityService( 4128): Network NetworkAgentInfo [WIFI () - 100] was already satisfying request 49. No change.
07-13 18:34:43.120 D/ConnectivityService( 4128): Network NetworkAgentInfo [WIFI () - 100] was already satisfying request 1. No change.
07-13 18:34:43.120 D/ConnectivityService( 4128): Network NetworkAgentInfo [WIFI () - 100] was already satisfying request 82. No change.
07-13 18:34:43.120 D/ConnectivityService( 4128): Network NetworkAgentInfo [WIFI () - 100] was already satisfying request 79. No change.
07-13 18:34:43.120 D/ConnectivityService( 4128): sending notification CALLBACK_AVAILABLE for NetworkRequest [ LISTEN id=86, [ Capabilities: INTERNET&NOT_RESTRICTED&TRUSTED&FOREGROUND Uid: 10119] ]
07-13 18:34:43.137 D/vulkan  (11532): searching for layers in '/data/app/com.android.chrome-5WINx9hrT-JUMNsK_6KBAQ==/lib/arm64'
07-13 18:34:43.138 D/vulkan  (11532): searching for layers in '/data/app/com.android.chrome-5WINx9hrT-JUMNsK_6KBAQ==/base.apk!/lib/arm64-v8a'
07-13 18:34:43.138 D/vulkan  (11532): searching for layers in '/data/app/com.google.android.trichromelibrary_720406333--aNH55Ssgaczp3zsOi9KGQ==/base.apk!/lib/arm64-v8a'
07-13 18:34:43.169 I/cr_SplitCompatApp(11581): version=138.0.7204.63 (720406333) minSdkVersion=29 isBundle=true processName=com.android.chrome:sandboxed_process0:org.chromium.content.app.SandboxedProcessService0:0 isIsolatedProcess=true
07-13 18:34:43.187 D/PowerController.BgClean( 4128): judgeAppLaunchAllowed : com.google.android.gms(uid:10106), callingPackage = com.google.android.gms(uid:10106), reason = send-broadcast
07-13 18:34:43.187 D/PowerController.BgClean( 4128): judgeAppLaunchAllowed : intent action:Intent { act=com.google.android.gms.udc.action.SETTING_CHANGED flg=0x10 pkg=com.google.android.gms (has extras) }
07-13 18:34:43.190 W/CCTFlatFileLogStore( 5272): Excessive logging: 32 events, 129338 bytes from log source GMM_COUNTERS last 11s
07-13 18:34:43.193 D/PowerController.BgClean( 4128): judgeAppLaunchAllowed : com.google.android.gms(uid:10106), callingPackage = com.google.android.gms(uid:10106), reason = start-service
07-13 18:34:43.193 D/PowerController.BgClean( 4128): judgeAppLaunchAllowed : intent action:Intent { act=com.google.android.gms.udc.action.SETTING_CHANGED flg=0x10 pkg=com.google.android.gms cmp=com.google.android.gms/.chimera.GmsIntentOperationService (has extras) }
07-13 18:34:43.195 D/PowerController.BgClean( 4128): judgeAppLaunchAllowed : com.google.android.googlequicksearchbox(uid:10108), callingPackage = com.google.android.gms(uid:10106), reason = send-broadcast
07-13 18:34:43.195 D/PowerController.BgClean( 4128): judgeAppLaunchAllowed : intent action:Intent { act=com.google.android.gms.udc.action.SETTING_CHANGED flg=0x10 pkg=com.google.android.googlequicksearchbox (has extras) }
07-13 18:34:43.195 D/PowerController.BgClean( 4128): Start Proc : com.google.android.googlequicksearchbox, callingPackage = com.google.android.gms, reason = send-broadcast: already started!! (ProcState:PROCESS_STATE_FOREGROUND_SERVICE_LOCATION mState:NOTIFICATION_INTERRUPTION)
07-13 18:34:43.203 I/DCU_IntentOperation( 5431): handleUdcSettingChanged: Udc flag is enabled [CONTEXT service_id=135 ]
07-13 18:34:43.203 W/SystemServiceRegistry(11581): No service published for: uimode
07-13 18:34:43.206 D/PowerController.BgClean( 4128): judgeAppLaunchAllowed : com.instagram.android(uid:10140), callingPackage = com.instagram.android(uid:10140), reason = send-broadcast
07-13 18:34:43.206 D/PowerController.BgClean( 4128): judgeAppLaunchAllowed : intent action:Intent { flg=0x10 cmp=com.instagram.android/com.instagram.util.startup.appwarmer.KeepWarmReceiver (has extras) }
07-13 18:34:43.209 I/LoadedApk(11581): No resource references to update in package com.google.android.trichromelibrary
07-13 18:34:43.210 I/cr_ChildProcessService(11581): Creating new ChildProcessService pid=11581
07-13 18:34:43.222 D/NetworkSecurityConfig(11398): Using Network Security Config from resource 0_resource_name_obfuscated debugBuild: false
07-13 18:34:43.237 I/CameraManagerGlobal(11398): Connecting to camera service
07-13 18:34:43.250 D/PowerController.BgClean( 4128): judgeAppLaunchAllowed : com.google.android.gms(uid:10106), callingPackage = com.android.chrome(uid:10119), reason = bind-service
07-13 18:34:43.250 D/PowerController.BgClean( 4128): judgeAppLaunchAllowed : intent action:Intent { act=com.google.android.gms.phenotype.service.START pkg=com.google.android.gms }
07-13 18:34:43.294 I/cr_EnterpriseInfoImpl(11398): #setCacheResult() deviceOwned:false profileOwned:false
07-13 18:34:43.294 I/cr_EnterpriseInfo(11398): #getManagedStateForNative() tw1@7c762b2
07-13 18:34:43.296 I/cr_PolicyProvider(11398): #notifySettingsAvailable() 0
07-13 18:34:43.296 I/cr_CombinedPProvider(11398): #onSettingsAvailable() 0
07-13 18:34:43.296 I/cr_CombinedPProvider(11398): #flushPolicies()
07-13 18:34:43.296 I/cr_PolicyService(11398): #onPolicyServiceInitialized()
07-13 18:34:43.297 I/cr_PolicyProvider(11398): #notifySettingsAvailable() 0
07-13 18:34:43.297 I/cr_CombinedPProvider(11398): #onSettingsAvailable() 0
07-13 18:34:43.297 I/cr_CombinedPProvider(11398): #flushPolicies()
07-13 18:34:43.333 E/AudioManager(11398): enter AudioManager(), allow_adjust_volume=false
07-13 18:34:43.364 W/linker  (11581): Warning: "/data/app/com.android.chrome-5WINx9hrT-JUMNsK_6KBAQ==/base.apk!/lib/arm64-v8a/libchromium_android_linker.so" unused DT entry: unknown processor-specific (type 0x70000001 arg 0x0) (ignoring)
07-13 18:34:43.365 E/cr_ChromiumAndroidLinker(11581): ReserveAddressWithHint: Address range starting at 0x7e0f2a1000 was not free to use
07-13 18:34:43.371 I/cr_LibraryLoader(11581): Successfully loaded native library
07-13 18:34:43.372 I/cr_CachingUmaRecorder(11581): Flushed 2 samples from 2 histograms, 0 samples were dropped.
07-13 18:34:43.413 D/Netd    ( 3471): app_netid:0x64 app_mark:0x64 dns_netid:0x64 dns_mark:0xf0064 uid:10119
07-13 18:34:43.417 D/PowerController.BgClean( 4128): judgeAppLaunchAllowed : com.android.chrome(uid:10119), callingPackage = com.android.chrome(uid:10119), reason = bind-service
07-13 18:34:43.417 D/PowerController.BgClean( 4128): judgeAppLaunchAllowed : intent action:Intent { cmp=com.android.chrome/org.chromium.content.app.SandboxedProcessService0 (has extras) }
07-13 18:34:43.417 D/PowerController.BgClean( 4128): Start Proc : com.android.chrome, callingPackage = com.android.chrome, reason = bind-service: already started!! (ProcState:PROCESS_STATE_SERVICE mState:NONE)
07-13 18:34:43.420 D/PowerController.BgClean( 4128): judgeAppLaunchAllowed : com.google.android.gms(uid:10106), callingPackage = com.android.chrome(uid:10119), reason = bind-service
07-13 18:34:43.420 D/PowerController.BgClean( 4128): judgeAppLaunchAllowed : intent action:Intent { act=com.google.android.gms.languageprofile.service.START pkg=com.google.android.gms }
07-13 18:34:43.413 D/Netd    ( 3471): app_netid:0x64 app_mark:0x64 dns_netid:0x64 dns_mark:0xf0064 uid:10119
07-13 18:34:43.422 D/BoundBrokerSvc( 5431): onBind: Intent { act=com.google.android.gms.languageprofile.service.START pkg=com.google.android.gms }
07-13 18:34:43.422 D/BoundBrokerSvc( 5431): Loading bound service for intent: Intent { act=com.google.android.gms.languageprofile.service.START pkg=com.google.android.gms }
07-13 18:34:43.424 D/PowerController.BgClean( 4128): judgeAppLaunchAllowed : com.google.android.gms(uid:10106), callingPackage = com.google.android.gms(uid:10106), reason = start-service
07-13 18:34:43.424 D/PowerController.BgClean( 4128): judgeAppLaunchAllowed : intent action:Intent { act=com.google.android.gms.auth.GOOGLE_ACCOUNT_CHANGE cat=[targeted_intent_op_prefix:.languageprofile.service.AccountsChangedIntentOperation] cmp=com.google.android.gms/.chimera.GmsIntentOperationService (has extras) }
07-13 18:34:43.426 I/FontLog ( 5272): (REDACTED) Received query %s, URI %s
07-13 18:34:43.426 I/FontLog ( 5272): (REDACTED) Query [%s] resolved to %s
07-13 18:34:43.430 I/FontLog ( 5272): (REDACTED) Font PFD returned from cache for %s
07-13 18:34:43.430 I/FontLog ( 5272): (REDACTED) Fetch %s end status %s
07-13 18:34:43.436 I/FontLog ( 5272): (REDACTED) Pulling font file for id = %d, cache size = %d
07-13 18:34:43.447 I/FontLog ( 5272): (REDACTED) Received query %s, URI %s
07-13 18:34:43.448 I/FontLog ( 5272): (REDACTED) Query [%s] resolved to %s
07-13 18:34:43.450 I/FontLog ( 5272): (REDACTED) Fetch %s end status %s
07-13 18:34:43.457 I/FontLog ( 5272): (REDACTED) Pulling font file for id = %d, cache size = %d
07-13 18:34:43.460 W/AudioCapabilities(11532): Unsupported mime audio/mpeg-L1
07-13 18:34:43.461 W/AudioCapabilities(11532): Unsupported mime audio/mpeg-L2
07-13 18:34:43.463 I/FontLog ( 5272): (REDACTED) Received query %s, URI %s
07-13 18:34:43.464 I/FontLog ( 5272): (REDACTED) Query [%s] resolved to %s
07-13 18:34:43.466 I/FontLog ( 5272): (REDACTED) Font PFD returned from cache for %s
07-13 18:34:43.466 I/FontLog ( 5272): (REDACTED) Fetch %s end status %s
07-13 18:34:43.470 I/FontLog ( 5272): (REDACTED) Pulling font file for id = %d, cache size = %d
07-13 18:34:43.473 W/VideoCapabilities(11532): Unrecognized profile/level 32768/2 for video/mp4v-es
07-13 18:34:43.473 W/VideoCapabilities(11532): Unrecognized profile/level 32768/64 for video/mp4v-es
07-13 18:34:43.474 I/FontLog ( 5272): (REDACTED) Received query %s, URI %s
07-13 18:34:43.474 I/FontLog ( 5272): (REDACTED) Query [%s] resolved to %s
07-13 18:34:43.476 I/cr_CompositorSurfaceMgr(11398): Transitioning to surface with format: -1
07-13 18:34:43.477 D/PowerController.BgClean( 4128): judgeAppLaunchAllowed : com.google.android.gms(uid:10106), callingPackage = com.google.android.gms(uid:10106), reason = bind-service
07-13 18:34:43.477 D/PowerController.BgClean( 4128): judgeAppLaunchAllowed : intent action:Intent { act=com.google.android.gms.gcm.ACTION_TASK_READY cmp=com.google.android.gms/.tapandpay.gcmtask.TapAndPayGcmTaskService }
07-13 18:34:43.479 V/AlarmManager( 4128): set(PendingIntent{7f3edc4: PendingIntentRecord{75a11f0 com.google.android.gms broadcastIntent}}) : type=3 listener=null listenerTag=null triggerAtTime=73248 win=0 tElapsed=73248 maxElapsed=73248 interval=0 flags=0x0
07-13 18:34:43.482 I/FontLog ( 5272): (REDACTED) Font PFD returned from cache for %s
07-13 18:34:43.482 I/FontLog ( 5272): (REDACTED) Fetch %s end status %s
07-13 18:34:43.483 D/PowerController.BgClean( 4128): judgeAppLaunchAllowed : com.google.android.gms(uid:10106), callingPackage = com.google.android.gms(uid:10106), reason = bind-service
07-13 18:34:43.483 D/PowerController.BgClean( 4128): judgeAppLaunchAllowed : intent action:Intent { act=com.google.android.gms.gcm.ACTION_TASK_READY cmp=com.google.android.gms/.languageprofile.GcmTaskService }
07-13 18:34:43.489 I/NetworkScheduler.Stats( 5272): (REDACTED) Task %s/%s started execution. cause:%s exec_start_elapsed_seconds: %s
07-13 18:34:43.490 I/FontLog ( 5272): (REDACTED) Pulling font file for id = %d, cache size = %d
07-13 18:34:43.492 I/NetworkScheduler.Stats( 5272): (REDACTED) Task %s/%s finished executing. cause:%s result: %s elapsed_millis: %s uptime_millis: %s exec_start_elapsed_seconds: %s
07-13 18:34:43.498 I/FontLog ( 5272): (REDACTED) Received query %s, URI %s
07-13 18:34:43.498 I/FontLog ( 5272): (REDACTED) Query [%s] resolved to %s
07-13 18:34:43.500 I/FontLog ( 5272): (REDACTED) Font PFD returned from cache for %s
07-13 18:34:43.500 I/FontLog ( 5272): (REDACTED) Fetch %s end status %s
07-13 18:34:43.501 I/NetworkScheduler.Stats( 5272): (REDACTED) Task %s/%s started execution. cause:%s exec_start_elapsed_seconds: %s
07-13 18:34:43.503 I/FontLog ( 5272): (REDACTED) Pulling font file for id = %d, cache size = %d
07-13 18:34:43.533 I/NetworkScheduler.Stats( 5272): (REDACTED) Task %s/%s finished executing. cause:%s result: %s elapsed_millis: %s uptime_millis: %s exec_start_elapsed_seconds: %s
07-13 18:34:43.551 I/QFApi   ( 7287): getCustomPlatform - customPlatform: 7862
07-13 18:34:43.563 D/PowerController.BgClean( 4128): judgeAppLaunchAllowed : com.google.android.gms(uid:10106), callingPackage = com.android.chrome(uid:10119), reason = bind-service
07-13 18:34:43.564 D/PowerController.BgClean( 4128): judgeAppLaunchAllowed : intent action:Intent { act=com.google.android.gms.fido.fido2.firstparty.START pkg=com.google.android.gms }
07-13 18:34:43.566 D/BoundBrokerSvc( 5431): onRebind: Intent { act=com.google.android.gms.fido.fido2.firstparty.START pkg=com.google.android.gms }
07-13 18:34:43.657 D/btopt   ( 3774): zlink wake_up_apk_server: cmd = 'export PATH=$PATH:/system/bin/;am broadcast -a "zjinnova.android.intent.action.START_DAEMON_SERVICE" --include-stopped-packages "com.zjinnova.zlink"&'
07-13 18:34:43.664 I/PlayCore(11398): UID: [10119]  PID: [11398] AppUpdateService : ServiceConnectionImpl.onServiceConnected(ComponentInfo{com.android.vending/com.google.android.finsky.installservice.DevTriggeredUpdateService})
07-13 18:34:43.665 I/PlayCore(11398): UID: [10119]  PID: [11398] AppUpdateService : linkToDeath
07-13 18:34:43.671 I/ApplicationPackageManager( 7872): queryIntentActivitiesAsUser - fanControlEnable： true
07-13 18:34:43.679 I/ActivityManager( 4128): Killing 10763:com.sprd.dm.mbselfreg/1000 (adj 995): empty #17
07-13 18:34:43.679 I/WebManager( 8887): onEven:even_get_city_name_result
07-13 18:34:43.679 I/TxzGeocoder( 8887): even:even_get_city_name_result data：err_get_city_time_out
07-13 18:34:43.679 D/QueryTaskManager( 8887): addRequest: get city by location errCode:-1, msg:null
07-13 18:34:43.679 D/LocationInfo( 8887): getInfoFormat2De:source location:40.652435716666666,-73.75702766666667;  location: 40.65,-73.75
07-13 18:34:43.680 D/QueryTaskManager( 8887): addRequest: task.city: , task.location: 40.65,-73.75, conditionList.size: 1
07-13 18:34:43.680 D/QueryTaskManager( 8887): QueryDetail: query: city:, location:40.65,-73.75, lang:en, unit:F
07-13 18:34:43.681 I/WebTaskManager( 8972): exitDelay
07-13 18:34:43.682 I/PlayCore(11398): UID: [10119]  PID: [11398] AppUpdateService : Unbind from service.
07-13 18:34:43.682 I/PlayCore(11398): UID: [10119]  PID: [11398] OnRequestInstallCallback : onRequestInfo
07-13 18:34:43.684 D/ConnectivityService( 4128): releasing NetworkRequest [ LISTEN id=50, [ Capabilities: INTERNET&NOT_RESTRICTED&TRUSTED&FOREGROUND Uid: 10065] ] (release request)
07-13 18:34:43.685 D/ConnectivityService( 4128): releasing NetworkRequest [ TRACK_DEFAULT id=49, [ Capabilities: INTERNET&NOT_RESTRICTED&TRUSTED Uid: 10065] ] (release request)
07-13 18:34:43.685 D/ConnectivityService( 4128):  Removing from current network NetworkAgentInfo [WIFI () - 100], leaving 53 requests.
07-13 18:34:43.690 E/chromium( 8972): [ERROR:android_webview/browser/aw_browser_terminator.cc:165] Renderer process (9082) crash detected (code -1).
07-13 18:34:43.692 I/ActivityManager( 4128): Killing 9082:com.google.android.webview:sandboxed_process0:org.chromium.content.app.SandboxedProcessService0:0/u0a65i1 (adj 995): empty #17
07-13 18:34:43.700 D/PowerController.BgClean( 4128): judgeAppLaunchAllowed : com.google.android.gms(uid:10106), callingPackage = com.txznet.weather(uid:10065), reason = bind-service
07-13 18:34:43.700 D/PowerController.BgClean( 4128): judgeAppLaunchAllowed : intent action:Intent { act=com.google.android.gms.usagereporting.service.START pkg=com.google.android.gms }
07-13 18:34:43.701 V/ActivityManagerShellCommand( 4128): Received onCommand broadcast callUid=0 callpid=11647
07-13 18:34:43.703 D/PowerController.BgClean( 4128): judgeAppLaunchAllowed : com.google.android.gms(uid:10106), callingPackage = com.android.chrome(uid:10119), reason = bind-service
07-13 18:34:43.703 D/PowerController.BgClean( 4128): judgeAppLaunchAllowed : intent action:Intent { cmp=com.google.android.gms/.auth.GetToken }
07-13 18:34:43.712 W/FileBasedMultiProcessTracker( 9967): <default>: Observed removed PID: 10471
