07-13 18:34:39.519 I/BatchCreatorManager(10965): addMetricEvent, runningBatch size:4
07-13 18:34:39.519 D/PowerController.BgClean( 4128): judgeAppLaunchAllowed : com.google.android.gms(uid:10106), callingPackage = com.amazon.imdb.tv.mobile.app(uid:10142), reason = bind-service
07-13 18:34:39.519 D/MinervaServiceAndroidAdapter(10965): handleMessageForService.
07-13 18:34:39.519 D/PowerController.BgClean( 4128): judgeAppLaunchAllowed : intent action:Intent { act=com.google.android.gms.ads.identifier.service.START pkg=com.google.android.gms }
07-13 18:34:39.519 D/MinervaServiceManager(10965): com.amazon.minerva.client.thirdparty.metric.IonMetricEvent@a43a498
07-13 18:34:39.519 D/MinervaServiceManager(10965): Predefined key: _softwareVersion Predefined value: 55446
07-13 18:34:39.519 D/MinervaServiceManager(10965): Predefined key: _buildType Predefined value: user
07-13 18:34:39.519 D/MinervaServiceManager(10965): Predefined key: _platform Predefined value: K706
07-13 18:34:39.519 D/MinervaServiceManager(10965): Predefined key: _model Predefined value: K706
07-13 18:34:39.519 D/MinervaServiceManager(10965): Predefined key: _hardware Predefined value: ums512_1h10
07-13 18:34:39.519 D/MinervaServiceManager(10965): Predefined key: _countryOfResidence Predefined value: US
07-13 18:34:39.520 D/MinervaServiceManager(10965): Predefined key: _deviceLanguage Predefined value: en
07-13 18:34:39.520 D/MinervaServiceManager(10965): Predefined key: _timeZone Predefined value: America/New_York
07-13 18:34:39.520 D/BatchCreatorManager(10965): addMetricEvent
07-13 18:34:39.520 D/BatchCreatorManager(10965): storagePriority: 3
07-13 18:34:39.520 D/BatchCreatorManager(10965): batchCreatorKey: 3_us-east-1
07-13 18:34:39.520 D/BatchCreatorManager(10965): mapStoragePriorityToBatchCreator size: 1
07-13 18:34:39.520 D/BatchCreatorManager(10965): batchCreatorKey = 3_us-east-1, batchCreator = com.amazon.minerva.client.thirdparty.storage.BatchCreator@f77d63
07-13 18:34:39.520 I/BatchCreatorManager(10965): addMetricEvent, runningBatch size:5
07-13 18:34:39.520 D/MinervaServiceAndroidAdapter(10965): handleMessageForService.
07-13 18:34:39.520 D/MinervaServiceManager(10965): com.amazon.minerva.client.thirdparty.metric.IonMetricEvent@1ab8f2d
07-13 18:34:39.520 D/MinervaServiceManager(10965): Predefined key: _softwareVersion Predefined value: 55446
07-13 18:34:39.520 D/MinervaServiceManager(10965): Predefined key: _buildType Predefined value: user
07-13 18:34:39.520 D/MinervaServiceManager(10965): Predefined key: _platform Predefined value: K706
07-13 18:34:39.520 D/MinervaServiceManager(10965): Predefined key: _model Predefined value: K706
07-13 18:34:39.520 D/MinervaServiceManager(10965): Predefined key: _hardware Predefined value: ums512_1h10
07-13 18:34:39.520 D/MinervaServiceManager(10965): Predefined key: _countryOfResidence Predefined value: US
07-13 18:34:39.520 D/MinervaServiceManager(10965): Predefined key: _deviceLanguage Predefined value: en
07-13 18:34:39.520 D/MinervaServiceManager(10965): Predefined key: _timeZone Predefined value: America/New_York
07-13 18:34:39.520 D/BatchCreatorManager(10965): addMetricEvent
07-13 18:34:39.520 D/BatchCreatorManager(10965): storagePriority: 3
07-13 18:34:39.520 D/BatchCreatorManager(10965): batchCreatorKey: 3_us-east-1
07-13 18:34:39.520 D/BatchCreatorManager(10965): mapStoragePriorityToBatchCreator size: 1
07-13 18:34:39.520 D/BatchCreatorManager(10965): batchCreatorKey = 3_us-east-1, batchCreator = com.amazon.minerva.client.thirdparty.storage.BatchCreator@f77d63
07-13 18:34:39.520 I/BatchCreatorManager(10965): addMetricEvent, runningBatch size:6
07-13 18:34:39.529 D/Zygote  ( 3472): Forked child process 11091
07-13 18:34:39.532 I/ActivityManager( 4128): Start proc 11091:com.google.android.apps.maps/u0a128 for broadcast {com.google.android.apps.maps/androidx.work.impl.background.systemalarm.RescheduleReceiver}
07-13 18:34:39.533 I/chatty  ( 4128): uid=1000(system) SRecogCollector expire 6 lines
07-13 18:34:39.533 I/Zygote  (11091): seccomp disabled by setenforce 0
07-13 18:34:39.535 I/AmazonVideo(10965): Entered initialize for PlaybackDownloads
07-13 18:34:39.535 I/AmazonVideo(10965): Waiting for StorageHelper to initialize, current state NotInitialized
07-13 18:34:39.537 E/droid.apps.map(11091): Unknown bits set in runtime_flags: 0x8000
07-13 18:34:39.541 I/QFApi   ( 7287): getCustomPlatform - customPlatform: 7862
07-13 18:34:39.541 E/SPRDHWComposer( 3497): SPRD_SR SprdHWComposer2::GET_ACTIVE_CONFIG[466] *outConfig:0
07-13 18:34:39.542 I/AmazonVideo(10965): Completed initialize for PlaybackDownloads
07-13 18:34:39.543 I/AmazonVideo(10965): Entered initialize for MediaSystem:Dependencies
07-13 18:34:39.543 I/AmazonVideo(10965): Entered initialize for MediaSystemSharedDependencies
07-13 18:34:39.543 I/AmazonVideo(10965): Completed initialize for MediaSystemSharedDependencies
07-13 18:34:39.543 I/AmazonVideo(10965): Completed initialize for MediaSystem:Dependencies
07-13 18:34:39.546 I/AmazonVideo(10965): Entered initialize for PlaybackQASettings
07-13 18:34:39.546 I/AmazonVideo(10965): Completed initialize for PlaybackQASettings
07-13 18:34:39.547 I/AmazonVideo(10965): Entered initialize for AppVisibilityTracker
07-13 18:34:39.552 I/AmazonVideo(10965): Completed initialize for AppVisibilityTracker
07-13 18:34:39.552 I/AmazonVideo(10965): Entered initialize for StorageHelper
07-13 18:34:39.556 I/AmazonVideo(10965): StorageHelper: An SD card slot has not been detected yet
07-13 18:34:39.558 I/AmazonVideo(10965): Completed initialize for StorageHelper
07-13 18:34:39.558 I/AmazonVideo(10965): Entered initialize for StorageHelper:ExternalStorage
07-13 18:34:39.558 I/AmazonVideo(10965): Completed initialize for StorageHelper:ExternalStorage
07-13 18:34:39.559 I/AmazonVideo(10965): Entered initialize for AloysiusReportingExtensions:Dependencies
07-13 18:34:39.559 I/AmazonVideo(10965): Completed initialize for AloysiusReportingExtensions:Dependencies
07-13 18:34:39.560 I/AmazonVideo(10965): Entered initialize for EventManager:Dependencies
07-13 18:34:39.560 I/AmazonVideo(10965): Completed initialize for EventManager:Dependencies
07-13 18:34:39.560 I/AmazonVideo(10965): Entered initialize for PostManifestService
07-13 18:34:39.560 I/AmazonVideo(10965): Completed initialize for PostManifestService
07-13 18:34:39.561 I/AmazonVideo(10965): Entered initialize for ServiceSessionManager
07-13 18:34:39.561 I/AmazonVideo(10965): Completed initialize for ServiceSessionManager
07-13 18:34:39.561 I/AmazonVideo(10965): Entered initialize for NetworkConnectionManager
07-13 18:34:39.582 I/AmazonVideo(10965): Completed initialize for NetworkConnectionManager
07-13 18:34:39.585 I/AmazonVideo(10965): No-op initialization of weblab client proxy provider
07-13 18:34:39.585 I/AmazonVideo(10965): Entered initialize for WeblabClientProxyProvider
07-13 18:34:39.585 I/AmazonVideo(10965): Completed initialize for WeblabClientProxyProvider
07-13 18:34:39.588 I/AmazonVideo(10965): Entered initialize for AndroidDeviceIdentity
07-13 18:34:39.588 I/AmazonVideo(10965): Received CONNECTIVITY_ACTION intent. Refreshing network info.
07-13 18:34:39.588 I/AmazonVideo(10965): SessionId initialized
07-13 18:34:39.588 I/AmazonVideo(10965): Entered initialize for AloysiusReportingExtensions
07-13 18:34:39.589 I/AmazonVideo(10965): Client PackageName: com.amazon.imdb.tv.mobile.app
07-13 18:34:39.589 W/AmazonVideo(10965): Warning: Client Version: 1.18.0
07-13 18:34:39.589 I/AmazonVideo(10965): Completed initialize for AndroidDeviceIdentity
07-13 18:34:39.589 I/AmazonVideo(10965): Entered initialize for EventManager
07-13 18:34:39.590 I/AmazonVideo(10965): Completed initialize for EventManager
07-13 18:34:39.590 I/AmazonVideo(10965): Entered initialize for PlaybackDownloadManager
07-13 18:34:39.591 I/AmazonVideo(10965): Entered initialize for PlaybackDownloadPersistence
07-13 18:34:39.595 I/Zygote  ( 3472): Process 10108 exited due to signal 9 (Killed)
07-13 18:34:39.595 D/ConnectivityService( 4128): ConnectivityService NetworkRequestInfo binderDied(NetworkRequest [ LISTEN id=65, [ Capabilities: INTERNET&NOT_RESTRICTED&TRUSTED&FOREGROUND Uid: 10119] ], android.os.BinderProxy@e4e9b1b)
07-13 18:34:39.595 I/AmazonVideo(10965): Entered initialize for ServiceClient
07-13 18:34:39.595 D/ConnectivityService( 4128): ConnectivityService NetworkRequestInfo binderDied(NetworkRequest [ TRACK_DEFAULT id=71, [ Capabilities: INTERNET&NOT_RESTRICTED&TRUSTED Uid: 10119] ], android.os.BinderProxy@87df291)
07-13 18:34:39.595 D/ConnectivityService( 4128): ConnectivityService NetworkRequestInfo binderDied(NetworkRequest [ LISTEN id=72, [ Capabilities: INTERNET&NOT_RESTRICTED&TRUSTED&FOREGROUND Uid: 10119] ], android.os.BinderProxy@c9c74b8)
07-13 18:34:39.595 V/ActivityManager( 4128): Clean up application record for ProcessRecord{672c81c 10108:com.android.chrome/u0a119} restarting=false allowRestart=true index=-1 replacingPid=false
07-13 18:34:39.595 D/ConnectivityService( 4128): releasing NetworkRequest [ LISTEN id=65, [ Capabilities: INTERNET&NOT_RESTRICTED&TRUSTED&FOREGROUND Uid: 10119] ] (release request)
07-13 18:34:39.595 D/ConnectivityService( 4128): releasing NetworkRequest [ LISTEN id=72, [ Capabilities: INTERNET&NOT_RESTRICTED&TRUSTED&FOREGROUND Uid: 10119] ] (release request)
07-13 18:34:39.596 D/ConnectivityService( 4128): releasing NetworkRequest [ TRACK_DEFAULT id=71, [ Capabilities: INTERNET&NOT_RESTRICTED&TRUSTED Uid: 10119] ] (release request)
07-13 18:34:39.596 D/ConnectivityService( 4128):  Removing from current network NetworkAgentInfo [WIFI () - 100], leaving 48 requests.
07-13 18:34:39.597 D/BoundBrokerSvc( 5431): onUnbind: Intent { act=com.google.android.gms.safebrowsing.SafeBrowsingService.START dat=chimera-action: cmp=com.google.android.gms/.chimera.GmsBoundBrokerService }
07-13 18:34:39.598 I/AmazonVideo(10965): SessionId: retrieving latest sessionId.
07-13 18:34:39.599 I/chatty  ( 4128): uid=1000(system) ActivityManager expire 3 lines
07-13 18:34:39.599 D/ConnectivityService( 4128): ConnectivityService NetworkRequestInfo binderDied(NetworkRequest [ TRACK_DEFAULT id=64, [ Capabilities: INTERNET&NOT_RESTRICTED&TRUSTED Uid: 10119] ], android.os.BinderProxy@aaea5f6)
07-13 18:34:39.599 D/ConnectivityService( 4128): releasing NetworkRequest [ TRACK_DEFAULT id=64, [ Capabilities: INTERNET&NOT_RESTRICTED&TRUSTED Uid: 10119] ] (release request)
07-13 18:34:39.599 D/ConnectivityService( 4128):  Removing from current network NetworkAgentInfo [WIFI () - 100], leaving 47 requests.
07-13 18:34:39.601 I/AmazonVideo(10965): Waiting for ServiceClient to initialize, current state Initializing
07-13 18:34:39.602 I/ActivityManager( 4128): Killing 10381:com.android.chrome:sandboxed_process0:org.chromium.content.app.SandboxedProcessService0:0/u0a119i-9000 (adj 0): isolated not needed
07-13 18:34:39.604 D/BoundBrokerSvc( 5431): onUnbind: Intent { act=com.google.android.gms.auth.key.retrieval.service.START dat=chimera-action: cmp=com.google.android.gms/.chimera.GmsApiService }
07-13 18:34:39.604 D/BoundBrokerSvc( 5431): onUnbind: Intent { act=com.google.android.gms.credential.manager.service.firstparty.START dat=chimera-action: cmp=com.google.android.gms/.chimera.GmsApiService }
07-13 18:34:39.605 D/BoundBrokerSvc( 5431): onUnbind: Intent { act=com.google.android.gms.fido.fido2.firstparty.START pkg=com.google.android.gms }
07-13 18:34:39.605 I/AmazonVideo(10965): Entered initialize for MetricsDebugger
07-13 18:34:39.605 I/AmazonVideo(10965): Completed initialize for MetricsDebugger
07-13 18:34:39.605 I/AmazonVideo(10965): Completed initialize for ServiceClient
07-13 18:34:39.605 I/AmazonVideo(10965): ServiceClient initialized
07-13 18:34:39.607 I/AmazonVideo(10965): Entered initialize for PlayerAppStartupConfigSynchronizer
07-13 18:34:39.607 D/BoundBrokerSvc( 5431): onUnbind: Intent { act=com.google.android.gms.languageprofile.service.START pkg=com.google.android.gms }
07-13 18:34:39.609 I/AmazonVideo(10965): Completed initialize for PlayerAppStartupConfigSynchronizer
07-13 18:34:39.609 I/AmazonVideo(10965): Identity initialized
07-13 18:34:39.609 I/AmazonVideo(10965): Stop loading playback app startup configuration because device is offline or inactive
07-13 18:34:39.612 I/AmazonVideo(10965): Entered initialize for PlaybackDownloadDiskPersistence
07-13 18:34:39.614 I/AmazonVideo(10965): Completed initialize for PlaybackDownloadDiskPersistence
07-13 18:34:39.625 I/droid.apps.map(11091): The ClassLoaderContext is a special shared library.
07-13 18:34:39.630 I/Zygote  (10357): Process 10381 exited cleanly (0)
07-13 18:34:39.630 V/ActivityManager( 4128): Clean up application record for ProcessRecord{531cdf7 10381:com.android.chrome:sandboxed_process0:org.chromium.content.app.SandboxedProcessService0:0/u0a119i-9000} restarting=false allowRestart=true index=-1 replacingPid=false
07-13 18:34:39.647 W/System  ( 8827): A resource failed to call close. 
07-13 18:34:39.651 I/AmazonVideo(10965): Completed initialize for AloysiusReportingExtensions
07-13 18:34:39.656 I/AmazonVideo(10965): DWNLD_SDK Checking Download DB Sanity
07-13 18:34:39.659 I/AmazonVideo(10965): Completed initialize for PlaybackDownloadPersistence
07-13 18:34:39.659 I/AmazonVideo(10965): Entered initialize for PlaybackDownloadExecutor
07-13 18:34:39.660 I/AmazonVideo(10965): Entered initialize for PlaybackDownloadQueueManager
07-13 18:34:39.660 I/AmazonVideo(10965): Completed initialize for PlaybackDownloadQueueManager
07-13 18:34:39.660 I/AmazonVideo(10965): DWNLD_SDK PlaybackDownloadManager updateDownloadsWithPreferredDownloadLocation INTERNAL_STORAGE
07-13 18:34:39.660 I/AmazonVideo(10965): Completed initialize for PlaybackDownloadExecutor
07-13 18:34:39.661 I/AmazonVideo(10965): DWNLD_SDK Acquired pause token: PauseToken{token=java.lang.Object@4d9053c, cause=EXTERNAL_STORAGE_STATE_UNKNOWN}
07-13 18:34:39.661 I/AmazonVideo(10965): DWNLD_SDK PlaybackDownloadManager updateDownloadsWithPreferredDownloadLocation INTERNAL_STORAGE
07-13 18:34:39.662 I/AmazonVideo(10965): Completed initialize for PlaybackDownloadManager
07-13 18:34:39.662 I/AmazonVideo(10965): Waiting for MediaSystem:Initialization to initialize, current state NotInitialized
07-13 18:34:39.663 I/AmazonVideo(10965): Waiting for MediaSystem:Initialization to initialize, current state NotInitialized
07-13 18:34:39.663 I/AmazonVideo(10965): Entered initialize for AssociateTagProviderProxy
07-13 18:34:39.663 I/AmazonVideo(10965): Entered initialize for MediaSystem:Initialization
07-13 18:34:39.663 I/AmazonVideo(10965): Completed initialize for AssociateTagProviderProxy
07-13 18:34:39.664 I/AmazonVideo(10965): Dropping any enqueued QoS events...
07-13 18:34:39.670 I/ActivityManager( 4128): Process com.android.chrome:privileged_process0 (pid 10307) has died: fore SVC 
07-13 18:34:39.670 V/ActivityManager( 4128): Clean up application record for ProcessRecord{7002464 10307:com.android.chrome:privileged_process0/u0a119} restarting=false allowRestart=true index=-1 replacingPid=false
07-13 18:34:39.683 I/AmazonVideo(10965): Skipping com.amazon.avod.playback.renderer.mediacodec.MediaCodecMediaDrmRendererScheme because it is disabled by server config or weblab
07-13 18:34:39.696 I/Zygote  ( 3472): Process 10307 exited cleanly (0)
07-13 18:34:39.704 W/droid.apps.map(11091): JIT profile information will not be recorded: profile file does not exits.
07-13 18:34:39.704 I/chatty  (11091): uid=10128(com.google.android.apps.maps) identical 1 line
07-13 18:34:39.704 W/droid.apps.map(11091): JIT profile information will not be recorded: profile file does not exits.
07-13 18:34:39.707 W/AudioCapabilities(10965): Unsupported mime audio/mpeg-L1
07-13 18:34:39.707 W/AudioCapabilities(10965): Unsupported mime audio/mpeg-L2
07-13 18:34:39.715 W/VideoCapabilities(10965): Unrecognized profile/level 32768/2 for video/mp4v-es
07-13 18:34:39.715 W/VideoCapabilities(10965): Unrecognized profile/level 32768/64 for video/mp4v-es
07-13 18:34:39.741 I/AmazonVideo(10965): MediaCodecSanityEvaluator PASS codec=c2.android.aac.decoder, mimeType=audio/mp4a-latm, evaluation took 52 ms
07-13 18:34:39.741 I/AmazonVideo(10965): MediaCodecSanityEvaluator PASS codec=OMX.sprd.h264.decoder, mimeType=video/avc, evaluation took 0 ms
07-13 18:34:39.741 I/AmazonVideo(10965): Adding MediaCodecSoftwarePlayReadyRendererScheme to renderer scheme list
07-13 18:34:39.741 I/AmazonVideo(10965): Skipping com.amazon.avod.playback.renderer.tate.OMXILRendererScheme because it is disabled by server config or weblab
07-13 18:34:39.747 I/AmazonVideo(10965): Adding VisualOnRendererScheme to renderer scheme list
07-13 18:34:39.747 I/AmazonVideo(10965): Resolved 2 renderer schemes: MediaCodecMediaDrmRendererScheme:OFF_BY_CONFIG>MediaCodecSoftwarePlayReadyRendererScheme:AVAILABLE>OMXILRendererScheme:OFF_BY_CONFIG>VisualOnRendererScheme:AVAILABLE>
07-13 18:34:39.760 I/AmazonVideo(10965): DeviceConfiguration Width=1280, Height=720
07-13 18:34:39.777 E/AudioManager(10965): enter AudioManager(), allow_adjust_volume=false
07-13 18:34:39.781 I/AmazonVideo(10965): IESM has been started and is entering Stop state
07-13 18:34:39.788 I/AmazonVideo(10965): MobileWeblab: no-op trigger() called on AV_ANDROID_ALOYSIUS_287513
07-13 18:34:39.789 I/AmazonVideo(10965): SonarSDK control: evaluateEnablingSonarSDK false and isSonarSdkEnabledConfig BooleanConfigurationValue{key=sonar_isSonarSdkEnabled, defaultValue=xxaivxx, currentValue=xxaivxx, type=Boolean}
07-13 18:34:39.790 I/chatty  (10965): uid=10142(com.amazon.imdb.tv.mobile.app) identical 12 lines
07-13 18:34:39.847 I/chatty  (10965): uid=10142(com.amazon.imdb.tv.mobile.app) MediaSystemShar expire 3 lines
07-13 18:34:39.850 I/AmazonVideo(10965): Initializing media component DrmLicenseCleaner
07-13 18:34:39.850 I/AmazonVideo(10965): PlaybackNativeLibrariesLoader: Loading library AIVDash
07-13 18:34:39.850 I/AmazonVideo(10965): Stop loading heuristics configuration because device is offline or inactive
07-13 18:34:39.850 I/AmazonVideo(10965): Stop loading heuristics configuration because device is offline or inactive
07-13 18:34:39.851 I/AmazonVideo(10965): Initializing media component QosEventModelMediaComponent
07-13 18:34:39.851 I/AmazonVideo(10965): Entered initialize for AloysiusConnectionEventListener
07-13 18:34:39.851 I/AmazonVideo(10965): Completed initialize for AloysiusConnectionEventListener
07-13 18:34:39.852 I/AmazonVideo(10965): Entered initialize for DrmSystemImpl
07-13 18:34:39.852 I/AmazonVideo(10965): Completed initialize for DrmSystemImpl
07-13 18:34:39.853 I/AmazonVideo(10965): Entered initialize for CachingPlaybackSupportEvaluator
07-13 18:34:39.855 I/AmazonVideo(10965): PlaybackNativeLibrariesLoader: Success! Directly loaded native library /data/app/com.amazon.imdb.tv.mobile.app-OC89WTm3g19z6doqHGzpQA==/lib/arm64/libAIVDash.so
07-13 18:34:39.855 I/AmazonVideo(10965): PlaybackNativeLibrariesLoader: Loading library ATVPlaybackSmoothStream
07-13 18:34:39.858 I/AmazonVideo(10965): PlaybackNativeLibrariesLoader: Success! Directly loaded native library /data/app/com.amazon.imdb.tv.mobile.app-OC89WTm3g19z6doqHGzpQA==/lib/arm64/libATVPlaybackSmoothStream.so
07-13 18:34:39.859 I/AmazonVideo(10965): PlaybackNativeLibrariesLoader: Loading library AIVHeuristics
07-13 18:34:39.860 D/PowerController.BgClean( 4128): judgeAppLaunchAllowed : com.google.android.gms(uid:10106), callingPackage = com.amazon.imdb.tv.mobile.app(uid:10142), reason = bind-service
07-13 18:34:39.860 D/PowerController.BgClean( 4128): judgeAppLaunchAllowed : intent action:Intent { act=com.google.android.gms.ads.identifier.service.START pkg=com.google.android.gms }
07-13 18:34:39.870 I/AdConfigManager(10965): The AdvertisingIdInfo is available and the adId is non null
07-13 18:34:39.870 I/AmazonVideo(10965): PlaybackNativeLibrariesLoader: Success! Directly loaded native library /data/app/com.amazon.imdb.tv.mobile.app-OC89WTm3g19z6doqHGzpQA==/lib/arm64/libAIVHeuristics.so
07-13 18:34:39.871 I/AmazonVideo(10965): PlaybackNativeLibrariesLoader: Loading library AutobahnTraceroute
07-13 18:34:39.873 I/AmazonVideo(10965): PlaybackNativeLibrariesLoader: Success! Directly loaded native library /data/app/com.amazon.imdb.tv.mobile.app-OC89WTm3g19z6doqHGzpQA==/lib/arm64/libAutobahnTraceroute.so
07-13 18:34:39.873 I/AmazonVideo(10965): PlaybackNativeLibrariesLoader: Loading library AIVPlayReadyLicensing
07-13 18:34:39.877 I/AmazonVideo(10965): Completed initialize for CachingPlaybackSupportEvaluator
07-13 18:34:39.877 I/AmazonVideo(10965): Entered initialize for OkHttpClientFactory
07-13 18:34:39.877 I/AmazonVideo(10965): Completed initialize for OkHttpClientFactory
07-13 18:34:39.878 I/AmazonVideo(10965): MobileWeblab: no-op trigger() called on AIVPLAYERS_UPSCALER_484213
07-13 18:34:39.878 I/AmazonVideo(10965): Completed initialize for MediaSystem:Initialization
07-13 18:34:39.878 I/AmazonVideo(10965): PlayerApplicationInitializer.init() version 3.3 call completed in Ms : 351
07-13 18:34:39.880 W/ARTNativeMetrics(10965): Creating timer as it doesn't exist.
07-13 18:34:39.884 W/ARTNativeMetrics(10965): Creating counter as it doesn't exist.
07-13 18:34:39.887 D/PowerController.BgClean( 4128): judgeAppLaunchAllowed : com.google.android.gms(uid:10106), callingPackage = com.google.android.apps.maps(uid:10128), reason = bind-service
07-13 18:34:39.887 D/PowerController.BgClean( 4128): judgeAppLaunchAllowed : intent action:Intent { act=com.google.android.gms.clearcut.service.START pkg=com.google.android.gms }
07-13 18:34:39.892 I/AmazonVideo(10965): PlaybackNativeLibrariesLoader: Success! Directly loaded native library /data/app/com.amazon.imdb.tv.mobile.app-OC89WTm3g19z6doqHGzpQA==/lib/arm64/libAIVPlayReadyLicensing.so
07-13 18:34:39.892 I/AmazonVideo(10965): PlaybackNativeLibrariesLoader: Loading library voOSCEngine
07-13 18:34:39.896 I/AmazonVideo(10965): PlaybackNativeLibrariesLoader: Success! Directly loaded native library /data/app/com.amazon.imdb.tv.mobile.app-OC89WTm3g19z6doqHGzpQA==/lib/arm64/libvoOSCEngine.so
07-13 18:34:39.896 I/AmazonVideo(10965): PlaybackNativeLibrariesLoader: Loading library AIVVisualOnRenderer
07-13 18:34:39.897 I/DenyListConfiguration(10965): checking GroupID = e6zi5jgn SchemaID = si0t/2/03330400 being checked for blocklisting
07-13 18:34:39.897 D/MinervaServiceAndroidAdapter(10965): *****record, region:us-east-1, metricGroupId:e6zi5jgn, metricSchemaId:si0t/2/03330400, metricEventId:100cc1b8-3b82-48ff-b8c4-b0e23a4a21a4, utcTimestamp:1752446079896, localOffsetMinutes:-240, listOfDataPointEnvelopes size:10
07-13 18:34:39.897 D/MinervaServiceAndroidAdapter(10965): metricEvent:com.amazon.minerva.client.thirdparty.metric.IonMetricEvent@5963e2a
07-13 18:34:39.897 D/MinervaServiceAndroidAdapter(10965): handleMessageForService.
07-13 18:34:39.897 D/MinervaServiceManager(10965): com.amazon.minerva.client.thirdparty.metric.IonMetricEvent@5963e2a
07-13 18:34:39.897 D/MinervaServiceManager(10965): Predefined key: _model Predefined value: K706
07-13 18:34:39.897 D/MinervaServiceManager(10965): Predefined key: _deviceType Predefined value: A2NPI8566MVLT2
07-13 18:34:39.897 D/MinervaServiceManager(10965): Predefined key: _countryOfResidence Predefined value: US
07-13 18:34:39.897 D/BatchCreatorManager(10965): addMetricEvent
07-13 18:34:39.897 D/BatchCreatorManager(10965): storagePriority: 3
07-13 18:34:39.897 D/BatchCreatorManager(10965): batchCreatorKey: 3_us-east-1
07-13 18:34:39.897 D/BatchCreatorManager(10965): mapStoragePriorityToBatchCreator size: 1
07-13 18:34:39.897 D/BatchCreatorManager(10965): batchCreatorKey = 3_us-east-1, batchCreator = com.amazon.minerva.client.thirdparty.storage.BatchCreator@f77d63
07-13 18:34:39.897 I/BatchCreatorManager(10965): addMetricEvent, runningBatch size:7
07-13 18:34:39.899 I/AmazonVideo(10965): PlaybackNativeLibrariesLoader: Success! Directly loaded native library /data/app/com.amazon.imdb.tv.mobile.app-OC89WTm3g19z6doqHGzpQA==/lib/arm64/libAIVVisualOnRenderer.so
07-13 18:34:39.899 I/AmazonVideo(10965): PlaybackNativeLibrariesLoader: Loading library AIVPlayReadyLicensing
07-13 18:34:39.900 I/AmazonVideo(10965): PlaybackNativeLibrariesLoader: Success! Directly loaded native library /data/app/com.amazon.imdb.tv.mobile.app-OC89WTm3g19z6doqHGzpQA==/lib/arm64/libAIVPlayReadyLicensing.so
07-13 18:34:39.900 I/AmazonVideo(10965): PlaybackNativeLibrariesLoader: Loading library AIVPlayReadyLicensing
07-13 18:34:39.900 I/AmazonVideo(10965): PlaybackNativeLibrariesLoader: Success! Directly loaded native library /data/app/com.amazon.imdb.tv.mobile.app-OC89WTm3g19z6doqHGzpQA==/lib/arm64/libAIVPlayReadyLicensing.so
07-13 18:34:39.901 I/DenyListConfiguration(10965): checking GroupID = e6zi5jgn SchemaID = si0t/2/03330400 being checked for blocklisting
07-13 18:34:39.901 D/MinervaServiceAndroidAdapter(10965): *****record, region:us-east-1, metricGroupId:e6zi5jgn, metricSchemaId:si0t/2/03330400, metricEventId:0b83232c-e74a-4996-b73a-9404046fd2b1, utcTimestamp:1752446079901, localOffsetMinutes:-240, listOfDataPointEnvelopes size:10
07-13 18:34:39.901 D/MinervaServiceAndroidAdapter(10965): metricEvent:com.amazon.minerva.client.thirdparty.metric.IonMetricEvent@9748ace
07-13 18:34:39.901 D/MinervaServiceAndroidAdapter(10965): handleMessageForService.
07-13 18:34:39.902 D/MinervaServiceManager(10965): com.amazon.minerva.client.thirdparty.metric.IonMetricEvent@9748ace
07-13 18:34:39.902 D/MinervaServiceManager(10965): Predefined key: _model Predefined value: K706
07-13 18:34:39.902 D/MinervaServiceManager(10965): Predefined key: _deviceType Predefined value: A2NPI8566MVLT2
07-13 18:34:39.902 D/MinervaServiceManager(10965): Predefined key: _countryOfResidence Predefined value: US
07-13 18:34:39.902 D/BatchCreatorManager(10965): addMetricEvent
07-13 18:34:39.902 D/BatchCreatorManager(10965): storagePriority: 3
07-13 18:34:39.902 D/BatchCreatorManager(10965): batchCreatorKey: 3_us-east-1
07-13 18:34:39.902 D/BatchCreatorManager(10965): mapStoragePriorityToBatchCreator size: 1
07-13 18:34:39.902 D/BatchCreatorManager(10965): batchCreatorKey = 3_us-east-1, batchCreator = com.amazon.minerva.client.thirdparty.storage.BatchCreator@f77d63
07-13 18:34:39.902 I/BatchCreatorManager(10965): addMetricEvent, runningBatch size:8
07-13 18:34:39.902 I/AmazonVideo(10965): Entered initialize for PlaybackDownloadManager:Media
07-13 18:34:39.903 I/AmazonVideo(10965): Entered initialize for PlaybackDownloadEventReporter
07-13 18:34:39.904 I/AmazonVideo(10965): Completed initialize for PlaybackDownloadEventReporter
07-13 18:34:39.904 I/AmazonVideo(10965): Entered initialize for PlaybackDownloadExecutor:Media
07-13 18:34:39.904 W/UnsafeUtil(10965): platform method missing - proto runtime falling back to safer methods: java.lang.NoSuchMethodException: sun.misc.Unsafe.copyMemory [class java.lang.Object, long, class java.lang.Object, long, long]
07-13 18:34:39.905 W/AlarmManager( 4128): setImpl(), force change type ELAPSED_REALTIME_WAKEUP -> ELAPSED_REALTIME
07-13 18:34:39.905 V/AlarmManager( 4128): set(null) : type=3 listener=android.app.AlarmManager$ListenerWrapper@bfdf67e listenerTag=WificondScannerImpl Scan Timeout triggerAtTime=78310 win=11250 tElapsed=78310 maxElapsed=89560 interval=0 flags=0x8
07-13 18:34:39.905 I/chatty  ( 4128): uid=1000(system) WifiScanningSer expire 2 lines
07-13 18:34:39.907 I/AmazonVideo(10965): Completed initialize for PlaybackDownloadExecutor:Media
07-13 18:34:39.908 I/AmazonVideo(10965): DWNLD_SDK resume, releasing pause token: PauseToken{token=java.lang.Object@4d9053c, cause=EXTERNAL_STORAGE_STATE_UNKNOWN}
07-13 18:34:39.909 I/AmazonVideo(10965): DWNLD_SDK DownloadQueue Processed download queue with 0 pending jobs; no actionable job found.
07-13 18:34:39.909 I/AmazonVideo(10965): Completed initialize for PlaybackDownloadManager:Media
07-13 18:34:39.909 I/AmazonVideo(10965): DWNLD_SDK DownloadQueue Processed download queue with 0 pending jobs; no actionable job found.
07-13 18:34:39.910 D/PowerController.BgClean( 4128): judgeAppLaunchAllowed : com.google.android.gms(uid:10106), callingPackage = com.google.android.apps.maps(uid:10128), reason = bind-service
07-13 18:34:39.910 D/PowerController.BgClean( 4128): judgeAppLaunchAllowed : intent action:Intent { act=com.google.android.gms.phenotype.service.START pkg=com.google.android.gms }
07-13 18:34:39.911 I/AmazonVideo(10965): DWNLD_SDK DownloadQueue Processed download queue with 0 pending jobs; no actionable job found.
07-13 18:34:39.911 I/AmazonVideo(10965): DWNLD_SDK DownloadQueue Processed download queue with 0 pending jobs; no actionable job found.
07-13 18:34:39.997 W/Settings(11091): Setting device_provisioned has moved from android.provider.Settings.System to android.provider.Settings.Global, returning read-only value.
07-13 18:34:40.025 D/PowerController.BgClean( 4128): judgeAppLaunchAllowed : com.google.android.gms(uid:10106), callingPackage = com.google.android.apps.maps(uid:10128), reason = bind-service
07-13 18:34:40.026 D/PowerController.BgClean( 4128): judgeAppLaunchAllowed : intent action:Intent { act=com.google.android.location.internal.GoogleLocationManagerService.START pkg=com.google.android.gms }
07-13 18:34:40.056 D/PowerController.BgClean( 4128): judgeAppLaunchAllowed : com.google.android.gms(uid:10106), callingPackage = com.google.android.apps.maps(uid:10128), reason = bind-service
07-13 18:34:40.056 D/PowerController.BgClean( 4128): judgeAppLaunchAllowed : intent action:Intent { cmp=com.google.android.gms/.auth.GetToken }
07-13 18:34:40.071 D/GnssHAL_V_GnssUtil( 3830): convertToGnssLocation_2_0: enter
07-13 18:34:40.071 D/GnssHAL_V_GnssUtil( 3830): convertToGnssLocation_2_0: latitudeDegrees:40.652441, longitudeDegrees: -73.757015, elapsedRealtime.flags:0, elapsedRealtime.timestampNs: 0, elapsedRealtime.timeUncertaintyNs: 0
07-13 18:34:40.073 I/chatty  ( 4128): uid=1000(system) android.fg expire 4 lines
07-13 18:34:40.077 D/BoundBrokerSvc( 5431): onUnbind: Intent { act=com.google.android.gms.audit.service.START dat=chimera-action: cmp=com.google.android.gms/.chimera.GmsBoundBrokerService }
07-13 18:34:40.080 V/AlarmManager( 4128): set(PendingIntent{57a50a8: PendingIntentRecord{397b7c1 com.google.android.gms broadcastIntent}}) : type=3 listener=null listenerTag=null triggerAtTime=85477 win=0 tElapsed=85477 maxElapsed=85477 interval=0 flags=0x1
07-13 18:34:40.081 I/chatty  ( 4128): uid=1000(system) Binder:4128_14 expire 24 lines
07-13 18:34:40.082 I/FusedLocation( 5272): (REDACTED) location delivery to %s blocked - too fast
07-13 18:34:40.098 E/ResolverController( 3471): No valid NAT64 prefix (100, <unspecified>/0)
07-13 18:34:40.099 E/chromium( 8972): [ERROR:services/network/p2p/socket_manager.cc:137] Failed to resolve address for stun.services.mozilla1.com., errorcode: -105
07-13 18:34:40.099 E/chromium( 8972): [ERROR:services/network/p2p/socket_manager.cc:137] Failed to resolve address for stun.services.mozilla1.com., errorcode: -105
07-13 18:34:40.100 W/chromium( 9082): [WARNING:third_party/webrtc/p2p/base/stun_port.cc:455] Port[1618400:0:1:0:host:Net[any:0:0:0:x:x:x:x:x/0:Wildcard:id=0]]: StunPort: stun host lookup received error -1
07-13 18:34:40.100 W/chromium( 9082): [WARNING:third_party/webrtc/p2p/base/stun_port.cc:455] Port[1618800:0:1:0:host:Net[any:0.0.0.x/0:Wildcard:id=0]]: StunPort: stun host lookup received error -1
07-13 18:34:40.104 D/PowerController.BgClean( 4128): judgeAppLaunchAllowed : com.google.android.projection.gearhead(uid:10107), callingPackage = com.google.android.apps.maps(uid:10128), reason = bind-service
07-13 18:34:40.104 D/PowerController.BgClean( 4128): judgeAppLaunchAllowed : intent action:Intent { cmp=com.google.android.projection.gearhead/com.google.android.apps.auto.carservice.service.impl.GearheadCarStartupService }
07-13 18:34:40.108 I/GH.CAR  (10825): onCreate
07-13 18:34:40.109 I/GH.CAR  (10825): GearheadCarStartupService.onBind
07-13 18:34:40.113 W/System  (10471): A resource failed to call close. 
07-13 18:34:40.118 D/ConnectivityService( 4128): requestNetwork for uid/pid:10128/11091 NetworkRequest [ TRACK_DEFAULT id=74, [ Capabilities: INTERNET&NOT_RESTRICTED&TRUSTED Uid: 10128] ]
07-13 18:34:40.119 D/ConnectivityService( 4128): rematching NetworkAgentInfo [WIFI () - 100]
07-13 18:34:40.119 D/ConnectivityService( 4128):  network has: [ Transports: WIFI Capabilities: NOT_METERED&INTERNET&NOT_RESTRICTED&TRUSTED&NOT_VPN&VALIDATED&NOT_ROAMING&FOREGROUND&NOT_CONGESTED&NOT_SUSPENDED LinkUpBandwidth>=1048576Kbps LinkDnBandwidth>=1048576Kbps Specifier: <WifiNetworkAgentSpecifier [WifiConfiguration=, SSID="T-Mobile Hotspot_5693_2.4GHz", BSSID=68:79:12:a4:cc:c9, mOriginalRequestorUid=-1, mOriginalRequestorPackageName=]> SignalStrength: -25 SSID: "T-Mobile Hotspot_5693_2.4GHz"]
07-13 18:34:40.119 D/ConnectivityService( 4128): Network NetworkAgentInfo [WIFI () - 100] was already satisfying request 51. No change.
07-13 18:34:40.119 D/ConnectivityService( 4128): Network NetworkAgentInfo [WIFI () - 100] was already satisfying request 7. No change.
07-13 18:34:40.119 D/ConnectivityService( 4128):   checking if request is satisfied: NetworkRequest [ BACKGROUND_REQUEST id=2, [ Transports: CELLULAR Capabilities: INTERNET&NOT_RESTRICTED&TRUSTED&NOT_VPN] ]
07-13 18:34:40.119 D/ConnectivityService( 4128): Network NetworkAgentInfo [WIFI () - 100] was already satisfying request 18. No change.
07-13 18:34:40.119 D/ConnectivityService( 4128): Network NetworkAgentInfo [WIFI () - 100] was already satisfying request 37. No change.
07-13 18:34:40.119 D/ConnectivityService( 4128): Network NetworkAgentInfo [WIFI () - 100] was already satisfying request 73. No change.
07-13 18:34:40.119 D/ConnectivityService( 4128): Network NetworkAgentInfo [WIFI () - 100] was already satisfying request 23. No change.
07-13 18:34:40.119 D/ConnectivityService( 4128): Network NetworkAgentInfo [WIFI () - 100] was already satisfying request 13. No change.
07-13 18:34:40.119 D/ConnectivityService( 4128): Network NetworkAgentInfo [WIFI () - 100] was already satisfying request 21. No change.
07-13 18:34:40.119 D/ConnectivityService( 4128): Network NetworkAgentInfo [WIFI () - 100] was already satisfying request 25. No change.
07-13 18:34:40.119 D/ConnectivityService( 4128): Network NetworkAgentInfo [WIFI () - 100] was already satisfying request 63. No change.
07-13 18:34:40.119 D/ConnectivityService( 4128): Network NetworkAgentInfo [WIFI () - 100] was already satisfying request 46. No change.
07-13 18:34:40.119 D/ConnectivityService( 4128): Network NetworkAgentInfo [WIFI () - 100] was already satisfying request 11. No change.
07-13 18:34:40.119 D/ConnectivityService( 4128): Network NetworkAgentInfo [WIFI () - 100] was already satisfying request 36. No change.
07-13 18:34:40.119 D/ConnectivityService( 4128): Network NetworkAgentInfo [WIFI () - 100] was already satisfying request 28. No change.
07-13 18:34:40.119 D/ConnectivityService( 4128): Network NetworkAgentInfo [WIFI () - 100] was already satisfying request 53. No change.
07-13 18:34:40.119 D/ConnectivityService( 4128): Network NetworkAgentInfo [WIFI () - 100] was already satisfying request 32. No change.
07-13 18:34:40.119 D/ConnectivityService( 4128): Network NetworkAgentInfo [WIFI () - 100] was already satisfying request 69. No change.
07-13 18:34:40.119 D/ConnectivityService( 4128):   checking if request is satisfied: NetworkRequest [ TRACK_DEFAULT id=74, [ Capabilities: INTERNET&NOT_RESTRICTED&TRUSTED Uid: 10128] ]
07-13 18:34:40.119 D/ConnectivityService( 4128): currentScore = 0, newScore = 60
07-13 18:34:40.119 D/ConnectivityService( 4128): rematch for NetworkAgentInfo [WIFI () - 100]
07-13 18:34:40.119 D/ConnectivityService( 4128):    accepting network in place of null
07-13 18:34:40.119 D/ConnectivityService( 4128): sending new Min Network Score(60): NetworkRequest [ TRACK_DEFAULT id=74, [ Capabilities: INTERNET&NOT_RESTRICTED&TRUSTED Uid: 10128] ]
07-13 18:34:40.120 D/ConnectivityService( 4128): Network NetworkAgentInfo [WIFI () - 100] was already satisfying request 49. No change.
07-13 18:34:40.120 D/ConnectivityService( 4128): Network NetworkAgentInfo [WIFI () - 100] was already satisfying request 1. No change.
07-13 18:34:40.120 D/ConnectivityService( 4128): Network NetworkAgentInfo [WIFI () - 100] was already satisfying request 33. No change.
07-13 18:34:40.120 D/ConnectivityService( 4128): Network NetworkAgentInfo [WIFI () - 100] was already satisfying request 54. No change.
07-13 18:34:40.120 D/ConnectivityService( 4128): sending notification CALLBACK_AVAILABLE for NetworkRequest [ TRACK_DEFAULT id=74, [ Capabilities: INTERNET&NOT_RESTRICTED&TRUSTED Uid: 10128] ]
07-13 18:34:40.120 D/PhoneSwitcherNetworkRequstListener( 4622): got request NetworkRequest [ TRACK_DEFAULT id=74, [ Capabilities: INTERNET&NOT_RESTRICTED&TRUSTED Uid: 10128] ] with score 60 and serial -1
07-13 18:34:40.143 I/GH.CAR  (10825): gearheadCarServiceBinder in mainHandler: true
07-13 18:34:40.145 I/GH.CAR  (10825): Using GearheadCarServiceBinder in CarMessageService.
07-13 18:34:40.145 I/GH.DelegateMngCarSvc(10825): Retries remaining initialized to 20
07-13 18:34:40.145 I/GH.CAR  (10825): Using Gearhead for projection services. All aboard! 🚀
07-13 18:34:40.145 I/GH.DelegateMngCarSvc(10825): Skipping delegate acquisition on init().
07-13 18:34:40.145 I/GH.CarService(10825): Setting delegate: gid@7164981
07-13 18:34:40.145 I/CAR.SERVICE(10825): Setting CSB delegate, previous value null updated to hiq@9a8ca26
07-13 18:34:40.145 I/GH.CAR  (10825): Setting validator car info suppliers
07-13 18:34:40.146 I/GH.CAR  (10825): ICar delegate chain:
07-13 18:34:40.146 I/GH.CAR  (10825): 	hjl@bbddc14
07-13 18:34:40.146 I/GH.CAR  (10825): 	-> gid@7164981
07-13 18:34:40.146 I/GH.CAR  (10825): 	-> hiq@9a8ca26
07-13 18:34:40.168 D/PowerController.BgClean( 4128): judgeAppLaunchAllowed : com.google.android.gms(uid:10106), callingPackage = com.google.android.apps.maps(uid:10128), reason = bind-service
07-13 18:34:40.168 D/PowerController.BgClean( 4128): judgeAppLaunchAllowed : intent action:Intent { act=com.google.android.gms.wearable.BIND pkg=com.google.android.gms }
07-13 18:34:40.172 D/WearableService( 5272): Creating wearable service asynchronously.
07-13 18:34:40.203 D/WearableService( 5272): onGetService: waiting for onCreate to be completed.
07-13 18:34:40.208 E/SPRDHWComposer( 3497): SPRD_SR SprdHWComposer2::GET_ACTIVE_CONFIG[466] *outConfig:0
07-13 18:34:40.210 I/Wear_Controller( 5272): Wearable module requires a companion app to be installed.
07-13 18:34:40.210 I/WearableService( 5272): onCreate: Wearable Services not starting. Wear is not available on this device.
07-13 18:34:40.211 W/WearableService( 5272): onGetService: Wear is not available on this device.
07-13 18:34:40.233 D/PowerController.BgClean( 4128): judgeAppLaunchAllowed : com.google.android.apps.messaging(uid:10191), callingPackage = android(uid:1000), reason = send-broadcast
07-13 18:34:40.233 D/PowerController.BgClean( 4128): judgeAppLaunchAllowed : intent action:Intent { act=android.intent.action.TIME_SET flg=0x25200010 }
07-13 18:34:40.234 D/PowerController.BgClean( 4128): in apppowerconfig autolaunch black list: com.google.android.apps.messaging
07-13 18:34:40.234 D/PowerController.BgClean( 4128): launchState: 2
07-13 18:34:40.236 D/PowerController.BgClean( 4128): judgeAppLaunchAllowed : com.google.android.inputmethod.latin(uid:10148), callingPackage = android(uid:1000), reason = send-broadcast
07-13 18:34:40.236 D/PowerController.BgClean( 4128): judgeAppLaunchAllowed : intent action:Intent { act=android.intent.action.TIME_SET flg=0x25200010 }
07-13 18:34:40.239 D/PowerController.BgClean( 4128): judgeAppLaunchAllowed : com.google.android.youtube(uid:10129), callingPackage = android(uid:1000), reason = send-broadcast
07-13 18:34:40.239 D/PowerController.BgClean( 4128): judgeAppLaunchAllowed : intent action:Intent { act=android.intent.action.TIME_SET flg=0x25200010 }
07-13 18:34:40.240 I/ActivityManager( 4128): startProcessLocked - launcherPackage: com.android.launcher.gradient.black - app.pid: 0 - app.processName: com.google.android.youtube
07-13 18:34:40.222 W/WearableService( 5272): onGetService: Wear is not available on this device.
07-13 18:34:40.254 D/Zygote  ( 3472): Forked child process 11203
07-13 18:34:40.256 I/ActivityManager( 4128): Start proc 11203:com.google.android.youtube/u0a129 for broadcast {com.google.android.youtube/androidx.work.impl.background.systemalarm.RescheduleReceiver}
07-13 18:34:40.259 I/Zygote  (11203): seccomp disabled by setenforce 0
07-13 18:34:40.296 I/android.youtub(11203): The ClassLoaderContext is a special shared library.
07-13 18:34:40.309 D/PowerController.BgClean( 4128): judgeAppLaunchAllowed : com.google.android.gms(uid:10106), callingPackage = com.google.android.apps.maps(uid:10128), reason = bind-service
07-13 18:34:40.309 D/PowerController.BgClean( 4128): judgeAppLaunchAllowed : intent action:Intent { act=com.google.android.gms.pseudonymous.service.START pkg=com.google.android.gms }
07-13 18:34:40.363 D/PowerController.BgClean( 4128): judgeAppLaunchAllowed : com.google.android.gms(uid:10106), callingPackage = com.google.android.apps.maps(uid:10128), reason = bind-service
07-13 18:34:40.363 D/PowerController.BgClean( 4128): judgeAppLaunchAllowed : intent action:Intent { act=com.google.android.gms.semanticlocation.service.START_ODLH pkg=com.google.android.gms }
07-13 18:34:40.384 W/android.youtub(11203): JIT profile information will not be recorded: profile file does not exits.
07-13 18:34:40.385 I/chatty  (11203): uid=10129(com.google.android.youtube) identical 1 line
07-13 18:34:40.385 W/android.youtub(11203): JIT profile information will not be recorded: profile file does not exits.
07-13 18:34:40.428 W/WearableService( 5272): onGetService: Wear is not available on this device.
07-13 18:34:40.440 D/PowerController.BgClean( 4128): judgeAppLaunchAllowed : com.google.android.gms(uid:10106), callingPackage = com.google.android.apps.maps(uid:10128), reason = bind-service
07-13 18:34:40.441 D/PowerController.BgClean( 4128): judgeAppLaunchAllowed : intent action:Intent { act=com.google.android.gms.location.reporting.service.START pkg=com.google.android.gms }
07-13 18:34:40.442 I/mcu_services( 5553): readInBuf:[ff fe fd 03 01 29 81 a9 ff ]
07-13 18:34:40.442 E/mcu_services( 5553): MCU2APP : [ff fe fd 03 01 29 81 a9 ff ]
07-13 18:34:40.442 D/mcu_services( 5553): processResponse - length: 3 - type: 1 - control: 29
07-13 18:34:40.442 D/mcu_services( 5553): dispatchToClients - cmdId: 41 - data : [29 81 ]
07-13 18:34:40.442 D/callback( 5553): callMcuInfoChanged: 29 81 
07-13 18:34:40.443 D/callback( 5553): callMcuInfoChanged: 29 81 
07-13 18:34:40.446 D/StrictMode(11203): StrictMode policy violation: android.os.strictmode.NetworkViolation
07-13 18:34:40.446 D/StrictMode(11203): 	at android.os.StrictMode$AndroidBlockGuardPolicy.onNetwork(StrictMode.java:1570)
07-13 18:34:40.446 D/StrictMode(11203): 	at java.net.Inet6AddressImpl.lookupHostByName(Inet6AddressImpl.java:115)
07-13 18:34:40.446 D/StrictMode(11203): 	at java.net.Inet6AddressImpl.lookupAllHostAddr(Inet6AddressImpl.java:103)
07-13 18:34:40.446 D/StrictMode(11203): 	at java.net.InetAddress.getByName(InetAddress.java:1106)
07-13 18:34:40.446 D/StrictMode(11203): 	at ajdp.Y(PG:39)
07-13 18:34:40.446 D/StrictMode(11203): 	at fvv.run(PG:303)
07-13 18:34:40.446 D/StrictMode(11203): 	at aahm.run(PG:30)
07-13 18:34:40.446 D/StrictMode(11203): 	at aove.run(PG:21)
07-13 18:34:40.446 D/StrictMode(11203): 	at rqx.run(PG:7)
07-13 18:34:40.446 D/StrictMode(11203): 	at apys.run(PG:44)
07-13 18:34:40.446 D/StrictMode(11203): 	at qrz.run(PG:44)
07-13 18:34:40.446 D/StrictMode(11203): 	at qyu.run(PG:257)
07-13 18:34:40.446 D/StrictMode(11203): 	at java.lang.Thread.run(Thread.java:919)
07-13 18:34:40.446 D/StrictMode(11203): 	at rrt.run(PG:61)
07-13 18:34:40.446 W/ContextImpl( 7287): Calling a method in the system process without a qualified user: android.app.ContextImpl.sendBroadcast:1045 android.content.ContextWrapper.sendBroadcast:448 com.qf.carsettings.service.CarSettingService$4.onMcuInfoChanged:670 android.qf.mcu.McuManager$ListenerTransport._handleMessage:106 android.qf.mcu.McuManager$ListenerTransport.access$700:72 
07-13 18:34:40.447 D/StrictMode(11203): StrictMode policy violation: android.os.strictmode.NetworkViolation
07-13 18:34:40.447 D/StrictMode(11203): 	at android.os.StrictMode$AndroidBlockGuardPolicy.onNetwork(StrictMode.java:1570)
07-13 18:34:40.447 D/StrictMode(11203): 	at libcore.io.BlockGuardOs.android_getaddrinfo(BlockGuardOs.java:198)
07-13 18:34:40.447 D/StrictMode(11203): 	at libcore.io.ForwardingOs.android_getaddrinfo(ForwardingOs.java:74)
07-13 18:34:40.447 D/StrictMode(11203): 	at java.net.Inet6AddressImpl.lookupHostByName(Inet6AddressImpl.java:135)
07-13 18:34:40.447 D/StrictMode(11203): 	at java.net.Inet6AddressImpl.lookupAllHostAddr(Inet6AddressImpl.java:103)
07-13 18:34:40.447 D/StrictMode(11203): 	at java.net.InetAddress.getByName(InetAddress.java:1106)
07-13 18:34:40.447 D/StrictMode(11203): 	at ajdp.Y(PG:39)
07-13 18:34:40.447 D/StrictMode(11203): 	at fvv.run(PG:303)
07-13 18:34:40.447 D/StrictMode(11203): 	at aahm.run(PG:30)
07-13 18:34:40.447 D/StrictMode(11203): 	at aove.run(PG:21)
07-13 18:34:40.447 D/StrictMode(11203): 	at rqx.run(PG:7)
07-13 18:34:40.447 D/StrictMode(11203): 	at apys.run(PG:44)
07-13 18:34:40.447 D/StrictMode(11203): 	at qrz.run(PG:44)
07-13 18:34:40.447 D/StrictMode(11203): 	at qyu.run(PG:257)
07-13 18:34:40.447 D/StrictMode(11203): 	at java.lang.Thread.run(Thread.java:919)
07-13 18:34:40.447 D/StrictMode(11203): 	at rrt.run(PG:61)
07-13 18:34:40.448 D/Netd    ( 3471): app_netid:0x64 app_mark:0x64 dns_netid:0x64 dns_mark:0xf0064 uid:10129
07-13 18:34:40.451 I/chatty  ( 5736): uid=10127(com.txznet.txz) expire 4 lines
07-13 18:34:40.464 D/PowerController.BgClean( 4128): judgeAppLaunchAllowed : com.google.android.gms(uid:10106), callingPackage = com.whatsapp(uid:10135), reason = bind-service
07-13 18:34:40.464 D/PowerController.BgClean( 4128): judgeAppLaunchAllowed : intent action:Intent { act=com.google.android.gms.wearable.BIND pkg=com.google.android.gms }
07-13 18:34:40.489 D/PowerController.BgClean( 4128): judgeAppLaunchAllowed : com.google.android.gms(uid:10106), callingPackage = com.google.android.youtube(uid:10129), reason = bind-service
07-13 18:34:40.489 D/PowerController.BgClean( 4128): judgeAppLaunchAllowed : intent action:Intent { act=com.google.android.gms.ads.identifier.service.START pkg=com.google.android.gms }
07-13 18:34:40.493 D/PowerController.BgClean( 4128): judgeAppLaunchAllowed : com.google.android.gms(uid:10106), callingPackage = com.google.android.gms(uid:10106), reason = bind-service
07-13 18:34:40.494 D/PowerController.BgClean( 4128): judgeAppLaunchAllowed : intent action:Intent { act=com.google.android.gms.location.reporting.service.START pkg=com.google.android.gms }
07-13 18:34:40.497 D/PowerController.BgClean( 4128): judgeAppLaunchAllowed : com.google.android.gms(uid:10106), callingPackage = android(uid:1000), reason = bind-service
07-13 18:34:40.497 D/PowerController.BgClean( 4128): judgeAppLaunchAllowed : intent action:Intent { act=android.accounts.AccountAuthenticator cmp=com.google.android.gms/.auth.account.authenticator.GoogleAccountAuthenticatorService }
07-13 18:34:40.506 W/WearableService( 5272): onGetService: Wear is not available on this device.
07-13 18:34:40.512 D/PowerController.BgClean( 4128): judgeAppLaunchAllowed : com.google.android.gms(uid:10106), callingPackage = com.google.android.youtube(uid:10129), reason = bind-service
07-13 18:34:40.512 D/PowerController.BgClean( 4128): judgeAppLaunchAllowed : intent action:Intent { act=com.google.android.chimera.BoundService.START dat=chimera-action:com.google.android.gms.common.telemetry.service.START cmp=com.google.android.gms/.chimera.PersistentApiService }
07-13 18:34:40.515 D/PowerController.BgClean( 4128): judgeAppLaunchAllowed : com.google.android.gms(uid:10106), callingPackage = com.google.android.gms(uid:10106), reason = bind-service
07-13 18:34:40.515 D/PowerController.BgClean( 4128): judgeAppLaunchAllowed : intent action:Intent { cmp=com.google.android.gms/.semanticlocation.service.SemanticLocationService }
07-13 18:34:40.519 D/PowerController.BgClean( 4128): judgeAppLaunchAllowed : com.google.android.gms(uid:10106), callingPackage = com.google.android.gms(uid:10106), reason = start-service
07-13 18:34:40.519 D/PowerController.BgClean( 4128): judgeAppLaunchAllowed : intent action:Intent { act=com.google.android.gms.semanticlocation.ACTION_UPDATE_SUBSCRIPTIONS cmp=com.google.android.gms/.semanticlocation.service.SemanticLocationService (has extras) }
07-13 18:34:40.520 W/linker  (11203): Warning: "/data/app/com.google.android.youtube-dMt1i47qGRKKuWiCk1F8yQ==/split_config.arm64_v8a.apk!/lib/arm64-v8a/libcronet.139.0.7205.3.so" unused DT entry: unknown processor-specific (type 0x70000001 arg 0x0) (ignoring)
07-13 18:34:40.522 I/SemanticLocation( 5272): (REDACTED) [MDD] SemanticLocationMddMetadata: File not found: %s
07-13 18:34:40.522 I/SemanticLocation( 5272): java.io.FileNotFoundException: /data/user/0/com.google.android.gms/files/semantic_location_mdd_metadata.pb: open failed: ENOENT (No such file or directory)
07-13 18:34:40.522 I/SemanticLocation( 5272): 	at libcore.io.IoBridge.open(IoBridge.java:496)
07-13 18:34:40.522 I/SemanticLocation( 5272): 	at java.io.FileInputStream.<init>(FileInputStream.java:159)
07-13 18:34:40.522 I/SemanticLocation( 5272): 	at android.app.ContextImpl.openFileInput(ContextImpl.java:600)
07-13 18:34:40.522 I/SemanticLocation( 5272): 	at android.content.ContextWrapper.openFileInput(ContextWrapper.java:206)
07-13 18:34:40.522 I/SemanticLocation( 5272): 	at android.content.ContextWrapper.openFileInput(ContextWrapper.java:206)
07-13 18:34:40.522 I/SemanticLocation( 5272): 	at android.content.ContextWrapper.openFileInput(ContextWrapper.java:206)
