07-13 18:34:40.522 I/SemanticLocation( 5272): 	at dktg.f(:com.google.android.gms@252560013@25.25.60 (100400-774967611):7)
07-13 18:34:40.522 I/SemanticLocation( 5272): 	at dktg.l(:com.google.android.gms@252560013@25.25.60 (100400-774967611):10)
07-13 18:34:40.522 I/SemanticLocation( 5272): 	at dksr.c(:com.google.android.gms@252560013@25.25.60 (100400-774967611):37)
07-13 18:34:40.522 I/SemanticLocation( 5272): 	at dkzx.run(:com.google.android.gms@252560013@25.25.60 (100400-774967611):271)
07-13 18:34:40.522 I/SemanticLocation( 5272): 	at java.util.concurrent.Executors$RunnableAdapter.call(Executors.java:462)
07-13 18:34:40.522 I/SemanticLocation( 5272): 	at java.util.concurrent.FutureTask.run(FutureTask.java:266)
07-13 18:34:40.522 I/SemanticLocation( 5272): 	at ayqb.c(:com.google.android.gms@252560013@25.25.60 (100400-774967611):50)
07-13 18:34:40.522 I/SemanticLocation( 5272): 	at ayqb.run(:com.google.android.gms@252560013@25.25.60 (100400-774967611):70)
07-13 18:34:40.522 I/SemanticLocation( 5272): 	at java.util.concurrent.ThreadPoolExecutor.runWorker(ThreadPoolExecutor.java:1167)
07-13 18:34:40.522 I/SemanticLocation( 5272): 	at java.util.concurrent.ThreadPoolExecutor$Worker.run(ThreadPoolExecutor.java:641)
07-13 18:34:40.522 I/SemanticLocation( 5272): 	at ayvt.run(:com.google.android.gms@252560013@25.25.60 (100400-774967611):8)
07-13 18:34:40.522 I/SemanticLocation( 5272): 	at java.lang.Thread.run(Thread.java:919)
07-13 18:34:40.522 I/SemanticLocation( 5272): Caused by: android.system.ErrnoException: open failed: ENOENT (No such file or directory)
07-13 18:34:40.522 I/SemanticLocation( 5272): 	at libcore.io.Linux.open(Native Method)
07-13 18:34:40.522 I/SemanticLocation( 5272): 	at libcore.io.ForwardingOs.open(ForwardingOs.java:167)
07-13 18:34:40.522 I/SemanticLocation( 5272): 	at libcore.io.BlockGuardOs.open(BlockGuardOs.java:252)
07-13 18:34:40.522 I/SemanticLocation( 5272): 	at libcore.io.ForwardingOs.open(ForwardingOs.java:167)
07-13 18:34:40.522 I/SemanticLocation( 5272): 	at android.app.ActivityThread$AndroidOs.open(ActivityThread.java:7534)
07-13 18:34:40.522 I/SemanticLocation( 5272): 	at libcore.io.IoBridge.open(IoBridge.java:482)
07-13 18:34:40.522 I/SemanticLocation( 5272): 	... 17 more
07-13 18:34:40.523 I/SemanticLocation( 5272): (REDACTED) [MDD] ModelBundleMetadata: File not found: %s
07-13 18:34:40.523 I/SemanticLocation( 5272): java.io.FileNotFoundException: /data/user/0/com.google.android.gms/files/model_bundle_metadata.pb: open failed: ENOENT (No such file or directory)
07-13 18:34:40.523 I/SemanticLocation( 5272): 	at libcore.io.IoBridge.open(IoBridge.java:496)
07-13 18:34:40.523 I/SemanticLocation( 5272): 	at java.io.FileInputStream.<init>(FileInputStream.java:159)
07-13 18:34:40.523 I/SemanticLocation( 5272): 	at android.app.ContextImpl.openFileInput(ContextImpl.java:600)
07-13 18:34:40.523 I/SemanticLocation( 5272): 	at android.content.ContextWrapper.openFileInput(ContextWrapper.java:206)
07-13 18:34:40.523 I/SemanticLocation( 5272): 	at android.content.ContextWrapper.openFileInput(ContextWrapper.java:206)
07-13 18:34:40.523 I/SemanticLocation( 5272): 	at android.content.ContextWrapper.openFileInput(ContextWrapper.java:206)
07-13 18:34:40.523 I/SemanticLocation( 5272): 	at dktg.f(:com.google.android.gms@252560013@25.25.60 (100400-774967611):7)
07-13 18:34:40.523 I/SemanticLocation( 5272): 	at dktg.k(:com.google.android.gms@252560013@25.25.60 (100400-774967611):7)
07-13 18:34:40.523 I/SemanticLocation( 5272): 	at dktg.l(:com.google.android.gms@252560013@25.25.60 (100400-774967611):798)
07-13 18:34:40.523 I/SemanticLocation( 5272): 	at dksr.c(:com.google.android.gms@252560013@25.25.60 (100400-774967611):37)
07-13 18:34:40.523 I/SemanticLocation( 5272): 	at dkzx.run(:com.google.android.gms@252560013@25.25.60 (100400-774967611):271)
07-13 18:34:40.523 I/SemanticLocation( 5272): 	at java.util.concurrent.Executors$RunnableAdapter.call(Executors.java:462)
07-13 18:34:40.523 I/SemanticLocation( 5272): 	at java.util.concurrent.FutureTask.run(FutureTask.java:266)
07-13 18:34:40.523 I/SemanticLocation( 5272): 	at ayqb.c(:com.google.android.gms@252560013@25.25.60 (100400-774967611):50)
07-13 18:34:40.523 I/SemanticLocation( 5272): 	at ayqb.run(:com.google.android.gms@252560013@25.25.60 (100400-774967611):70)
07-13 18:34:40.523 I/SemanticLocation( 5272): 	at java.util.concurrent.ThreadPoolExecutor.runWorker(ThreadPoolExecutor.java:1167)
07-13 18:34:40.523 I/SemanticLocation( 5272): 	at java.util.concurrent.ThreadPoolExecutor$Worker.run(ThreadPoolExecutor.java:641)
07-13 18:34:40.523 I/SemanticLocation( 5272): 	at ayvt.run(:com.google.android.gms@252560013@25.25.60 (100400-774967611):8)
07-13 18:34:40.523 I/SemanticLocation( 5272): 	at java.lang.Thread.run(Thread.java:919)
07-13 18:34:40.523 I/SemanticLocation( 5272): Caused by: android.system.ErrnoException: open failed: ENOENT (No such file or directory)
07-13 18:34:40.523 I/SemanticLocation( 5272): 	at libcore.io.Linux.open(Native Method)
07-13 18:34:40.523 I/SemanticLocation( 5272): 	at libcore.io.ForwardingOs.open(ForwardingOs.java:167)
07-13 18:34:40.523 I/SemanticLocation( 5272): 	at libcore.io.BlockGuardOs.open(BlockGuardOs.java:252)
07-13 18:34:40.523 I/SemanticLocation( 5272): 	at libcore.io.ForwardingOs.open(ForwardingOs.java:167)
07-13 18:34:40.523 I/SemanticLocation( 5272): 	at android.app.ActivityThread$AndroidOs.open(ActivityThread.java:7534)
07-13 18:34:40.523 I/SemanticLocation( 5272): 	at libcore.io.IoBridge.open(IoBridge.java:482)
07-13 18:34:40.523 I/SemanticLocation( 5272): 	... 18 more
07-13 18:34:40.543 I/QFApi   ( 7287): getCustomPlatform - customPlatform: 7862
07-13 18:34:40.548 D/ConnectivityService( 4128): requestNetwork for uid/pid:10129/11203 NetworkRequest [ TRACK_DEFAULT id=75, [ Capabilities: INTERNET&NOT_RESTRICTED&TRUSTED Uid: 10129] ]
07-13 18:34:40.549 D/ConnectivityService( 4128): rematching NetworkAgentInfo [WIFI () - 100]
07-13 18:34:40.549 D/ConnectivityService( 4128):  network has: [ Transports: WIFI Capabilities: NOT_METERED&INTERNET&NOT_RESTRICTED&TRUSTED&NOT_VPN&VALIDATED&NOT_ROAMING&FOREGROUND&NOT_CONGESTED&NOT_SUSPENDED LinkUpBandwidth>=1048576Kbps LinkDnBandwidth>=1048576Kbps Specifier: <WifiNetworkAgentSpecifier [WifiConfiguration=, SSID="T-Mobile Hotspot_5693_2.4GHz", BSSID=68:79:12:a4:cc:c9, mOriginalRequestorUid=-1, mOriginalRequestorPackageName=]> SignalStrength: -25 SSID: "T-Mobile Hotspot_5693_2.4GHz"]
07-13 18:34:40.549 D/ConnectivityService( 4128): Network NetworkAgentInfo [WIFI () - 100] was already satisfying request 51. No change.
07-13 18:34:40.549 D/ConnectivityService( 4128): Network NetworkAgentInfo [WIFI () - 100] was already satisfying request 7. No change.
07-13 18:34:40.549 D/ConnectivityService( 4128):   checking if request is satisfied: NetworkRequest [ BACKGROUND_REQUEST id=2, [ Transports: CELLULAR Capabilities: INTERNET&NOT_RESTRICTED&TRUSTED&NOT_VPN] ]
07-13 18:34:40.549 D/ConnectivityService( 4128): Network NetworkAgentInfo [WIFI () - 100] was already satisfying request 18. No change.
07-13 18:34:40.549 D/PowerController.BgClean( 4128): judgeAppLaunchAllowed : com.google.android.gms(uid:10106), callingPackage = com.google.android.youtube(uid:10129), reason = bind-service
07-13 18:34:40.549 D/ConnectivityService( 4128): Network NetworkAgentInfo [WIFI () - 100] was already satisfying request 37. No change.
07-13 18:34:40.549 D/ConnectivityService( 4128): Network NetworkAgentInfo [WIFI () - 100] was already satisfying request 73. No change.
07-13 18:34:40.549 D/PowerController.BgClean( 4128): judgeAppLaunchAllowed : intent action:Intent { act=com.google.android.chimera.BoundService.START dat=chimera-action:com.google.android.gms.auth.aang.events.services.START cmp=com.google.android.gms/.chimera.PersistentApiService }
07-13 18:34:40.549 D/ConnectivityService( 4128): Network NetworkAgentInfo [WIFI () - 100] was already satisfying request 23. No change.
07-13 18:34:40.549 D/ConnectivityService( 4128): Network NetworkAgentInfo [WIFI () - 100] was already satisfying request 13. No change.
07-13 18:34:40.549 D/ConnectivityService( 4128): Network NetworkAgentInfo [WIFI () - 100] was already satisfying request 21. No change.
07-13 18:34:40.549 D/ConnectivityService( 4128): Network NetworkAgentInfo [WIFI () - 100] was already satisfying request 25. No change.
07-13 18:34:40.549 D/ConnectivityService( 4128): Network NetworkAgentInfo [WIFI () - 100] was already satisfying request 63. No change.
07-13 18:34:40.549 D/ConnectivityService( 4128): Network NetworkAgentInfo [WIFI () - 100] was already satisfying request 46. No change.
07-13 18:34:40.549 D/ConnectivityService( 4128): Network NetworkAgentInfo [WIFI () - 100] was already satisfying request 11. No change.
07-13 18:34:40.549 D/ConnectivityService( 4128): Network NetworkAgentInfo [WIFI () - 100] was already satisfying request 36. No change.
07-13 18:34:40.549 D/ConnectivityService( 4128): Network NetworkAgentInfo [WIFI () - 100] was already satisfying request 28. No change.
07-13 18:34:40.549 D/ConnectivityService( 4128): Network NetworkAgentInfo [WIFI () - 100] was already satisfying request 53. No change.
07-13 18:34:40.549 D/ConnectivityService( 4128): Network NetworkAgentInfo [WIFI () - 100] was already satisfying request 32. No change.
07-13 18:34:40.549 D/ConnectivityService( 4128): Network NetworkAgentInfo [WIFI () - 100] was already satisfying request 69. No change.
07-13 18:34:40.549 D/ConnectivityService( 4128): Network NetworkAgentInfo [WIFI () - 100] was already satisfying request 74. No change.
07-13 18:34:40.549 D/ConnectivityService( 4128):   checking if request is satisfied: NetworkRequest [ TRACK_DEFAULT id=75, [ Capabilities: INTERNET&NOT_RESTRICTED&TRUSTED Uid: 10129] ]
07-13 18:34:40.549 D/ConnectivityService( 4128): currentScore = 0, newScore = 60
07-13 18:34:40.549 D/ConnectivityService( 4128): rematch for NetworkAgentInfo [WIFI () - 100]
07-13 18:34:40.549 D/ConnectivityService( 4128):    accepting network in place of null
07-13 18:34:40.549 D/ConnectivityService( 4128): sending new Min Network Score(60): NetworkRequest [ TRACK_DEFAULT id=75, [ Capabilities: INTERNET&NOT_RESTRICTED&TRUSTED Uid: 10129] ]
07-13 18:34:40.550 D/ConnectivityService( 4128): Network NetworkAgentInfo [WIFI () - 100] was already satisfying request 49. No change.
07-13 18:34:40.550 D/ConnectivityService( 4128): Network NetworkAgentInfo [WIFI () - 100] was already satisfying request 1. No change.
07-13 18:34:40.550 D/ConnectivityService( 4128): Network NetworkAgentInfo [WIFI () - 100] was already satisfying request 33. No change.
07-13 18:34:40.550 D/ConnectivityService( 4128): Network NetworkAgentInfo [WIFI () - 100] was already satisfying request 54. No change.
07-13 18:34:40.550 D/PhoneSwitcherNetworkRequstListener( 4622): got request NetworkRequest [ TRACK_DEFAULT id=75, [ Capabilities: INTERNET&NOT_RESTRICTED&TRUSTED Uid: 10129] ] with score 60 and serial -1
07-13 18:34:40.550 D/ConnectivityService( 4128): sending notification CALLBACK_AVAILABLE for NetworkRequest [ TRACK_DEFAULT id=75, [ Capabilities: INTERNET&NOT_RESTRICTED&TRUSTED Uid: 10129] ]
07-13 18:34:40.553 D/ConnectivityService( 4128): requestNetwork for uid/pid:10129/11203 NetworkRequest [ TRACK_DEFAULT id=76, [ Capabilities: INTERNET&NOT_RESTRICTED&TRUSTED Uid: 10129] ]
07-13 18:34:40.553 D/ConnectivityService( 4128): rematching NetworkAgentInfo [WIFI () - 100]
07-13 18:34:40.553 D/ConnectivityService( 4128):  network has: [ Transports: WIFI Capabilities: NOT_METERED&INTERNET&NOT_RESTRICTED&TRUSTED&NOT_VPN&VALIDATED&NOT_ROAMING&FOREGROUND&NOT_CONGESTED&NOT_SUSPENDED LinkUpBandwidth>=1048576Kbps LinkDnBandwidth>=1048576Kbps Specifier: <WifiNetworkAgentSpecifier [WifiConfiguration=, SSID="T-Mobile Hotspot_5693_2.4GHz", BSSID=68:79:12:a4:cc:c9, mOriginalRequestorUid=-1, mOriginalRequestorPackageName=]> SignalStrength: -25 SSID: "T-Mobile Hotspot_5693_2.4GHz"]
07-13 18:34:40.553 D/ConnectivityService( 4128): Network NetworkAgentInfo [WIFI () - 100] was already satisfying request 51. No change.
07-13 18:34:40.554 D/ConnectivityService( 4128): Network NetworkAgentInfo [WIFI () - 100] was already satisfying request 7. No change.
07-13 18:34:40.554 D/ConnectivityService( 4128):   checking if request is satisfied: NetworkRequest [ BACKGROUND_REQUEST id=2, [ Transports: CELLULAR Capabilities: INTERNET&NOT_RESTRICTED&TRUSTED&NOT_VPN] ]
07-13 18:34:40.554 D/ConnectivityService( 4128): Network NetworkAgentInfo [WIFI () - 100] was already satisfying request 18. No change.
07-13 18:34:40.554 D/ConnectivityService( 4128): Network NetworkAgentInfo [WIFI () - 100] was already satisfying request 37. No change.
07-13 18:34:40.554 D/ConnectivityService( 4128): Network NetworkAgentInfo [WIFI () - 100] was already satisfying request 73. No change.
07-13 18:34:40.554 D/ConnectivityService( 4128): Network NetworkAgentInfo [WIFI () - 100] was already satisfying request 23. No change.
07-13 18:34:40.554 D/ConnectivityService( 4128): Network NetworkAgentInfo [WIFI () - 100] was already satisfying request 13. No change.
07-13 18:34:40.554 D/ConnectivityService( 4128): Network NetworkAgentInfo [WIFI () - 100] was already satisfying request 21. No change.
07-13 18:34:40.554 D/ConnectivityService( 4128): Network NetworkAgentInfo [WIFI () - 100] was already satisfying request 25. No change.
07-13 18:34:40.554 D/ConnectivityService( 4128): Network NetworkAgentInfo [WIFI () - 100] was already satisfying request 63. No change.
07-13 18:34:40.554 D/ConnectivityService( 4128): Network NetworkAgentInfo [WIFI () - 100] was already satisfying request 46. No change.
07-13 18:34:40.554 D/ConnectivityService( 4128):   checking if request is satisfied: NetworkRequest [ TRACK_DEFAULT id=76, [ Capabilities: INTERNET&NOT_RESTRICTED&TRUSTED Uid: 10129] ]
07-13 18:34:40.554 D/ConnectivityService( 4128): currentScore = 0, newScore = 60
07-13 18:34:40.554 D/ConnectivityService( 4128): rematch for NetworkAgentInfo [WIFI () - 100]
07-13 18:34:40.554 D/ConnectivityService( 4128):    accepting network in place of null
07-13 18:34:40.554 D/ConnectivityService( 4128): sending new Min Network Score(60): NetworkRequest [ TRACK_DEFAULT id=76, [ Capabilities: INTERNET&NOT_RESTRICTED&TRUSTED Uid: 10129] ]
07-13 18:34:40.554 D/ConnectivityService( 4128): Network NetworkAgentInfo [WIFI () - 100] was already satisfying request 11. No change.
07-13 18:34:40.555 D/ConnectivityService( 4128): Network NetworkAgentInfo [WIFI () - 100] was already satisfying request 36. No change.
07-13 18:34:40.555 D/ConnectivityService( 4128): Network NetworkAgentInfo [WIFI () - 100] was already satisfying request 28. No change.
07-13 18:34:40.555 D/ConnectivityService( 4128): Network NetworkAgentInfo [WIFI () - 100] was already satisfying request 53. No change.
07-13 18:34:40.555 D/ConnectivityService( 4128): Network NetworkAgentInfo [WIFI () - 100] was already satisfying request 32. No change.
07-13 18:34:40.555 D/ConnectivityService( 4128): Network NetworkAgentInfo [WIFI () - 100] was already satisfying request 69. No change.
07-13 18:34:40.555 D/ConnectivityService( 4128): Network NetworkAgentInfo [WIFI () - 100] was already satisfying request 74. No change.
07-13 18:34:40.555 D/ConnectivityService( 4128): Network NetworkAgentInfo [WIFI () - 100] was already satisfying request 75. No change.
07-13 18:34:40.555 D/ConnectivityService( 4128): Network NetworkAgentInfo [WIFI () - 100] was already satisfying request 49. No change.
07-13 18:34:40.555 D/ConnectivityService( 4128): Network NetworkAgentInfo [WIFI () - 100] was already satisfying request 1. No change.
07-13 18:34:40.555 D/ConnectivityService( 4128): Network NetworkAgentInfo [WIFI () - 100] was already satisfying request 33. No change.
07-13 18:34:40.555 D/ConnectivityService( 4128): Network NetworkAgentInfo [WIFI () - 100] was already satisfying request 54. No change.
07-13 18:34:40.555 D/ConnectivityService( 4128): sending notification CALLBACK_AVAILABLE for NetworkRequest [ TRACK_DEFAULT id=76, [ Capabilities: INTERNET&NOT_RESTRICTED&TRUSTED Uid: 10129] ]
07-13 18:34:40.556 D/PhoneSwitcherNetworkRequstListener( 4622): got request NetworkRequest [ TRACK_DEFAULT id=76, [ Capabilities: INTERNET&NOT_RESTRICTED&TRUSTED Uid: 10129] ] with score 60 and serial -1
07-13 18:34:40.556 D/ConnectivityService( 4128): listenForNetwork for uid/pid:10129/11203 NetworkRequest [ LISTEN id=77, [ Capabilities: INTERNET&NOT_RESTRICTED&TRUSTED&FOREGROUND Uid: 10129] ]
07-13 18:34:40.557 D/ConnectivityService( 4128): rematching NetworkAgentInfo [WIFI () - 100]
07-13 18:34:40.557 D/ConnectivityService( 4128):  network has: [ Transports: WIFI Capabilities: NOT_METERED&INTERNET&NOT_RESTRICTED&TRUSTED&NOT_VPN&VALIDATED&NOT_ROAMING&FOREGROUND&NOT_CONGESTED&NOT_SUSPENDED LinkUpBandwidth>=1048576Kbps LinkDnBandwidth>=1048576Kbps Specifier: <WifiNetworkAgentSpecifier [WifiConfiguration=, SSID="T-Mobile Hotspot_5693_2.4GHz", BSSID=68:79:12:a4:cc:c9, mOriginalRequestorUid=-1, mOriginalRequestorPackageName=]> SignalStrength: -25 SSID: "T-Mobile Hotspot_5693_2.4GHz"]
07-13 18:34:40.557 D/ConnectivityService( 4128): Network NetworkAgentInfo [WIFI () - 100] was already satisfying request 51. No change.
07-13 18:34:40.557 D/ConnectivityService( 4128): Network NetworkAgentInfo [WIFI () - 100] was already satisfying request 7. No change.
07-13 18:34:40.557 D/ConnectivityService( 4128):   checking if request is satisfied: NetworkRequest [ BACKGROUND_REQUEST id=2, [ Transports: CELLULAR Capabilities: INTERNET&NOT_RESTRICTED&TRUSTED&NOT_VPN] ]
07-13 18:34:40.557 D/ConnectivityService( 4128): Network NetworkAgentInfo [WIFI () - 100] was already satisfying request 18. No change.
07-13 18:34:40.557 D/ConnectivityService( 4128): Network NetworkAgentInfo [WIFI () - 100] was already satisfying request 37. No change.
07-13 18:34:40.557 D/ConnectivityService( 4128): Network NetworkAgentInfo [WIFI () - 100] was already satisfying request 73. No change.
07-13 18:34:40.557 D/ConnectivityService( 4128): Network NetworkAgentInfo [WIFI () - 100] was already satisfying request 23. No change.
07-13 18:34:40.557 D/ConnectivityService( 4128): Network NetworkAgentInfo [WIFI () - 100] was already satisfying request 13. No change.
07-13 18:34:40.557 D/ConnectivityService( 4128): Network NetworkAgentInfo [WIFI () - 100] was already satisfying request 21. No change.
07-13 18:34:40.557 D/ConnectivityService( 4128): Network NetworkAgentInfo [WIFI () - 100] was already satisfying request 25. No change.
07-13 18:34:40.557 D/ConnectivityService( 4128): Network NetworkAgentInfo [WIFI () - 100] was already satisfying request 63. No change.
07-13 18:34:40.557 D/ConnectivityService( 4128): Network NetworkAgentInfo [WIFI () - 100] was already satisfying request 46. No change.
07-13 18:34:40.557 D/ConnectivityService( 4128): Network NetworkAgentInfo [WIFI () - 100] was already satisfying request 76. No change.
07-13 18:34:40.557 D/ConnectivityService( 4128): Network NetworkAgentInfo [WIFI () - 100] was already satisfying request 11. No change.
07-13 18:34:40.557 D/ConnectivityService( 4128): Network NetworkAgentInfo [WIFI () - 100] was already satisfying request 36. No change.
07-13 18:34:40.557 D/ConnectivityService( 4128): Network NetworkAgentInfo [WIFI () - 100] was already satisfying request 28. No change.
07-13 18:34:40.557 D/ConnectivityService( 4128): Network NetworkAgentInfo [WIFI () - 100] was already satisfying request 53. No change.
07-13 18:34:40.557 D/ConnectivityService( 4128): Network NetworkAgentInfo [WIFI () - 100] was already satisfying request 32. No change.
07-13 18:34:40.557 D/ConnectivityService( 4128): Network NetworkAgentInfo [WIFI () - 100] was already satisfying request 69. No change.
07-13 18:34:40.557 D/ConnectivityService( 4128): Network NetworkAgentInfo [WIFI () - 100] was already satisfying request 74. No change.
07-13 18:34:40.557 D/ConnectivityService( 4128): Network NetworkAgentInfo [WIFI () - 100] was already satisfying request 75. No change.
07-13 18:34:40.557 D/ConnectivityService( 4128): Network NetworkAgentInfo [WIFI () - 100] was already satisfying request 49. No change.
07-13 18:34:40.557 D/ConnectivityService( 4128): Network NetworkAgentInfo [WIFI () - 100] was already satisfying request 1. No change.
07-13 18:34:40.557 D/ConnectivityService( 4128): Network NetworkAgentInfo [WIFI () - 100] was already satisfying request 33. No change.
07-13 18:34:40.557 D/ConnectivityService( 4128): Network NetworkAgentInfo [WIFI () - 100] was already satisfying request 54. No change.
07-13 18:34:40.558 D/ConnectivityService( 4128): sending notification CALLBACK_AVAILABLE for NetworkRequest [ LISTEN id=77, [ Capabilities: INTERNET&NOT_RESTRICTED&TRUSTED&FOREGROUND Uid: 10129] ]
07-13 18:34:40.571 I/GoogleSignatureVerifier( 5272): package info is not set correctly
07-13 18:34:40.572 D/PowerController.BgClean( 4128): judgeAppLaunchAllowed : com.google.android.gms(uid:10106), callingPackage = com.google.android.gms(uid:10106), reason = start-service
07-13 18:34:40.572 D/PowerController.BgClean( 4128): judgeAppLaunchAllowed : intent action:Intent { act=com.google.android.location.internal.GMS_NLP pkg=com.google.android.gms (has extras) }
07-13 18:34:40.573 D/Tools   ( 7287): CarSettings main (Tools.java:617) isNetworkConnected: isNetworkConnected - type: 1
07-13 18:34:40.574 D/TextClassifierService( 5053): No configured system TextClassifierService
07-13 18:34:40.580 I/FusedLocation( 5272): (REDACTED) location delivery to %s blocked - too fast
07-13 18:34:40.601 D/BoundBrokerSvc( 5272): onUnbind: Intent { act=com.google.android.gms.tapandpay.service.BIND dat=chimera-action: cmp=com.google.android.gms/.chimera.PersistentApiService }
07-13 18:34:40.626 W/System.err( 8827): java.security.KeyStoreException: jks not found
07-13 18:34:40.626 W/System.err( 8827): 	at java.security.KeyStore.getInstance(KeyStore.java:890)
07-13 18:34:40.626 W/System.err( 8827): 	at org.jivesoftware.smack.ServerTrustManager.<init>(ServerTrustManager.java:61)
07-13 18:34:40.626 W/System.err( 8827): 	at org.jivesoftware.smack.XMPPConnection.proceedTLSReceived(XMPPConnection.java:839)
07-13 18:34:40.626 W/System.err( 8827): 	at org.jivesoftware.smack.PacketReader.parsePackets(PacketReader.java:268)
07-13 18:34:40.626 W/System.err( 8827): 	at org.jivesoftware.smack.PacketReader.access$000(PacketReader.java:44)
07-13 18:34:40.626 W/System.err( 8827): 	at org.jivesoftware.smack.PacketReader$1.run(PacketReader.java:71)
07-13 18:34:40.626 W/System.err( 8827): Caused by: java.security.NoSuchAlgorithmException: jks KeyStore not available
07-13 18:34:40.626 W/System.err( 8827): 	at sun.security.jca.GetInstance.getInstance(GetInstance.java:159)
07-13 18:34:40.626 W/System.err( 8827): 	at java.security.Security.getImpl(Security.java:628)
07-13 18:34:40.626 W/System.err( 8827): 	at java.security.KeyStore.getInstance(KeyStore.java:887)
07-13 18:34:40.626 W/System.err( 8827): 	... 5 more
07-13 18:34:40.627 D/Netd    ( 3471): app_netid:0x64 app_mark:0xc0064 dns_netid:0x64 dns_mark:0xf0064 uid:1000
07-13 18:34:40.635 D/androidtc( 5053): Loading ModelFile { path=/data/misc/textclassifier/actions_suggestions.model name=actions_suggestions.model version=104 locales=en }
07-13 18:34:40.645 D/PowerController.BgClean( 4128): judgeAppLaunchAllowed : com.google.android.gms(uid:10106), callingPackage = com.google.android.youtube(uid:10129), reason = bind-service
07-13 18:34:40.645 D/PowerController.BgClean( 4128): judgeAppLaunchAllowed : intent action:Intent { act=com.google.android.gms.phenotype.service.START pkg=com.google.android.gms }
07-13 18:34:40.668 D/androidtc( 5053): Loading ModelFile { path=/data/misc/textclassifier/lang_id.model name=lang_id.model version=0 locales=und }
07-13 18:34:40.677 D/PowerController.BgClean( 4128): judgeAppLaunchAllowed : com.google.android.gms(uid:10106), callingPackage = com.google.android.youtube(uid:10129), reason = bind-service
07-13 18:34:40.677 D/PowerController.BgClean( 4128): judgeAppLaunchAllowed : intent action:Intent { cmp=com.google.android.gms/.auth.GetToken }
07-13 18:34:40.678 I/ProximityAuth( 5272): [NotificationListener] XPF-notification was sent to 0 processors. notif=0|com.whatsapp|1|CFrMx+kzP5+HTsmt2xgW8hTKorsj/GqdwG6FluPyj9g=
07-13 18:34:40.678 I/ProximityAuth( 5272): |10135, notifUser=0, user=0 nUserConsentMisses=0
07-13 18:34:40.680 I/ProximityAuth( 5272): [NotificationMediator] XPF-notification is received at Mediator notif=0|com.whatsapp|1|CFrMx+kzP5+HTsmt2xgW8hTKorsj/GqdwG6FluPyj9g=
07-13 18:34:40.680 I/ProximityAuth( 5272): |10135, notifUser=0, user=0 locallyProcessed=true remotelyProcessed=false
07-13 18:34:40.698 D/androidtc( 5053): Loading ModelFile { path=/data/misc/textclassifier/textclassifier.model name=textclassifier.model version=714 locales=en }
07-13 18:34:40.703 D/TxzAccessibilityService( 5736): onAccessibilityEvent: event=EventType: TYPE_NOTIFICATION_STATE_CHANGED; EventTime: 64105; PackageName: com.whatsapp; MovementGranularity: 0; Action: 0; ContentChangeTypes: []; WindowChangeTypes: [] [ ClassName: android.app.Notification; Text: []; ContentDescription: null; ItemCount: -1; CurrentItemIndex: -1; Enabled: false; Password: false; Checked: false; FullScreen: false; Scrollable: false; BeforeText: null; FromIndex: -1; ToIndex: -1; ScrollX: -1; ScrollY: -1; MaxScrollX: -1; MaxScrollY: -1; AddedCount: -1; RemovedCount: -1; ParcelableData: Notification(channel=silent_notifications_3 pri=0 contentView=null vibrate=null sound=null defaults=0x0 flags=0x8 color=0xff1b8755 groupKey=group_key_messages sortKey=6 actions=3 vis=PRIVATE publicVersion=Notification(channel=null pri=0 contentView=null vibrate=null sound=null defaults=0x0 flags=0x0 color=0xff1b8755 category=msg vis=PRIVATE)) ]; recordCount: 0
07-13 18:34:40.703 I/tflite  ( 5053): Initialized TensorFlow Lite runtime.
07-13 18:34:40.703 D/TxzAccessibilityService( 5736): unprocessed event: EventType: TYPE_NOTIFICATION_STATE_CHANGED; EventTime: 64105; PackageName: com.whatsapp; MovementGranularity: 0; Action: 0; ContentChangeTypes: []; WindowChangeTypes: [] [ ClassName: android.app.Notification; Text: []; ContentDescription: null; ItemCount: -1; CurrentItemIndex: -1; Enabled: false; Password: false; Checked: false; FullScreen: false; Scrollable: false; BeforeText: null; FromIndex: -1; ToIndex: -1; ScrollX: -1; ScrollY: -1; MaxScrollX: -1; MaxScrollY: -1; AddedCount: -1; RemovedCount: -1; ParcelableData: Notification(channel=silent_notifications_3 pri=0 contentView=null vibrate=null sound=null defaults=0x0 flags=0x8 color=0xff1b8755 groupKey=group_key_messages sortKey=6 actions=3 vis=PRIVATE publicVersion=Notification(channel=null pri=0 contentView=null vibrate=null sound=null defaults=0x0 flags=0x0 color=0xff1b8755 category=msg vis=PRIVATE)) ]; recordCount: 0
07-13 18:34:40.710 I/ProximityAuth( 5272): [NotificationListener] XPF-notification was sent to 0 processors. notif=0|com.whatsapp|1|TLO/0hCpC+TCzrOkXDtGVZl3/i9uIxF4JKU35ScTvKE=
07-13 18:34:40.710 I/ProximityAuth( 5272): |10135, notifUser=0, user=0 nUserConsentMisses=0
07-13 18:34:40.712 I/ProximityAuth( 5272): [NotificationMediator] XPF-notification is received at Mediator notif=0|com.whatsapp|1|TLO/0hCpC+TCzrOkXDtGVZl3/i9uIxF4JKU35ScTvKE=
07-13 18:34:40.712 I/ProximityAuth( 5272): |10135, notifUser=0, user=0 locallyProcessed=true remotelyProcessed=false
07-13 18:34:40.717 I/chatty  ( 4128): uid=1000(system) Binder:4128_19 expire 18 lines
07-13 18:34:40.718 V/PackageManager( 5272): [474a88de-9774-4e28-84cd-a1b50c057409] Phase1 called; posting
07-13 18:34:40.718 D/PackageManager( 5272): [474a88de-9774-4e28-84cd-a1b50c057409] Phase1 request; prefix: [-2130968576, -2066128896, -1895731200, -1851822080, -1829883904, -1741082624, -1552310272, -1488539648, -1268051968, -1116102656, -761671680, -464224256, -162697216, 15261696, 593551360, 1095184384, 1366491136, 1585090560, 1894158336, 2013782016], userId: 0
07-13 18:34:40.723 W/chromium(11203): [0713/183440.718050:WARNING:net/dns/dns_config_service_android.cc:69] Failed to read DnsConfig.
07-13 18:34:40.726 D/Netd    ( 3471): app_netid:0x64 app_mark:0x64 dns_netid:0x64 dns_mark:0xf0064 uid:10129
07-13 18:34:40.727 I/chatty  ( 4128): uid=1000(system) Binder:4128_1A expire 4 lines
07-13 18:34:40.729 I/com.whatsapp(10560): Waiting for a blocking GC ProfileSaver
07-13 18:34:40.733 V/PackageManager( 5272): [a648157f-48f9-4deb-93f4-633ccac4196a] Phase1 called; posting
07-13 18:34:40.733 D/PackageManager( 5272): [a648157f-48f9-4deb-93f4-633ccac4196a] Phase1 request; prefix: [-2130968576, -1826164736, -1552310272, -1500225536, -1159241728, -1110654976, 220512256, 341389312, 663056384, 963133440, 1471975424, 1546076160, 1587572736, 1749954560, 1836478464, 1922584576], userId: 0
07-13 18:34:40.735 D/PowerController.BgClean( 4128): judgeAppLaunchAllowed : com.google.android.gms(uid:10106), callingPackage = com.google.android.gms(uid:10106), reason = bind-service
07-13 18:34:40.735 D/PowerController.BgClean( 4128): judgeAppLaunchAllowed : intent action:Intent { act=com.google.android.chimera.BoundService.START dat=chimera-action:com.google.android.gms.auth.account.workaccount.START cmp=com.google.android.gms/.chimera.PersistentApiService }
07-13 18:34:40.744 E/StackScroller( 4713): Attempting to re-position  view {com.android.systemui.statusbar.notification.row.FooterView{7179b45 V.E...... ......I. 0,0-0,0}}
07-13 18:34:40.744 E/StackScroller( 4713): Attempting to re-position  view {com.android.systemui.statusbar.EmptyShadeView{2ba529a G.E...... ......I. 0,0-0,0}}
07-13 18:34:40.744 E/StackScroller( 4713): Attempting to re-position  view {com.android.systemui.statusbar.NotificationShelf{ceac7f7 VFE...C.. ......I. 0,0-0,0}}
07-13 18:34:40.745 D/NotificationMediaManager( 4713): finishUpdateMediaMetaData metaDataChanged =false,allowEnterAnimation =true
07-13 18:34:40.747 D/TxzAccessibilityService( 5736): onAccessibilityEvent: event=EventType: TYPE_NOTIFICATION_STATE_CHANGED; EventTime: 64149; PackageName: com.whatsapp; MovementGranularity: 0; Action: 0; ContentChangeTypes: []; WindowChangeTypes: [] [ ClassName: android.app.Notification; Text: []; ContentDescription: null; ItemCount: -1; CurrentItemIndex: -1; Enabled: false; Password: false; Checked: false; FullScreen: false; Scrollable: false; BeforeText: null; FromIndex: -1; ToIndex: -1; ScrollX: -1; ScrollY: -1; MaxScrollX: -1; MaxScrollY: -1; AddedCount: -1; RemovedCount: -1; ParcelableData: Notification(channel=silent_notifications_3 pri=0 contentView=null vibrate=null sound=null defaults=0x0 flags=0x8 color=0xff1b8755 groupKey=group_key_messages sortKey=5 actions=3 vis=PRIVATE publicVersion=Notification(channel=null pri=0 contentView=null vibrate=null sound=null defaults=0x0 flags=0x0 color=0xff1b8755 category=msg vis=PRIVATE)) ]; recordCount: 0
07-13 18:34:40.747 D/TxzAccessibilityService( 5736): unprocessed event: EventType: TYPE_NOTIFICATION_STATE_CHANGED; EventTime: 64149; PackageName: com.whatsapp; MovementGranularity: 0; Action: 0; ContentChangeTypes: []; WindowChangeTypes: [] [ ClassName: android.app.Notification; Text: []; ContentDescription: null; ItemCount: -1; CurrentItemIndex: -1; Enabled: false; Password: false; Checked: false; FullScreen: false; Scrollable: false; BeforeText: null; FromIndex: -1; ToIndex: -1; ScrollX: -1; ScrollY: -1; MaxScrollX: -1; MaxScrollY: -1; AddedCount: -1; RemovedCount: -1; ParcelableData: Notification(channel=silent_notifications_3 pri=0 contentView=null vibrate=null sound=null defaults=0x0 flags=0x8 color=0xff1b8755 groupKey=group_key_messages sortKey=5 actions=3 vis=PRIVATE publicVersion=Notification(channel=null pri=0 contentView=null vibrate=null sound=null defaults=0x0 flags=0x0 color=0xff1b8755 category=msg vis=PRIVATE)) ]; recordCount: 0
07-13 18:34:40.747 D/NotificationMediaManager( 4713): finishUpdateMediaMetaData need to hide the album art
07-13 18:34:40.750 I/ApplicationPackageManager(11203): queryIntentActivitiesAsUser - fanControlEnable： true
07-13 18:34:40.750 I/chatty  (11203): uid=10129(com.google.android.youtube) yt-critical Thr identical 1 line
07-13 18:34:40.750 I/ApplicationPackageManager(11203): queryIntentActivitiesAsUser - fanControlEnable： true
07-13 18:34:40.755 I/ProximityAuth( 5272): [NotificationListener] XPF-notification was sent to 0 processors. notif=0|com.whatsapp|1|E32bwEO4DnFTQToMAhjk5x2PmaVwcAS4F8g/hJtAjDc=
07-13 18:34:40.755 I/ProximityAuth( 5272): |10135, notifUser=0, user=0 nUserConsentMisses=0
07-13 18:34:40.756 I/ProximityAuth( 5272): [NotificationMediator] XPF-notification is received at Mediator notif=0|com.whatsapp|1|E32bwEO4DnFTQToMAhjk5x2PmaVwcAS4F8g/hJtAjDc=
07-13 18:34:40.756 I/ProximityAuth( 5272): |10135, notifUser=0, user=0 locallyProcessed=true remotelyProcessed=false
07-13 18:34:40.757 I/com.whatsapp(10560): WaitForGcToComplete blocked ProfileSaver on AddRemoveAppImageSpace for 28.058ms
07-13 18:34:40.760 W/GooglePlayServicesUtil(11203): Google Play services out of date for com.google.android.youtube.  Requires 252705000 but found 252560013
07-13 18:34:40.786 E/StackScroller( 4713): Attempting to re-position  view {com.android.systemui.statusbar.notification.row.FooterView{7179b45 V.E...... ......I. 0,0-0,0}}
07-13 18:34:40.786 E/StackScroller( 4713): Attempting to re-position  view {com.android.systemui.statusbar.EmptyShadeView{2ba529a G.E...... ......I. 0,0-0,0}}
07-13 18:34:40.786 E/StackScroller( 4713): Attempting to re-position  view {com.android.systemui.statusbar.NotificationShelf{ceac7f7 VFE...C.. ......I. 0,0-0,0}}
07-13 18:34:40.787 D/NotificationMediaManager( 4713): finishUpdateMediaMetaData metaDataChanged =false,allowEnterAnimation =true
07-13 18:34:40.788 D/NotificationMediaManager( 4713): finishUpdateMediaMetaData need to hide the album art
07-13 18:34:40.788 D/ConnectivityService( 4128): requestNetwork for uid/pid:10129/11203 NetworkRequest [ TRACK_DEFAULT id=78, [ Capabilities: INTERNET&NOT_RESTRICTED&TRUSTED Uid: 10129] ]
07-13 18:34:40.788 D/ConnectivityService( 4128): rematching NetworkAgentInfo [WIFI () - 100]
07-13 18:34:40.789 D/ConnectivityService( 4128):  network has: [ Transports: WIFI Capabilities: NOT_METERED&INTERNET&NOT_RESTRICTED&TRUSTED&NOT_VPN&VALIDATED&NOT_ROAMING&FOREGROUND&NOT_CONGESTED&NOT_SUSPENDED LinkUpBandwidth>=1048576Kbps LinkDnBandwidth>=1048576Kbps Specifier: <WifiNetworkAgentSpecifier [WifiConfiguration=, SSID="T-Mobile Hotspot_5693_2.4GHz", BSSID=68:79:12:a4:cc:c9, mOriginalRequestorUid=-1, mOriginalRequestorPackageName=]> SignalStrength: -25 SSID: "T-Mobile Hotspot_5693_2.4GHz"]
07-13 18:34:40.789 D/ConnectivityService( 4128): Network NetworkAgentInfo [WIFI () - 100] was already satisfying request 51. No change.
07-13 18:34:40.789 D/ConnectivityService( 4128): Network NetworkAgentInfo [WIFI () - 100] was already satisfying request 7. No change.
07-13 18:34:40.789 D/ConnectivityService( 4128):   checking if request is satisfied: NetworkRequest [ BACKGROUND_REQUEST id=2, [ Transports: CELLULAR Capabilities: INTERNET&NOT_RESTRICTED&TRUSTED&NOT_VPN] ]
07-13 18:34:40.789 D/ConnectivityService( 4128): Network NetworkAgentInfo [WIFI () - 100] was already satisfying request 18. No change.
07-13 18:34:40.789 D/ConnectivityService( 4128): Network NetworkAgentInfo [WIFI () - 100] was already satisfying request 37. No change.
07-13 18:34:40.789 D/ConnectivityService( 4128): Network NetworkAgentInfo [WIFI () - 100] was already satisfying request 73. No change.
07-13 18:34:40.789 D/ConnectivityService( 4128): Network NetworkAgentInfo [WIFI () - 100] was already satisfying request 23. No change.
07-13 18:34:40.789 D/ConnectivityService( 4128): Network NetworkAgentInfo [WIFI () - 100] was already satisfying request 13. No change.
07-13 18:34:40.789 D/ConnectivityService( 4128): Network NetworkAgentInfo [WIFI () - 100] was already satisfying request 21. No change.
07-13 18:34:40.789 D/ConnectivityService( 4128): Network NetworkAgentInfo [WIFI () - 100] was already satisfying request 25. No change.
07-13 18:34:40.789 D/ConnectivityService( 4128): Network NetworkAgentInfo [WIFI () - 100] was already satisfying request 63. No change.
07-13 18:34:40.789 D/ConnectivityService( 4128): Network NetworkAgentInfo [WIFI () - 100] was already satisfying request 46. No change.
07-13 18:34:40.789 D/ConnectivityService( 4128): Network NetworkAgentInfo [WIFI () - 100] was already satisfying request 76. No change.
07-13 18:34:40.789 D/ConnectivityService( 4128): Network NetworkAgentInfo [WIFI () - 100] was already satisfying request 11. No change.
07-13 18:34:40.789 D/ConnectivityService( 4128): Network NetworkAgentInfo [WIFI () - 100] was already satisfying request 36. No change.
07-13 18:34:40.789 D/ConnectivityService( 4128): Network NetworkAgentInfo [WIFI () - 100] was already satisfying request 28. No change.
07-13 18:34:40.789 D/ConnectivityService( 4128): Network NetworkAgentInfo [WIFI () - 100] was already satisfying request 53. No change.
07-13 18:34:40.789 D/ConnectivityService( 4128): Network NetworkAgentInfo [WIFI () - 100] was already satisfying request 32. No change.
07-13 18:34:40.789 D/ConnectivityService( 4128): Network NetworkAgentInfo [WIFI () - 100] was already satisfying request 69. No change.
07-13 18:34:40.789 D/ConnectivityService( 4128): Network NetworkAgentInfo [WIFI () - 100] was already satisfying request 74. No change.
07-13 18:34:40.789 D/ConnectivityService( 4128): Network NetworkAgentInfo [WIFI () - 100] was already satisfying request 75. No change.
07-13 18:34:40.789 D/ConnectivityService( 4128):   checking if request is satisfied: NetworkRequest [ TRACK_DEFAULT id=78, [ Capabilities: INTERNET&NOT_RESTRICTED&TRUSTED Uid: 10129] ]
07-13 18:34:40.789 D/ConnectivityService( 4128): currentScore = 0, newScore = 60
07-13 18:34:40.789 D/ConnectivityService( 4128): rematch for NetworkAgentInfo [WIFI () - 100]
07-13 18:34:40.789 D/ConnectivityService( 4128):    accepting network in place of null
07-13 18:34:40.789 D/ConnectivityService( 4128): sending new Min Network Score(60): NetworkRequest [ TRACK_DEFAULT id=78, [ Capabilities: INTERNET&NOT_RESTRICTED&TRUSTED Uid: 10129] ]
07-13 18:34:40.789 I/chatty  ( 4128): uid=1000(system) ClientModeImpl expire 14 lines
07-13 18:34:40.790 D/ConnectivityService( 4128): Network NetworkAgentInfo [WIFI () - 100] was already satisfying request 49. No change.
07-13 18:34:40.790 D/ConnectivityService( 4128): Network NetworkAgentInfo [WIFI () - 100] was already satisfying request 1. No change.
07-13 18:34:40.790 D/ConnectivityService( 4128): Network NetworkAgentInfo [WIFI () - 100] was already satisfying request 33. No change.
07-13 18:34:40.790 D/ConnectivityService( 4128): Network NetworkAgentInfo [WIFI () - 100] was already satisfying request 54. No change.
07-13 18:34:40.790 I/chatty  ( 4128): uid=1000(system) EthernetService expire 7 lines
07-13 18:34:40.790 D/ConnectivityService( 4128): sending notification CALLBACK_AVAILABLE for NetworkRequest [ TRACK_DEFAULT id=78, [ Capabilities: INTERNET&NOT_RESTRICTED&TRUSTED Uid: 10129] ]
07-13 18:34:40.790 D/PhoneSwitcherNetworkRequstListener( 4622): got request NetworkRequest [ TRACK_DEFAULT id=78, [ Capabilities: INTERNET&NOT_RESTRICTED&TRUSTED Uid: 10129] ] with score 60 and serial -1
07-13 18:34:40.801 D/TxzAccessibilityService( 5736): onAccessibilityEvent: event=EventType: TYPE_NOTIFICATION_STATE_CHANGED; EventTime: 64203; PackageName: com.whatsapp; MovementGranularity: 0; Action: 0; ContentChangeTypes: []; WindowChangeTypes: [] [ ClassName: android.app.Notification; Text: []; ContentDescription: null; ItemCount: -1; CurrentItemIndex: -1; Enabled: false; Password: false; Checked: false; FullScreen: false; Scrollable: false; BeforeText: null; FromIndex: -1; ToIndex: -1; ScrollX: -1; ScrollY: -1; MaxScrollX: -1; MaxScrollY: -1; AddedCount: -1; RemovedCount: -1; ParcelableData: Notification(channel=silent_notifications_3 pri=0 contentView=null vibrate=null sound=null defaults=0x0 flags=0x8 color=0xff1b8755 groupKey=group_key_messages sortKey=4 actions=3 vis=PRIVATE publicVersion=Notification(channel=null pri=0 contentView=null vibrate=null sound=null defaults=0x0 flags=0x0 color=0xff1b8755 category=msg vis=PRIVATE)) ]; recordCount: 0
07-13 18:34:40.801 D/TxzAccessibilityService( 5736): unprocessed event: EventType: TYPE_NOTIFICATION_STATE_CHANGED; EventTime: 64203; PackageName: com.whatsapp; MovementGranularity: 0; Action: 0; ContentChangeTypes: []; WindowChangeTypes: [] [ ClassName: android.app.Notification; Text: []; ContentDescription: null; ItemCount: -1; CurrentItemIndex: -1; Enabled: false; Password: false; Checked: false; FullScreen: false; Scrollable: false; BeforeText: null; FromIndex: -1; ToIndex: -1; ScrollX: -1; ScrollY: -1; MaxScrollX: -1; MaxScrollY: -1; AddedCount: -1; RemovedCount: -1; ParcelableData: Notification(channel=silent_notifications_3 pri=0 contentView=null vibrate=null sound=null defaults=0x0 flags=0x8 color=0xff1b8755 groupKey=group_key_messages sortKey=4 actions=3 vis=PRIVATE publicVersion=Notification(channel=null pri=0 contentView=null vibrate=null sound=null defaults=0x0 flags=0x0 color=0xff1b8755 category=msg vis=PRIVATE)) ]; recordCount: 0
07-13 18:34:40.805 E/StackScroller( 4713): Attempting to re-position  view {com.android.systemui.statusbar.notification.row.FooterView{7179b45 V.E...... ......I. 0,0-0,0}}
07-13 18:34:40.805 E/StackScroller( 4713): Attempting to re-position  view {com.android.systemui.statusbar.EmptyShadeView{2ba529a G.E...... ......I. 0,0-0,0}}
07-13 18:34:40.805 E/StackScroller( 4713): Attempting to re-position  view {com.android.systemui.statusbar.NotificationShelf{ceac7f7 VFE...C.. ......I. 0,0-0,0}}
07-13 18:34:40.806 D/NotificationMediaManager( 4713): finishUpdateMediaMetaData metaDataChanged =false,allowEnterAnimation =true
07-13 18:34:40.806 I/ProximityAuth( 5272): [NotificationListener] XPF-notification was sent to 0 processors. notif=0|com.whatsapp|1|h8rBlv+2XSDxaiFMBdnN6AZ7LN1ucDv5CFuJpUQqwBc=
07-13 18:34:40.806 I/ProximityAuth( 5272): |10135, notifUser=0, user=0 nUserConsentMisses=0
07-13 18:34:40.807 D/NotificationMediaManager( 4713): finishUpdateMediaMetaData need to hide the album art
07-13 18:34:40.812 I/ProximityAuth( 5272): [NotificationMediator] XPF-notification is received at Mediator notif=0|com.whatsapp|1|h8rBlv+2XSDxaiFMBdnN6AZ7LN1ucDv5CFuJpUQqwBc=
07-13 18:34:40.812 I/ProximityAuth( 5272): |10135, notifUser=0, user=0 locallyProcessed=true remotelyProcessed=false
07-13 18:34:40.814 I/ApplicationPackageManager(11203): queryIntentActivitiesAsUser - fanControlEnable： true
07-13 18:34:40.816 D/PowerController.BgClean( 4128): judgeAppLaunchAllowed : com.google.android.gms(uid:10106), callingPackage = com.google.android.youtube(uid:10129), reason = bind-service
07-13 18:34:40.816 D/PowerController.BgClean( 4128): judgeAppLaunchAllowed : intent action:Intent { act=com.google.android.gms.gass.START pkg=com.google.android.gms }
07-13 18:34:40.828 D/PowerController.BgClean( 4128): judgeAppLaunchAllowed : com.instagram.android(uid:10140), callingPackage = android(uid:1000), reason = send-broadcast
07-13 18:34:40.828 D/PowerController.BgClean( 4128): judgeAppLaunchAllowed : intent action:Intent { act=android.intent.action.TIME_SET flg=0x25200010 }
07-13 18:34:40.831 D/TextClassifierService( 5053): No configured system TextClassifierService
07-13 18:34:40.834 D/PowerController.BgClean( 4128): judgeAppLaunchAllowed : com.pandora.android(uid:10171), callingPackage = android(uid:1000), reason = send-broadcast
07-13 18:34:40.834 D/PowerController.BgClean( 4128): judgeAppLaunchAllowed : intent action:Intent { act=android.intent.action.TIME_SET flg=0x25200010 }
07-13 18:34:40.834 D/PowerController.BgClean( 4128): in apppowerconfig autolaunch black list: com.pandora.android
07-13 18:34:40.834 D/PowerController.BgClean( 4128): launchState: 2
07-13 18:34:40.835 D/TextClassifierService( 5053): No configured system TextClassifierService
07-13 18:34:40.836 D/PowerController.BgClean( 4128): judgeAppLaunchAllowed : com.spotify.music(uid:10274), callingPackage = android(uid:1000), reason = send-broadcast
07-13 18:34:40.836 D/PowerController.BgClean( 4128): judgeAppLaunchAllowed : intent action:Intent { act=android.intent.action.TIME_SET flg=0x25200010 }
07-13 18:34:40.840 D/PowerController.BgClean( 4128): judgeAppLaunchAllowed : com.whatsapp(uid:10135), callingPackage = android(uid:1000), reason = send-broadcast
07-13 18:34:40.840 D/PowerController.BgClean( 4128): judgeAppLaunchAllowed : intent action:Intent { act=android.intent.action.TIME_SET flg=0x25200010 }
07-13 18:34:40.844 D/WM-RescheduleReceiver(10560): Received intent Intent { act=android.intent.action.TIME_SET flg=0x25200010 cmp=com.whatsapp/androidx.work.impl.background.systemalarm.RescheduleReceiver }
07-13 18:34:40.846 D/PowerController.BgClean( 4128): judgeAppLaunchAllowed : org.fdroid.fdroid(uid:10164), callingPackage = android(uid:1000), reason = send-broadcast
07-13 18:34:40.846 D/PowerController.BgClean( 4128): judgeAppLaunchAllowed : intent action:Intent { act=android.intent.action.TIME_SET flg=0x25200010 }
07-13 18:34:40.849 D/PowerController.BgClean( 4128): in apppowerconfig autolaunch black list: org.fdroid.fdroid
07-13 18:34:40.849 D/PowerController.BgClean( 4128): launchState: 2
07-13 18:34:40.853 E/StackScroller( 4713): Attempting to re-position  view {com.android.systemui.statusbar.notification.row.FooterView{7179b45 V.E...... ......I. 0,0-0,0}}
07-13 18:34:40.853 E/StackScroller( 4713): Attempting to re-position  view {com.android.systemui.statusbar.EmptyShadeView{2ba529a G.E...... ......I. 0,0-0,0}}
07-13 18:34:40.853 E/StackScroller( 4713): Attempting to re-position  view {com.android.systemui.statusbar.NotificationShelf{ceac7f7 VFE...C.. ......I. 0,0-0,0}}
07-13 18:34:40.854 D/NotificationMediaManager( 4713): finishUpdateMediaMetaData metaDataChanged =false,allowEnterAnimation =true
07-13 18:34:40.854 D/NotificationMediaManager( 4713): finishUpdateMediaMetaData need to hide the album art
07-13 18:34:40.857 D/TextClassifierService( 5053): No configured system TextClassifierService
07-13 18:34:40.875 I/chatty  ( 4128): uid=1000(system) Binder:4128_D expire 4 lines
07-13 18:34:40.883 I/Camera-JNI(11203): number_of_cameras:2
07-13 18:34:40.883 I/chatty  (11203): uid=10129(com.google.android.youtube) BG Thread #2 identical 1 line
07-13 18:34:40.885 I/Camera-JNI(11203): number_of_cameras:2
07-13 18:34:40.887 I/netd    ( 3471): trafficSwapActiveStatsMap() <32.91ms>
07-13 18:34:40.887 D/TxzAccessibilityService( 5736): onAccessibilityEvent: event=EventType: TYPE_NOTIFICATION_STATE_CHANGED; EventTime: 64289; PackageName: com.whatsapp; MovementGranularity: 0; Action: 0; ContentChangeTypes: []; WindowChangeTypes: [] [ ClassName: android.app.Notification; Text: []; ContentDescription: null; ItemCount: -1; CurrentItemIndex: -1; Enabled: false; Password: false; Checked: false; FullScreen: false; Scrollable: false; BeforeText: null; FromIndex: -1; ToIndex: -1; ScrollX: -1; ScrollY: -1; MaxScrollX: -1; MaxScrollY: -1; AddedCount: -1; RemovedCount: -1; ParcelableData: Notification(channel=silent_notifications_3 pri=0 contentView=null vibrate=null sound=null defaults=0x0 flags=0x8 color=0xff1b8755 groupKey=group_key_messages sortKey=3 actions=2 vis=PRIVATE publicVersion=Notification(channel=null pri=0 contentView=null vibrate=null sound=null defaults=0x0 flags=0x0 color=0xff1b8755 category=msg vis=PRIVATE)) ]; recordCount: 0
07-13 18:34:40.888 D/TxzAccessibilityService( 5736): unprocessed event: EventType: TYPE_NOTIFICATION_STATE_CHANGED; EventTime: 64289; PackageName: com.whatsapp; MovementGranularity: 0; Action: 0; ContentChangeTypes: []; WindowChangeTypes: [] [ ClassName: android.app.Notification; Text: []; ContentDescription: null; ItemCount: -1; CurrentItemIndex: -1; Enabled: false; Password: false; Checked: false; FullScreen: false; Scrollable: false; BeforeText: null; FromIndex: -1; ToIndex: -1; ScrollX: -1; ScrollY: -1; MaxScrollX: -1; MaxScrollY: -1; AddedCount: -1; RemovedCount: -1; ParcelableData: Notification(channel=silent_notifications_3 pri=0 contentView=null vibrate=null sound=null defaults=0x0 flags=0x8 color=0xff1b8755 groupKey=group_key_messages sortKey=3 actions=2 vis=PRIVATE publicVersion=Notification(channel=null pri=0 contentView=null vibrate=null sound=null defaults=0x0 flags=0x0 color=0xff1b8755 category=msg vis=PRIVATE)) ]; recordCount: 0
07-13 18:34:40.891 I/netd    ( 3471): tetherGetStats() <2.86ms>
07-13 18:34:40.908 I/netd    ( 3471): bandwidthSetGlobalAlert(2097152) <0.69ms>
07-13 18:34:40.859 D/TextClassifierService( 5053): No configured system TextClassifierService
07-13 18:34:40.909 D/PowerController.BgClean( 4128): judgeAppLaunchAllowed : com.android.providers.contacts(uid:10045), callingPackage = com.android.providers.blockednumber(uid:10045), reason = send-broadcast
07-13 18:34:40.909 D/PowerController.BgClean( 4128): judgeAppLaunchAllowed : intent action:Intent { act=sync_sim_fake_boot_completed flg=0x1000010 (has extras) }
07-13 18:34:40.909 D/PowerController.BgClean( 4128): Start Proc : com.android.providers.contacts, callingPackage = com.android.providers.blockednumber, reason = send-broadcast: already started!! (ProcState:PROCESS_STATE_BOUND_FOREGROUND_SERVICE mState:SYSTEM_INTERACTION)
07-13 18:34:40.913 W/SyncSimAccountsReceiver( 5155): action = sync_sim_fake_boot_completed, isFdnEnabled = false
